Microchip MPLAB XC8 Compiler V1.42 ()

Linker command line:

-W-3 --edf=/Applications/microchip/xc8/v1.42/dat/en_msgs.txt -cs \
  -h+dist/default/production/defcon25.production.sym \
  --cmf=dist/default/production/defcon25.production.cmf -z -Q16LF18346 \
  -o/tmp/xcK0S7B0U -Mdist/default/production/defcon25.production.map -E1 \
  -ver=XC8 -ASTACK=02398h-026efh -pstack=STACK -ACODE=00h-07FFhx8 \
  -ASTRCODE=00h-03FFFh -ASTRING=00h-0FFhx64 -ACONST=00h-0FFhx64 \
  -AENTRY=00h-0FFhx64 -ACOMMON=070h-07Fh -ABANK0=020h-06Fh \
  -ABANK1=0A0h-0EFh -ABANK2=0120h-016Fh -ABANK3=01A0h-01EFh \
  -ABANK4=0220h-026Fh -ABANK5=02A0h-02EFh -ABANK6=0320h-036Fh \
  -ABANK7=03A0h-03EFh -ABANK8=0420h-046Fh -ABANK9=04A0h-04EFh \
  -ABANK10=0520h-056Fh -ABANK11=05A0h-05EFh -ABANK12=0620h-066Fh \
  -ABANK13=06A0h-06EFh -ABANK14=0720h-076Fh -ABANK15=07A0h-07EFh \
  -ABANK16=0820h-086Fh -ABANK17=08A0h-08EFh -ABANK18=0920h-096Fh \
  -ABANK19=09A0h-09EFh -ABANK20=0A20h-0A6Fh -ABANK21=0AA0h-0AEFh \
  -ABANK22=0B20h-0B6Fh -ABANK23=0BA0h-0BEFh -ABANK24=0C20h-0C6Fh \
  -ABANK25=0CA0h-0CBFh -ABIGRAM=02000h-027EFh \
  -ARAM=020h-06Fh,0A0h-0EFh,0120h-016Fh,01A0h-01EFh,0220h-026Fh,02A0h-02EFh,0320h-036Fh,03A0h-03EFh,0420h-046Fh,04A0h-04EFh,0520h-056Fh,05A0h-05EFh,0620h-066Fh,06A0h-06EFh,0720h-076Fh,07A0h-07EFh,0820h-086Fh,08A0h-08EFh,0920h-096Fh,09A0h-09EFh,0A20h-0A6Fh,0AA0h-0AEFh,0B20h-0B6Fh,0BA0h-0BEFh,0C20h-0C6Fh,0CA0h-0CBFh \
  -AABS1=020h-07Fh,0A0h-0EFh,0120h-016Fh,01A0h-01EFh,0220h-026Fh,02A0h-02EFh,0320h-036Fh,03A0h-03EFh,0420h-046Fh,04A0h-04EFh,0520h-056Fh,05A0h-05EFh,0620h-066Fh,06A0h-06EFh,0720h-076Fh,07A0h-07EFh,0820h-086Fh,08A0h-08EFh,0920h-096Fh,09A0h-09EFh,0A20h-0A6Fh,0AA0h-0AEFh,0B20h-0B6Fh,0BA0h-0BEFh,0C20h-0C6Fh,0CA0h-0CBFh \
  -ASFR0=00h-01Fh -ASFR1=080h-09Fh -ASFR2=0100h-011Fh -ASFR3=0180h-019Fh \
  -ASFR4=0200h-021Fh -ASFR5=0280h-029Fh -ASFR6=0300h-031Fh \
  -ASFR7=0380h-039Fh -ASFR8=0400h-041Fh -ASFR9=0480h-049Fh \
  -ASFR10=0500h-051Fh -ASFR11=0580h-059Fh -ASFR12=0600h-061Fh \
  -ASFR13=0680h-069Fh -ASFR14=0700h-071Fh -ASFR15=0780h-079Fh \
  -ASFR16=0800h-081Fh -ASFR17=0880h-089Fh -ASFR18=0900h-091Fh \
  -ASFR19=0980h-099Fh -ASFR20=0A00h-0A1Fh -ASFR21=0A80h-0A9Fh \
  -ASFR22=0B00h-0B1Fh -ASFR23=0B80h-0B9Fh -ASFR24=0C00h-0C1Fh \
  -ASFR25=0C80h-0C9Fh -ASFR26=0D00h-0D6Fh -ASFR27=0D80h-0DEFh \
  -ASFR28=0E00h-0E6Fh -ASFR29=0E80h-0EEFh -ASFR30=0F00h-0F6Fh \
  -ASFR31=0F80h-0FEFh -preset_vec=00h,intentry=04h,init,end_init \
  -ppowerup=CODE -pcinit=CODE -pfunctab=CODE -ACONFIG=08007h-0800Ah \
  -pconfig=CONFIG -DCONFIG=2 -AIDLOC=08000h-08003h -pidloc=IDLOC -DIDLOC=2 \
  -AEEDATA=00h-0FFh/0F000h -peeprom_data=EEDATA -DEEDATA=2 -DCODE=2 \
  -DSTRCODE=2 -DSTRING=2 -DCONST=2 -DENTRY=2 -k /tmp/xc87GXpIn.obj \
  dist/default/production/defcon25.production.obj 

Object code version is 3.11

Machine type is 16LF18346



                Name                               Link     Load   Length Selector   Space Scale
/tmp/xc87GXpIn.obj
                end_init                             16       16        2        8       0
                reset_vec                             0        0        2        0       0
                config                             8007     8007        4    1000E       0
dist/default/production/defcon25.production.obj
                cinit                                18       18       D2        8       0
                intentry                              4        4       12        8       0
                text106                             7FF      7FF        1        8       0
                text105                            3287     3287        B     650E       0
                text104                            32EE     32EE        D     65DC       0
                text102                            33C3     33C3       16     6786       0
                text101                            33D9     33D9       16     67B2       0
                text100                            33EF     33EF       16     67DE       0
                text99                             3405     3405       16     680A       0
                text98                             3269     3269        A     64D2       0
                text97                             2C9B     2C9B       55     5936       0
                text96                             3292     3292        B     6524       0
                text95                             329D     329D        B     653A       0
                text94                             32BE     32BE        C     657C       0
                text93                             32CA     32CA        C     6594       0
                text92                             3247     3247        8     648E       0
                text91                             3222     3222        6     6444       0
                text90                             3212     3212        3     6424       0
                text89                             34BA     34BA       1E     6974       0
                text88                             3215     3215        3     642A       0
                text87                             3273     3273        A     64E6       0
                text86                             3218     3218        3     6430       0
                text85                             32A8     32A8        B     6550       0
                text84                             321E     321E        4     643C       0
                text83                             3532     3532       21     6A64       0
                text82                             3257     3257        9     64AE       0
                text81                             2BA7     2BA7       4E     574E       0
                text80                             3344     3344       11     6688       0
                text79                             341B     341B       18     6836       0
                text78                             3389     3389       13     6712       0
                text77                             3578     3578       26     6AF0       0
                text76                             2CF0     2CF0       55     59E0       0
                text75                             349D     349D       1D     693A       0
                text74                             36E0     36E0       34     6DC0       0
                text73                             35EF     35EF       2D     6BDE       0
                text72                             3228     3228        6     6450       0
                text71                             322E     322E        6     645C       0
                text70                             361C     361C       2F     6C38       0
                text69                             37BF     37BF       41     6F7E       0
                text68                             2BF5     2BF5       52     57EA       0
                text67                             35C5     35C5       2A     6B8A       0
                text66                             327D     327D        A     64FA       0
                text65                             34D8     34D8       1E     69B0       0
                text64                             22D2     22D2       77     45A4       0
                text63                             225F     225F       73     44BE       0
                text62                             2200     2200       5F     4400       0
                text61                             3377     3377       12     66EE       0
                text60                             34F6     34F6       1E     69EC       0
                text59                             3355     3355       11     66AA       0
                text58                             2EC8     2EC8       65     5D90       0
                text57                             3260     3260        9     64C0       0
                text56                             28A6     28A6       41     514C       0
                text55                             2F92     2F92       6E     5F24       0
                text54                             367C     367C       32     6CF8       0
                text53                             296A     296A       43     52D4       0
                text52                             2A80     2A80       48     5500       0
                text51                             28E7     28E7       41     51CE       0
                text50                             33AF     33AF       14     675E       0
                text49                             364B     364B       31     6C96       0
                text48                             1800     1800        5     2196       0
                text47                             321B     321B        3     6436       0
                text46                             3317     3317        F     662E       0
                text45                             32B3     32B3        B     6566       0
                text44                             2882     2882        3     5104       0
                text43                             344C     344C       1B     6898       0
                text42                             32FB     32FB        E     65F6       0
                text41                             19C2     19C2      1CD     3384       0
                text40                             1000     1000       10     1032       0
                text39                             3234     3234        6     6468       0
                text38                             3309     3309        E     6612       0
                text37                             323A     323A        6     6474       0
                text36                             2928     2928       42     5250       0
                text35                             3553     3553       25     6AA6       0
                text34                             3433     3433       19     6866       0
                text33                             3467     3467       1B     68CE       0
                text32                             3366     3366       11     66CC       0
                text31                             258A     258A       BB     4B14       0
                text30                             339C     339C       13     6738       0
                text29                             2C47     2C47       54     588E       0
                text28                             24E7     24E7       A3     49CE       0
                text27                             2645     2645       BB     4C8A       0
                text26                             2DA0     2DA0       62     5B40       0
                text25                             2A39     2A39       47     5472       0
                text24                             2B11     2B11       4A     5622       0
                text23                             1010     1010       BB     2020       0
                text22                             36AE     36AE       32     6D5C       0
                text21                             359E     359E       27     6B3C       0
                text20                             29AD     29AD       46     535A       0
                text19                               EA       EA      57C        8       0
                swtext1                            3000     3000        C     6000       0
                text18                              819      819      7E7     1032       0
                text17                             1B8F     1B8F      1F7     371E       0
                text16                             1D86     1D86      27A     3B0C       0
                text15                             1805     1805      1BD     300A       0
                text14                             10CB     10CB      735     2196       0
                text13                             2885     2885       21     510A       0
                text12                             23C3     23C3       84     4786       0
                text11                             3482     3482       1B     6904       0
                text10                             324F     324F        8     649E       0
                text9                              3326     3326        F     664C       0
                text8                              2E64     2E64       64     5CC8       0
                text7                               769      769       96        8       0
                text6                              2E02     2E02       62     5C04       0
                text5                              2F2D     2F2D       65     5E5A       0
                text4                              2D45     2D45       5B     5A8A       0
                text3                              2447     2447       A0     488E       0
                text2                              2349     2349       7A     4692       0
                text1                              374C     374C       39     6E98       0
                maintext                            666      666      103        8       0
                cstackBANK0                          20       20       4F       20       1
                cstackCOMMON                         70       70        C       70       1
                cstackBANK1                          D6       D6        8       A0       1
                clrtext                            32D6     32D6        C     65AC       0
                inittext                           32E2     32E2        C     65C4       0
                bssBANK11                           5A0      5A0       28      5A0       1
                dataBANK10                          520      520       3A      520       1
                bssBANK9                            4A0      4A0       3D      4A0       1
                dataBANK8                           420      420       38      420       1
                dataBANK7                           3A0      3A0       4C      3A0       1
                dataBANK6                           320      320       49      320       1
                dataBANK5                           2CA      2CA       19      2A0       1
                bssBANK5                            2A0      2A0       2A      2A0       1
                dataBANK4                           220      220       46      220       1
                dataBANK3                           1D1      1D1       1E      1A0       1
                bssBANK3                            1A0      1A0       31      1A0       1
                dataBANK2                           169      169        7      120       1
                bssBANK2                            120      120       49      120       1
                dataBANK1                            C7       C7        F       A0       1
                bssBANK1                             A0       A0       27       A0       1
                bssCOMMON                            7C       7C        1       70       1
                stringtext76                       3C02     3C02        3     7000       0
                stringtext75                       3BFE     3BFE        4     7000       0
                stringtext74                       3BF9     3BF9        5     7000       0
                stringtext73                       3BF4     3BF4        5     7000       0
                stringtext72                       3BEF     3BEF        5     7000       0
                stringtext71                       3BEA     3BEA        5     7000       0
                stringtext70                       3BE5     3BE5        5     7000       0
                stringtext69                       3BE0     3BE0        5     7000       0
                stringtext68                       3BDB     3BDB        5     7000       0
                stringtext67                       3BD6     3BD6        5     7000       0
                stringtext66                       3BD1     3BD1        5     7000       0
                stringtext65                       3BCC     3BCC        5     7000       0
                stringtext64                       3BC7     3BC7        5     7000       0
                stringtext63                       3BC2     3BC2        5     7000       0
                stringtext62                       3BBD     3BBD        5     7000       0
                stringtext61                       3BB8     3BB8        5     7000       0
                stringtext60                       3BB3     3BB3        5     7000       0
                stringtext59                       3BAE     3BAE        5     7000       0
                stringtext58                       3BA9     3BA9        5     7000       0
                stringtext57                       3BA3     3BA3        6     7000       0
                stringtext56                       3B9D     3B9D        6     7000       0
                stringtext55                       3B97     3B97        6     7000       0
                stringtext54                       3B91     3B91        6     7000       0
                stringtext53                       3B8A     3B8A        7     7000       0
                stringtext52                       3B83     3B83        7     7000       0
                stringtext51                       3B7C     3B7C        7     7000       0
                stringtext50                       3B75     3B75        7     7000       0
                stringtext49                       3B6E     3B6E        7     7000       0
                stringtext48                       3B66     3B66        8     7000       0
                stringtext47                       3B5E     3B5E        8     7000       0
                stringtext46                       3B56     3B56        8     7000       0
                stringtext45                       3B4E     3B4E        8     7000       0
                stringtext44                       3B46     3B46        8     7000       0
                stringtext43                       3B3E     3B3E        8     7000       0
                stringtext42                       3B36     3B36        8     7000       0
                stringtext41                       3B2E     3B2E        8     7000       0
                stringtext40                       3B25     3B25        9     7000       0
                stringtext39                       3B1C     3B1C        9     7000       0
                stringtext38                       3B13     3B13        9     7000       0
                stringtext37                       3B0A     3B0A        9     7000       0
                stringtext36                       3B01     3B01        9     7000       0
                stringtext35                       3AF7     3AF7        A     7000       0
                stringtext34                       3AED     3AED        A     7000       0
                stringtext33                       3AE2     3AE2        B     7000       0
                stringtext32                       3AD7     3AD7        B     7000       0
                stringtext31                       3ACB     3ACB        C     7000       0
                stringtext30                       3ABF     3ABF        C     7000       0
                stringtext29                       3AB2     3AB2        D     7000       0
                stringtext28                       3AA5     3AA5        D     7000       0
                stringtext27                       3A98     3A98        D     7000       0
                stringtext26                       3A89     3A89        F     7000       0
                stringtext25                       3A79     3A79       10     7000       0
                stringtext24                       3A68     3A68       11     7000       0
                stringtext23                       3A57     3A57       11     7000       0
                stringtext22                       3A45     3A45       12     7000       0
                stringtext21                       3A32     3A32       13     7000       0
                stringtext20                       3A1F     3A1F       13     7000       0
                stringtext19                       3A0A     3A0A       15     7000       0
                stringtext18                       39F4     39F4       16     7000       0
                stringtext17                       39DD     39DD       17     7000       0
                stringtext16                       39C3     39C3       1A     7000       0
                stringtext15                       39A8     39A8       1B     7000       0
                stringtext14                       398D     398D       1B     7000       0
                stringtext13                       3971     3971       1C     7000       0
                stringtext12                       3954     3954       1D     7000       0
                stringtext11                       3937     3937       1D     7000       0
                stringtext10                       3919     3919       1E     7000       0
                stringtext9                        38F7     38F7       22     7000       0
                stringtext8                        38D4     38D4       23     7000       0
                stringtext7                        38B0     38B0       24     7000       0
                stringtext6                        3888     3888       28     7000       0
                stringtext5                        385D     385D       2B     7000       0
                stringtext4                        382F     382F       2E     7000       0
                stringtext3                        3800     3800       2F     7000       0
                stringtext2                        2800     2800       82     5000       0
                stringtext1                        2000     2000      200     4000       0
                idataBIGRAM                        2700     2700      100     4E00       0
                idataBANK10                        3785     3785       3A     6F0A       0
                idataBANK8                         3714     3714       38     6E28       0
                idataBANK7                         2B5B     2B5B       4C     56B6       0
                idataBANK6                         2AC8     2AC8       49     5590       0
                idataBANK5                          800      800       19     1000       0
                idataBANK4                         29F3     29F3       46     53E6       0
                idataBANK3                         3514     3514       1E     6A28       0
                idataBANK2                         3240     3240        7     6480       0
                idataBANK1                         3335     3335        F     666A       0

TOTAL           Name                               Link     Load   Length     Space
        CLASS   STACK          

        CLASS   CODE           
                end_init                             16       16        2         0
                cinit                                18       18       D2         0
                intentry                              4        4       12         0
                reset_vec                             0        0        2         0
                text106                             7FF      7FF        1         0
                text105                            3287     3287        B         0
                text104                            32EE     32EE        D         0
                text102                            33C3     33C3       16         0
                text101                            33D9     33D9       16         0
                text100                            33EF     33EF       16         0
                text99                             3405     3405       16         0
                text98                             3269     3269        A         0
                text97                             2C9B     2C9B       55         0
                text96                             3292     3292        B         0
                text95                             329D     329D        B         0
                text94                             32BE     32BE        C         0
                text93                             32CA     32CA        C         0
                text92                             3247     3247        8         0
                text91                             3222     3222        6         0
                text90                             3212     3212        3         0
                text89                             34BA     34BA       1E         0
                text88                             3215     3215        3         0
                text87                             3273     3273        A         0
                text86                             3218     3218        3         0
                text85                             32A8     32A8        B         0
                text84                             321E     321E        4         0
                text83                             3532     3532       21         0
                text82                             3257     3257        9         0
                text81                             2BA7     2BA7       4E         0
                text80                             3344     3344       11         0
                text79                             341B     341B       18         0
                text78                             3389     3389       13         0
                text77                             3578     3578       26         0
                text76                             2CF0     2CF0       55         0
                text75                             349D     349D       1D         0
                text74                             36E0     36E0       34         0
                text73                             35EF     35EF       2D         0
                text72                             3228     3228        6         0
                text71                             322E     322E        6         0
                text70                             361C     361C       2F         0
                text69                             37BF     37BF       41         0
                text68                             2BF5     2BF5       52         0
                text67                             35C5     35C5       2A         0
                text66                             327D     327D        A         0
                text65                             34D8     34D8       1E         0
                text64                             22D2     22D2       77         0
                text63                             225F     225F       73         0
                text62                             2200     2200       5F         0
                text61                             3377     3377       12         0
                text60                             34F6     34F6       1E         0
                text59                             3355     3355       11         0
                text58                             2EC8     2EC8       65         0
                text57                             3260     3260        9         0
                text56                             28A6     28A6       41         0
                text55                             2F92     2F92       6E         0
                text54                             367C     367C       32         0
                text53                             296A     296A       43         0
                text52                             2A80     2A80       48         0
                text51                             28E7     28E7       41         0
                text50                             33AF     33AF       14         0
                text49                             364B     364B       31         0
                text48                             1800     1800        5         0
                text47                             321B     321B        3         0
                text46                             3317     3317        F         0
                text45                             32B3     32B3        B         0
                text44                             2882     2882        3         0
                text43                             344C     344C       1B         0
                text42                             32FB     32FB        E         0
                text41                             19C2     19C2      1CD         0
                text40                             1000     1000       10         0
                text39                             3234     3234        6         0
                text38                             3309     3309        E         0
                text37                             323A     323A        6         0
                text36                             2928     2928       42         0
                text35                             3553     3553       25         0
                text34                             3433     3433       19         0
                text33                             3467     3467       1B         0
                text32                             3366     3366       11         0
                text31                             258A     258A       BB         0
                text30                             339C     339C       13         0
                text29                             2C47     2C47       54         0
                text28                             24E7     24E7       A3         0
                text27                             2645     2645       BB         0
                text26                             2DA0     2DA0       62         0
                text25                             2A39     2A39       47         0
                text24                             2B11     2B11       4A         0
                text23                             1010     1010       BB         0
                text22                             36AE     36AE       32         0
                text21                             359E     359E       27         0
                text20                             29AD     29AD       46         0
                text19                               EA       EA      57C         0
                text18                              819      819      7E7         0
                text17                             1B8F     1B8F      1F7         0
                text16                             1D86     1D86      27A         0
                text15                             1805     1805      1BD         0
                text14                             10CB     10CB      735         0
                text13                             2885     2885       21         0
                text12                             23C3     23C3       84         0
                text11                             3482     3482       1B         0
                text10                             324F     324F        8         0
                text9                              3326     3326        F         0
                text8                              2E64     2E64       64         0
                text7                               769      769       96         0
                text6                              2E02     2E02       62         0
                text5                              2F2D     2F2D       65         0
                text4                              2D45     2D45       5B         0
                text3                              2447     2447       A0         0
                text2                              2349     2349       7A         0
                text1                              374C     374C       39         0
                maintext                            666      666      103         0
                clrtext                            32D6     32D6        C         0
                inittext                           32E2     32E2        C         0
                idataBIGRAM                        2700     2700      100         0
                idataBANK10                        3785     3785       3A         0
                idataBANK8                         3714     3714       38         0
                idataBANK7                         2B5B     2B5B       4C         0
                idataBANK6                         2AC8     2AC8       49         0
                idataBANK5                          800      800       19         0
                idataBANK4                         29F3     29F3       46         0
                idataBANK3                         3514     3514       1E         0
                idataBANK2                         3240     3240        7         0
                idataBANK1                         3335     3335        F         0

        CLASS   STRCODE        
                stringtext76                       3C02     3C02        3         0
                stringtext75                       3BFE     3BFE        4         0
                stringtext74                       3BF9     3BF9        5         0
                stringtext73                       3BF4     3BF4        5         0
                stringtext72                       3BEF     3BEF        5         0
                stringtext71                       3BEA     3BEA        5         0
                stringtext70                       3BE5     3BE5        5         0
                stringtext69                       3BE0     3BE0        5         0
                stringtext68                       3BDB     3BDB        5         0
                stringtext67                       3BD6     3BD6        5         0
                stringtext66                       3BD1     3BD1        5         0
                stringtext65                       3BCC     3BCC        5         0
                stringtext64                       3BC7     3BC7        5         0
                stringtext63                       3BC2     3BC2        5         0
                stringtext62                       3BBD     3BBD        5         0
                stringtext61                       3BB8     3BB8        5         0
                stringtext60                       3BB3     3BB3        5         0
                stringtext59                       3BAE     3BAE        5         0
                stringtext58                       3BA9     3BA9        5         0
                stringtext57                       3BA3     3BA3        6         0
                stringtext56                       3B9D     3B9D        6         0
                stringtext55                       3B97     3B97        6         0
                stringtext54                       3B91     3B91        6         0
                stringtext53                       3B8A     3B8A        7         0
                stringtext52                       3B83     3B83        7         0
                stringtext51                       3B7C     3B7C        7         0
                stringtext50                       3B75     3B75        7         0
                stringtext49                       3B6E     3B6E        7         0
                stringtext48                       3B66     3B66        8         0
                stringtext47                       3B5E     3B5E        8         0
                stringtext46                       3B56     3B56        8         0
                stringtext45                       3B4E     3B4E        8         0
                stringtext44                       3B46     3B46        8         0
                stringtext43                       3B3E     3B3E        8         0
                stringtext42                       3B36     3B36        8         0
                stringtext41                       3B2E     3B2E        8         0
                stringtext40                       3B25     3B25        9         0
                stringtext39                       3B1C     3B1C        9         0
                stringtext38                       3B13     3B13        9         0
                stringtext37                       3B0A     3B0A        9         0
                stringtext36                       3B01     3B01        9         0
                stringtext35                       3AF7     3AF7        A         0
                stringtext34                       3AED     3AED        A         0
                stringtext33                       3AE2     3AE2        B         0
                stringtext32                       3AD7     3AD7        B         0
                stringtext31                       3ACB     3ACB        C         0
                stringtext30                       3ABF     3ABF        C         0
                stringtext29                       3AB2     3AB2        D         0
                stringtext28                       3AA5     3AA5        D         0
                stringtext27                       3A98     3A98        D         0
                stringtext26                       3A89     3A89        F         0
                stringtext25                       3A79     3A79       10         0
                stringtext24                       3A68     3A68       11         0
                stringtext23                       3A57     3A57       11         0
                stringtext22                       3A45     3A45       12         0
                stringtext21                       3A32     3A32       13         0
                stringtext20                       3A1F     3A1F       13         0
                stringtext19                       3A0A     3A0A       15         0
                stringtext18                       39F4     39F4       16         0
                stringtext17                       39DD     39DD       17         0
                stringtext16                       39C3     39C3       1A         0
                stringtext15                       39A8     39A8       1B         0
                stringtext14                       398D     398D       1B         0
                stringtext13                       3971     3971       1C         0
                stringtext12                       3954     3954       1D         0
                stringtext11                       3937     3937       1D         0
                stringtext10                       3919     3919       1E         0
                stringtext9                        38F7     38F7       22         0
                stringtext8                        38D4     38D4       23         0
                stringtext7                        38B0     38B0       24         0
                stringtext6                        3888     3888       28         0
                stringtext5                        385D     385D       2B         0
                stringtext4                        382F     382F       2E         0
                stringtext3                        3800     3800       2F         0
                stringtext2                        2800     2800       82         0
                stringtext1                        2000     2000      200         0

        CLASS   STRING         

        CLASS   CONST          
                swtext1                            3000     3000        C         0

        CLASS   ENTRY          

        CLASS   COMMON         
                cstackCOMMON                         70       70        C         1
                bssCOMMON                            7C       7C        1         1

        CLASS   BANK0          
                cstackBANK0                          20       20       4F         1

        CLASS   BANK1          
                cstackBANK1                          D6       D6        8         1
                dataBANK1                            C7       C7        F         1
                bssBANK1                             A0       A0       27         1

        CLASS   BANK2          
                dataBANK2                           169      169        7         1
                bssBANK2                            120      120       49         1

        CLASS   BANK3          
                dataBANK3                           1D1      1D1       1E         1
                bssBANK3                            1A0      1A0       31         1

        CLASS   BANK4          
                dataBANK4                           220      220       46         1

        CLASS   BANK5          
                dataBANK5                           2CA      2CA       19         1
                bssBANK5                            2A0      2A0       2A         1

        CLASS   BANK6          
                dataBANK6                           320      320       49         1

        CLASS   BANK7          
                dataBANK7                           3A0      3A0       4C         1

        CLASS   BANK8          
                dataBANK8                           420      420       38         1

        CLASS   BANK9          
                bssBANK9                            4A0      4A0       3D         1

        CLASS   BANK10         
                dataBANK10                          520      520       3A         1

        CLASS   BANK11         
                bssBANK11                           5A0      5A0       28         1

        CLASS   BANK12         

        CLASS   BANK13         

        CLASS   BANK14         

        CLASS   BANK15         

        CLASS   BANK16         

        CLASS   BANK17         

        CLASS   BANK18         

        CLASS   BANK19         

        CLASS   BANK20         

        CLASS   BANK21         

        CLASS   BANK22         

        CLASS   BANK23         

        CLASS   BANK24         

        CLASS   BANK25         

        CLASS   BIGRAM         

        CLASS   RAM            

        CLASS   ABS1           
                abs_s1                               7E       7E        2         1
                abs_s1                              B30      B30       40         1
                abs_s1                              BA0      BA0       50         1
                abs_s1                              C20      C20       50         1
                abs_s1                              CA0      CA0       20         1
                abs_s1                             26F0     26F0        0         1

        CLASS   SFR0           

        CLASS   SFR1           

        CLASS   SFR2           

        CLASS   SFR3           

        CLASS   SFR4           

        CLASS   SFR5           

        CLASS   SFR6           

        CLASS   SFR7           

        CLASS   SFR8           

        CLASS   SFR9           

        CLASS   SFR10          

        CLASS   SFR11          

        CLASS   SFR12          

        CLASS   SFR13          

        CLASS   SFR14          

        CLASS   SFR15          

        CLASS   SFR16          

        CLASS   SFR17          

        CLASS   SFR18          

        CLASS   SFR19          

        CLASS   SFR20          

        CLASS   SFR21          

        CLASS   SFR22          

        CLASS   SFR23          

        CLASS   SFR24          

        CLASS   SFR25          

        CLASS   SFR26          

        CLASS   SFR27          

        CLASS   SFR28          

        CLASS   SFR29          

        CLASS   SFR30          

        CLASS   SFR31          

        CLASS   CONFIG         
                config                             8007     8007        4         0

        CLASS   IDLOC          

        CLASS   EEDATA         

        CLASS   BANK31         

        CLASS   BANK30         

        CLASS   BANK29         

        CLASS   BANK28         

        CLASS   BANK27         

        CLASS   BANK26         



SEGMENTS        Name                           Load    Length   Top    Selector   Space  Class     Delta

                reset_vec                      000000  000002  000002         0       0  CODE        2
                intentry                       000004  0007FC  000800         8       0  CODE        2
                cstackBANK0                    000020  00004F  00006F        20       1  BANK0       1
                cstackCOMMON                   000070  00000D  00007D        70       1  COMMON      1
                bssBANK1                       0000A0  00003E  0000DE        A0       1  BANK1       1
                bssBANK2                       000120  000050  000170       120       1  BANK2       1
                bssBANK3                       0001A0  00004F  0001EF       1A0       1  BANK3       1
                dataBANK4                      000220  000046  000266       220       1  BANK4       1
                bssBANK5                       0002A0  000043  0002E3       2A0       1  BANK5       1
                dataBANK6                      000320  000049  000369       320       1  BANK6       1
                dataBANK7                      0003A0  00004C  0003EC       3A0       1  BANK7       1
                dataBANK8                      000420  000038  000458       420       1  BANK8       1
                bssBANK9                       0004A0  00003D  0004DD       4A0       1  BANK9       1
                dataBANK10                     000520  00003A  00055A       520       1  BANK10      1
                bssBANK11                      0005A0  000028  0005C8       5A0       1  BANK11      1
                idataBANK5                     000800  000019  000819      1000       0  CODE        2
                text18                         000819  0007F7  001010      1032       0  CODE        2
                text23                         001010  0000BB  0010CB      2020       0  CODE        2
                text14                         0010CB  00073A  001805      2196       0  CODE        2
                text15                         001805  0001BD  0019C2      300A       0  CODE        2
                text41                         0019C2  0001CD  001B8F      3384       0  CODE        2
                text17                         001B8F  0001F7  001D86      371E       0  CODE        2
                text16                         001D86  00027A  002000      3B0C       0  CODE        2
                stringtext1                    002000  000200  002200      4000       0  STRCODE     2
                text62                         002200  00005F  00225F      4400       0  CODE        2
                text63                         00225F  000073  0022D2      44BE       0  CODE        2
                text64                         0022D2  000077  002349      45A4       0  CODE        2
                text2                          002349  00007A  0023C3      4692       0  CODE        2
                text12                         0023C3  000084  002447      4786       0  CODE        2
                text3                          002447  0000A0  0024E7      488E       0  CODE        2
                text28                         0024E7  0000A3  00258A      49CE       0  CODE        2
                text31                         00258A  0000BB  002645      4B14       0  CODE        2
                text27                         002645  0000BB  002700      4C8A       0  CODE        2
                idataBIGRAM                    002700  000100  002800      4E00       0  CODE        2
                stringtext2                    002800  000082  002882      5000       0  STRCODE     2
                text44                         002882  000003  002885      5104       0  CODE        2
                text13                         002885  000021  0028A6      510A       0  CODE        2
                text56                         0028A6  000041  0028E7      514C       0  CODE        2
                text51                         0028E7  000041  002928      51CE       0  CODE        2
                text36                         002928  000042  00296A      5250       0  CODE        2
                text53                         00296A  000043  0029AD      52D4       0  CODE        2
                text20                         0029AD  000046  0029F3      535A       0  CODE        2
                idataBANK4                     0029F3  000046  002A39      53E6       0  CODE        2
                text25                         002A39  000047  002A80      5472       0  CODE        2
                text52                         002A80  000048  002AC8      5500       0  CODE        2
                idataBANK6                     002AC8  000049  002B11      5590       0  CODE        2
                text24                         002B11  00004A  002B5B      5622       0  CODE        2
                idataBANK7                     002B5B  00004C  002BA7      56B6       0  CODE        2
                text81                         002BA7  00004E  002BF5      574E       0  CODE        2
                text68                         002BF5  000052  002C47      57EA       0  CODE        2
                text29                         002C47  000054  002C9B      588E       0  CODE        2
                text97                         002C9B  000055  002CF0      5936       0  CODE        2
                text76                         002CF0  000055  002D45      59E0       0  CODE        2
                text4                          002D45  00005B  002DA0      5A8A       0  CODE        2
                text26                         002DA0  000062  002E02      5B40       0  CODE        2
                text6                          002E02  000062  002E64      5C04       0  CODE        2
                text8                          002E64  000064  002EC8      5CC8       0  CODE        2
                text58                         002EC8  000065  002F2D      5D90       0  CODE        2
                text5                          002F2D  000065  002F92      5E5A       0  CODE        2
                text55                         002F92  00006E  003000      5F24       0  CODE        2
                swtext1                        003000  00000C  00300C      6000       0  CONST       2
                text90                         003212  000003  003215      6424       0  CODE        2
                text88                         003215  000003  003218      642A       0  CODE        2
                text86                         003218  000003  00321B      6430       0  CODE        2
                text47                         00321B  000003  00321E      6436       0  CODE        2
                text84                         00321E  000004  003222      643C       0  CODE        2
                text91                         003222  000006  003228      6444       0  CODE        2
                text72                         003228  000006  00322E      6450       0  CODE        2
                text71                         00322E  000006  003234      645C       0  CODE        2
                text39                         003234  000006  00323A      6468       0  CODE        2
                text37                         00323A  000006  003240      6474       0  CODE        2
                idataBANK2                     003240  000007  003247      6480       0  CODE        2
                text92                         003247  000008  00324F      648E       0  CODE        2
                text10                         00324F  000008  003257      649E       0  CODE        2
                text82                         003257  000009  003260      64AE       0  CODE        2
                text57                         003260  000009  003269      64C0       0  CODE        2
                text98                         003269  00000A  003273      64D2       0  CODE        2
                text87                         003273  00000A  00327D      64E6       0  CODE        2
                text66                         00327D  00000A  003287      64FA       0  CODE        2
                text105                        003287  00000B  003292      650E       0  CODE        2
                text96                         003292  00000B  00329D      6524       0  CODE        2
                text95                         00329D  00000B  0032A8      653A       0  CODE        2
                text85                         0032A8  00000B  0032B3      6550       0  CODE        2
                text45                         0032B3  00000B  0032BE      6566       0  CODE        2
                text94                         0032BE  00000C  0032CA      657C       0  CODE        2
                text93                         0032CA  00000C  0032D6      6594       0  CODE        2
                clrtext                        0032D6  00000C  0032E2      65AC       0  CODE        2
                inittext                       0032E2  00000C  0032EE      65C4       0  CODE        2
                text104                        0032EE  00000D  0032FB      65DC       0  CODE        2
                text42                         0032FB  00000E  003309      65F6       0  CODE        2
                text38                         003309  00000E  003317      6612       0  CODE        2
                text46                         003317  00000F  003326      662E       0  CODE        2
                text9                          003326  00000F  003335      664C       0  CODE        2
                idataBANK1                     003335  00000F  003344      666A       0  CODE        2
                text80                         003344  000011  003355      6688       0  CODE        2
                text59                         003355  000011  003366      66AA       0  CODE        2
                text32                         003366  000011  003377      66CC       0  CODE        2
                text61                         003377  000012  003389      66EE       0  CODE        2
                text78                         003389  000013  00339C      6712       0  CODE        2
                text30                         00339C  000013  0033AF      6738       0  CODE        2
                text50                         0033AF  000014  0033C3      675E       0  CODE        2
                text102                        0033C3  000016  0033D9      6786       0  CODE        2
                text101                        0033D9  000016  0033EF      67B2       0  CODE        2
                text100                        0033EF  000016  003405      67DE       0  CODE        2
                text99                         003405  000016  00341B      680A       0  CODE        2
                text79                         00341B  000018  003433      6836       0  CODE        2
                text34                         003433  000019  00344C      6866       0  CODE        2
                text43                         00344C  00001B  003467      6898       0  CODE        2
                text33                         003467  00001B  003482      68CE       0  CODE        2
                text11                         003482  00001B  00349D      6904       0  CODE        2
                text75                         00349D  00001D  0034BA      693A       0  CODE        2
                text89                         0034BA  00001E  0034D8      6974       0  CODE        2
                text65                         0034D8  00001E  0034F6      69B0       0  CODE        2
                text60                         0034F6  00001E  003514      69EC       0  CODE        2
                idataBANK3                     003514  00001E  003532      6A28       0  CODE        2
                text83                         003532  000021  003553      6A64       0  CODE        2
                text35                         003553  000025  003578      6AA6       0  CODE        2
                text77                         003578  000026  00359E      6AF0       0  CODE        2
                text21                         00359E  000027  0035C5      6B3C       0  CODE        2
                text67                         0035C5  00002A  0035EF      6B8A       0  CODE        2
                text73                         0035EF  00002D  00361C      6BDE       0  CODE        2
                text70                         00361C  00002F  00364B      6C38       0  CODE        2
                text49                         00364B  000031  00367C      6C96       0  CODE        2
                text54                         00367C  000032  0036AE      6CF8       0  CODE        2
                text22                         0036AE  000032  0036E0      6D5C       0  CODE        2
                text74                         0036E0  000034  003714      6DC0       0  CODE        2
                idataBANK8                     003714  000038  00374C      6E28       0  CODE        2
                text1                          00374C  000039  003785      6E98       0  CODE        2
                idataBANK10                    003785  00003A  0037BF      6F0A       0  CODE        2
                text69                         0037BF  000041  003800      6F7E       0  CODE        2
                stringtext3                    003800  000405  003C05      7000       0  STRCODE     2
                config                         008007  000004  00800B     1000E       0  CONFIG      2


UNUSED ADDRESS RANGES

        Name                Unused          Largest block    Delta
        BANK0            0006F-0006F               1           1
        BANK1            000DE-000EF              12           1
        BANK10           0055A-0056F              16           1
        BANK11           005C8-005EF              28           1
        BANK12           00620-0066F              50           1
        BANK13           006A0-006EF              50           1
        BANK14           00720-0076F              50           1
        BANK15           007A0-007EF              50           1
        BANK16           00820-0086F              50           1
        BANK17           008A0-008EF              50           1
        BANK18           00920-0096F              50           1
        BANK19           009A0-009EF              50           1
        BANK20           00A20-00A6F              50           1
        BANK21           00AA0-00AEF              50           1
        BANK22           00B20-00B2F              10           1
        BANK3            001EF-001EF               1           1
        BANK4            00266-0026F               A           1
        BANK5            002E3-002EF               D           1
        BANK6            00369-0036F               7           1
        BANK7            003EC-003EF               4           1
        BANK8            00458-0046F              18           1
        BANK9            004DD-004EF              13           1
        BIGRAM           02000-027EF             7F0           1
        CODE             00002-00003               2           2
                         0300C-03211             206
                         03C05-03FFF             3FB
        COMMON           0007D-0007D               1           1
        CONST            00002-00003               2           2
                         0300C-03211             100
                         03C05-03FFF             100
        EEDATA           0F000-0F0FF             100           2
        ENTRY            00002-00003               2           2
                         0300C-03211             100
                         03C05-03FFF             100
        IDLOC            08000-08003               4           2
        RAM              0006F-0006F               1           1
                         000DE-000EF              12
                         001EF-001EF               1
                         00266-0026F               A
                         002E3-002EF               D
                         00369-0036F               7
                         003EC-003EF               4
                         00458-0046F              18
                         004DD-004EF              13
                         0055A-0056F              16
                         005C8-005EF              28
                         00620-0066F              50
                         006A0-006EF              50
                         00720-0076F              50
                         007A0-007EF              50
                         00820-0086F              50
                         008A0-008EF              50
                         00920-0096F              50
                         009A0-009EF              50
                         00A20-00A6F              50
                         00AA0-00AEF              50
                         00B20-00B2F              10
        SFR0             00000-0001F              20           1
        SFR1             00080-0009F              20           1
        SFR10            00500-0051F              20           1
        SFR11            00580-0059F              20           1
        SFR12            00600-0061F              20           1
        SFR13            00680-0069F              20           1
        SFR14            00700-0071F              20           1
        SFR15            00780-0079F              20           1
        SFR16            00800-0081F              20           1
        SFR17            00880-0089F              20           1
        SFR18            00900-0091F              20           1
        SFR19            00980-0099F              20           1
        SFR2             00100-0011F              20           1
        SFR20            00A00-00A1F              20           1
        SFR21            00A80-00A9F              20           1
        SFR22            00B00-00B1F              20           1
        SFR23            00B80-00B9F              20           1
        SFR24            00C00-00C1F              20           1
        SFR25            00C80-00C9F              20           1
        SFR26            00D00-00D6F              70           1
        SFR27            00D80-00DEF              70           1
        SFR28            00E00-00E6F              70           1
        SFR29            00E80-00EEF              70           1
        SFR3             00180-0019F              20           1
        SFR30            00F00-00F6F              70           1
        SFR31            00F80-00FEF              70           1
        SFR4             00200-0021F              20           1
        SFR5             00280-0029F              20           1
        SFR6             00300-0031F              20           1
        SFR7             00380-0039F              20           1
        SFR8             00400-0041F              20           1
        SFR9             00480-0049F              20           1
        STACK            02398-026EF             358           1
        STRCODE          00002-00003               2           2
                         0300C-03211             206
                         03C05-03FFF             3FB
        STRING           00002-00003               2           2
                         0300C-03211             100
                         03C05-03FFF             100

                                  Symbol Table

?_TMR0_Read16bitTimer                        cstackCOMMON 00071
?___almod                                    cstackBANK0  0002B
?___lmul                                     cstackCOMMON 00071
?___lwdiv                                    cstackCOMMON 00071
?___lwmod                                    cstackBANK0  0002B
?___wmul                                     cstackCOMMON 00071
?_displayCharReverse                         cstackCOMMON 00071
?_locked_get_lock_leds                       cstackCOMMON 00071
?_locked_get_unlock_leds                     cstackCOMMON 00071
?_rand                                       cstackBANK0  00024
?_sprintf                                    cstackBANK0  0002F
?_strlen                                     cstackCOMMON 00071
PIN_MANAGER_Initialize@state                 cstackCOMMON 00071
PWM1_LoadDutyValue@dutyValue                 cstackCOMMON 00071
PWM2_LoadDutyValue@dutyValue                 cstackCOMMON 00071
PWM5_LoadDutyValue@dutyValue                 cstackCOMMON 00071
PWM6_LoadDutyValue@dutyValue                 cstackCOMMON 00071
SPI1_Exchange8bit@data                       cstackCOMMON 00071
SPI1_Exchange8bitBuffer@bufLen               cstackCOMMON 00072
SPI1_Exchange8bitBuffer@bytesWritten         cstackCOMMON 00078
SPI1_Exchange8bitBuffer@dataIn               cstackCOMMON 00077
SPI1_Exchange8bitBuffer@dataOut              cstackCOMMON 00073
TMR0_Read16bitTimer@readVal                  cstackCOMMON 00078
TMR0_Read16bitTimer@readValHigh              cstackCOMMON 0007B
TMR0_Read16bitTimer@readValLow               cstackCOMMON 0007A
TMR0_SetInterruptHandler@InterruptHandler    cstackCOMMON 00071
_ANSELA                                      (abs)        0018C
_ANSELB                                      (abs)        0018D
_ANSELC                                      (abs)        0018E
_CCP1CON                                     (abs)        00293
_CCP1CONbits                                 (abs)        00293
_CCP2CON                                     (abs)        00297
_CCP2CONbits                                 (abs)        00297
_CCPR1H                                      (abs)        00292
_CCPR1L                                      (abs)        00291
_CCPR2H                                      (abs)        00296
_CCPR2L                                      (abs)        00295
_CCPTMRSbits                                 (abs)        0029F
_FLASHY_TEXT_SECRET_TEST                     dataBANK1    000D4
_GIE                                         (abs)        0005F
_INTCONbits                                  (abs)        0000B
_INTERRUPT_InterruptManager                  intentry     00004
_LATA                                        (abs)        0010C
_LATB                                        (abs)        0010D
_LATBbits                                    (abs)        0010D
_LATC                                        (abs)        0010E
_LATCbits                                    (abs)        0010E
_Leds_idx                                    dataBANK1    000D0
_NVMADRH                                     (abs)        00892
_NVMADRL                                     (abs)        00891
_NVMCON1bits                                 (abs)        00895
_NVMCON2                                     (abs)        00896
_NVMDATH                                     (abs)        00894
_NVMDATL                                     (abs)        00893
_ODCONA                                      (abs)        0028C
_ODCONB                                      (abs)        0028D
_ODCONC                                      (abs)        0028E
_OSCCON1                                     (abs)        00919
_OSCCON3                                     (abs)        0091B
_OSCEN                                       (abs)        0091D
_OSCFRQ                                      (abs)        0091F
_OSCILLATOR_Initialize                       text98       03269
_OSCTUNE                                     (abs)        0091E
_PIE0bits                                    (abs)        00090
_PIN_MANAGER_Initialize                      text97       02C9B
_PIR0bits                                    (abs)        00010
_PIR1bits                                    (abs)        00011
_PIR2bits                                    (abs)        00012
_PLLR                                        (abs)        048E0
_PORTAbits                                   (abs)        0000C
_PORTBbits                                   (abs)        0000D
_PORTCbits                                   (abs)        0000E
_PPSLOCK                                     (abs)        00E0F
_PPSLOCKbits                                 (abs)        00E0F
_PR2                                         (abs)        0001E
_PR4                                         (abs)        00416
_PWM1_Initialize                             text96       03292
_PWM1_LoadDutyValue                          text102      033C3
_PWM2_Initialize                             text95       0329D
_PWM2_LoadDutyValue                          text101      033D9
_PWM5CON                                     (abs)        00619
_PWM5DCH                                     (abs)        00618
_PWM5DCL                                     (abs)        00617
_PWM5_Initialize                             text94       032BE
_PWM5_LoadDutyValue                          text100      033EF
_PWM6CON                                     (abs)        0061C
_PWM6DCH                                     (abs)        0061B
_PWM6DCL                                     (abs)        0061A
_PWM6_Initialize                             text93       032CA
_PWM6_LoadDutyValue                          text99       03405
_PWMTMRSbits                                 (abs)        0061F
_RB6PPSbits                                  (abs)        00E9E
_RC0PPSbits                                  (abs)        00EA0
_RC1PPSbits                                  (abs)        00EA1
_RC2PPSbits                                  (abs)        00EA2
_RC3PPSbits                                  (abs)        00EA3
_RC4PPSbits                                  (abs)        00EA4
_SPI1_Exchange8bit                           text82       03257
_SPI1_Exchange8bitBuffer                     text81       02BA7
_SPI1_Initialize                             text92       03247
_SSP1ADD                                     (abs)        00212
_SSP1BUF                                     (abs)        00211
_SSP1CLKPPSbits                              (abs)        00E20
_SSP1CON1                                    (abs)        00215
_SSP1CON1bits                                (abs)        00215
_SSP1DATPPSbits                              (abs)        00E21
_SSP1STAT                                    (abs)        00214
_SSP1STATbits                                (abs)        00214
_SYSTEM_Initialize                           text83       03532
_Shot_Index                                  bssCOMMON    0007C
_Shot_Options                                dataBANK3    001D1
_Shot_Options_Long                           dataBANK6    00320
_Slot_Wheel                                  dataBANK6    00332
_T0CON0                                      (abs)        00017
_T0CON0bits                                  (abs)        00017
_T0CON1                                      (abs)        00018
_T2CON                                       (abs)        0001F
_T2CONbits                                   (abs)        0001F
_T4CON                                       (abs)        00417
_T4CONbits                                   (abs)        00417
_TMR0H                                       (abs)        00016
_TMR0L                                       (abs)        00015
_TMR0_CallBack                               text105      03287
_TMR0_DefaultInterruptHandler                text106      007FF
_TMR0_ISR                                    text104      032EE
_TMR0_Initialize                             text89       034BA
_TMR0_InterruptHandler                       bssBANK1     000BE
_TMR0_Read16bitTimer                         text75       0349D
_TMR0_SetInterruptHandler                    text91       03222
_TMR0_StartTimer                             text90       03212
_TMR2                                        (abs)        0001D
_TMR2_Initialize                             text87       03273
_TMR2_StartTimer                             text88       03215
_TMR4                                        (abs)        00415
_TMR4_Initialize                             text85       032A8
_TMR4_StartTimer                             text86       03218
_TRISA                                       (abs)        0008C
_TRISB                                       (abs)        0008D
_TRISC                                       (abs)        0008E
_WDTCON                                      (abs)        00097
_WDT_Initialize                              text84       0321E
_WPUA                                        (abs)        0020C
_WPUB                                        (abs)        0020D
_WPUC                                        (abs)        0020E
__CFG_BOREN$ON                               (abs)        00000
__CFG_BORV$LOW                               (abs)        00000
__CFG_CLKOUTEN$OFF                           (abs)        00000
__CFG_CP$OFF                                 (abs)        00000
__CFG_CPD$OFF                                (abs)        00000
__CFG_CSWEN$ON                               (abs)        00000
__CFG_DEBUG$OFF                              (abs)        00000
__CFG_FCMEN$ON                               (abs)        00000
__CFG_FEXTOSC$OFF                            (abs)        00000
__CFG_LPBOREN$OFF                            (abs)        00000
__CFG_LVP$ON                                 (abs)        00000
__CFG_MCLRE$ON                               (abs)        00000
__CFG_PPS1WAY$ON                             (abs)        00000
__CFG_PWRTE$OFF                              (abs)        00000
__CFG_RSTOSC$HFINT32                         (abs)        00000
__CFG_STVREN$ON                              (abs)        00000
__CFG_WDTE$OFF                               (abs)        00000
__CFG_WRT$OFF                                (abs)        00000
__Habs1                                      abs1         00000
__Hbank0                                     bank0        00000
__Hbank1                                     bank1        00000
__Hbank10                                    bank10       00000
__Hbank11                                    bank11       00000
__Hbank12                                    bank12       00000
__Hbank13                                    bank13       00000
__Hbank14                                    bank14       00000
__Hbank15                                    bank15       00000
__Hbank16                                    bank16       00000
__Hbank17                                    bank17       00000
__Hbank18                                    bank18       00000
__Hbank19                                    bank19       00000
__Hbank2                                     bank2        00000
__Hbank20                                    bank20       00000
__Hbank21                                    bank21       00000
__Hbank22                                    bank22       00000
__Hbank23                                    bank23       00000
__Hbank24                                    bank24       00000
__Hbank25                                    bank25       00000
__Hbank26                                    bank26       00000
__Hbank27                                    bank27       00000
__Hbank28                                    bank28       00000
__Hbank29                                    bank29       00000
__Hbank3                                     bank3        00000
__Hbank30                                    bank30       00000
__Hbank31                                    bank31       00000
__Hbank4                                     bank4        00000
__Hbank5                                     bank5        00000
__Hbank6                                     bank6        00000
__Hbank7                                     bank7        00000
__Hbank8                                     bank8        00000
__Hbank9                                     bank9        00000
__Hbigram                                    bigram       00000
__HbssBANK1                                  bssBANK1     00000
__HbssBANK11                                 bssBANK11    00000
__HbssBANK2                                  bssBANK2     00000
__HbssBANK3                                  bssBANK3     00000
__HbssBANK5                                  bssBANK5     00000
__HbssBANK9                                  bssBANK9     00000
__HbssCOMMON                                 bssCOMMON    00000
__Hcinit                                     cinit        000EA
__Hclrtext                                   clrtext      00000
__Hcode                                      code         00000
__Hcommon                                    common       00000
__Hconfig                                    config       0800B
__HcstackBANK0                               cstackBANK0  00000
__HcstackBANK1                               cstackBANK1  00000
__HcstackCOMMON                              cstackCOMMON 00000
__HdataBANK1                                 dataBANK1    00000
__HdataBANK10                                dataBANK10   00000
__HdataBANK2                                 dataBANK2    00000
__HdataBANK3                                 dataBANK3    00000
__HdataBANK4                                 dataBANK4    00000
__HdataBANK5                                 dataBANK5    00000
__HdataBANK6                                 dataBANK6    00000
__HdataBANK7                                 dataBANK7    00000
__HdataBANK8                                 dataBANK8    00000
__Heeprom_data                               eeprom_data  00000
__Hend_init                                  end_init     00018
__Hfunctab                                   functab      00000
__HidataBANK1                                idataBANK1   00000
__HidataBANK10                               idataBANK10  00000
__HidataBANK2                                idataBANK2   00000
__HidataBANK3                                idataBANK3   00000
__HidataBANK4                                idataBANK4   00000
__HidataBANK5                                idataBANK5   00000
__HidataBANK6                                idataBANK6   00000
__HidataBANK7                                idataBANK7   00000
__HidataBANK8                                idataBANK8   00000
__HidataBIGRAM                               idataBIGRAM  00000
__Hidloc                                     idloc        00000
__Hinit                                      init         00016
__Hinittext                                  inittext     00000
__Hintentry                                  intentry     00016
__Hmaintext                                  maintext     00000
__Hpowerup                                   powerup      00000
__Hram                                       ram          00000
__Hreset_vec                                 reset_vec    00002
__Hsfr0                                      sfr0         00000
__Hsfr1                                      sfr1         00000
__Hsfr10                                     sfr10        00000
__Hsfr11                                     sfr11        00000
__Hsfr12                                     sfr12        00000
__Hsfr13                                     sfr13        00000
[...]
 Hardware stack levels used:    1
 Hardware stack levels required when called:    4
 This function calls:
		Nothing
 This function is called by:
		_nullifyBadge_platformInit
		_fadeDisplay_Init
		_nullifyBadge_segDisplaySetBrightness
 This function uses a non-reentrant model


 *************** function _PWM2_LoadDutyValue *****************
 Defined at:
		line 80 in file "mcc_generated_files/pwm2.c"
 Parameters:    Size  Location     Type
  dutyValue       2    1[COMMON] unsigned int 
 Auto vars:     Size  Location     Type
		None
 Return value:  Size  Location     Type
                  1    wreg      void 
 Registers used:
		wreg, status,2
 Tracked objects:
		On entry : 
		On exit  : 
		Unchanged: 
 Data sizes:     COMMON   BANK0   BANK1   BANK2   BANK3   BANK4   BANK5   BANK6   BANK7   BANK8   BANK9  BANK10  BANK11  BANK12  BANK13  BANK14  BANK15  BANK16  BANK17  BANK18  BANK19  BANK20  BANK21  BANK22  BANK23  BANK24  BANK25
      Params:         2       0       0       0       0       0       0       0       0       0       0       0       0       0       0       0       0       0       0       0       0       0       0       0       0       0       0
      Locals:         0       0       0       0       0       0       0       0       0       0       0       0       0       0       0       0       0       0       0       0       0       0       0       0       0       0       0
      Temps:          0       0       0       0       0       0       0       0       0       0       0       0       0       0       0       0       0       0       0       0       0       0       0       0       0       0       0
      Totals:         2       0       0       0       0       0       0       0       0       0       0       0       0       0       0       0       0       0       0       0       0       0       0       0       0       0       0
Total ram usage:        2 bytes
 Hardware stack levels used:    1
 Hardware stack levels required when called:    4
 This function calls:
		Nothing
 This function is called by:
		_nullifyBadge_platformInit
 This function uses a non-reentrant model


 *************** function _PWM1_LoadDutyValue *****************
 Defined at:
		line 80 in file "mcc_generated_files/pwm1.c"
 Parameters:    Size  Location     Type
  dutyValue       2    1[COMMON] unsigned int 
 Auto vars:     Size  Location     Type
		None
 Return value:  Size  Location     Type
                  1    wreg      void 
 Registers used:
		wreg, status,2
 Tracked objects:
		On entry : 
		On exit  : 
		Unchanged: 
 Data sizes:     COMMON   BANK0   BANK1   BANK2   BANK3   BANK4   BANK5   BANK6   BANK7   BANK8   BANK9  BANK10  BANK11  BANK12  BANK13  BANK14  BANK15  BANK16  BANK17  BANK18  BANK19  BANK20  BANK21  BANK22  BANK23  BANK24  BANK25
      Params:         2       0       0       0       0       0       0       0       0       0       0       0       0       0       0       0       0       0       0       0       0       0       0       0       0       0       0
      Locals:         0       0       0       0       0       0       0       0       0       0       0       0       0       0       0       0       0       0       0       0       0       0       0       0       0       0       0
      Temps:          0       0       0       0       0       0       0       0       0       0       0       0       0       0       0       0       0       0       0       0       0       0       0       0       0       0       0
      Totals:         2       0       0       0       0       0       0       0       0       0       0       0       0       0       0       0       0       0       0       0       0       0       0       0       0       0       0
Total ram usage:        2 bytes
 Hardware stack levels used:    1
 Hardware stack levels required when called:    4
 This function calls:
		Nothing
 This function is called by:
		_nullifyBadge_platformInit
 This function uses a non-reentrant model


 *************** function _INTERRUPT_InterruptManager *****************
 Defined at:
		line 51 in file "mcc_generated_files/interrupt_manager.c"
 Parameters:    Size  Location     Type
		None
 Auto vars:     Size  Location     Type
		None
 Return value:  Size  Location     Type
                  1    wreg      void 
 Registers used:
		wreg, status,2, status,0, pclath, cstack
 Tracked objects:
		On entry : 
		On exit  : 
		Unchanged: 
 Data sizes:     COMMON   BANK0   BANK1   BANK2   BANK3   BANK4   BANK5   BANK6   BANK7   BANK8   BANK9  BANK10  BANK11  BANK12  BANK13  BANK14  BANK15  BANK16  BANK17  BANK18  BANK19  BANK20  BANK21  BANK22  BANK23  BANK24  BANK25
      Params:         0       0       0       0       0       0       0       0       0       0       0       0       0       0       0       0       0       0       0       0       0       0       0       0       0       0       0
      Locals:         0       0       0       0       0       0       0       0       0       0       0       0       0       0       0       0       0       0       0       0       0       0       0       0       0       0       0
      Temps:          1       0       0       0       0       0       0       0       0       0       0       0       0       0       0       0       0       0       0       0       0       0       0       0       0       0       0
      Totals:         1       0       0       0       0       0       0       0       0       0       0       0       0       0       0       0       0       0       0       0       0       0       0       0       0       0       0
Total ram usage:        1 bytes
 Hardware stack levels used:    1
 Hardware stack levels required when called:    3
 This function calls:
		_TMR0_ISR
 This function is called by:
		Interrupt level 1
 This function uses a non-reentrant model


 *************** function _TMR0_ISR *****************
 Defined at:
		line 136 in file "mcc_generated_files/tmr0.c"
 Parameters:    Size  Location     Type
		None
 Auto vars:     Size  Location     Type
		None
 Return value:  Size  Location     Type
                  1    wreg      void 
 Registers used:
		wreg, status,2, status,0, pclath, cstack
 Tracked objects:
		On entry : 
		On exit  : 
		Unchanged: 
 Data sizes:     COMMON   BANK0   BANK1   BANK2   BANK3   BANK4   BANK5   BANK6   BANK7   BANK8   BANK9  BANK10  BANK11  BANK12  BANK13  BANK14  BANK15  BANK16  BANK17  BANK18  BANK19  BANK20  BANK21  BANK22  BANK23  BANK24  BANK25
      Params:         0       0       0       0       0       0       0       0       0       0       0       0       0       0       0       0       0       0       0       0       0       0       0       0       0       0       0
      Locals:         0       0       0       0       0       0       0       0       0       0       0       0       0       0       0       0       0       0       0       0       0       0       0       0       0       0       0
      Temps:          0       0       0       0       0       0       0       0       0       0       0       0       0       0       0       0       0       0       0       0       0       0       0       0       0       0       0
      Totals:         0       0       0       0       0       0       0       0       0       0       0       0       0       0       0       0       0       0       0       0       0       0       0       0       0       0       0
Total ram usage:        0 bytes
 Hardware stack levels used:    1
 Hardware stack levels required when called:    2
 This function calls:
		_TMR0_CallBack
 This function is called by:
		_INTERRUPT_InterruptManager
 This function uses a non-reentrant model


 *************** function _TMR0_CallBack *****************
 Defined at:
		line 151 in file "mcc_generated_files/tmr0.c"
 Parameters:    Size  Location     Type
		None
 Auto vars:     Size  Location     Type
		None
 Return value:  Size  Location     Type
                  1    wreg      void 
 Registers used:
		wreg, status,2, status,0, pclath, cstack
 Tracked objects:
		On entry : 
		On exit  : 
		Unchanged: 
 Data sizes:     COMMON   BANK0   BANK1   BANK2   BANK3   BANK4   BANK5   BANK6   BANK7   BANK8   BANK9  BANK10  BANK11  BANK12  BANK13  BANK14  BANK15  BANK16  BANK17  BANK18  BANK19  BANK20  BANK21  BANK22  BANK23  BANK24  BANK25
      Params:         0       0       0       0       0       0       0       0       0       0       0       0       0       0       0       0       0       0       0       0       0       0       0       0       0       0       0
      Locals:         0       0       0       0       0       0       0       0       0       0       0       0       0       0       0       0       0       0       0       0       0       0       0       0       0       0       0
      Temps:          0       0       0       0       0       0       0       0       0       0       0       0       0       0       0       0       0       0       0       0       0       0       0       0       0       0       0
      Totals:         0       0       0       0       0       0       0       0       0       0       0       0       0       0       0       0       0       0       0       0       0       0       0       0       0       0       0
Total ram usage:        0 bytes
 Hardware stack levels used:    1
 Hardware stack levels required when called:    1
 This function calls:
		Absolute function
		_TMR0_DefaultInterruptHandler
 This function is called by:
		_TMR0_ISR
 This function uses a non-reentrant model


 *************** function _TMR0_DefaultInterruptHandler *****************
 Defined at:
		line 165 in file "mcc_generated_files/tmr0.c"
 Parameters:    Size  Location     Type
		None
 Auto vars:     Size  Location     Type
		None
 Return value:  Size  Location     Type
                  1    wreg      void 
 Registers used:
		None
 Tracked objects:
		On entry : 
		On exit  : 
		Unchanged: 
 Data sizes:     COMMON   BANK0   BANK1   BANK2   BANK3   BANK4   BANK5   BANK6   BANK7   BANK8   BANK9  BANK10  BANK11  BANK12  BANK13  BANK14  BANK15  BANK16  BANK17  BANK18  BANK19  BANK20  BANK21  BANK22  BANK23  BANK24  BANK25
      Params:         0       0       0       0       0       0       0       0       0       0       0       0       0       0       0       0       0       0       0       0       0       0       0       0       0       0       0
      Locals:         0       0       0       0       0       0       0       0       0       0       0       0       0       0       0       0       0       0       0       0       0       0       0       0       0       0       0
      Temps:          0       0       0       0       0       0       0       0       0       0       0       0       0       0       0       0       0       0       0       0       0       0       0       0       0       0       0
      Totals:         0       0       0       0       0       0       0       0       0       0       0       0       0       0       0       0       0       0       0       0       0       0       0       0       0       0       0
Total ram usage:        0 bytes
 Hardware stack levels used:    1
 This function calls:
		Nothing
 This function is called by:
		_TMR0_Initialize
		_TMR0_CallBack
 This function uses a non-reentrant model



MODULE INFORMATION

Module		Function		Class		Link	Load	Size
/Applications/microchip/xc8/v1.42/sources/common/isdigit.c
		_isdigit       		CODE           	32FB	0000	15

/Applications/microchip/xc8/v1.42/sources/common/isdigit.c estimated size: 15

flashy_task.c
		_flashy_display_option		CODE           	2200	0000	96
		_flashy_Main   		CODE           	0819	0000	2024
		_flashy_Init   		CODE           	0769	0000	151

flashy_task.c estimated size: 2271

mcc_generated_files/pwm6.c
		_PWM6_LoadDutyValue		CODE           	3405	0000	23
		_PWM6_Initialize		CODE           	32CA	0000	13

mcc_generated_files/pwm6.c estimated size: 36

mcc_generated_files/tmr4.c
		_TMR4_Initialize		CODE           	32A8	0000	12
		_TMR4_StartTimer		CODE           	3218	0000	4

mcc_generated_files/tmr4.c estimated size: 16

nullifyBadge.c
		_nullifyBadge_segDisplayErase		CODE           	3234	0000	7
		_nullifyBadge_segDisplayPutStr		CODE           	327D	0000	11
		_nullifyBadge_userLedsClr		CODE           	323A	0000	7
		_nullifyBadge_irTxClr		CODE           	321B	0000	4
		_nullifyBadge_buttonsGet		CODE           	364B	0000	50
		_nullifyBadge_segDisplayForceUpdate		CODE           	322E	0000	7
		_nullifyBadge_irTxSet		CODE           	2882	0000	4
		_nullifyBadge_segDisplayRegister		CODE           	324F	0000	9
		_nullifyBadge_irGet		CODE           	1800	0000	6
		_nullifyBadge_userLedsRegister		CODE           	3326	0000	16
		_nullifyBadge_irTxRelease		CODE           	32B3	0000	12
		_nullifyBadge_platformInit		CODE           	2CF0	0000	86
		_nullifyBadge_irTxRegister		CODE           	3317	0000	16
		_nullifyBadge_userLedsSet		CODE           	3355	0000	18

nullifyBadge.c estimated size: 253

/Applications/microchip/xc8/v1.42/sources/common/Umul16.c
		___wmul        		CODE           	344C	0000	28

/Applications/microchip/xc8/v1.42/sources/common/Umul16.c estimated size: 28

mcc_generated_files/tmr2.c
		_TMR2_Initialize		CODE           	3273	0000	11
		_TMR2_StartTimer		CODE           	3215	0000	4

mcc_generated_files/tmr2.c estimated size: 15

mcc_generated_files/interrupt_manager.c
		_INTERRUPT_InterruptManager		CODE           	0004	0000	19

mcc_generated_files/interrupt_manager.c estimated size: 19

mcc_generated_files/pwm2.c
		_PWM2_Initialize		CODE           	329D	0000	12
		_PWM2_LoadDutyValue		CODE           	33D9	0000	23

mcc_generated_files/pwm2.c estimated size: 35

mcc_generated_files/tmr0.c
		_TMR0_SetInterruptHandler		CODE           	3222	0000	7
		_TMR0_DefaultInterruptHandler		CODE           	07FF	0000	2
		_TMR0_CallBack 		CODE           	3287	0000	12
		_TMR0_StartTimer		CODE           	3212	0000	4
		_TMR0_Read16bitTimer		CODE           	349D	0000	30
		_TMR0_ISR      		CODE           	32EE	0000	14
		_TMR0_Initialize		CODE           	34BA	0000	31

mcc_generated_files/tmr0.c estimated size: 100

mcc_generated_files/pin_manager.c
		_PIN_MANAGER_Initialize		CODE           	2C9B	0000	86

mcc_generated_files/pin_manager.c estimated size: 86

menu_task.c
		_menu_Init     		CODE           	2E02	0000	99
		_menu_display_option		CODE           	2DA0	0000	99
		_menu_Main     		CODE           	1B8F	0000	504
		_menu_run_option		CODE           	2B11	0000	75
		_menu_clear    		CODE           	2A39	0000	72

menu_task.c estimated size: 849

mcc_generated_files/spi1.c
		_SPI1_Initialize		CODE           	3247	0000	9
		_SPI1_Exchange8bitBuffer		CODE           	2BA7	0000	79
		_SPI1_Exchange8bit		CODE           	3257	0000	10

mcc_generated_files/spi1.c estimated size: 98

secret_task.c
		_secret_Main   		CODE           	1805	0000	446
		_secret_Init   		CODE           	2D45	0000	92
		_secret_check  		CODE           	1010	0000	188
		_secret_clear  		CODE           	36AE	0000	51

secret_task.c estimated size: 777

/Applications/microchip/xc8/v1.42/sources/common/lwmod.c
		___lwmod       		CODE           	35EF	0000	46

/Applications/microchip/xc8/v1.42/sources/common/lwmod.c estimated size: 46

nullifyBadge_displayL2.c
		_displayL2_EraseSegDisplay		CODE           	1000	0000	17
		_displayL2_ForceUpdate		CODE           	3228	0000	7
		_displayL2_PutStr		CODE           	35C5	0000	43
		_displayL2_PutChar		CODE           	2BF5	0000	83
		_displayL2_Initialize		CODE           	3578	0000	39
		_displayL2_ClrUserLeds		CODE           	3309	0000	15
		_displayL2_SetUserLeds		CODE           	34F6	0000	31

nullifyBadge_displayL2.c estimated size: 235

/Applications/microchip/xc8/v1.42/sources/common/Umul32.c
		___lmul        		CODE           	367C	0000	51

/Applications/microchip/xc8/v1.42/sources/common/Umul32.c estimated size: 51

/Applications/microchip/xc8/v1.42/sources/common/almod.c
		___almod       		CODE           	2F92	0000	111

/Applications/microchip/xc8/v1.42/sources/common/almod.c estimated size: 111

locked_task.c
		_locked_secret_check		CODE           	258A	0000	188
		_locked_Main   		CODE           	1D86	0000	635
		_locked_Init   		CODE           	2F2D	0000	102
		_locked_clear  		CODE           	2928	0000	67
		_locked_lock_leds		CODE           	3467	0000	28
		_locked_get_unlock_leds		CODE           	3433	0000	26
		_locked_get_lock_leds		CODE           	3553	0000	38
		_locked_unlock_leds		CODE           	339C	0000	20

locked_task.c estimated size: 1104

shared
		_dpowers       		STRCODE        	2800	0000	11
		_gamma_table_256x1k		STRCODE        	2000	0000	513
		__initialization		CODE           	0018	0000	207

shared estimated size: 731

mcc_generated_files/pwm5.c
		_PWM5_LoadDutyValue		CODE           	33EF	0000	23
		_PWM5_Initialize		CODE           	32BE	0000	13

mcc_generated_files/pwm5.c estimated size: 36

/Applications/microchip/xc8/v1.42/sources/common/rand.c
		_rand          		CODE           	296A	0000	68

/Applications/microchip/xc8/v1.42/sources/common/rand.c estimated size: 68

/Applications/microchip/xc8/v1.42/sources/common/strlen.c
		_strlen        		CODE           	34D8	0000	31

/Applications/microchip/xc8/v1.42/sources/common/strlen.c estimated size: 31

mcc_generated_files/mcc.c
		_WDT_Initialize		CODE           	321E	0000	5
		_OSCILLATOR_Initialize		CODE           	3269	0000	11
		_SYSTEM_Initialize		CODE           	3532	0000	34

mcc_generated_files/mcc.c estimated size: 50

cooperative_scheduler.c
		_scheduler_TaskInit		CODE           	374C	0000	58
		_scheduler_TaskAdd		CODE           	2349	0000	123
		_schedulerExecute		CODE           	23C3	0000	133
		_scheduler_Init		CODE           	3482	0000	28
		_scheduler_TaskRun		CODE           	2885	0000	34

cooperative_scheduler.c estimated size: 376

/Applications/microchip/xc8/v1.42/sources/common/memset.c
		_memset        		CODE           	341B	0000	25

/Applications/microchip/xc8/v1.42/sources/common/memset.c estimated size: 25

mcc_generated_files/pwm1.c
		_PWM1_Initialize		CODE           	3292	0000	12
		_PWM1_LoadDutyValue		CODE           	33C3	0000	23

mcc_generated_files/pwm1.c estimated size: 35

/Applications/microchip/xc8/v1.42/sources/common/lwdiv.c
		___lwdiv       		CODE           	36E0	0000	53

/Applications/microchip/xc8/v1.42/sources/common/lwdiv.c estimated size: 53

matrix_task.c
		_matrix_display_option		CODE           	24E7	0000	164
		_matrix_secret_check		CODE           	2645	0000	188
		_matrix_Main   		CODE           	10CB	0000	1846
		_matrix_Init   		CODE           	2447	0000	161

matrix_task.c estimated size: 2359

/Applications/microchip/xc8/v1.42/sources/common/doprnt.c
		_sprintf       		CODE           	19C2	0000	462

/Applications/microchip/xc8/v1.42/sources/common/doprnt.c estimated size: 462

main.c
		_marquee       		CODE           	22D2	0000	120
		_main          		CODE           	0666	0000	260
		_let_alternate 		CODE           	33AF	0000	21
		_led_Parody    		CODE           	2EC8	0000	102
		_led_roundabout		CODE           	28E7	0000	66
		_led_circle    		CODE           	3260	0000	10
		_led_rand      		CODE           	2A80	0000	73
		_marquee_speedy		CODE           	225F	0000	116
		_led_curtain   		CODE           	28A6	0000	66

main.c estimated size: 834

/Applications/microchip/xc8/v1.42/sources/common/Umul8.c
		___bmul        		CODE           	3366	0000	18

/Applications/microchip/xc8/v1.42/sources/common/Umul8.c estimated size: 18

slot_task.c
		_slot_Init     		CODE           	2E64	0000	101
		_slot_Finished_Animation		CODE           	359E	0000	40
		_slot_Running_Animation		CODE           	29AD	0000	71
		_slot_Setup    		CODE           	2C47	0000	85
		_slot_Main     		CODE           	00EA	0000	1405

slot_task.c estimated size: 1702

nullifyBadge_displayL1.c
		_displayL1_SetUserLed		CODE           	3377	0000	19
		_displayL1_SetSegChar		CODE           	37BF	0000	66
		_displayL1_Update		CODE           	3344	0000	18
		_displayL1_Initialize		CODE           	3389	0000	20
		_displayCharReverse		CODE           	361C	0000	48

nullifyBadge_displayL1.c estimated size: 171

