Microchip MPLAB XC8 Compiler V1.42 ()

Linker command line:

-W-3 --edf=/Applications/microchip/xc8/v1.42/dat/en_msgs.txt -cs \
  -h+dist/default/production/defcon25.production.sym \
  --cmf=dist/default/production/defcon25.production.cmf -z -Q16LF18346 \
  -o/tmp/xcljW7r3K -Mdist/default/production/defcon25.production.map -E1 \
  -ver=XC8 -ASTACK=0226Ah-026efh -pstack=STACK -ACODE=00h-07FFhx8 \
  -ASTRCODE=00h-03FFFh -ASTRING=00h-0FFhx64 -ACONST=00h-0FFhx64 \
  -AENTRY=00h-0FFhx64 -ACOMMON=070h-07Fh -ABANK0=020h-06Fh \
  -ABANK1=0A0h-0EFh -ABANK2=0120h-016Fh -ABANK3=01A0h-01EFh \
  -ABANK4=0220h-026Fh -ABANK5=02A0h-02EFh -ABANK6=0320h-036Fh \
  -ABANK7=03A0h-03EFh -ABANK8=0420h-046Fh -ABANK9=04A0h-04EFh \
  -ABANK10=0520h-056Fh -ABANK11=05A0h-05EFh -ABANK12=0620h-066Fh \
  -ABANK13=06A0h-06EFh -ABANK14=0720h-076Fh -ABANK15=07A0h-07EFh \
  -ABANK16=0820h-086Fh -ABANK17=08A0h-08EFh -ABANK18=0920h-096Fh \
  -ABANK19=09A0h-09EFh -ABANK20=0A20h-0A6Fh -ABANK21=0AA0h-0AEFh \
  -ABANK22=0B20h-0B6Fh -ABANK23=0BA0h-0BEFh -ABANK24=0C20h-0C6Fh \
  -ABANK25=0CA0h-0CBFh -ABIGRAM=02000h-027EFh \
  -ARAM=020h-06Fh,0A0h-0EFh,0120h-016Fh,01A0h-01EFh,0220h-026Fh,02A0h-02EFh,0320h-036Fh,03A0h-03EFh,0420h-046Fh,04A0h-04EFh,0520h-056Fh,05A0h-05EFh,0620h-066Fh,06A0h-06EFh,0720h-076Fh,07A0h-07EFh,0820h-086Fh,08A0h-08EFh,0920h-096Fh,09A0h-09EFh,0A20h-0A6Fh,0AA0h-0AEFh,0B20h-0B6Fh,0BA0h-0BEFh,0C20h-0C6Fh,0CA0h-0CBFh \
  -AABS1=020h-07Fh,0A0h-0EFh,0120h-016Fh,01A0h-01EFh,0220h-026Fh,02A0h-02EFh,0320h-036Fh,03A0h-03EFh,0420h-046Fh,04A0h-04EFh,0520h-056Fh,05A0h-05EFh,0620h-066Fh,06A0h-06EFh,0720h-076Fh,07A0h-07EFh,0820h-086Fh,08A0h-08EFh,0920h-096Fh,09A0h-09EFh,0A20h-0A6Fh,0AA0h-0AEFh,0B20h-0B6Fh,0BA0h-0BEFh,0C20h-0C6Fh,0CA0h-0CBFh \
  -ASFR0=00h-01Fh -ASFR1=080h-09Fh -ASFR2=0100h-011Fh -ASFR3=0180h-019Fh \
  -ASFR4=0200h-021Fh -ASFR5=0280h-029Fh -ASFR6=0300h-031Fh \
  -ASFR7=0380h-039Fh -ASFR8=0400h-041Fh -ASFR9=0480h-049Fh \
  -ASFR10=0500h-051Fh -ASFR11=0580h-059Fh -ASFR12=0600h-061Fh \
  -ASFR13=0680h-069Fh -ASFR14=0700h-071Fh -ASFR15=0780h-079Fh \
  -ASFR16=0800h-081Fh -ASFR17=0880h-089Fh -ASFR18=0900h-091Fh \
  -ASFR19=0980h-099Fh -ASFR20=0A00h-0A1Fh -ASFR21=0A80h-0A9Fh \
  -ASFR22=0B00h-0B1Fh -ASFR23=0B80h-0B9Fh -ASFR24=0C00h-0C1Fh \
  -ASFR25=0C80h-0C9Fh -ASFR26=0D00h-0D6Fh -ASFR27=0D80h-0DEFh \
  -ASFR28=0E00h-0E6Fh -ASFR29=0E80h-0EEFh -ASFR30=0F00h-0F6Fh \
  -ASFR31=0F80h-0FEFh -preset_vec=00h,intentry=04h,init,end_init \
  -ppowerup=CODE -pcinit=CODE -pfunctab=CODE -ACONFIG=08007h-0800Ah \
  -pconfig=CONFIG -DCONFIG=2 -AIDLOC=08000h-08003h -pidloc=IDLOC -DIDLOC=2 \
  -AEEDATA=00h-0FFh/0F000h -peeprom_data=EEDATA -DEEDATA=2 -DCODE=2 \
  -DSTRCODE=2 -DSTRING=2 -DCONST=2 -DENTRY=2 -k /tmp/xcyYTLTgB.obj \
  dist/default/production/defcon25.production.obj 

Object code version is 3.11

Machine type is 16LF18346



                Name                               Link     Load   Length Selector   Space Scale
/tmp/xcyYTLTgB.obj
                end_init                             16       16        2        8       0
                reset_vec                             0        0        2        0       0
                config                             8007     8007        4    1000E       0
dist/default/production/defcon25.production.obj
                cinit                                18       18       9D        8       0
                intentry                              4        4       12        8       0
                text98                                3        3        1        6       0
                text97                             250D     250D        B     4A1A       0
                text96                             2574     2574        D     4AE8       0
                text94                             265F     265F       16     4CBE       0
                text93                             2675     2675       16     4CEA       0
                text92                             268B     268B       16     4D16       0
                text91                             26A1     26A1       16     4D42       0
                text90                             24F9     24F9        A     49F2       0
                text89                             1D1B     1D1B       55     3A36       0
                text88                             2518     2518        B     4A30       0
                text87                             2523     2523        B     4A46       0
                text86                             2544     2544        C     4A88       0
                text85                             2550     2550        C     4AA0       0
                text84                             24D7     24D7        8     49AE       0
                text83                             24B9     24B9        6     4972       0
                text82                             24A6     24A6        3     494C       0
                text81                             2742     2742       1E     4E84       0
                text80                             24A9     24A9        3     4952       0
                text79                             2503     2503        A     4A06       0
                text78                             24AC     24AC        3     4958       0
                text77                             252E     252E        B     4A5C       0
                text76                             24B5     24B5        4     496A       0
                text75                             27BC     27BC       21     4F78       0
                text74                             24E7     24E7        9     49CE       0
                text73                             1C7B     1C7B       4E     38F6       0
                text72                             2604     2604       11     4C08       0
                text71                             26B7     26B7       1B     4D6E       0
                text70                             25E4     25E4       10     4BC8       0
                text69                             27DD     27DD       23     4FBA       0
                text68                             1D70     1D70       55     3AE0       0
                text67                             2708     2708       1D     4E10       0
                text66                             1989     1989       34     3312       0
                text65                             1869     1869       2D     30D2       0
                text64                             24BF     24BF        6     497E       0
                text63                             24C5     24C5        6     498A       0
                text62                             1896     1896       2F     312C       0
                text61                             1AA4     1AA4       41     3548       0
                text60                             1CC9     1CC9       52     3992       0
                text59                             183F     183F       2A     307E       0
                text58                             1200     1200        A     2400       0
                text57                             2760     2760       1E     4EC0       0
                text56                             1350     1350       77     26A0       0
                text55                             12DD     12DD       73     25BA       0
                text54                             1E7A     1E7A       5F     3CF4       0
                text53                             2626     2626       12     4C4C       0
                text52                             277E     277E       1E     4EFC       0
                text51                             2581     2581        D     4B02       0
                text50                             120A     120A       65     2414       0
                text49                             24F0     24F0        9     49E0       0
                text48                             1AE5     1AE5       41     35CA       0
                text47                             126F     126F       6E     24DE       0
                text46                             1925     1925       32     324A       0
                text45                             1BA9     1BA9       43     3752       0
                text44                             1C33     1C33       48     3866       0
                text43                             1B26     1B26       41     364C       0
                text42                             264B     264B       14     4C96       0
                text41                             18F4     18F4       31     31E8       0
                text40                              7FB      7FB        5        8       0
                text39                             24AF     24AF        3     495E       0
                text38                             25B7     25B7        F     4B6E       0
                text37                             2539     2539        B     4A72       0
                text36                             24B2     24B2        3     4964       0
                text35                             26D2     26D2       1B     4DA4       0
                text34                             259B     259B        E     4B36       0
                text33                              628      628      151        8       0
                text32                             25F4     25F4       10     4BE8       0
                text31                             24CB     24CB        6     4996       0
                text30                             25A9     25A9        E     4B52       0
                text29                             24D1     24D1        6     49A2       0
                text28                             1B67     1B67       42     36CE       0
                text27                             181A     181A       25     3034       0
                text26                             1801     1801       19     3002       0
                text25                             26ED     26ED       1B     4DDA       0
                text24                             2638     2638       13     4C70       0
                text23                             1ED9     1ED9       62     3DB2       0
                text22                             1BEC     1BEC       47     37D8       0
                text21                             1A2D     1A2D       3A     345A       0
                text20                             2615     2615       11     4C2A       0
                text19                             155B     155B       BB     2AB6       0
                text18                             1957     1957       32     32AE       0
                text17                             1443     1443       82     2886       0
                swtext1                            2080     2080        C     4100       0
                text16                              81C      81C      7E4     1038       0
                text15                               B5       B5      1EC        8       0
                text14                              2A1      2A1      1CA        8       0
                text13                              46B      46B      1BD        8       0
                text12                             279C     279C       20     4F38       0
                text11                             13C7     13C7       7C     278E       0
                text10                             2725     2725       1D     4E4A       0
                text9                              24DF     24DF        8     49BE       0
                text8                              25C6     25C6        F     4B8C       0
                text7                              1DC5     1DC5       5A     3B8A       0
                text6                              14C5     14C5       96     298A       0
                text5                              1F3B     1F3B       62     3E76       0
                text4                              1F9D     1F9D       63     3F3A       0
                text3                              1E1F     1E1F       5B     3C3E       0
                text2                               779      779       82        8       0
                text1                              1A67     1A67       3D     34CE       0
                maintext                           1616     1616       EA     2C2C       0
                cstackBANK0                          20       20       50       20       1
                cstackCOMMON                         70       70        C       70       1
                cstackBANK1                          ED       ED        1       A0       1
                clrtext                            255C     255C        C     4AB8       0
                inittext                           2568     2568        C     4AD0       0
                dataBANK7                           3BE      3BE       1C      3A0       1
                bssBANK7                            3A0      3A0       1E      3A0       1
                dataBANK6                           320      320       38      320       1
                dataBANK5                           2A0      2A0       38      2A0       1
                bssBANK4                            220      220       4C      220       1
                dataBANK3                           1A0      1A0       2F      1A0       1
                bssBANK3                            1CF      1CF        E      1A0       1
                dataBANK2                           159      159        D      120       1
                bssBANK2                            120      120       39      120       1
                dataBANK1                            DE       DE        F       A0       1
                bssBANK1                             A0       A0       3E       A0       1
                bssCOMMON                            7C       7C        1       70       1
                stringtext28                       291E     291E        4     5000       0
                stringtext27                       2919     2919        5     5000       0
                stringtext26                       2914     2914        5     5000       0
                stringtext25                       290F     290F        5     5000       0
                stringtext24                       290A     290A        5     5000       0
                stringtext23                       2905     2905        5     5000       0
                stringtext22                       2900     2900        5     5000       0
                stringtext21                       28FB     28FB        5     5000       0
                stringtext20                       28F6     28F6        5     5000       0
                stringtext19                       28F0     28F0        6     5000       0
                stringtext18                       28EA     28EA        6     5000       0
                stringtext17                       28E4     28E4        6     5000       0
                stringtext16                       28DC     28DC        8     5000       0
                stringtext15                       28D3     28D3        9     5000       0
                stringtext14                       28C9     28C9        A     5000       0
                stringtext13                       28BC     28BC        D     5000       0
                stringtext12                       28AA     28AA       12     5000       0
                stringtext11                       2897     2897       13     5000       0
                stringtext10                       2882     2882       15     5000       0
                stringtext9                        286C     286C       16     5000       0
                stringtext8                        2853     2853       19     5000       0
                stringtext7                        2839     2839       1A     5000       0
                stringtext6                        281E     281E       1B     5000       0
                stringtext5                        2800     2800       1E     5000       0
                stringtext4                        205D     205D       23     4000       0
                stringtext3                        2035     2035       28     4000       0
                stringtext2                        2000     2000       35     4000       0
                stringtext1                        1000     1000      200     2000       0
                idataBIGRAM                        1700     1700      100     2E00       0
                idataBANK7                          800      800       1C     1000       0
                idataBANK6                         19BD     19BD       38     337A       0
                idataBANK5                         19F5     19F5       38     33EA       0
                idataBANK3                         18C5     18C5       2F     318A       0
                idataBANK2                         258E     258E        D     4B1C       0
                idataBANK1                         25D5     25D5        F     4BAA       0

TOTAL           Name                               Link     Load   Length     Space
        CLASS   STACK          

        CLASS   CODE           
                end_init                             16       16        2         0
                cinit                                18       18       9D         0
                intentry                              4        4       12         0
                reset_vec                             0        0        2         0
                text98                                3        3        1         0
                text97                             250D     250D        B         0
                text96                             2574     2574        D         0
                text94                             265F     265F       16         0
                text93                             2675     2675       16         0
                text92                             268B     268B       16         0
                text91                             26A1     26A1       16         0
                text90                             24F9     24F9        A         0
                text89                             1D1B     1D1B       55         0
                text88                             2518     2518        B         0
                text87                             2523     2523        B         0
                text86                             2544     2544        C         0
                text85                             2550     2550        C         0
                text84                             24D7     24D7        8         0
                text83                             24B9     24B9        6         0
                text82                             24A6     24A6        3         0
                text81                             2742     2742       1E         0
                text80                             24A9     24A9        3         0
                text79                             2503     2503        A         0
                text78                             24AC     24AC        3         0
                text77                             252E     252E        B         0
                text76                             24B5     24B5        4         0
                text75                             27BC     27BC       21         0
                text74                             24E7     24E7        9         0
                text73                             1C7B     1C7B       4E         0
                text72                             2604     2604       11         0
                text71                             26B7     26B7       1B         0
                text70                             25E4     25E4       10         0
                text69                             27DD     27DD       23         0
                text68                             1D70     1D70       55         0
                text67                             2708     2708       1D         0
                text66                             1989     1989       34         0
                text65                             1869     1869       2D         0
                text64                             24BF     24BF        6         0
                text63                             24C5     24C5        6         0
                text62                             1896     1896       2F         0
                text61                             1AA4     1AA4       41         0
                text60                             1CC9     1CC9       52         0
                text59                             183F     183F       2A         0
                text58                             1200     1200        A         0
                text57                             2760     2760       1E         0
                text56                             1350     1350       77         0
                text55                             12DD     12DD       73         0
                text54                             1E7A     1E7A       5F         0
                text53                             2626     2626       12         0
                text52                             277E     277E       1E         0
                text51                             2581     2581        D         0
                text50                             120A     120A       65         0
                text49                             24F0     24F0        9         0
                text48                             1AE5     1AE5       41         0
                text47                             126F     126F       6E         0
                text46                             1925     1925       32         0
                text45                             1BA9     1BA9       43         0
                text44                             1C33     1C33       48         0
                text43                             1B26     1B26       41         0
                text42                             264B     264B       14         0
                text41                             18F4     18F4       31         0
                text40                              7FB      7FB        5         0
                text39                             24AF     24AF        3         0
                text38                             25B7     25B7        F         0
                text37                             2539     2539        B         0
                text36                             24B2     24B2        3         0
                text35                             26D2     26D2       1B         0
                text34                             259B     259B        E         0
                text33                              628      628      151         0
                text32                             25F4     25F4       10         0
                text31                             24CB     24CB        6         0
                text30                             25A9     25A9        E         0
                text29                             24D1     24D1        6         0
                text28                             1B67     1B67       42         0
                text27                             181A     181A       25         0
                text26                             1801     1801       19         0
                text25                             26ED     26ED       1B         0
                text24                             2638     2638       13         0
                text23                             1ED9     1ED9       62         0
                text22                             1BEC     1BEC       47         0
                text21                             1A2D     1A2D       3A         0
                text20                             2615     2615       11         0
                text19                             155B     155B       BB         0
                text18                             1957     1957       32         0
                text17                             1443     1443       82         0
                text16                              81C      81C      7E4         0
                text15                               B5       B5      1EC         0
                text14                              2A1      2A1      1CA         0
                text13                              46B      46B      1BD         0
                text12                             279C     279C       20         0
                text11                             13C7     13C7       7C         0
                text10                             2725     2725       1D         0
                text9                              24DF     24DF        8         0
                text8                              25C6     25C6        F         0
                text7                              1DC5     1DC5       5A         0
                text6                              14C5     14C5       96         0
                text5                              1F3B     1F3B       62         0
                text4                              1F9D     1F9D       63         0
                text3                              1E1F     1E1F       5B         0
                text2                               779      779       82         0
                text1                              1A67     1A67       3D         0
                maintext                           1616     1616       EA         0
                clrtext                            255C     255C        C         0
                inittext                           2568     2568        C         0
                idataBIGRAM                        1700     1700      100         0
                idataBANK7                          800      800       1C         0
                idataBANK6                         19BD     19BD       38         0
                idataBANK5                         19F5     19F5       38         0
                idataBANK3                         18C5     18C5       2F         0
                idataBANK2                         258E     258E        D         0
                idataBANK1                         25D5     25D5        F         0

        CLASS   STRCODE        
                stringtext28                       291E     291E        4         0
                stringtext27                       2919     2919        5         0
                stringtext26                       2914     2914        5         0
                stringtext25                       290F     290F        5         0
                stringtext24                       290A     290A        5         0
                stringtext23                       2905     2905        5         0
                stringtext22                       2900     2900        5         0
                stringtext21                       28FB     28FB        5         0
                stringtext20                       28F6     28F6        5         0
                stringtext19                       28F0     28F0        6         0
                stringtext18                       28EA     28EA        6         0
                stringtext17                       28E4     28E4        6         0
                stringtext16                       28DC     28DC        8         0
                stringtext15                       28D3     28D3        9         0
                stringtext14                       28C9     28C9        A         0
                stringtext13                       28BC     28BC        D         0
                stringtext12                       28AA     28AA       12         0
                stringtext11                       2897     2897       13         0
                stringtext10                       2882     2882       15         0
                stringtext9                        286C     286C       16         0
                stringtext8                        2853     2853       19         0
                stringtext7                        2839     2839       1A         0
                stringtext6                        281E     281E       1B         0
                stringtext5                        2800     2800       1E         0
                stringtext4                        205D     205D       23         0
                stringtext3                        2035     2035       28         0
                stringtext2                        2000     2000       35         0
                stringtext1                        1000     1000      200         0

        CLASS   STRING         

        CLASS   CONST          
                swtext1                            2080     2080        C         0

        CLASS   ENTRY          

        CLASS   COMMON         
                cstackCOMMON                         70       70        C         1
                bssCOMMON                            7C       7C        1         1

        CLASS   BANK0          
                cstackBANK0                          20       20       50         1

        CLASS   BANK1          
                cstackBANK1                          ED       ED        1         1
                dataBANK1                            DE       DE        F         1
                bssBANK1                             A0       A0       3E         1

        CLASS   BANK2          
                dataBANK2                           159      159        D         1
                bssBANK2                            120      120       39         1

        CLASS   BANK3          
                dataBANK3                           1A0      1A0       2F         1
                bssBANK3                            1CF      1CF        E         1

        CLASS   BANK4          
                bssBANK4                            220      220       4C         1

        CLASS   BANK5          
                dataBANK5                           2A0      2A0       38         1

        CLASS   BANK6          
                dataBANK6                           320      320       38         1

        CLASS   BANK7          
                dataBANK7                           3BE      3BE       1C         1
                bssBANK7                            3A0      3A0       1E         1

        CLASS   BANK8          

        CLASS   BANK9          

        CLASS   BANK10         

        CLASS   BANK11         

        CLASS   BANK12         

        CLASS   BANK13         

        CLASS   BANK14         

        CLASS   BANK15         

        CLASS   BANK16         

        CLASS   BANK17         

        CLASS   BANK18         

        CLASS   BANK19         

        CLASS   BANK20         

        CLASS   BANK21         

        CLASS   BANK22         

        CLASS   BANK23         

        CLASS   BANK24         

        CLASS   BANK25         

        CLASS   BIGRAM         

        CLASS   RAM            

        CLASS   ABS1           
                abs_s1                               7E       7E        2         1
                abs_s1                              B30      B30       40         1
                abs_s1                              BA0      BA0       50         1
                abs_s1                              C20      C20       50         1
                abs_s1                              CA0      CA0       20         1
                abs_s1                             26F0     26F0        0         1

        CLASS   SFR0           

        CLASS   SFR1           

        CLASS   SFR2           

        CLASS   SFR3           

        CLASS   SFR4           

        CLASS   SFR5           

        CLASS   SFR6           

        CLASS   SFR7           

        CLASS   SFR8           

        CLASS   SFR9           

        CLASS   SFR10          

        CLASS   SFR11          

        CLASS   SFR12          

        CLASS   SFR13          

        CLASS   SFR14          

        CLASS   SFR15          

        CLASS   SFR16          

        CLASS   SFR17          

        CLASS   SFR18          

        CLASS   SFR19          

        CLASS   SFR20          

        CLASS   SFR21          

        CLASS   SFR22          

        CLASS   SFR23          

        CLASS   SFR24          

        CLASS   SFR25          

        CLASS   SFR26          

        CLASS   SFR27          

        CLASS   SFR28          

        CLASS   SFR29          

        CLASS   SFR30          

        CLASS   SFR31          

        CLASS   CONFIG         
                config                             8007     8007        4         0

        CLASS   IDLOC          

        CLASS   EEDATA         

        CLASS   BANK31         

        CLASS   BANK30         

        CLASS   BANK29         

        CLASS   BANK28         

        CLASS   BANK27         

        CLASS   BANK26         



SEGMENTS        Name                           Load    Length   Top    Selector   Space  Class     Delta

                reset_vec                      000000  000002  000002         0       0  CODE        2
                text98                         000003  000001  000004         6       0  CODE        2
                intentry                       000004  0007FC  000800         8       0  CODE        2
                cstackBANK0                    000020  000050  000070        20       1  BANK0       1
                cstackCOMMON                   000070  00000D  00007D        70       1  COMMON      1
                bssBANK1                       0000A0  00004E  0000EE        A0       1  BANK1       1
                bssBANK2                       000120  000046  000166       120       1  BANK2       1
                dataBANK3                      0001A0  00003D  0001DD       1A0       1  BANK3       1
                bssBANK4                       000220  00004C  00026C       220       1  BANK4       1
                dataBANK5                      0002A0  000038  0002D8       2A0       1  BANK5       1
                dataBANK6                      000320  000038  000358       320       1  BANK6       1
                bssBANK7                       0003A0  00003A  0003DA       3A0       1  BANK7       1
                idataBANK7                     000800  00001C  00081C      1000       0  CODE        2
                text16                         00081C  0007E4  001000      1038       0  CODE        2
                stringtext1                    001000  000200  001200      2000       0  STRCODE     2
                text58                         001200  00000A  00120A      2400       0  CODE        2
                text50                         00120A  000065  00126F      2414       0  CODE        2
                text47                         00126F  00006E  0012DD      24DE       0  CODE        2
                text55                         0012DD  000073  001350      25BA       0  CODE        2
                text56                         001350  000077  0013C7      26A0       0  CODE        2
                text11                         0013C7  00007C  001443      278E       0  CODE        2
                text17                         001443  000082  0014C5      2886       0  CODE        2
                text6                          0014C5  000096  00155B      298A       0  CODE        2
                text19                         00155B  0000BB  001616      2AB6       0  CODE        2
                maintext                       001616  0000EA  001700      2C2C       0  CODE        2
                idataBIGRAM                    001700  000100  001800      2E00       0  CODE        2
                text26                         001801  000019  00181A      3002       0  CODE        2
                text27                         00181A  000025  00183F      3034       0  CODE        2
                text59                         00183F  00002A  001869      307E       0  CODE        2
                text65                         001869  00002D  001896      30D2       0  CODE        2
                text62                         001896  00002F  0018C5      312C       0  CODE        2
                idataBANK3                     0018C5  00002F  0018F4      318A       0  CODE        2
                text41                         0018F4  000031  001925      31E8       0  CODE        2
                text46                         001925  000032  001957      324A       0  CODE        2
                text18                         001957  000032  001989      32AE       0  CODE        2
                text66                         001989  000034  0019BD      3312       0  CODE        2
                idataBANK6                     0019BD  000038  0019F5      337A       0  CODE        2
                idataBANK5                     0019F5  000038  001A2D      33EA       0  CODE        2
                text21                         001A2D  00003A  001A67      345A       0  CODE        2
                text1                          001A67  00003D  001AA4      34CE       0  CODE        2
                text61                         001AA4  000041  001AE5      3548       0  CODE        2
                text48                         001AE5  000041  001B26      35CA       0  CODE        2
                text43                         001B26  000041  001B67      364C       0  CODE        2
                text28                         001B67  000042  001BA9      36CE       0  CODE        2
                text45                         001BA9  000043  001BEC      3752       0  CODE        2
                text22                         001BEC  000047  001C33      37D8       0  CODE        2
                text44                         001C33  000048  001C7B      3866       0  CODE        2
                text73                         001C7B  00004E  001CC9      38F6       0  CODE        2
                text60                         001CC9  000052  001D1B      3992       0  CODE        2
                text89                         001D1B  000055  001D70      3A36       0  CODE        2
                text68                         001D70  000055  001DC5      3AE0       0  CODE        2
                text7                          001DC5  00005A  001E1F      3B8A       0  CODE        2
                text3                          001E1F  00005B  001E7A      3C3E       0  CODE        2
                text54                         001E7A  00005F  001ED9      3CF4       0  CODE        2
                text23                         001ED9  000062  001F3B      3DB2       0  CODE        2
                text5                          001F3B  000062  001F9D      3E76       0  CODE        2
                text4                          001F9D  000063  002000      3F3A       0  CODE        2
                stringtext2                    002000  000080  002080      4000       0  STRCODE     2
                swtext1                        002080  00000C  00208C      4100       0  CONST       2
                text82                         0024A6  000003  0024A9      494C       0  CODE        2
                text80                         0024A9  000003  0024AC      4952       0  CODE        2
                text78                         0024AC  000003  0024AF      4958       0  CODE        2
                text39                         0024AF  000003  0024B2      495E       0  CODE        2
                text36                         0024B2  000003  0024B5      4964       0  CODE        2
                text76                         0024B5  000004  0024B9      496A       0  CODE        2
                text83                         0024B9  000006  0024BF      4972       0  CODE        2
                text64                         0024BF  000006  0024C5      497E       0  CODE        2
                text63                         0024C5  000006  0024CB      498A       0  CODE        2
                text31                         0024CB  000006  0024D1      4996       0  CODE        2
                text29                         0024D1  000006  0024D7      49A2       0  CODE        2
                text84                         0024D7  000008  0024DF      49AE       0  CODE        2
                text9                          0024DF  000008  0024E7      49BE       0  CODE        2
                text74                         0024E7  000009  0024F0      49CE       0  CODE        2
                text49                         0024F0  000009  0024F9      49E0       0  CODE        2
                text90                         0024F9  00000A  002503      49F2       0  CODE        2
                text79                         002503  00000A  00250D      4A06       0  CODE        2
                text97                         00250D  00000B  002518      4A1A       0  CODE        2
                text88                         002518  00000B  002523      4A30       0  CODE        2
                text87                         002523  00000B  00252E      4A46       0  CODE        2
                text77                         00252E  00000B  002539      4A5C       0  CODE        2
                text37                         002539  00000B  002544      4A72       0  CODE        2
                text86                         002544  00000C  002550      4A88       0  CODE        2
                text85                         002550  00000C  00255C      4AA0       0  CODE        2
                clrtext                        00255C  00000C  002568      4AB8       0  CODE        2
                inittext                       002568  00000C  002574      4AD0       0  CODE        2
                text96                         002574  00000D  002581      4AE8       0  CODE        2
                text51                         002581  00000D  00258E      4B02       0  CODE        2
                idataBANK2                     00258E  00000D  00259B      4B1C       0  CODE        2
                text34                         00259B  00000E  0025A9      4B36       0  CODE        2
                text30                         0025A9  00000E  0025B7      4B52       0  CODE        2
                text38                         0025B7  00000F  0025C6      4B6E       0  CODE        2
                text8                          0025C6  00000F  0025D5      4B8C       0  CODE        2
                idataBANK1                     0025D5  00000F  0025E4      4BAA       0  CODE        2
                text70                         0025E4  000010  0025F4      4BC8       0  CODE        2
                text32                         0025F4  000010  002604      4BE8       0  CODE        2
                text72                         002604  000011  002615      4C08       0  CODE        2
                text20                         002615  000011  002626      4C2A       0  CODE        2
                text53                         002626  000012  002638      4C4C       0  CODE        2
                text24                         002638  000013  00264B      4C70       0  CODE        2
                text42                         00264B  000014  00265F      4C96       0  CODE        2
                text94                         00265F  000016  002675      4CBE       0  CODE        2
                text93                         002675  000016  00268B      4CEA       0  CODE        2
                text92                         00268B  000016  0026A1      4D16       0  CODE        2
                text91                         0026A1  000016  0026B7      4D42       0  CODE        2
                text71                         0026B7  00001B  0026D2      4D6E       0  CODE        2
                text35                         0026D2  00001B  0026ED      4DA4       0  CODE        2
                text25                         0026ED  00001B  002708      4DDA       0  CODE        2
                text67                         002708  00001D  002725      4E10       0  CODE        2
                text10                         002725  00001D  002742      4E4A       0  CODE        2
                text81                         002742  00001E  002760      4E84       0  CODE        2
                text57                         002760  00001E  00277E      4EC0       0  CODE        2
                text52                         00277E  00001E  00279C      4EFC       0  CODE        2
                text12                         00279C  000020  0027BC      4F38       0  CODE        2
                text75                         0027BC  000021  0027DD      4F78       0  CODE        2
                text69                         0027DD  000023  002800      4FBA       0  CODE        2
                stringtext5                    002800  000122  002922      5000       0  STRCODE     2
                config                         008007  000004  00800B     1000E       0  CONFIG      2


UNUSED ADDRESS RANGES

        Name                Unused          Largest block    Delta
        BANK1            000EE-000EF               2           1
        BANK10           00520-0056F              50           1
        BANK11           005A0-005EF              50           1
        BANK12           00620-0066F              50           1
        BANK13           006A0-006EF              50           1
        BANK14           00720-0076F              50           1
        BANK15           007A0-007EF              50           1
        BANK16           00820-0086F              50           1
        BANK17           008A0-008EF              50           1
        BANK18           00920-0096F              50           1
        BANK19           009A0-009EF              50           1
        BANK2            00166-0016F               A           1
        BANK20           00A20-00A6F              50           1
        BANK21           00AA0-00AEF              50           1
        BANK22           00B20-00B2F              10           1
        BANK3            001DD-001EF              13           1
        BANK4            0026C-0026F               4           1
        BANK5            002D8-002EF              18           1
        BANK6            00358-0036F              18           1
        BANK7            003DA-003EF              16           1
        BANK8            00420-0046F              50           1
        BANK9            004A0-004EF              50           1
        BIGRAM           02000-027EF             7F0           1
        CODE             00002-00002               1           2
                         01800-01800               1
                         0208C-024A5             41A
                         02922-03FFF             800
        COMMON           0007D-0007D               1           1
        CONST            00002-00002               1           2
                         01800-01800               1
                         0208C-024A5             100
                         02922-03FFF             100
        EEDATA           0F000-0F0FF             100           2
        ENTRY            00002-00002               1           2
                         01800-01800               1
                         0208C-024A5             100
                         02922-03FFF             100
        IDLOC            08000-08003               4           2
        RAM              000EE-000EF               2           1
                         00166-0016F               A
                         001DD-001EF              13
                         0026C-0026F               4
                         002D8-002EF              18
                         00358-0036F              18
                         003DA-003EF              16
                         00420-0046F              50
                         004A0-004EF              50
                         00520-0056F              50
                         005A0-005EF              50
                         00620-0066F              50
                         006A0-006EF              50
                         00720-0076F              50
                         007A0-007EF              50
                         00820-0086F              50
                         008A0-008EF              50
                         00920-0096F              50
                         009A0-009EF              50
                         00A20-00A6F              50
                         00AA0-00AEF              50
                         00B20-00B2F              10
        SFR0             00000-0001F              20           1
        SFR1             00080-0009F              20           1
        SFR10            00500-0051F              20           1
        SFR11            00580-0059F              20           1
        SFR12            00600-0061F              20           1
        SFR13            00680-0069F              20           1
        SFR14            00700-0071F              20           1
        SFR15            00780-0079F              20           1
        SFR16            00800-0081F              20           1
        SFR17            00880-0089F              20           1
        SFR18            00900-0091F              20           1
        SFR19            00980-0099F              20           1
        SFR2             00100-0011F              20           1
        SFR20            00A00-00A1F              20           1
        SFR21            00A80-00A9F              20           1
        SFR22            00B00-00B1F              20           1
        SFR23            00B80-00B9F              20           1
        SFR24            00C00-00C1F              20           1
        SFR25            00C80-00C9F              20           1
        SFR26            00D00-00D6F              70           1
        SFR27            00D80-00DEF              70           1
        SFR28            00E00-00E6F              70           1
        SFR29            00E80-00EEF              70           1
        SFR3             00180-0019F              20           1
        SFR30            00F00-00F6F              70           1
        SFR31            00F80-00FEF              70           1
        SFR4             00200-0021F              20           1
        SFR5             00280-0029F              20           1
        SFR6             00300-0031F              20           1
        SFR7             00380-0039F              20           1
        SFR8             00400-0041F              20           1
        SFR9             00480-0049F              20           1
        STACK            0226A-026EF             486           1
        STRCODE          00002-00002               1           2
                         01800-01800               1
                         0208C-024A5             41A
                         02922-03FFF            16DE
        STRING           00002-00002               1           2
                         01800-01800               1
                         0208C-024A5             100
                         02922-03FFF             100

                                  Symbol Table

?_TMR0_Read16bitTimer                        cstackCOMMON 00071
?___almod                                    cstackBANK0  0002B
?___lmul                                     cstackCOMMON 00071
?___lwdiv                                    cstackCOMMON 00071
?___lwmod                                    cstackBANK0  00020
?___wmul                                     cstackCOMMON 00071
?_displayCharReverse                         cstackCOMMON 00071
?_locked_get_lock_leds                       cstackCOMMON 00071
?_locked_get_unlock_leds                     cstackCOMMON 00071
?_rand                                       cstackBANK0  00024
?_sprintf                                    cstackBANK0  00024
?_strlen                                     cstackCOMMON 00071
PIN_MANAGER_Initialize@state                 cstackCOMMON 00071
PWM1_LoadDutyValue@dutyValue                 cstackCOMMON 00071
PWM2_LoadDutyValue@dutyValue                 cstackCOMMON 00071
PWM5_LoadDutyValue@dutyValue                 cstackCOMMON 00071
PWM6_LoadDutyValue@dutyValue                 cstackCOMMON 00071
SPI1_Exchange8bit@data                       cstackCOMMON 00071
SPI1_Exchange8bitBuffer@bufLen               cstackCOMMON 00072
SPI1_Exchange8bitBuffer@bytesWritten         cstackCOMMON 00078
SPI1_Exchange8bitBuffer@dataIn               cstackCOMMON 00077
SPI1_Exchange8bitBuffer@dataOut              cstackCOMMON 00073
TMR0_Read16bitTimer@readVal                  cstackCOMMON 00078
TMR0_Read16bitTimer@readValHigh              cstackCOMMON 0007B
TMR0_Read16bitTimer@readValLow               cstackCOMMON 0007A
TMR0_SetInterruptHandler@InterruptHandler    cstackCOMMON 00071
_ANSELA                                      (abs)        0018C
_ANSELB                                      (abs)        0018D
_ANSELC                                      (abs)        0018E
_CCP1CON                                     (abs)        00293
_CCP1CONbits                                 (abs)        00293
_CCP2CON                                     (abs)        00297
_CCP2CONbits                                 (abs)        00297
_CCPR1H                                      (abs)        00292
_CCPR1L                                      (abs)        00291
_CCPR2H                                      (abs)        00296
_CCPR2L                                      (abs)        00295
_CCPTMRSbits                                 (abs)        0029F
_FLASHY_TEXT_SECRET_TEST                     dataBANK1    000E9
_GIE                                         (abs)        0005F
_INTCONbits                                  (abs)        0000B
_INTERRUPT_InterruptManager                  intentry     00004
_LATA                                        (abs)        0010C
_LATB                                        (abs)        0010D
_LATBbits                                    (abs)        0010D
_LATC                                        (abs)        0010E
_LATCbits                                    (abs)        0010E
_NVMADRH                                     (abs)        00892
_NVMADRL                                     (abs)        00891
_NVMCON1bits                                 (abs)        00895
_NVMCON2                                     (abs)        00896
_NVMDATH                                     (abs)        00894
_NVMDATL                                     (abs)        00893
_ODCONA                                      (abs)        0028C
_ODCONB                                      (abs)        0028D
_ODCONC                                      (abs)        0028E
_OSCCON1                                     (abs)        00919
_OSCCON3                                     (abs)        0091B
_OSCEN                                       (abs)        0091D
_OSCFRQ                                      (abs)        0091F
_OSCILLATOR_Initialize                       text90       024F9
_OSCTUNE                                     (abs)        0091E
_PIE0bits                                    (abs)        00090
_PIN_MANAGER_Initialize                      text89       01D1B
_PIR0bits                                    (abs)        00010
_PIR1bits                                    (abs)        00011
_PIR2bits                                    (abs)        00012
_PLLR                                        (abs)        048E0
_PORTAbits                                   (abs)        0000C
_PORTBbits                                   (abs)        0000D
_PORTCbits                                   (abs)        0000E
_PPSLOCK                                     (abs)        00E0F
_PPSLOCKbits                                 (abs)        00E0F
_PR2                                         (abs)        0001E
_PR4                                         (abs)        00416
_PWM1_Initialize                             text88       02518
_PWM1_LoadDutyValue                          text94       0265F
_PWM2_Initialize                             text87       02523
_PWM2_LoadDutyValue                          text93       02675
_PWM5CON                                     (abs)        00619
_PWM5DCH                                     (abs)        00618
_PWM5DCL                                     (abs)        00617
_PWM5_Initialize                             text86       02544
_PWM5_LoadDutyValue                          text92       0268B
_PWM6CON                                     (abs)        0061C
_PWM6DCH                                     (abs)        0061B
_PWM6DCL                                     (abs)        0061A
_PWM6_Initialize                             text85       02550
_PWM6_LoadDutyValue                          text91       026A1
_PWMTMRSbits                                 (abs)        0061F
_RB6PPSbits                                  (abs)        00E9E
_RC0PPSbits                                  (abs)        00EA0
_RC1PPSbits                                  (abs)        00EA1
_RC2PPSbits                                  (abs)        00EA2
_RC3PPSbits                                  (abs)        00EA3
_RC4PPSbits                                  (abs)        00EA4
_SPI1_Exchange8bit                           text74       024E7
_SPI1_Exchange8bitBuffer                     text73       01C7B
_SPI1_Initialize                             text84       024D7
_SSP1ADD                                     (abs)        00212
_SSP1BUF                                     (abs)        00211
_SSP1CLKPPSbits                              (abs)        00E20
_SSP1CON1                                    (abs)        00215
_SSP1CON1bits                                (abs)        00215
_SSP1DATPPSbits                              (abs)        00E21
_SSP1STAT                                    (abs)        00214
_SSP1STATbits                                (abs)        00214
_SYSTEM_Initialize                           text75       027BC
_T0CON0                                      (abs)        00017
_T0CON0bits                                  (abs)        00017
_T0CON1                                      (abs)        00018
_T2CON                                       (abs)        0001F
_T2CONbits                                   (abs)        0001F
_T4CON                                       (abs)        00417
_T4CONbits                                   (abs)        00417
_TMR0H                                       (abs)        00016
_TMR0L                                       (abs)        00015
_TMR0_CallBack                               text97       0250D
_TMR0_DefaultInterruptHandler                text98       00003
_TMR0_ISR                                    text96       02574
_TMR0_Initialize                             text81       02742
_TMR0_InterruptHandler                       bssBANK1     000BA
_TMR0_Read16bitTimer                         text67       02708
_TMR0_SetInterruptHandler                    text83       024B9
_TMR0_StartTimer                             text82       024A6
_TMR2                                        (abs)        0001D
_TMR2_Initialize                             text79       02503
_TMR2_StartTimer                             text80       024A9
_TMR4                                        (abs)        00415
_TMR4_Initialize                             text77       0252E
_TMR4_StartTimer                             text78       024AC
_TRISA                                       (abs)        0008C
_TRISB                                       (abs)        0008D
_TRISC                                       (abs)        0008E
_WDTCON                                      (abs)        00097
_WDT_Initialize                              text76       024B5
_WPUA                                        (abs)        0020C
_WPUB                                        (abs)        0020D
_WPUC                                        (abs)        0020E
__CFG_BOREN$ON                               (abs)        00000
__CFG_BORV$LOW                               (abs)        00000
__CFG_CLKOUTEN$OFF                           (abs)        00000
__CFG_CP$OFF                                 (abs)        00000
__CFG_CPD$OFF                                (abs)        00000
__CFG_CSWEN$ON                               (abs)        00000
__CFG_DEBUG$OFF                              (abs)        00000
__CFG_FCMEN$ON                               (abs)        00000
__CFG_FEXTOSC$OFF                            (abs)        00000
__CFG_LPBOREN$OFF                            (abs)        00000
__CFG_LVP$ON                                 (abs)        00000
__CFG_MCLRE$ON                               (abs)        00000
__CFG_PPS1WAY$ON                             (abs)        00000
__CFG_PWRTE$OFF                              (abs)        00000
__CFG_RSTOSC$HFINT32                         (abs)        00000
__CFG_STVREN$ON                              (abs)        00000
__CFG_WDTE$OFF                               (abs)        00000
__CFG_WRT$OFF                                (abs)        00000
__Habs1                                      abs1         00000
__Hbank0                                     bank0        00000
__Hbank1                                     bank1        00000
__Hbank10                                    bank10       00000
__Hbank11                                    bank11       00000
__Hbank12                                    bank12       00000
__Hbank13                                    bank13       00000
__Hbank14                                    bank14       00000
__Hbank15                                    bank15       00000
__Hbank16                                    bank16       00000
__Hbank17                                    bank17       00000
__Hbank18                                    bank18       00000
__Hbank19                                    bank19       00000
__Hbank2                                     bank2        00000
__Hbank20                                    bank20       00000
__Hbank21                                    bank21       00000
__Hbank22                                    bank22       00000
__Hbank23                                    bank23       00000
__Hbank24                                    bank24       00000
__Hbank25                                    bank25       00000
__Hbank26                                    bank26       00000
__Hbank27                                    bank27       00000
__Hbank28                                    bank28       00000
__Hbank29                                    bank29       00000
__Hbank3                                     bank3        00000
__Hbank30                                    bank30       00000
__Hbank31                                    bank31       00000
__Hbank4                                     bank4        00000
__Hbank5                                     bank5        00000
__Hbank6                                     bank6        00000
__Hbank7                                     bank7        00000
__Hbank8                                     bank8        00000
__Hbank9                                     bank9        00000
__Hbigram                                    bigram       00000
__HbssBANK1                                  bssBANK1     00000
__HbssBANK2                                  bssBANK2     00000
__HbssBANK3                                  bssBANK3     00000
__HbssBANK4                                  bssBANK4     00000
__HbssBANK7                                  bssBANK7     00000
__HbssCOMMON                                 bssCOMMON    00000
__Hcinit                                     cinit        000B5
__Hclrtext                                   clrtext      00000
__Hcode                                      code         00000
__Hcommon                                    common       00000
__Hconfig                                    config       0800B
__HcstackBANK0                               cstackBANK0  00000
__HcstackBANK1                               cstackBANK1  00000
__HcstackCOMMON                              cstackCOMMON 00000
__HdataBANK1                                 dataBANK1    00000
__HdataBANK2                                 dataBANK2    00000
__HdataBANK3                                 dataBANK3    00000
__HdataBANK5                                 dataBANK5    00000
__HdataBANK6                                 dataBANK6    00000
__HdataBANK7                                 dataBANK7    00000
__Heeprom_data                               eeprom_data  00000
__Hend_init                                  end_init     00018
__Hfunctab                                   functab      00000
__HidataBANK1                                idataBANK1   00000
__HidataBANK2                                idataBANK2   00000
__HidataBANK3                                idataBANK3   00000
__HidataBANK5                                idataBANK5   00000
__HidataBANK6                                idataBANK6   00000
__HidataBANK7                                idataBANK7   00000
__HidataBIGRAM                               idataBIGRAM  00000
__Hidloc                                     idloc        00000
__Hinit                                      init         00016
__Hinittext                                  inittext     00000
__Hintentry                                  intentry     00016
__Hmaintext                                  maintext     00000
__Hpowerup                                   powerup      00000
__Hram                                       ram          00000
__Hreset_vec                                 reset_vec    00002
__Hsfr0                                      sfr0         00000
__Hsfr1                                      sfr1         00000
__Hsfr10                                     sfr10        00000
__Hsfr11                                     sfr11        00000
__Hsfr12                                     sfr12        00000
__Hsfr13                                     sfr13        00000
__Hsfr14                                     sfr14        00000
__Hsfr15                                     sfr15        00000
__Hsfr16                                     sfr16        00000
__Hsfr17                                     sfr17        00000
__Hsfr18                                     sfr18        00000
__Hsfr19                                     sfr19        00000
__Hsfr2                                      sfr2         00000
__Hsfr20                                     sfr20        00000
__Hsfr21                                     sfr21        00000
__Hsfr22                                     sfr22        00000
__Hsfr23                                     sfr23        00000
__Hsfr24                                     sfr24        00000
__Hsfr25                                     sfr25        00000
__Hsfr26                                     sfr26        00000
__Hsfr27                                     sfr27        00000
__Hsfr28                                     sfr28        00000
__Hsfr29                                     sfr29        00000
__Hsfr3                                      sfr3         00000
__Hsfr30                                     sfr30        00000
__Hsfr31                                     sfr31        00000
__Hsfr4                                      sfr4         00000
__Hsfr5                                      sfr5         00000
__Hsfr6                                      sfr6         00000
__Hsfr7                                      sfr7         00000
__Hsfr8                                      sfr8         00000
__Hsfr9                                      sfr9         00000
__Hspace_0                                   (abs)        0800B
__Hspace_1                                   (abs)        003DA
__Hspace_2                                   (abs)        00000
__Hspace_3                                   (abs)        00000
__Hstack                                     stack        00000
__Hstrings                                   strings      00000
__Hstringtext1                               stringtext1  00000
__Hstringtext10                              stringtext10 00000
__Hstringtext11                              stringtext11 00000
__Hstringtext12                              stringtext12 00000
__Hstringtext13                              stringtext13 00000
__Hstringtext14                              stringtext14 00000
__Hstringtext15                              stringtext15 00000
__Hstringtext16                              stringtext16 00000
__Hstringtext17                              stringtext17 00000
__Hstringtext18                              stringtext18 00000
__Hstringtext19                              stringtext19 00000
__Hstringtext2                               stringtext2  00000
__Hstringtext20                              stringtext20 00000
__Hstringtext21                              stringtext21 00000
__Hstringtext22                              stringtext22 00000
__Hstringtext23                              stringtext23 00000
__Hstringtext24                              stringtext24 00000
__Hstringtext25                              stringtext25 00000
__Hstringtext26                              stringtext26 00000
__Hstringtext27                              stringtext27 00000
__Hstringtext28                              stringtext28 00000
__Hstringtext29                              stringtext29 00000
__Hstringtext3                               stringtext3  00000
__Hstringtext4                               stringtext4  00000
__Hstringtext5                               stringtext5  00000
__Hstringtext6                               stringtext6  00000
__Hstringtext7                               stringtext7  00000
__Hstringtext8                               stringtext8  00000
__Hstringtext9                               stringtext9  00000
__Htext                                      text         00000
__Labs1                                      abs1         00000
__Lbank0                                     bank0        00000
__Lbank1                                     bank1        00000
__Lbank10                                    bank10       00000
__Lbank11                                    bank11       00000
__Lbank12                                    bank12       00000
__Lbank13                                    bank13       00000
__Lbank14                                    bank14       00000
__Lbank15                                    bank15       00000
__Lbank16                                    bank16       00000
__Lbank17                                    bank17       00000
__Lbank18                                    bank18       00000
__Lbank19                                    bank19       00000
__Lbank2                                     bank2        00000
__Lbank20                                    bank20       00000
__Lbank21                                    bank21       00000
__Lbank22                                    bank22       00000
__Lbank23                                    bank23       00000
__Lbank24                                    bank24       00000
__Lbank25                                    bank25       00000
__Lbank26                                    bank26       00000
__Lbank27                                    bank27       00000
__Lbank28                                    bank28       00000
__Lbank29                                    bank29       00000
__Lbank3                                     bank3        00000
__Lbank30                                    bank30       00000
__Lbank31                                    bank31       00000
__Lbank4                                     bank4        00000
__Lbank5                                     bank5        00000
__Lbank6                                     bank6        00000
__Lbank7                                     bank7        00000
__Lbank8                                     bank8        00000
__Lbank9                                     bank9        00000
__Lbigram                                    bigram       00000
__LbssBANK1                                  bssBANK1     00000
__LbssBANK2                                  bssBANK2     00000
__LbssBANK3                                  bssBANK3     00000
__LbssBANK4                                  bssBANK4     00000
__LbssBANK7                                  bssBANK7     00000
__LbssCOMMON                                 bssCOMMON    00000
__Lcinit                                     cinit        00018
__Lclrtext                                   clrtext      00000
__Lcode                                      code         00000
__Lcommon                                    common       00000
__Lconfig                                    config       08007
__LcstackBANK0                               cstackBANK0  00000
__LcstackBANK1                               cstackBANK1  00000
__LcstackCOMMON                              cstackCOMMON 00000
__LdataBANK1                                 dataBANK1    00000
__LdataBANK2                                 dataBANK2    00000
__LdataBANK3                                 dataBANK3    00000
__LdataBANK5                                 dataBANK5    00000
__LdataBANK6                                 dataBANK6    00000
__LdataBANK7                                 dataBANK7    00000
__Leeprom_data                               eeprom_data  00000
__Lend_init                                  end_init     00016
__Lfunctab                                   functab      00000
__LidataBANK1                                idataBANK1   00000
__LidataBANK2                                idataBANK2   00000
__LidataBANK3                                idataBANK3   00000
__LidataBANK5                                idataBANK5   00000
__LidataBANK6                                idataBANK6   00000
__LidataBANK7                                idataBANK7   00000
__LidataBIGRAM                               idataBIGRAM  00000
__Lidloc                                     idloc        00000
__Linit                                      init         00016
__Linittext                                  inittext     00000
__Lintentry                                  intentry     00004
__Lmaintext                                  maintext     00000
__Lpowerup                                   powerup      00000
__Lram                                       ram          00000
__Lreset_vec                                 reset_vec    00000
__Lsfr0                                      sfr0         00000
__Lsfr1                                      sfr1         00000
__Lsfr10                                     sfr10        00000
__Lsfr11                                     sfr11        00000
__Lsfr12                                     sfr12        00000
__Lsfr13                                     sfr13        00000
__Lsfr14                                     sfr14        00000
__Lsfr15                                     sfr15        00000
__Lsfr16                                     sfr16        00000
__Lsfr17                                     sfr17        00000
__Lsfr18                                     sfr18        00000
__Lsfr19                                     sfr19        00000
__Lsfr2                                      sfr2         00000
__Lsfr20                                     sfr20        00000
__Lsfr21                                     sfr21        00000
__Lsfr22                                     sfr22        00000
__Lsfr23                                     sfr23        00000
__Lsfr24                                     sfr24        00000
__Lsfr25                                     sfr25        00000
__Lsfr26                                     sfr26        00000
__Lsfr27                                     sfr27        00000
__Lsfr28                                     sfr28        00000
__Lsfr29                                     sfr29        00000
__Lsfr3                                      sfr3         00000
__Lsfr30                                     sfr30        00000
__Lsfr31                                     sfr31        00000
__Lsfr4                                      sfr4         00000
__Lsfr5                                      sfr5         00000
__Lsfr6                                      sfr6         00000
__Lsfr7                                      sfr7         00000
__Lsfr8                                      sfr8         00000
__Lsfr9                                      sfr9         00000
__Lspace_0                                   (abs)        00000
__Lspace_1                                   (abs)        00000
__Lspace_2                                   (abs)        00000
__Lspace_3                                   (abs)        00000
__Lstack                                     stack        00000
__Lstrings                                   strings      00000
__Lstringtext1                               stringtext1  00000
__Lstringtext10                              stringtext10 00000
__Lstringtext11                              stringtext11 00000
__Lstringtext12                              stringtext12 00000
__Lstringtext13                              stringtext13 00000
__Lstringtext14                              stringtext14 00000
__Lstringtext15                              stringtext15 00000
__Lstringtext16                              stringtext16 00000
__Lstringtext17                              stringtext17 00000
__Lstringtext18                              stringtext18 00000
__Lstringtext19                              stringtext19 00000
__Lstringtext2                               stringtext2  00000
__Lstringtext20                              stringtext20 00000
__Lstringtext21                              stringtext21 00000
__Lstringtext22                              stringtext22 00000
__Lstringtext23                              stringtext23 00000
__Lstringtext24                              stringtext24 00000
__Lstringtext25                              stringtext25 00000
__Lstringtext26                              stringtext26 00000
__Lstringtext27                              stringtext27 00000
__Lstringtext28                              stringtext28 00000
__Lstringtext29                              stringtext29 00000
__Lstringtext3                               stringtext3  00000
__Lstringtext4                               stringtext4  00000
__Lstringtext5                               stringtext5  00000
__Lstringtext6                               stringtext6  00000
__Lstringtext7                               stringtext7  00000
__Lstringtext8                               stringtext8  00000
__Lstringtext9                               stringtext9  00000
__Ltext                                      text         00000
__S0                                         (abs)        0800B
__S1                                         (abs)        003DA
[...]
      Totals:         4       0       0       0       0       0       0       0       0       0       0       0       0       0       0       0       0       0       0       0       0       0       0       0       0       0       0
Total ram usage:        4 bytes
 Hardware stack levels used:    1
 Hardware stack levels required when called:    4
 This function calls:
		Nothing
 This function is called by:
		_nullifyBadge_platformInit
		_fadeDisplay_Init
		_nullifyBadge_segDisplaySetBrightness
 This function uses a non-reentrant model


 *************** function _PWM2_LoadDutyValue *****************
 Defined at:
		line 80 in file "mcc_generated_files/pwm2.c"
 Parameters:    Size  Location     Type
  dutyValue       2    1[COMMON] unsigned int 
 Auto vars:     Size  Location     Type
		None
 Return value:  Size  Location     Type
                  1    wreg      void 
 Registers used:
		wreg, status,2
 Tracked objects:
		On entry : 
		On exit  : 
		Unchanged: 
 Data sizes:     COMMON   BANK0   BANK1   BANK2   BANK3   BANK4   BANK5   BANK6   BANK7   BANK8   BANK9  BANK10  BANK11  BANK12  BANK13  BANK14  BANK15  BANK16  BANK17  BANK18  BANK19  BANK20  BANK21  BANK22  BANK23  BANK24  BANK25
      Params:         2       0       0       0       0       0       0       0       0       0       0       0       0       0       0       0       0       0       0       0       0       0       0       0       0       0       0
      Locals:         0       0       0       0       0       0       0       0       0       0       0       0       0       0       0       0       0       0       0       0       0       0       0       0       0       0       0
      Temps:          0       0       0       0       0       0       0       0       0       0       0       0       0       0       0       0       0       0       0       0       0       0       0       0       0       0       0
      Totals:         2       0       0       0       0       0       0       0       0       0       0       0       0       0       0       0       0       0       0       0       0       0       0       0       0       0       0
Total ram usage:        2 bytes
 Hardware stack levels used:    1
 Hardware stack levels required when called:    4
 This function calls:
		Nothing
 This function is called by:
		_nullifyBadge_platformInit
 This function uses a non-reentrant model


 *************** function _PWM1_LoadDutyValue *****************
 Defined at:
		line 80 in file "mcc_generated_files/pwm1.c"
 Parameters:    Size  Location     Type
  dutyValue       2    1[COMMON] unsigned int 
 Auto vars:     Size  Location     Type
		None
 Return value:  Size  Location     Type
                  1    wreg      void 
 Registers used:
		wreg, status,2
 Tracked objects:
		On entry : 
		On exit  : 
		Unchanged: 
 Data sizes:     COMMON   BANK0   BANK1   BANK2   BANK3   BANK4   BANK5   BANK6   BANK7   BANK8   BANK9  BANK10  BANK11  BANK12  BANK13  BANK14  BANK15  BANK16  BANK17  BANK18  BANK19  BANK20  BANK21  BANK22  BANK23  BANK24  BANK25
      Params:         2       0       0       0       0       0       0       0       0       0       0       0       0       0       0       0       0       0       0       0       0       0       0       0       0       0       0
      Locals:         0       0       0       0       0       0       0       0       0       0       0       0       0       0       0       0       0       0       0       0       0       0       0       0       0       0       0
      Temps:          0       0       0       0       0       0       0       0       0       0       0       0       0       0       0       0       0       0       0       0       0       0       0       0       0       0       0
      Totals:         2       0       0       0       0       0       0       0       0       0       0       0       0       0       0       0       0       0       0       0       0       0       0       0       0       0       0
Total ram usage:        2 bytes
 Hardware stack levels used:    1
 Hardware stack levels required when called:    4
 This function calls:
		Nothing
 This function is called by:
		_nullifyBadge_platformInit
 This function uses a non-reentrant model


 *************** function _INTERRUPT_InterruptManager *****************
 Defined at:
		line 51 in file "mcc_generated_files/interrupt_manager.c"
 Parameters:    Size  Location     Type
		None
 Auto vars:     Size  Location     Type
		None
 Return value:  Size  Location     Type
                  1    wreg      void 
 Registers used:
		wreg, status,2, status,0, pclath, cstack
 Tracked objects:
		On entry : 
		On exit  : 
		Unchanged: 
 Data sizes:     COMMON   BANK0   BANK1   BANK2   BANK3   BANK4   BANK5   BANK6   BANK7   BANK8   BANK9  BANK10  BANK11  BANK12  BANK13  BANK14  BANK15  BANK16  BANK17  BANK18  BANK19  BANK20  BANK21  BANK22  BANK23  BANK24  BANK25
      Params:         0       0       0       0       0       0       0       0       0       0       0       0       0       0       0       0       0       0       0       0       0       0       0       0       0       0       0
      Locals:         0       0       0       0       0       0       0       0       0       0       0       0       0       0       0       0       0       0       0       0       0       0       0       0       0       0       0
      Temps:          1       0       0       0       0       0       0       0       0       0       0       0       0       0       0       0       0       0       0       0       0       0       0       0       0       0       0
      Totals:         1       0       0       0       0       0       0       0       0       0       0       0       0       0       0       0       0       0       0       0       0       0       0       0       0       0       0
Total ram usage:        1 bytes
 Hardware stack levels used:    1
 Hardware stack levels required when called:    3
 This function calls:
		_TMR0_ISR
 This function is called by:
		Interrupt level 1
 This function uses a non-reentrant model


 *************** function _TMR0_ISR *****************
 Defined at:
		line 136 in file "mcc_generated_files/tmr0.c"
 Parameters:    Size  Location     Type
		None
 Auto vars:     Size  Location     Type
		None
 Return value:  Size  Location     Type
                  1    wreg      void 
 Registers used:
		wreg, status,2, status,0, pclath, cstack
 Tracked objects:
		On entry : 
		On exit  : 
		Unchanged: 
 Data sizes:     COMMON   BANK0   BANK1   BANK2   BANK3   BANK4   BANK5   BANK6   BANK7   BANK8   BANK9  BANK10  BANK11  BANK12  BANK13  BANK14  BANK15  BANK16  BANK17  BANK18  BANK19  BANK20  BANK21  BANK22  BANK23  BANK24  BANK25
      Params:         0       0       0       0       0       0       0       0       0       0       0       0       0       0       0       0       0       0       0       0       0       0       0       0       0       0       0
      Locals:         0       0       0       0       0       0       0       0       0       0       0       0       0       0       0       0       0       0       0       0       0       0       0       0       0       0       0
      Temps:          0       0       0       0       0       0       0       0       0       0       0       0       0       0       0       0       0       0       0       0       0       0       0       0       0       0       0
      Totals:         0       0       0       0       0       0       0       0       0       0       0       0       0       0       0       0       0       0       0       0       0       0       0       0       0       0       0
Total ram usage:        0 bytes
 Hardware stack levels used:    1
 Hardware stack levels required when called:    2
 This function calls:
		_TMR0_CallBack
 This function is called by:
		_INTERRUPT_InterruptManager
 This function uses a non-reentrant model


 *************** function _TMR0_CallBack *****************
 Defined at:
		line 151 in file "mcc_generated_files/tmr0.c"
 Parameters:    Size  Location     Type
		None
 Auto vars:     Size  Location     Type
		None
 Return value:  Size  Location     Type
                  1    wreg      void 
 Registers used:
		wreg, status,2, status,0, pclath, cstack
 Tracked objects:
		On entry : 
		On exit  : 
		Unchanged: 
 Data sizes:     COMMON   BANK0   BANK1   BANK2   BANK3   BANK4   BANK5   BANK6   BANK7   BANK8   BANK9  BANK10  BANK11  BANK12  BANK13  BANK14  BANK15  BANK16  BANK17  BANK18  BANK19  BANK20  BANK21  BANK22  BANK23  BANK24  BANK25
      Params:         0       0       0       0       0       0       0       0       0       0       0       0       0       0       0       0       0       0       0       0       0       0       0       0       0       0       0
      Locals:         0       0       0       0       0       0       0       0       0       0       0       0       0       0       0       0       0       0       0       0       0       0       0       0       0       0       0
      Temps:          0       0       0       0       0       0       0       0       0       0       0       0       0       0       0       0       0       0       0       0       0       0       0       0       0       0       0
      Totals:         0       0       0       0       0       0       0       0       0       0       0       0       0       0       0       0       0       0       0       0       0       0       0       0       0       0       0
Total ram usage:        0 bytes
 Hardware stack levels used:    1
 Hardware stack levels required when called:    1
 This function calls:
		Absolute function
		_TMR0_DefaultInterruptHandler
 This function is called by:
		_TMR0_ISR
 This function uses a non-reentrant model


 *************** function _TMR0_DefaultInterruptHandler *****************
 Defined at:
		line 165 in file "mcc_generated_files/tmr0.c"
 Parameters:    Size  Location     Type
		None
 Auto vars:     Size  Location     Type
		None
 Return value:  Size  Location     Type
                  1    wreg      void 
 Registers used:
		None
 Tracked objects:
		On entry : 
		On exit  : 
		Unchanged: 
 Data sizes:     COMMON   BANK0   BANK1   BANK2   BANK3   BANK4   BANK5   BANK6   BANK7   BANK8   BANK9  BANK10  BANK11  BANK12  BANK13  BANK14  BANK15  BANK16  BANK17  BANK18  BANK19  BANK20  BANK21  BANK22  BANK23  BANK24  BANK25
      Params:         0       0       0       0       0       0       0       0       0       0       0       0       0       0       0       0       0       0       0       0       0       0       0       0       0       0       0
      Locals:         0       0       0       0       0       0       0       0       0       0       0       0       0       0       0       0       0       0       0       0       0       0       0       0       0       0       0
      Temps:          0       0       0       0       0       0       0       0       0       0       0       0       0       0       0       0       0       0       0       0       0       0       0       0       0       0       0
      Totals:         0       0       0       0       0       0       0       0       0       0       0       0       0       0       0       0       0       0       0       0       0       0       0       0       0       0       0
Total ram usage:        0 bytes
 Hardware stack levels used:    1
 This function calls:
		Nothing
 This function is called by:
		_TMR0_Initialize
		_TMR0_CallBack
 This function uses a non-reentrant model



MODULE INFORMATION

Module		Function		Class		Link	Load	Size
/Applications/microchip/xc8/v1.42/sources/common/isdigit.c
		_isdigit       		CODE           	259B	0000	15

/Applications/microchip/xc8/v1.42/sources/common/isdigit.c estimated size: 15

flashy_task.c
		_flashy_display_option		CODE           	1E7A	0000	96
		_flashy_Main   		CODE           	081C	0000	2021
		_flashy_Init   		CODE           	14C5	0000	151

flashy_task.c estimated size: 2268

mcc_generated_files/pwm6.c
		_PWM6_LoadDutyValue		CODE           	26A1	0000	23
		_PWM6_Initialize		CODE           	2550	0000	13

mcc_generated_files/pwm6.c estimated size: 36

mcc_generated_files/tmr4.c
		_TMR4_Initialize		CODE           	252E	0000	12
		_TMR4_StartTimer		CODE           	24AC	0000	4

mcc_generated_files/tmr4.c estimated size: 16

nullifyBadge.c
		_nullifyBadge_segDisplayErase		CODE           	24CB	0000	7
		_nullifyBadge_segDisplayPutStr		CODE           	1200	0000	11
		_nullifyBadge_userLedsClr		CODE           	24D1	0000	7
		_nullifyBadge_irTxClr		CODE           	24AF	0000	4
		_nullifyBadge_buttonsGet		CODE           	18F4	0000	50
		_nullifyBadge_segDisplayForceUpdate		CODE           	24C5	0000	7
		_nullifyBadge_irTxSet		CODE           	24B2	0000	4
		_nullifyBadge_segDisplayRegister		CODE           	24DF	0000	9
		_nullifyBadge_irGet		CODE           	07FB	0000	6
		_nullifyBadge_userLedsRegister		CODE           	25C6	0000	16
		_nullifyBadge_irTxRelease		CODE           	2539	0000	12
		_nullifyBadge_platformInit		CODE           	1D70	0000	86
		_nullifyBadge_irTxRegister		CODE           	25B7	0000	16
		_nullifyBadge_userLedsSet		CODE           	2581	0000	14

nullifyBadge.c estimated size: 249

/Applications/microchip/xc8/v1.42/sources/common/Umul16.c
		___wmul        		CODE           	26D2	0000	28

/Applications/microchip/xc8/v1.42/sources/common/Umul16.c estimated size: 28

mcc_generated_files/tmr2.c
		_TMR2_Initialize		CODE           	2503	0000	11
		_TMR2_StartTimer		CODE           	24A9	0000	4

mcc_generated_files/tmr2.c estimated size: 15

mcc_generated_files/interrupt_manager.c
		_INTERRUPT_InterruptManager		CODE           	0004	0000	19

mcc_generated_files/interrupt_manager.c estimated size: 19

mcc_generated_files/pwm2.c
		_PWM2_Initialize		CODE           	2523	0000	12
		_PWM2_LoadDutyValue		CODE           	2675	0000	23

mcc_generated_files/pwm2.c estimated size: 35

mcc_generated_files/tmr0.c
		_TMR0_SetInterruptHandler		CODE           	24B9	0000	7
		_TMR0_DefaultInterruptHandler		CODE           	0003	0000	2
		_TMR0_CallBack 		CODE           	250D	0000	12
		_TMR0_StartTimer		CODE           	24A6	0000	4
		_TMR0_Read16bitTimer		CODE           	2708	0000	30
		_TMR0_ISR      		CODE           	2574	0000	14
		_TMR0_Initialize		CODE           	2742	0000	31

mcc_generated_files/tmr0.c estimated size: 100

mcc_generated_files/pin_manager.c
		_PIN_MANAGER_Initialize		CODE           	1D1B	0000	86

mcc_generated_files/pin_manager.c estimated size: 86

menu_task.c
		_menu_Init     		CODE           	1F3B	0000	99
		_menu_display_option		CODE           	1ED9	0000	99
		_menu_Main     		CODE           	00B5	0000	493
		_menu_run_option		CODE           	1A2D	0000	59
		_menu_clear    		CODE           	1BEC	0000	72

menu_task.c estimated size: 822

mcc_generated_files/spi1.c
		_SPI1_Initialize		CODE           	24D7	0000	9
		_SPI1_Exchange8bitBuffer		CODE           	1C7B	0000	79
		_SPI1_Exchange8bit		CODE           	24E7	0000	10

mcc_generated_files/spi1.c estimated size: 98

secret_task.c
		_secret_Main   		CODE           	046B	0000	446
		_secret_Init   		CODE           	1E1F	0000	92
		_secret_check  		CODE           	155B	0000	188
		_secret_clear  		CODE           	1957	0000	51

secret_task.c estimated size: 777

/Applications/microchip/xc8/v1.42/sources/common/lwmod.c
		___lwmod       		CODE           	1869	0000	46

/Applications/microchip/xc8/v1.42/sources/common/lwmod.c estimated size: 46

nullifyBadge_displayL2.c
		_displayL2_EraseSegDisplay		CODE           	25F4	0000	17
		_displayL2_ForceUpdate		CODE           	24BF	0000	7
		_displayL2_PutStr		CODE           	183F	0000	43
		_displayL2_PutChar		CODE           	1CC9	0000	83
		_displayL2_Initialize		CODE           	27DD	0000	36
		_displayL2_ClrUserLeds		CODE           	25A9	0000	15
		_displayL2_SetUserLeds		CODE           	277E	0000	31

nullifyBadge_displayL2.c estimated size: 232

/Applications/microchip/xc8/v1.42/sources/common/Umul32.c
		___lmul        		CODE           	1925	0000	51

/Applications/microchip/xc8/v1.42/sources/common/Umul32.c estimated size: 51

/Applications/microchip/xc8/v1.42/sources/common/almod.c
		___almod       		CODE           	126F	0000	111

/Applications/microchip/xc8/v1.42/sources/common/almod.c estimated size: 111

locked_task.c
		_locked_Main   		CODE           	02A1	0000	459
		_locked_Init   		CODE           	1F9D	0000	100
		_locked_clear  		CODE           	1B67	0000	67
		_locked_lock_leds		CODE           	26ED	0000	28
		_locked_get_unlock_leds		CODE           	1801	0000	26
		_locked_get_lock_leds		CODE           	181A	0000	38
		_locked_unlock_leds		CODE           	2638	0000	20

locked_task.c estimated size: 738

shared
		_dpowers       		STRCODE        	2000	0000	11
		_gamma_table_256x1k		STRCODE        	1000	0000	513
		__initialization		CODE           	0018	0000	154

shared estimated size: 678

mcc_generated_files/pwm5.c
		_PWM5_LoadDutyValue		CODE           	268B	0000	23
		_PWM5_Initialize		CODE           	2544	0000	13

mcc_generated_files/pwm5.c estimated size: 36

/Applications/microchip/xc8/v1.42/sources/common/rand.c
		_rand          		CODE           	1BA9	0000	68

/Applications/microchip/xc8/v1.42/sources/common/rand.c estimated size: 68

/Applications/microchip/xc8/v1.42/sources/common/strlen.c
		_strlen        		CODE           	2760	0000	31

/Applications/microchip/xc8/v1.42/sources/common/strlen.c estimated size: 31

mcc_generated_files/mcc.c
		_WDT_Initialize		CODE           	24B5	0000	5
		_OSCILLATOR_Initialize		CODE           	24F9	0000	11
		_SYSTEM_Initialize		CODE           	27BC	0000	34

mcc_generated_files/mcc.c estimated size: 50

cooperative_scheduler.c
		_scheduler_TaskInit		CODE           	1A67	0000	62
		_scheduler_TaskAdd		CODE           	0779	0000	131
		_schedulerExecute		CODE           	13C7	0000	125
		_scheduler_Init		CODE           	2725	0000	30
		_scheduler_TaskRun		CODE           	279C	0000	33

cooperative_scheduler.c estimated size: 381

/Applications/microchip/xc8/v1.42/sources/common/memset.c
		_memset        		CODE           	26B7	0000	28

/Applications/microchip/xc8/v1.42/sources/common/memset.c estimated size: 28

mcc_generated_files/pwm1.c
		_PWM1_Initialize		CODE           	2518	0000	12
		_PWM1_LoadDutyValue		CODE           	265F	0000	23

mcc_generated_files/pwm1.c estimated size: 35

/Applications/microchip/xc8/v1.42/sources/common/lwdiv.c
		___lwdiv       		CODE           	1989	0000	53

/Applications/microchip/xc8/v1.42/sources/common/lwdiv.c estimated size: 53

/Applications/microchip/xc8/v1.42/sources/common/doprnt.c
		_sprintf       		CODE           	0628	0000	338

/Applications/microchip/xc8/v1.42/sources/common/doprnt.c estimated size: 338

main.c
		_marquee       		CODE           	1350	0000	120
		_main          		CODE           	1616	0000	235
		_let_alternate 		CODE           	264B	0000	21
		_led_Parody    		CODE           	120A	0000	102
		_led_roundabout		CODE           	1B26	0000	66
		_led_circle    		CODE           	24F0	0000	10
		_led_rand      		CODE           	1C33	0000	73
		_marquee_speedy		CODE           	12DD	0000	116
		_led_curtain   		CODE           	1AE5	0000	66

main.c estimated size: 809

/Applications/microchip/xc8/v1.42/sources/common/Umul8.c
		___bmul        		CODE           	2615	0000	18

/Applications/microchip/xc8/v1.42/sources/common/Umul8.c estimated size: 18

slot_task.c
		_slot_Init     		CODE           	1DC5	0000	91
		_slot_Main     		CODE           	1443	0000	131

slot_task.c estimated size: 222

nullifyBadge_displayL1.c
		_displayL1_SetUserLed		CODE           	2626	0000	19
		_displayL1_SetSegChar		CODE           	1AA4	0000	66
		_displayL1_Update		CODE           	2604	0000	18
		_displayL1_Initialize		CODE           	25E4	0000	17
		_displayCharReverse		CODE           	1896	0000	48

nullifyBadge_displayL1.c estimated size: 168

