Microchip MPLAB XC8 Compiler V1.42 ()

Linker command line:

-W-3 --edf=/Applications/microchip/xc8/v1.42/dat/en_msgs.txt -cs \
  -h+dist/default/production/defcon25.production.sym \
  --cmf=dist/default/production/defcon25.production.cmf -z -Q16LF18346 \
  -o/tmp/xco4i5UEY -Mdist/default/production/defcon25.production.map -E1 \
  -ver=XC8 -ASTACK=022F8h-026efh -pstack=STACK -ACODE=00h-07FFhx8 \
  -ASTRCODE=00h-03FFFh -ASTRING=00h-0FFhx64 -ACONST=00h-0FFhx64 \
  -AENTRY=00h-0FFhx64 -ACOMMON=070h-07Fh -ABANK0=020h-06Fh \
  -ABANK1=0A0h-0EFh -ABANK2=0120h-016Fh -ABANK3=01A0h-01EFh \
  -ABANK4=0220h-026Fh -ABANK5=02A0h-02EFh -ABANK6=0320h-036Fh \
  -ABANK7=03A0h-03EFh -ABANK8=0420h-046Fh -ABANK9=04A0h-04EFh \
  -ABANK10=0520h-056Fh -ABANK11=05A0h-05EFh -ABANK12=0620h-066Fh \
  -ABANK13=06A0h-06EFh -ABANK14=0720h-076Fh -ABANK15=07A0h-07EFh \
  -ABANK16=0820h-086Fh -ABANK17=08A0h-08EFh -ABANK18=0920h-096Fh \
  -ABANK19=09A0h-09EFh -ABANK20=0A20h-0A6Fh -ABANK21=0AA0h-0AEFh \
  -ABANK22=0B20h-0B6Fh -ABANK23=0BA0h-0BEFh -ABANK24=0C20h-0C6Fh \
  -ABANK25=0CA0h-0CBFh -ABIGRAM=02000h-027EFh \
  -ARAM=020h-06Fh,0A0h-0EFh,0120h-016Fh,01A0h-01EFh,0220h-026Fh,02A0h-02EFh,0320h-036Fh,03A0h-03EFh,0420h-046Fh,04A0h-04EFh,0520h-056Fh,05A0h-05EFh,0620h-066Fh,06A0h-06EFh,0720h-076Fh,07A0h-07EFh,0820h-086Fh,08A0h-08EFh,0920h-096Fh,09A0h-09EFh,0A20h-0A6Fh,0AA0h-0AEFh,0B20h-0B6Fh,0BA0h-0BEFh,0C20h-0C6Fh,0CA0h-0CBFh \
  -AABS1=020h-07Fh,0A0h-0EFh,0120h-016Fh,01A0h-01EFh,0220h-026Fh,02A0h-02EFh,0320h-036Fh,03A0h-03EFh,0420h-046Fh,04A0h-04EFh,0520h-056Fh,05A0h-05EFh,0620h-066Fh,06A0h-06EFh,0720h-076Fh,07A0h-07EFh,0820h-086Fh,08A0h-08EFh,0920h-096Fh,09A0h-09EFh,0A20h-0A6Fh,0AA0h-0AEFh,0B20h-0B6Fh,0BA0h-0BEFh,0C20h-0C6Fh,0CA0h-0CBFh \
  -ASFR0=00h-01Fh -ASFR1=080h-09Fh -ASFR2=0100h-011Fh -ASFR3=0180h-019Fh \
  -ASFR4=0200h-021Fh -ASFR5=0280h-029Fh -ASFR6=0300h-031Fh \
  -ASFR7=0380h-039Fh -ASFR8=0400h-041Fh -ASFR9=0480h-049Fh \
  -ASFR10=0500h-051Fh -ASFR11=0580h-059Fh -ASFR12=0600h-061Fh \
  -ASFR13=0680h-069Fh -ASFR14=0700h-071Fh -ASFR15=0780h-079Fh \
  -ASFR16=0800h-081Fh -ASFR17=0880h-089Fh -ASFR18=0900h-091Fh \
  -ASFR19=0980h-099Fh -ASFR20=0A00h-0A1Fh -ASFR21=0A80h-0A9Fh \
  -ASFR22=0B00h-0B1Fh -ASFR23=0B80h-0B9Fh -ASFR24=0C00h-0C1Fh \
  -ASFR25=0C80h-0C9Fh -ASFR26=0D00h-0D6Fh -ASFR27=0D80h-0DEFh \
  -ASFR28=0E00h-0E6Fh -ASFR29=0E80h-0EEFh -ASFR30=0F00h-0F6Fh \
  -ASFR31=0F80h-0FEFh -preset_vec=00h,intentry=04h,init,end_init \
  -ppowerup=CODE -pcinit=CODE -pfunctab=CODE -ACONFIG=08007h-0800Ah \
  -pconfig=CONFIG -DCONFIG=2 -AIDLOC=08000h-08003h -pidloc=IDLOC -DIDLOC=2 \
  -AEEDATA=00h-0FFh/0F000h -peeprom_data=EEDATA -DEEDATA=2 -DCODE=2 \
  -DSTRCODE=2 -DSTRING=2 -DCONST=2 -DENTRY=2 -k /tmp/xchCT5cNM.obj \
  dist/default/production/defcon25.production.obj 

Object code version is 3.11

Machine type is 16LF18346



                Name                               Link     Load   Length Selector   Space Scale
/tmp/xchCT5cNM.obj
                end_init                             16       16        2        8       0
                reset_vec                             0        0        2        0       0
                config                             8007     8007        4    1000E       0
dist/default/production/defcon25.production.obj
                cinit                                18       18       BF        8       0
                intentry                              4        4       12        8       0
                text101                            2DDE     2DDE        1     5BBC       0
                text100                            2E55     2E55        B     5CAA       0
                text99                             2EB0     2EB0        D     5D60       0
                text97                             2F77     2F77       16     5EEE       0
                text96                             2F8D     2F8D       16     5F1A       0
                text95                             2FA3     2FA3       16     5F46       0
                text94                             2FB9     2FB9       16     5F72       0
                text93                             2E37     2E37        A     5C6E       0
                text92                             2756     2756       55     4EAC       0
                text91                             2E60     2E60        B     5CC0       0
                text90                             2E6B     2E6B        B     5CD6       0
                text89                             2E8C     2E8C        C     5D18       0
                text88                             2E98     2E98        C     5D30       0
                text87                             2E15     2E15        8     5C2A       0
                text86                             2DF7     2DF7        6     5BEE       0
                text85                             2DDF     2DDF        3     5BBE       0
                text84                             20B5     20B5       1E     416A       0
                text83                             2DE2     2DE2        3     5BC4       0
                text82                             2E41     2E41        A     5C82       0
                text81                             2DE5     2DE5        3     5BCA       0
                text80                             2E76     2E76        B     5CEC       0
                text79                             2DEE     2DEE        4     5BDC       0
                text78                             210F     210F       21     421E       0
                text77                             2E25     2E25        9     5C4A       0
                text76                             2662     2662       4E     4CC4       0
                text75                             2EF8     2EF8       11     5DF0       0
                text74                             2FCF     2FCF       18     5F9E       0
                text73                             2F3D     2F3D       13     5E7A       0
                text72                             2155     2155       26     42AA       0
                text71                             27AB     27AB       55     4F56       0
                text70                             2098     2098       1D     4130       0
                text69                             22E5     22E5       34     45CA       0
                text68                             21F4     21F4       2D     43E8       0
                text67                             2DFD     2DFD        6     5BFA       0
                text66                             2E03     2E03        6     5C06       0
                text65                             2221     2221       2F     4442       0
                text64                             23FC     23FC       41     47F8       0
                text63                             26B0     26B0       52     4D60       0
                text62                             21CA     21CA       2A     4394       0
                text61                             2E4B     2E4B        A     5C96       0
                text60                             20D3     20D3       1E     41A6       0
                text59                             1B38     1B38       77     3670       0
                text58                             1AC5     1AC5       73     358A       0
                text57                             1200     1200       5F     2400       0
                text56                             2F2B     2F2B       12     5E56       0
                text55                             20F1     20F1       1E     41E2       0
                text54                             2F09     2F09       11     5E12       0
                text53                             19F2     19F2       65     33E4       0
                text52                             2E2E     2E2E        9     5C5C       0
                text51                             243D     243D       41     487A       0
                text50                             1A57     1A57       6E     34AE       0
                text49                             2281     2281       32     4502       0
                text48                             2501     2501       43     4A02       0
                text47                             25D1     25D1       48     4BA2       0
                text46                             247E     247E       41     48FC       0
                text45                             2F63     2F63       14     5EC6       0
                text44                             2250     2250       31     44A0       0
                text43                             2DF2     2DF2        5     5BE4       0
                text42                             2DE8     2DE8        3     5BD0       0
                text41                             2ED9     2ED9        F     5DB2       0
                text40                             2E81     2E81        B     5D02       0
                text39                             2DEB     2DEB        3     5BD6       0
                text38                             200F     200F       1B     401E       0
                text37                             2EBD     2EBD        E     5D7A       0
                text36                             125F     125F      1CD     24BE       0
                text35                             2EE8     2EE8       10     5DD0       0
                text34                             2E09     2E09        6     5C12       0
                text33                             2ECB     2ECB        E     5D96       0
                text32                             2E0F     2E0F        6     5C1E       0
                text31                             24BF     24BF       42     497E       0
                text30                             2130     2130       25     4260       0
                text29                             2FE7     2FE7       19     5FCE       0
                text28                             202A     202A       1B     4054       0
                text27                             2F50     2F50       13     5EA0       0
                text26                             2702     2702       54     4E04       0
                text25                             1867     1867       62     30CE       0
                text24                             258A     258A       47     4B14       0
                text23                             23C2     23C2       3A     4784       0
                text22                             2F1A     2F1A       11     5E34       0
                text21                             1CAD     1CAD       BB     395A       0
                text20                             22B3     22B3       32     4566       0
                text19                             217B     217B       27     42F6       0
                text18                             2544     2544       46     4A88       0
                text17                               D7       D7      572        8       0
                swtext1                            28EC     28EC        C     51D8       0
                text16                              819      819      7E7     1032       0
                text15                             1609     1609      1F7     2C12       0
                text14                             142C     142C      1DD     2858       0
                text13                             1E43     1E43      1BD     3C86       0
                text12                              7DF      7DF       21        8       0
                text11                             1C29     1C29       84     3852       0
                text10                             2045     2045       1B     408A       0
                text9                              2E1D     2E1D        8     5C3A       0
                text8                              2000     2000        F     3C86       0
                text7                              198E     198E       64     331C       0
                text6                               749      749       96        8       0
                text5                              18C9     18C9       62     3192       0
                text4                              192B     192B       63     3256       0
                text3                              180C     180C       5B     3018       0
                text2                              1BAF     1BAF       7A     375E       0
                text1                              2389     2389       39     4712       0
                maintext                           1D68     1D68       DB     3AD0       0
                cstackBANK0                          20       20       4F       20       1
                cstackCOMMON                         70       70        C       70       1
                cstackBANK1                          E3       E3        8       A0       1
                clrtext                            2EA4     2EA4        C     5D48       0
                inittext                           1800     1800        C     2C12       0
                bssBANK9                            4A0      4A0       28      4A0       1
                dataBANK8                           43E      43E       1C      420       1
                bssBANK8                            420      420       1E      420       1
                dataBANK7                           3A0      3A0       38      3A0       1
                dataBANK6                           320      320       38      320       1
                dataBANK5                           2A0      2A0       49      2A0       1
                dataBANK4                           24A      24A       19      220       1
                bssBANK4                            220      220       2A      220       1
                dataBANK3                           1A0      1A0       28      1A0       1
                bssBANK3                            1C8      1C8       24      1A0       1
                dataBANK2                           161      161        2      120       1
                bssBANK2                            120      120       41      120       1
                dataBANK1                            C7       C7       1C       A0       1
                bssBANK1                             A0       A0       27       A0       1
                bssCOMMON                            7C       7C        1       70       1
                stringtext48                       3147     3147        3     6000       0
                stringtext47                       3143     3143        4     6000       0
                stringtext46                       313E     313E        5     6000       0
                stringtext45                       3139     3139        5     6000       0
                stringtext44                       3134     3134        5     6000       0
                stringtext43                       312F     312F        5     6000       0
                stringtext42                       312A     312A        5     6000       0
                stringtext41                       3125     3125        5     6000       0
                stringtext40                       3120     3120        5     6000       0
                stringtext39                       311B     311B        5     6000       0
                stringtext38                       3116     3116        5     6000       0
                stringtext37                       3111     3111        5     6000       0
                stringtext36                       310C     310C        5     6000       0
                stringtext35                       3107     3107        5     6000       0
                stringtext34                       3102     3102        5     6000       0
                stringtext33                       30FD     30FD        5     6000       0
                stringtext32                       30F8     30F8        5     6000       0
                stringtext31                       30F3     30F3        5     6000       0
                stringtext30                       30ED     30ED        6     6000       0
                stringtext29                       30E7     30E7        6     6000       0
                stringtext28                       30E1     30E1        6     6000       0
                stringtext27                       30DA     30DA        7     6000       0
                stringtext26                       30D2     30D2        8     6000       0
                stringtext25                       30CA     30CA        8     6000       0
                stringtext24                       30C2     30C2        8     6000       0
                stringtext23                       30BA     30BA        8     6000       0
                stringtext22                       30B1     30B1        9     6000       0
                stringtext21                       30A8     30A8        9     6000       0
                stringtext20                       309F     309F        9     6000       0
                stringtext19                       3096     3096        9     6000       0
                stringtext18                       308C     308C        A     6000       0
                stringtext17                       3081     3081        B     6000       0
                stringtext16                       3076     3076        B     6000       0
                stringtext15                       306A     306A        C     6000       0
                stringtext14                       305D     305D        D     6000       0
                stringtext13                       3050     3050        D     6000       0
                stringtext12                       303E     303E       12     6000       0
                stringtext11                       302B     302B       13     6000       0
                stringtext10                       3016     3016       15     6000       0
                stringtext9                        3000     3000       16     6000       0
                stringtext8                        28D3     28D3       19     5000       0
                stringtext7                        28B9     28B9       1A     5000       0
                stringtext6                        289E     289E       1B     5000       0
                stringtext5                        2880     2880       1E     5000       0
                stringtext4                        285D     285D       23     5000       0
                stringtext3                        2835     2835       28     5000       0
                stringtext2                        2800     2800       35     5000       0
                stringtext1                        1000     1000      200     2000       0
                idataBIGRAM                         649      649      100        8       0
                idataBANK8                         2060     2060       1C     40C0       0
                idataBANK7                         2319     2319       38     4632       0
                idataBANK6                         2351     2351       38     46A2       0
                idataBANK5                         2619     2619       49     4C32       0
                idataBANK4                          800      800       19        8       0
                idataBANK3                         21A2     21A2       28     4344       0
                idataBANK2                            2        2        2        0       0
                idataBANK1                         207C     207C       1C     40F8       0

TOTAL           Name                               Link     Load   Length     Space
        CLASS   STACK          

        CLASS   CODE           
                end_init                             16       16        2         0
                cinit                                18       18       BF         0
                intentry                              4        4       12         0
                reset_vec                             0        0        2         0
                text101                            2DDE     2DDE        1         0
                text100                            2E55     2E55        B         0
                text99                             2EB0     2EB0        D         0
                text97                             2F77     2F77       16         0
                text96                             2F8D     2F8D       16         0
                text95                             2FA3     2FA3       16         0
                text94                             2FB9     2FB9       16         0
                text93                             2E37     2E37        A         0
                text92                             2756     2756       55         0
                text91                             2E60     2E60        B         0
                text90                             2E6B     2E6B        B         0
                text89                             2E8C     2E8C        C         0
                text88                             2E98     2E98        C         0
                text87                             2E15     2E15        8         0
                text86                             2DF7     2DF7        6         0
                text85                             2DDF     2DDF        3         0
                text84                             20B5     20B5       1E         0
                text83                             2DE2     2DE2        3         0
                text82                             2E41     2E41        A         0
                text81                             2DE5     2DE5        3         0
                text80                             2E76     2E76        B         0
                text79                             2DEE     2DEE        4         0
                text78                             210F     210F       21         0
                text77                             2E25     2E25        9         0
                text76                             2662     2662       4E         0
                text75                             2EF8     2EF8       11         0
                text74                             2FCF     2FCF       18         0
                text73                             2F3D     2F3D       13         0
                text72                             2155     2155       26         0
                text71                             27AB     27AB       55         0
                text70                             2098     2098       1D         0
                text69                             22E5     22E5       34         0
                text68                             21F4     21F4       2D         0
                text67                             2DFD     2DFD        6         0
                text66                             2E03     2E03        6         0
                text65                             2221     2221       2F         0
                text64                             23FC     23FC       41         0
                text63                             26B0     26B0       52         0
                text62                             21CA     21CA       2A         0
                text61                             2E4B     2E4B        A         0
                text60                             20D3     20D3       1E         0
                text59                             1B38     1B38       77         0
                text58                             1AC5     1AC5       73         0
                text57                             1200     1200       5F         0
                text56                             2F2B     2F2B       12         0
                text55                             20F1     20F1       1E         0
                text54                             2F09     2F09       11         0
                text53                             19F2     19F2       65         0
                text52                             2E2E     2E2E        9         0
                text51                             243D     243D       41         0
                text50                             1A57     1A57       6E         0
                text49                             2281     2281       32         0
                text48                             2501     2501       43         0
                text47                             25D1     25D1       48         0
                text46                             247E     247E       41         0
                text45                             2F63     2F63       14         0
                text44                             2250     2250       31         0
                text43                             2DF2     2DF2        5         0
                text42                             2DE8     2DE8        3         0
                text41                             2ED9     2ED9        F         0
                text40                             2E81     2E81        B         0
                text39                             2DEB     2DEB        3         0
                text38                             200F     200F       1B         0
                text37                             2EBD     2EBD        E         0
                text36                             125F     125F      1CD         0
                text35                             2EE8     2EE8       10         0
                text34                             2E09     2E09        6         0
                text33                             2ECB     2ECB        E         0
                text32                             2E0F     2E0F        6         0
                text31                             24BF     24BF       42         0
                text30                             2130     2130       25         0
                text29                             2FE7     2FE7       19         0
                text28                             202A     202A       1B         0
                text27                             2F50     2F50       13         0
                text26                             2702     2702       54         0
                text25                             1867     1867       62         0
                text24                             258A     258A       47         0
                text23                             23C2     23C2       3A         0
                text22                             2F1A     2F1A       11         0
                text21                             1CAD     1CAD       BB         0
                text20                             22B3     22B3       32         0
                text19                             217B     217B       27         0
                text18                             2544     2544       46         0
                text17                               D7       D7      572         0
                text16                              819      819      7E7         0
                text15                             1609     1609      1F7         0
                text14                             142C     142C      1DD         0
                text13                             1E43     1E43      1BD         0
                text12                              7DF      7DF       21         0
                text11                             1C29     1C29       84         0
                text10                             2045     2045       1B         0
                text9                              2E1D     2E1D        8         0
                text8                              2000     2000        F         0
                text7                              198E     198E       64         0
                text6                               749      749       96         0
                text5                              18C9     18C9       62         0
                text4                              192B     192B       63         0
                text3                              180C     180C       5B         0
                text2                              1BAF     1BAF       7A         0
                text1                              2389     2389       39         0
                maintext                           1D68     1D68       DB         0
                clrtext                            2EA4     2EA4        C         0
                inittext                           1800     1800        C         0
                idataBIGRAM                         649      649      100         0
                idataBANK8                         2060     2060       1C         0
                idataBANK7                         2319     2319       38         0
                idataBANK6                         2351     2351       38         0
                idataBANK5                         2619     2619       49         0
                idataBANK4                          800      800       19         0
                idataBANK3                         21A2     21A2       28         0
                idataBANK2                            2        2        2         0
                idataBANK1                         207C     207C       1C         0

        CLASS   STRCODE        
                stringtext48                       3147     3147        3         0
                stringtext47                       3143     3143        4         0
                stringtext46                       313E     313E        5         0
                stringtext45                       3139     3139        5         0
                stringtext44                       3134     3134        5         0
                stringtext43                       312F     312F        5         0
                stringtext42                       312A     312A        5         0
                stringtext41                       3125     3125        5         0
                stringtext40                       3120     3120        5         0
                stringtext39                       311B     311B        5         0
                stringtext38                       3116     3116        5         0
                stringtext37                       3111     3111        5         0
                stringtext36                       310C     310C        5         0
                stringtext35                       3107     3107        5         0
                stringtext34                       3102     3102        5         0
                stringtext33                       30FD     30FD        5         0
                stringtext32                       30F8     30F8        5         0
                stringtext31                       30F3     30F3        5         0
                stringtext30                       30ED     30ED        6         0
                stringtext29                       30E7     30E7        6         0
                stringtext28                       30E1     30E1        6         0
                stringtext27                       30DA     30DA        7         0
                stringtext26                       30D2     30D2        8         0
                stringtext25                       30CA     30CA        8         0
                stringtext24                       30C2     30C2        8         0
                stringtext23                       30BA     30BA        8         0
                stringtext22                       30B1     30B1        9         0
                stringtext21                       30A8     30A8        9         0
                stringtext20                       309F     309F        9         0
                stringtext19                       3096     3096        9         0
                stringtext18                       308C     308C        A         0
                stringtext17                       3081     3081        B         0
                stringtext16                       3076     3076        B         0
                stringtext15                       306A     306A        C         0
                stringtext14                       305D     305D        D         0
                stringtext13                       3050     3050        D         0
                stringtext12                       303E     303E       12         0
                stringtext11                       302B     302B       13         0
                stringtext10                       3016     3016       15         0
                stringtext9                        3000     3000       16         0
                stringtext8                        28D3     28D3       19         0
                stringtext7                        28B9     28B9       1A         0
                stringtext6                        289E     289E       1B         0
                stringtext5                        2880     2880       1E         0
                stringtext4                        285D     285D       23         0
                stringtext3                        2835     2835       28         0
                stringtext2                        2800     2800       35         0
                stringtext1                        1000     1000      200         0

        CLASS   STRING         

        CLASS   CONST          
                swtext1                            28EC     28EC        C         0

        CLASS   ENTRY          

        CLASS   COMMON         
                cstackCOMMON                         70       70        C         1
                bssCOMMON                            7C       7C        1         1

        CLASS   BANK0          
                cstackBANK0                          20       20       4F         1

        CLASS   BANK1          
                cstackBANK1                          E3       E3        8         1
                dataBANK1                            C7       C7       1C         1
                bssBANK1                             A0       A0       27         1

        CLASS   BANK2          
                dataBANK2                           161      161        2         1
                bssBANK2                            120      120       41         1

        CLASS   BANK3          
                dataBANK3                           1A0      1A0       28         1
                bssBANK3                            1C8      1C8       24         1

        CLASS   BANK4          
                dataBANK4                           24A      24A       19         1
                bssBANK4                            220      220       2A         1

        CLASS   BANK5          
                dataBANK5                           2A0      2A0       49         1

        CLASS   BANK6          
                dataBANK6                           320      320       38         1

        CLASS   BANK7          
                dataBANK7                           3A0      3A0       38         1

        CLASS   BANK8          
                dataBANK8                           43E      43E       1C         1
                bssBANK8                            420      420       1E         1

        CLASS   BANK9          
                bssBANK9                            4A0      4A0       28         1

        CLASS   BANK10         

        CLASS   BANK11         

        CLASS   BANK12         

        CLASS   BANK13         

        CLASS   BANK14         

        CLASS   BANK15         

        CLASS   BANK16         

        CLASS   BANK17         

        CLASS   BANK18         

        CLASS   BANK19         

        CLASS   BANK20         

        CLASS   BANK21         

        CLASS   BANK22         

        CLASS   BANK23         

        CLASS   BANK24         

        CLASS   BANK25         

        CLASS   BIGRAM         

        CLASS   RAM            

        CLASS   ABS1           
                abs_s1                               7E       7E        2         1
                abs_s1                              B30      B30       40         1
                abs_s1                              BA0      BA0       50         1
                abs_s1                              C20      C20       50         1
                abs_s1                              CA0      CA0       20         1
                abs_s1                             26F0     26F0        0         1

        CLASS   SFR0           

        CLASS   SFR1           

        CLASS   SFR2           

        CLASS   SFR3           

        CLASS   SFR4           

        CLASS   SFR5           

        CLASS   SFR6           

        CLASS   SFR7           

        CLASS   SFR8           

        CLASS   SFR9           

        CLASS   SFR10          

        CLASS   SFR11          

        CLASS   SFR12          

        CLASS   SFR13          

        CLASS   SFR14          

        CLASS   SFR15          

        CLASS   SFR16          

        CLASS   SFR17          

        CLASS   SFR18          

        CLASS   SFR19          

        CLASS   SFR20          

        CLASS   SFR21          

        CLASS   SFR22          

        CLASS   SFR23          

        CLASS   SFR24          

        CLASS   SFR25          

        CLASS   SFR26          

        CLASS   SFR27          

        CLASS   SFR28          

        CLASS   SFR29          

        CLASS   SFR30          

        CLASS   SFR31          

        CLASS   CONFIG         
                config                             8007     8007        4         0

        CLASS   IDLOC          

        CLASS   EEDATA         

        CLASS   BANK31         

        CLASS   BANK30         

        CLASS   BANK29         

        CLASS   BANK28         

        CLASS   BANK27         

        CLASS   BANK26         



SEGMENTS        Name                           Load    Length   Top    Selector   Space  Class     Delta

                reset_vec                      000000  000004  000004         0       0  CODE        2
                intentry                       000004  000815  000819         8       0  CODE        2
                cstackBANK0                    000020  00004F  00006F        20       1  BANK0       1
                cstackCOMMON                   000070  00000D  00007D        70       1  COMMON      1
                bssBANK1                       0000A0  00004B  0000EB        A0       1  BANK1       1
                bssBANK2                       000120  000043  000163       120       1  BANK2       1
                dataBANK3                      0001A0  00004C  0001EC       1A0       1  BANK3       1
                bssBANK4                       000220  000043  000263       220       1  BANK4       1
                dataBANK5                      0002A0  000049  0002E9       2A0       1  BANK5       1
                dataBANK6                      000320  000038  000358       320       1  BANK6       1
                dataBANK7                      0003A0  000038  0003D8       3A0       1  BANK7       1
                bssBANK8                       000420  00003A  00045A       420       1  BANK8       1
                bssBANK9                       0004A0  000028  0004C8       4A0       1  BANK9       1
                text16                         000819  0007E7  001000      1032       0  CODE        2
                stringtext1                    001000  000200  001200      2000       0  STRCODE     2
                text57                         001200  00005F  00125F      2400       0  CODE        2
                text36                         00125F  0001CD  00142C      24BE       0  CODE        2
                text14                         00142C  0001DD  001609      2858       0  CODE        2
                text15                         001609  000203  00180C      2C12       0  CODE        2
                text3                          00180C  00005B  001867      3018       0  CODE        2
                text25                         001867  000062  0018C9      30CE       0  CODE        2
                text5                          0018C9  000062  00192B      3192       0  CODE        2
                text4                          00192B  000063  00198E      3256       0  CODE        2
                text7                          00198E  000064  0019F2      331C       0  CODE        2
                text53                         0019F2  000065  001A57      33E4       0  CODE        2
                text50                         001A57  00006E  001AC5      34AE       0  CODE        2
                text58                         001AC5  000073  001B38      358A       0  CODE        2
                text59                         001B38  000077  001BAF      3670       0  CODE        2
                text2                          001BAF  00007A  001C29      375E       0  CODE        2
                text11                         001C29  000084  001CAD      3852       0  CODE        2
                text21                         001CAD  0000BB  001D68      395A       0  CODE        2
                maintext                       001D68  0000DB  001E43      3AD0       0  CODE        2
                text13                         001E43  0001CC  00200F      3C86       0  CODE        2
                text38                         00200F  00001B  00202A      401E       0  CODE        2
                text28                         00202A  00001B  002045      4054       0  CODE        2
                text10                         002045  00001B  002060      408A       0  CODE        2
                idataBANK8                     002060  00001C  00207C      40C0       0  CODE        2
                idataBANK1                     00207C  00001C  002098      40F8       0  CODE        2
                text70                         002098  00001D  0020B5      4130       0  CODE        2
                text84                         0020B5  00001E  0020D3      416A       0  CODE        2
                text60                         0020D3  00001E  0020F1      41A6       0  CODE        2
                text55                         0020F1  00001E  00210F      41E2       0  CODE        2
                text78                         00210F  000021  002130      421E       0  CODE        2
                text30                         002130  000025  002155      4260       0  CODE        2
                text72                         002155  000026  00217B      42AA       0  CODE        2
                text19                         00217B  000027  0021A2      42F6       0  CODE        2
                idataBANK3                     0021A2  000028  0021CA      4344       0  CODE        2
                text62                         0021CA  00002A  0021F4      4394       0  CODE        2
                text68                         0021F4  00002D  002221      43E8       0  CODE        2
                text65                         002221  00002F  002250      4442       0  CODE        2
                text44                         002250  000031  002281      44A0       0  CODE        2
                text49                         002281  000032  0022B3      4502       0  CODE        2
                text20                         0022B3  000032  0022E5      4566       0  CODE        2
                text69                         0022E5  000034  002319      45CA       0  CODE        2
                idataBANK7                     002319  000038  002351      4632       0  CODE        2
                idataBANK6                     002351  000038  002389      46A2       0  CODE        2
                text1                          002389  000039  0023C2      4712       0  CODE        2
                text23                         0023C2  00003A  0023FC      4784       0  CODE        2
                text64                         0023FC  000041  00243D      47F8       0  CODE        2
                text51                         00243D  000041  00247E      487A       0  CODE        2
                text46                         00247E  000041  0024BF      48FC       0  CODE        2
                text31                         0024BF  000042  002501      497E       0  CODE        2
                text48                         002501  000043  002544      4A02       0  CODE        2
                text18                         002544  000046  00258A      4A88       0  CODE        2
                text24                         00258A  000047  0025D1      4B14       0  CODE        2
                text47                         0025D1  000048  002619      4BA2       0  CODE        2
                idataBANK5                     002619  000049  002662      4C32       0  CODE        2
                text76                         002662  00004E  0026B0      4CC4       0  CODE        2
                text63                         0026B0  000052  002702      4D60       0  CODE        2
                text26                         002702  000054  002756      4E04       0  CODE        2
                text92                         002756  000055  0027AB      4EAC       0  CODE        2
                text71                         0027AB  000055  002800      4F56       0  CODE        2
                stringtext2                    002800  0000EC  0028EC      5000       0  STRCODE     2
                swtext1                        0028EC  00000C  0028F8      51D8       0  CONST       2
                text101                        002DDE  000001  002DDF      5BBC       0  CODE        2
                text85                         002DDF  000003  002DE2      5BBE       0  CODE        2
                text83                         002DE2  000003  002DE5      5BC4       0  CODE        2
                text81                         002DE5  000003  002DE8      5BCA       0  CODE        2
                text42                         002DE8  000003  002DEB      5BD0       0  CODE        2
                text39                         002DEB  000003  002DEE      5BD6       0  CODE        2
                text79                         002DEE  000004  002DF2      5BDC       0  CODE        2
                text43                         002DF2  000005  002DF7      5BE4       0  CODE        2
                text86                         002DF7  000006  002DFD      5BEE       0  CODE        2
                text67                         002DFD  000006  002E03      5BFA       0  CODE        2
                text66                         002E03  000006  002E09      5C06       0  CODE        2
                text34                         002E09  000006  002E0F      5C12       0  CODE        2
                text32                         002E0F  000006  002E15      5C1E       0  CODE        2
                text87                         002E15  000008  002E1D      5C2A       0  CODE        2
                text9                          002E1D  000008  002E25      5C3A       0  CODE        2
                text77                         002E25  000009  002E2E      5C4A       0  CODE        2
                text52                         002E2E  000009  002E37      5C5C       0  CODE        2
                text93                         002E37  00000A  002E41      5C6E       0  CODE        2
                text82                         002E41  00000A  002E4B      5C82       0  CODE        2
                text61                         002E4B  00000A  002E55      5C96       0  CODE        2
                text100                        002E55  00000B  002E60      5CAA       0  CODE        2
                text91                         002E60  00000B  002E6B      5CC0       0  CODE        2
                text90                         002E6B  00000B  002E76      5CD6       0  CODE        2
                text80                         002E76  00000B  002E81      5CEC       0  CODE        2
                text40                         002E81  00000B  002E8C      5D02       0  CODE        2
                text89                         002E8C  00000C  002E98      5D18       0  CODE        2
                text88                         002E98  00000C  002EA4      5D30       0  CODE        2
                clrtext                        002EA4  00000C  002EB0      5D48       0  CODE        2
                text99                         002EB0  00000D  002EBD      5D60       0  CODE        2
                text37                         002EBD  00000E  002ECB      5D7A       0  CODE        2
                text33                         002ECB  00000E  002ED9      5D96       0  CODE        2
                text41                         002ED9  00000F  002EE8      5DB2       0  CODE        2
                text35                         002EE8  000010  002EF8      5DD0       0  CODE        2
                text75                         002EF8  000011  002F09      5DF0       0  CODE        2
                text54                         002F09  000011  002F1A      5E12       0  CODE        2
                text22                         002F1A  000011  002F2B      5E34       0  CODE        2
                text56                         002F2B  000012  002F3D      5E56       0  CODE        2
                text73                         002F3D  000013  002F50      5E7A       0  CODE        2
                text27                         002F50  000013  002F63      5EA0       0  CODE        2
                text45                         002F63  000014  002F77      5EC6       0  CODE        2
                text97                         002F77  000016  002F8D      5EEE       0  CODE        2
                text96                         002F8D  000016  002FA3      5F1A       0  CODE        2
                text95                         002FA3  000016  002FB9      5F46       0  CODE        2
                text94                         002FB9  000016  002FCF      5F72       0  CODE        2
                text74                         002FCF  000018  002FE7      5F9E       0  CODE        2
                text29                         002FE7  000019  003000      5FCE       0  CODE        2
                stringtext9                    003000  00014A  00314A      6000       0  STRCODE     2
                config                         008007  000004  00800B     1000E       0  CONFIG      2


UNUSED ADDRESS RANGES

        Name                Unused          Largest block    Delta
        BANK0            0006F-0006F               1           1
        BANK1            000EB-000EF               5           1
        BANK10           00520-0056F              50           1
        BANK11           005A0-005EF              50           1
        BANK12           00620-0066F              50           1
        BANK13           006A0-006EF              50           1
        BANK14           00720-0076F              50           1
        BANK15           007A0-007EF              50           1
        BANK16           00820-0086F              50           1
        BANK17           008A0-008EF              50           1
        BANK18           00920-0096F              50           1
        BANK19           009A0-009EF              50           1
        BANK2            00163-0016F               D           1
        BANK20           00A20-00A6F              50           1
        BANK21           00AA0-00AEF              50           1
        BANK22           00B20-00B2F              10           1
        BANK3            001EC-001EF               4           1
        BANK4            00263-0026F               D           1
        BANK5            002E9-002EF               7           1
        BANK6            00358-0036F              18           1
        BANK7            003D8-003EF              18           1
        BANK8            0045A-0046F              16           1
        BANK9            004C8-004EF              28           1
        BIGRAM           02000-027EF             7F0           1
        CODE             028F8-02DDD             4E6           2
                         0314A-03FFF             6B6
        COMMON           0007D-0007D               1           1
        CONST            028F8-02DDD             100           2
                         0314A-03FFF             100
        EEDATA           0F000-0F0FF             100           2
        ENTRY            028F8-02DDD             100           2
                         0314A-03FFF             100
        IDLOC            08000-08003               4           2
        RAM              0006F-0006F               1           1
                         000EB-000EF               5
                         00163-0016F               D
                         001EC-001EF               4
                         00263-0026F               D
                         002E9-002EF               7
                         00358-0036F              18
                         003D8-003EF              18
                         0045A-0046F              16
                         004C8-004EF              28
                         00520-0056F              50
                         005A0-005EF              50
                         00620-0066F              50
                         006A0-006EF              50
                         00720-0076F              50
                         007A0-007EF              50
                         00820-0086F              50
                         008A0-008EF              50
                         00920-0096F              50
                         009A0-009EF              50
                         00A20-00A6F              50
                         00AA0-00AEF              50
                         00B20-00B2F              10
        SFR0             00000-0001F              20           1
        SFR1             00080-0009F              20           1
        SFR10            00500-0051F              20           1
        SFR11            00580-0059F              20           1
        SFR12            00600-0061F              20           1
        SFR13            00680-0069F              20           1
        SFR14            00700-0071F              20           1
        SFR15            00780-0079F              20           1
        SFR16            00800-0081F              20           1
        SFR17            00880-0089F              20           1
        SFR18            00900-0091F              20           1
        SFR19            00980-0099F              20           1
        SFR2             00100-0011F              20           1
        SFR20            00A00-00A1F              20           1
        SFR21            00A80-00A9F              20           1
        SFR22            00B00-00B1F              20           1
        SFR23            00B80-00B9F              20           1
        SFR24            00C00-00C1F              20           1
        SFR25            00C80-00C9F              20           1
        SFR26            00D00-00D6F              70           1
        SFR27            00D80-00DEF              70           1
        SFR28            00E00-00E6F              70           1
        SFR29            00E80-00EEF              70           1
        SFR3             00180-0019F              20           1
        SFR30            00F00-00F6F              70           1
        SFR31            00F80-00FEF              70           1
        SFR4             00200-0021F              20           1
        SFR5             00280-0029F              20           1
        SFR6             00300-0031F              20           1
        SFR7             00380-0039F              20           1
        SFR8             00400-0041F              20           1
        SFR9             00480-0049F              20           1
        STACK            022F8-026EF             3F8           1
        STRCODE          028F8-02DDD             4E6           2
                         0314A-03FFF             EB6
        STRING           028F8-02DDD             100           2
                         0314A-03FFF             100

                                  Symbol Table

?_TMR0_Read16bitTimer                        cstackCOMMON 00071
?___almod                                    cstackBANK0  0002B
?___lmul                                     cstackCOMMON 00071
?___lwdiv                                    cstackCOMMON 00071
?___lwmod                                    cstackBANK0  0002B
?___wmul                                     cstackCOMMON 00071
?_displayCharReverse                         cstackCOMMON 00071
?_locked_get_lock_leds                       cstackCOMMON 00071
?_locked_get_unlock_leds                     cstackCOMMON 00071
?_rand                                       cstackBANK0  00024
?_sprintf                                    cstackBANK0  0002F
?_strlen                                     cstackCOMMON 00071
PIN_MANAGER_Initialize@state                 cstackCOMMON 00071
PWM1_LoadDutyValue@dutyValue                 cstackCOMMON 00071
PWM2_LoadDutyValue@dutyValue                 cstackCOMMON 00071
PWM5_LoadDutyValue@dutyValue                 cstackCOMMON 00071
PWM6_LoadDutyValue@dutyValue                 cstackCOMMON 00071
SPI1_Exchange8bit@data                       cstackCOMMON 00071
SPI1_Exchange8bitBuffer@bufLen               cstackCOMMON 00072
SPI1_Exchange8bitBuffer@bytesWritten         cstackCOMMON 00078
SPI1_Exchange8bitBuffer@dataIn               cstackCOMMON 00077
SPI1_Exchange8bitBuffer@dataOut              cstackCOMMON 00073
TMR0_Read16bitTimer@readVal                  cstackCOMMON 00078
TMR0_Read16bitTimer@readValHigh              cstackCOMMON 0007B
TMR0_Read16bitTimer@readValLow               cstackCOMMON 0007A
TMR0_SetInterruptHandler@InterruptHandler    cstackCOMMON 00071
_ANSELA                                      (abs)        0018C
_ANSELB                                      (abs)        0018D
_ANSELC                                      (abs)        0018E
_CCP1CON                                     (abs)        00293
_CCP1CONbits                                 (abs)        00293
_CCP2CON                                     (abs)        00297
_CCP2CONbits                                 (abs)        00297
_CCPR1H                                      (abs)        00292
_CCPR1L                                      (abs)        00291
_CCPR2H                                      (abs)        00296
_CCPR2L                                      (abs)        00295
_CCPTMRSbits                                 (abs)        0029F
_FLASHY_TEXT_SECRET_TEST                     dataBANK1    000E1
_GIE                                         (abs)        0005F
_INTCONbits                                  (abs)        0000B
_INTERRUPT_InterruptManager                  intentry     00004
_LATA                                        (abs)        0010C
_LATB                                        (abs)        0010D
_LATBbits                                    (abs)        0010D
_LATC                                        (abs)        0010E
_LATCbits                                    (abs)        0010E
_Leds_idx                                    dataBANK1    000DD
_NVMADRH                                     (abs)        00892
_NVMADRL                                     (abs)        00891
_NVMCON1bits                                 (abs)        00895
_NVMCON2                                     (abs)        00896
_NVMDATH                                     (abs)        00894
_NVMDATL                                     (abs)        00893
_ODCONA                                      (abs)        0028C
_ODCONB                                      (abs)        0028D
_ODCONC                                      (abs)        0028E
_OSCCON1                                     (abs)        00919
_OSCCON3                                     (abs)        0091B
_OSCEN                                       (abs)        0091D
_OSCFRQ                                      (abs)        0091F
_OSCILLATOR_Initialize                       text93       02E37
_OSCTUNE                                     (abs)        0091E
_PIE0bits                                    (abs)        00090
_PIN_MANAGER_Initialize                      text92       02756
_PIR0bits                                    (abs)        00010
_PIR1bits                                    (abs)        00011
_PIR2bits                                    (abs)        00012
_PLLR                                        (abs)        048E0
_PORTAbits                                   (abs)        0000C
_PORTBbits                                   (abs)        0000D
_PORTCbits                                   (abs)        0000E
_PPSLOCK                                     (abs)        00E0F
_PPSLOCKbits                                 (abs)        00E0F
_PR2                                         (abs)        0001E
_PR4                                         (abs)        00416
_PWM1_Initialize                             text91       02E60
_PWM1_LoadDutyValue                          text97       02F77
_PWM2_Initialize                             text90       02E6B
_PWM2_LoadDutyValue                          text96       02F8D
_PWM5CON                                     (abs)        00619
_PWM5DCH                                     (abs)        00618
_PWM5DCL                                     (abs)        00617
_PWM5_Initialize                             text89       02E8C
_PWM5_LoadDutyValue                          text95       02FA3
_PWM6CON                                     (abs)        0061C
_PWM6DCH                                     (abs)        0061B
_PWM6DCL                                     (abs)        0061A
_PWM6_Initialize                             text88       02E98
_PWM6_LoadDutyValue                          text94       02FB9
_PWMTMRSbits                                 (abs)        0061F
_RB6PPSbits                                  (abs)        00E9E
_RC0PPSbits                                  (abs)        00EA0
_RC1PPSbits                                  (abs)        00EA1
_RC2PPSbits                                  (abs)        00EA2
_RC3PPSbits                                  (abs)        00EA3
_RC4PPSbits                                  (abs)        00EA4
_SPI1_Exchange8bit                           text77       02E25
_SPI1_Exchange8bitBuffer                     text76       02662
_SPI1_Initialize                             text87       02E15
_SSP1ADD                                     (abs)        00212
_SSP1BUF                                     (abs)        00211
_SSP1CLKPPSbits                              (abs)        00E20
_SSP1CON1                                    (abs)        00215
_SSP1CON1bits                                (abs)        00215
_SSP1DATPPSbits                              (abs)        00E21
_SSP1STAT                                    (abs)        00214
_SSP1STATbits                                (abs)        00214
_SYSTEM_Initialize                           text78       0210F
_Shot_Index                                  bssCOMMON    0007C
_Shot_Options                                dataBANK1    000C7
_Shot_Options_Long                           dataBANK5    002A0
_Slot_Wheel                                  dataBANK5    002B2
_T0CON0                                      (abs)        00017
_T0CON0bits                                  (abs)        00017
_T0CON1                                      (abs)        00018
_T2CON                                       (abs)        0001F
_T2CONbits                                   (abs)        0001F
_T4CON                                       (abs)        00417
_T4CONbits                                   (abs)        00417
_TMR0H                                       (abs)        00016
_TMR0L                                       (abs)        00015
_TMR0_CallBack                               text100      02E55
_TMR0_DefaultInterruptHandler                text101      02DDE
_TMR0_ISR                                    text99       02EB0
_TMR0_Initialize                             text84       020B5
_TMR0_InterruptHandler                       bssBANK1     000BC
_TMR0_Read16bitTimer                         text70       02098
_TMR0_SetInterruptHandler                    text86       02DF7
_TMR0_StartTimer                             text85       02DDF
_TMR2                                        (abs)        0001D
_TMR2_Initialize                             text82       02E41
_TMR2_StartTimer                             text83       02DE2
_TMR4                                        (abs)        00415
_TMR4_Initialize                             text80       02E76
_TMR4_StartTimer                             text81       02DE5
_TRISA                                       (abs)        0008C
_TRISB                                       (abs)        0008D
_TRISC                                       (abs)        0008E
_WDTCON                                      (abs)        00097
_WDT_Initialize                              text79       02DEE
_WPUA                                        (abs)        0020C
_WPUB                                        (abs)        0020D
_WPUC                                        (abs)        0020E
__CFG_BOREN$ON                               (abs)        00000
__CFG_BORV$LOW                               (abs)        00000
__CFG_CLKOUTEN$OFF                           (abs)        00000
__CFG_CP$OFF                                 (abs)        00000
__CFG_CPD$OFF                                (abs)        00000
__CFG_CSWEN$ON                               (abs)        00000
__CFG_DEBUG$OFF                              (abs)        00000
__CFG_FCMEN$ON                               (abs)        00000
__CFG_FEXTOSC$OFF                            (abs)        00000
__CFG_LPBOREN$OFF                            (abs)        00000
__CFG_LVP$ON                                 (abs)        00000
__CFG_MCLRE$ON                               (abs)        00000
__CFG_PPS1WAY$ON                             (abs)        00000
__CFG_PWRTE$OFF                              (abs)        00000
__CFG_RSTOSC$HFINT32                         (abs)        00000
__CFG_STVREN$ON                              (abs)        00000
__CFG_WDTE$OFF                               (abs)        00000
__CFG_WRT$OFF                                (abs)        00000
__Habs1                                      abs1         00000
__Hbank0                                     bank0        00000
__Hbank1                                     bank1        00000
__Hbank10                                    bank10       00000
__Hbank11                                    bank11       00000
__Hbank12                                    bank12       00000
__Hbank13                                    bank13       00000
__Hbank14                                    bank14       00000
__Hbank15                                    bank15       00000
__Hbank16                                    bank16       00000
__Hbank17                                    bank17       00000
__Hbank18                                    bank18       00000
__Hbank19                                    bank19       00000
__Hbank2                                     bank2        00000
__Hbank20                                    bank20       00000
__Hbank21                                    bank21       00000
__Hbank22                                    bank22       00000
__Hbank23                                    bank23       00000
__Hbank24                                    bank24       00000
__Hbank25                                    bank25       00000
__Hbank26                                    bank26       00000
__Hbank27                                    bank27       00000
__Hbank28                                    bank28       00000
__Hbank29                                    bank29       00000
__Hbank3                                     bank3        00000
__Hbank30                                    bank30       00000
__Hbank31                                    bank31       00000
__Hbank4                                     bank4        00000
__Hbank5                                     bank5        00000
__Hbank6                                     bank6        00000
__Hbank7                                     bank7        00000
__Hbank8                                     bank8        00000
__Hbank9                                     bank9        00000
__Hbigram                                    bigram       00000
__HbssBANK1                                  bssBANK1     00000
__HbssBANK2                                  bssBANK2     00000
__HbssBANK3                                  bssBANK3     00000
__HbssBANK4                                  bssBANK4     00000
__HbssBANK8                                  bssBANK8     00000
__HbssBANK9                                  bssBANK9     00000
__HbssCOMMON                                 bssCOMMON    00000
__Hcinit                                     cinit        000D7
__Hclrtext                                   clrtext      00000
__Hcode                                      code         00000
__Hcommon                                    common       00000
__Hconfig                                    config       0800B
__HcstackBANK0                               cstackBANK0  00000
__HcstackBANK1                               cstackBANK1  00000
__HcstackCOMMON                              cstackCOMMON 00000
__HdataBANK1                                 dataBANK1    00000
__HdataBANK2                                 dataBANK2    00000
__HdataBANK3                                 dataBANK3    00000
__HdataBANK4                                 dataBANK4    00000
__HdataBANK5                                 dataBANK5    00000
__HdataBANK6                                 dataBANK6    00000
__HdataBANK7                                 dataBANK7    00000
__HdataBANK8                                 dataBANK8    00000
__Heeprom_data                               eeprom_data  00000
__Hend_init                                  end_init     00018
__Hfunctab                                   functab      00000
__HidataBANK1                                idataBANK1   00000
__HidataBANK2                                idataBANK2   00000
__HidataBANK3                                idataBANK3   00000
__HidataBANK4                                idataBANK4   00000
__HidataBANK5                                idataBANK5   00000
__HidataBANK6                                idataBANK6   00000
__HidataBANK7                                idataBANK7   00000
__HidataBANK8                                idataBANK8   00000
__HidataBIGRAM                               idataBIGRAM  00000
__Hidloc                                     idloc        00000
__Hinit                                      init         00016
__Hinittext                                  inittext     00000
__Hintentry                                  intentry     00016
__Hmaintext                                  maintext     00000
__Hpowerup                                   powerup      00000
__Hram                                       ram          00000
__Hreset_vec                                 reset_vec    00002
__Hsfr0                                      sfr0         00000
__Hsfr1                                      sfr1         00000
__Hsfr10                                     sfr10        00000
__Hsfr11                                     sfr11        00000
__Hsfr12                                     sfr12        00000
__Hsfr13                                     sfr13        00000
__Hsfr14                                     sfr14        00000
__Hsfr15                                     sfr15        00000
__Hsfr16                                     sfr16        00000
__Hsfr17                                     sfr17        00000
__Hsfr18                                     sfr18        00000
__Hsfr19                                     sfr19        00000
__Hsfr2                                      sfr2         00000
__Hsfr20                                     sfr20        00000
__Hsfr21                                     sfr21        00000
__Hsfr22                                     sfr22        00000
__Hsfr23                                     sfr23        00000
__Hsfr24                                     sfr24        00000
__Hsfr25                                     sfr25        00000
__Hsfr26                                     sfr26        00000
__Hsfr27                                     sfr27        00000
__Hsfr28                                     sfr28        00000
__Hsfr29                                     sfr29        00000
__Hsfr3                                      sfr3         00000
__Hsfr30                                     sfr30        00000
__Hsfr31                                     sfr31        00000
__Hsfr4                                      sfr4         00000
__Hsfr5                                      sfr5         00000
__Hsfr6                                      sfr6         00000
__Hsfr7                                      sfr7         00000
__Hsfr8                                      sfr8         00000
__Hsfr9                                      sfr9         00000
__Hspace_0                                   (abs)        0800B
__Hspace_1                                   (abs)        004C8
__Hspace_2                                   (abs)        00000
__Hspace_3                                   (abs)        00000
__Hstack                                     stack        00000
__Hstrings                                   strings      00000
__Hstringtext1                               stringtext1  00000
__Hstringtext10                              stringtext10 00000
__Hstringtext11                              stringtext11 00000
__Hstringtext12                              stringtext12 00000
__Hstringtext13                              stringtext13 00000
__Hstringtext14                              stringtext14 00000
__Hstringtext15                              stringtext15 00000
__Hstringtext16                              stringtext16 00000
__Hstringtext17                              stringtext17 00000
__Hstringtext18                              stringtext18 00000
__Hstringtext19                              stringtext19 00000
__Hstringtext2                               stringtext2  00000
__Hstringtext20                              stringtext20 00000
__Hstringtext21                              stringtext21 00000
__Hstringtext22                              stringtext22 00000
__Hstringtext23                              stringtext23 00000
__Hstringtext24                              stringtext24 00000
__Hstringtext25                              stringtext25 00000
__Hstringtext26                              stringtext26 00000
__Hstringtext27                              stringtext27 00000
__Hstringtext28                              stringtext28 00000
__Hstringtext29                              stringtext29 00000
__Hstringtext3                               stringtext3  00000
__Hstringtext30                              stringtext30 00000
__Hstringtext31                              stringtext31 00000
__Hstringtext32                              stringtext32 00000
__Hstringtext33                              stringtext33 00000
__Hstringtext34                              stringtext34 00000
__Hstringtext35                              stringtext35 00000
__Hstringtext36                              stringtext36 00000
__Hstringtext37                              stringtext37 00000
__Hstringtext38                              stringtext38 00000
__Hstringtext39                              stringtext39 00000
__Hstringtext4                               stringtext4  00000
__Hstringtext40                              stringtext40 00000
__Hstringtext41                              stringtext41 00000
__Hstringtext42                              stringtext42 00000
__Hstringtext43                              stringtext43 00000
__Hstringtext44                              stringtext44 00000
__Hstringtext45                              stringtext45 00000
__Hstringtext46                              stringtext46 00000
__Hstringtext47                              stringtext47 00000
__Hstringtext48                              stringtext48 00000
__Hstringtext49                              stringtext49 00000
__Hstringtext5                               stringtext5  00000
__Hstringtext6                               stringtext6  00000
__Hstringtext7                               stringtext7  00000
__Hstringtext8                               stringtext8  00000
__Hstringtext9                               stringtext9  00000
__Htext                                      text         00000
__Labs1                                      abs1         00000
__Lbank0                                     bank0        00000
__Lbank1                                     bank1        00000
__Lbank10                                    bank10       00000
__Lbank11                                    bank11       00000
__Lbank12                                    bank12       00000
__Lbank13                                    bank13       00000
__Lbank14                                    bank14       00000
__Lbank15                                    bank15       00000
__Lbank16                                    bank16       00000
__Lbank17                                    bank17       00000
__Lbank18                                    bank18       00000
__Lbank19                                    bank19       00000
__Lbank2                                     bank2        00000
__Lbank20                                    bank20       00000
__Lbank21                                    bank21       00000
__Lbank22                                    bank22       00000
__Lbank23                                    bank23       00000
__Lbank24                                    bank24       00000
__Lbank25                                    bank25       00000
__Lbank26                                    bank26       00000
__Lbank27                                    bank27       00000
__Lbank28                                    bank28       00000
__Lbank29                                    bank29       00000
__Lbank3                                     bank3        00000
__Lbank30                                    bank30       00000
__Lbank31                                    bank31       00000
__Lbank4                                     bank4        00000
__Lbank5                                     bank5        00000
__Lbank6                                     bank6        00000
__Lbank7                                     bank7        00000
__Lbank8                                     bank8        00000
__Lbank9                                     bank9        00000
__Lbigram                                    bigram       00000
[...]
      Totals:         4       0       0       0       0       0       0       0       0       0       0       0       0       0       0       0       0       0       0       0       0       0       0       0       0       0       0
Total ram usage:        4 bytes
 Hardware stack levels used:    1
 Hardware stack levels required when called:    4
 This function calls:
		Nothing
 This function is called by:
		_nullifyBadge_platformInit
		_fadeDisplay_Init
		_nullifyBadge_segDisplaySetBrightness
 This function uses a non-reentrant model


 *************** function _PWM2_LoadDutyValue *****************
 Defined at:
		line 80 in file "mcc_generated_files/pwm2.c"
 Parameters:    Size  Location     Type
  dutyValue       2    1[COMMON] unsigned int 
 Auto vars:     Size  Location     Type
		None
 Return value:  Size  Location     Type
                  1    wreg      void 
 Registers used:
		wreg, status,2
 Tracked objects:
		On entry : 
		On exit  : 
		Unchanged: 
 Data sizes:     COMMON   BANK0   BANK1   BANK2   BANK3   BANK4   BANK5   BANK6   BANK7   BANK8   BANK9  BANK10  BANK11  BANK12  BANK13  BANK14  BANK15  BANK16  BANK17  BANK18  BANK19  BANK20  BANK21  BANK22  BANK23  BANK24  BANK25
      Params:         2       0       0       0       0       0       0       0       0       0       0       0       0       0       0       0       0       0       0       0       0       0       0       0       0       0       0
      Locals:         0       0       0       0       0       0       0       0       0       0       0       0       0       0       0       0       0       0       0       0       0       0       0       0       0       0       0
      Temps:          0       0       0       0       0       0       0       0       0       0       0       0       0       0       0       0       0       0       0       0       0       0       0       0       0       0       0
      Totals:         2       0       0       0       0       0       0       0       0       0       0       0       0       0       0       0       0       0       0       0       0       0       0       0       0       0       0
Total ram usage:        2 bytes
 Hardware stack levels used:    1
 Hardware stack levels required when called:    4
 This function calls:
		Nothing
 This function is called by:
		_nullifyBadge_platformInit
 This function uses a non-reentrant model


 *************** function _PWM1_LoadDutyValue *****************
 Defined at:
		line 80 in file "mcc_generated_files/pwm1.c"
 Parameters:    Size  Location     Type
  dutyValue       2    1[COMMON] unsigned int 
 Auto vars:     Size  Location     Type
		None
 Return value:  Size  Location     Type
                  1    wreg      void 
 Registers used:
		wreg, status,2
 Tracked objects:
		On entry : 
		On exit  : 
		Unchanged: 
 Data sizes:     COMMON   BANK0   BANK1   BANK2   BANK3   BANK4   BANK5   BANK6   BANK7   BANK8   BANK9  BANK10  BANK11  BANK12  BANK13  BANK14  BANK15  BANK16  BANK17  BANK18  BANK19  BANK20  BANK21  BANK22  BANK23  BANK24  BANK25
      Params:         2       0       0       0       0       0       0       0       0       0       0       0       0       0       0       0       0       0       0       0       0       0       0       0       0       0       0
      Locals:         0       0       0       0       0       0       0       0       0       0       0       0       0       0       0       0       0       0       0       0       0       0       0       0       0       0       0
      Temps:          0       0       0       0       0       0       0       0       0       0       0       0       0       0       0       0       0       0       0       0       0       0       0       0       0       0       0
      Totals:         2       0       0       0       0       0       0       0       0       0       0       0       0       0       0       0       0       0       0       0       0       0       0       0       0       0       0
Total ram usage:        2 bytes
 Hardware stack levels used:    1
 Hardware stack levels required when called:    4
 This function calls:
		Nothing
 This function is called by:
		_nullifyBadge_platformInit
 This function uses a non-reentrant model


 *************** function _INTERRUPT_InterruptManager *****************
 Defined at:
		line 51 in file "mcc_generated_files/interrupt_manager.c"
 Parameters:    Size  Location     Type
		None
 Auto vars:     Size  Location     Type
		None
 Return value:  Size  Location     Type
                  1    wreg      void 
 Registers used:
		wreg, status,2, status,0, pclath, cstack
 Tracked objects:
		On entry : 
		On exit  : 
		Unchanged: 
 Data sizes:     COMMON   BANK0   BANK1   BANK2   BANK3   BANK4   BANK5   BANK6   BANK7   BANK8   BANK9  BANK10  BANK11  BANK12  BANK13  BANK14  BANK15  BANK16  BANK17  BANK18  BANK19  BANK20  BANK21  BANK22  BANK23  BANK24  BANK25
      Params:         0       0       0       0       0       0       0       0       0       0       0       0       0       0       0       0       0       0       0       0       0       0       0       0       0       0       0
      Locals:         0       0       0       0       0       0       0       0       0       0       0       0       0       0       0       0       0       0       0       0       0       0       0       0       0       0       0
      Temps:          1       0       0       0       0       0       0       0       0       0       0       0       0       0       0       0       0       0       0       0       0       0       0       0       0       0       0
      Totals:         1       0       0       0       0       0       0       0       0       0       0       0       0       0       0       0       0       0       0       0       0       0       0       0       0       0       0
Total ram usage:        1 bytes
 Hardware stack levels used:    1
 Hardware stack levels required when called:    3
 This function calls:
		_TMR0_ISR
 This function is called by:
		Interrupt level 1
 This function uses a non-reentrant model


 *************** function _TMR0_ISR *****************
 Defined at:
		line 136 in file "mcc_generated_files/tmr0.c"
 Parameters:    Size  Location     Type
		None
 Auto vars:     Size  Location     Type
		None
 Return value:  Size  Location     Type
                  1    wreg      void 
 Registers used:
		wreg, status,2, status,0, pclath, cstack
 Tracked objects:
		On entry : 
		On exit  : 
		Unchanged: 
 Data sizes:     COMMON   BANK0   BANK1   BANK2   BANK3   BANK4   BANK5   BANK6   BANK7   BANK8   BANK9  BANK10  BANK11  BANK12  BANK13  BANK14  BANK15  BANK16  BANK17  BANK18  BANK19  BANK20  BANK21  BANK22  BANK23  BANK24  BANK25
      Params:         0       0       0       0       0       0       0       0       0       0       0       0       0       0       0       0       0       0       0       0       0       0       0       0       0       0       0
      Locals:         0       0       0       0       0       0       0       0       0       0       0       0       0       0       0       0       0       0       0       0       0       0       0       0       0       0       0
      Temps:          0       0       0       0       0       0       0       0       0       0       0       0       0       0       0       0       0       0       0       0       0       0       0       0       0       0       0
      Totals:         0       0       0       0       0       0       0       0       0       0       0       0       0       0       0       0       0       0       0       0       0       0       0       0       0       0       0
Total ram usage:        0 bytes
 Hardware stack levels used:    1
 Hardware stack levels required when called:    2
 This function calls:
		_TMR0_CallBack
 This function is called by:
		_INTERRUPT_InterruptManager
 This function uses a non-reentrant model


 *************** function _TMR0_CallBack *****************
 Defined at:
		line 151 in file "mcc_generated_files/tmr0.c"
 Parameters:    Size  Location     Type
		None
 Auto vars:     Size  Location     Type
		None
 Return value:  Size  Location     Type
                  1    wreg      void 
 Registers used:
		wreg, status,2, status,0, pclath, cstack
 Tracked objects:
		On entry : 
		On exit  : 
		Unchanged: 
 Data sizes:     COMMON   BANK0   BANK1   BANK2   BANK3   BANK4   BANK5   BANK6   BANK7   BANK8   BANK9  BANK10  BANK11  BANK12  BANK13  BANK14  BANK15  BANK16  BANK17  BANK18  BANK19  BANK20  BANK21  BANK22  BANK23  BANK24  BANK25
      Params:         0       0       0       0       0       0       0       0       0       0       0       0       0       0       0       0       0       0       0       0       0       0       0       0       0       0       0
      Locals:         0       0       0       0       0       0       0       0       0       0       0       0       0       0       0       0       0       0       0       0       0       0       0       0       0       0       0
      Temps:          0       0       0       0       0       0       0       0       0       0       0       0       0       0       0       0       0       0       0       0       0       0       0       0       0       0       0
      Totals:         0       0       0       0       0       0       0       0       0       0       0       0       0       0       0       0       0       0       0       0       0       0       0       0       0       0       0
Total ram usage:        0 bytes
 Hardware stack levels used:    1
 Hardware stack levels required when called:    1
 This function calls:
		Absolute function
		_TMR0_DefaultInterruptHandler
 This function is called by:
		_TMR0_ISR
 This function uses a non-reentrant model


 *************** function _TMR0_DefaultInterruptHandler *****************
 Defined at:
		line 165 in file "mcc_generated_files/tmr0.c"
 Parameters:    Size  Location     Type
		None
 Auto vars:     Size  Location     Type
		None
 Return value:  Size  Location     Type
                  1    wreg      void 
 Registers used:
		None
 Tracked objects:
		On entry : 
		On exit  : 
		Unchanged: 
 Data sizes:     COMMON   BANK0   BANK1   BANK2   BANK3   BANK4   BANK5   BANK6   BANK7   BANK8   BANK9  BANK10  BANK11  BANK12  BANK13  BANK14  BANK15  BANK16  BANK17  BANK18  BANK19  BANK20  BANK21  BANK22  BANK23  BANK24  BANK25
      Params:         0       0       0       0       0       0       0       0       0       0       0       0       0       0       0       0       0       0       0       0       0       0       0       0       0       0       0
      Locals:         0       0       0       0       0       0       0       0       0       0       0       0       0       0       0       0       0       0       0       0       0       0       0       0       0       0       0
      Temps:          0       0       0       0       0       0       0       0       0       0       0       0       0       0       0       0       0       0       0       0       0       0       0       0       0       0       0
      Totals:         0       0       0       0       0       0       0       0       0       0       0       0       0       0       0       0       0       0       0       0       0       0       0       0       0       0       0
Total ram usage:        0 bytes
 Hardware stack levels used:    1
 This function calls:
		Nothing
 This function is called by:
		_TMR0_Initialize
		_TMR0_CallBack
 This function uses a non-reentrant model



MODULE INFORMATION

Module		Function		Class		Link	Load	Size
/Applications/microchip/xc8/v1.42/sources/common/isdigit.c
		_isdigit       		CODE           	2EBD	0000	15

/Applications/microchip/xc8/v1.42/sources/common/isdigit.c estimated size: 15

flashy_task.c
		_flashy_display_option		CODE           	1200	0000	96
		_flashy_Main   		CODE           	0819	0000	2024
		_flashy_Init   		CODE           	0749	0000	151

flashy_task.c estimated size: 2271

mcc_generated_files/pwm6.c
		_PWM6_LoadDutyValue		CODE           	2FB9	0000	23
		_PWM6_Initialize		CODE           	2E98	0000	13

mcc_generated_files/pwm6.c estimated size: 36

mcc_generated_files/tmr4.c
		_TMR4_Initialize		CODE           	2E76	0000	12
		_TMR4_StartTimer		CODE           	2DE5	0000	4

mcc_generated_files/tmr4.c estimated size: 16

nullifyBadge.c
		_nullifyBadge_segDisplayErase		CODE           	2E09	0000	7
		_nullifyBadge_segDisplayPutStr		CODE           	2E4B	0000	11
		_nullifyBadge_userLedsClr		CODE           	2E0F	0000	7
		_nullifyBadge_irTxClr		CODE           	2DE8	0000	4
		_nullifyBadge_buttonsGet		CODE           	2250	0000	50
		_nullifyBadge_segDisplayForceUpdate		CODE           	2E03	0000	7
		_nullifyBadge_irTxSet		CODE           	2DEB	0000	4
		_nullifyBadge_segDisplayRegister		CODE           	2E1D	0000	9
		_nullifyBadge_irGet		CODE           	2DF2	0000	6
		_nullifyBadge_userLedsRegister		CODE           	2000	0000	16
		_nullifyBadge_irTxRelease		CODE           	2E81	0000	12
		_nullifyBadge_platformInit		CODE           	27AB	0000	86
		_nullifyBadge_irTxRegister		CODE           	2ED9	0000	16
		_nullifyBadge_userLedsSet		CODE           	2F09	0000	18

nullifyBadge.c estimated size: 253

/Applications/microchip/xc8/v1.42/sources/common/Umul16.c
		___wmul        		CODE           	200F	0000	28

/Applications/microchip/xc8/v1.42/sources/common/Umul16.c estimated size: 28

mcc_generated_files/tmr2.c
		_TMR2_Initialize		CODE           	2E41	0000	11
		_TMR2_StartTimer		CODE           	2DE2	0000	4

mcc_generated_files/tmr2.c estimated size: 15

mcc_generated_files/interrupt_manager.c
		_INTERRUPT_InterruptManager		CODE           	0004	0000	19

mcc_generated_files/interrupt_manager.c estimated size: 19

mcc_generated_files/pwm2.c
		_PWM2_Initialize		CODE           	2E6B	0000	12
		_PWM2_LoadDutyValue		CODE           	2F8D	0000	23

mcc_generated_files/pwm2.c estimated size: 35

mcc_generated_files/tmr0.c
		_TMR0_SetInterruptHandler		CODE           	2DF7	0000	7
		_TMR0_DefaultInterruptHandler		CODE           	2DDE	0000	2
		_TMR0_CallBack 		CODE           	2E55	0000	12
		_TMR0_StartTimer		CODE           	2DDF	0000	4
		_TMR0_Read16bitTimer		CODE           	2098	0000	30
		_TMR0_ISR      		CODE           	2EB0	0000	14
		_TMR0_Initialize		CODE           	20B5	0000	31

mcc_generated_files/tmr0.c estimated size: 100

mcc_generated_files/pin_manager.c
		_PIN_MANAGER_Initialize		CODE           	2756	0000	86

mcc_generated_files/pin_manager.c estimated size: 86

menu_task.c
		_menu_Init     		CODE           	18C9	0000	99
		_menu_display_option		CODE           	1867	0000	99
		_menu_Main     		CODE           	1609	0000	504
		_menu_run_option		CODE           	23C2	0000	59
		_menu_clear    		CODE           	258A	0000	72

menu_task.c estimated size: 833

mcc_generated_files/spi1.c
		_SPI1_Initialize		CODE           	2E15	0000	9
		_SPI1_Exchange8bitBuffer		CODE           	2662	0000	79
		_SPI1_Exchange8bit		CODE           	2E25	0000	10

mcc_generated_files/spi1.c estimated size: 98

secret_task.c
		_secret_Main   		CODE           	1E43	0000	446
		_secret_Init   		CODE           	180C	0000	92
		_secret_check  		CODE           	1CAD	0000	188
		_secret_clear  		CODE           	22B3	0000	51

secret_task.c estimated size: 777

/Applications/microchip/xc8/v1.42/sources/common/lwmod.c
		___lwmod       		CODE           	21F4	0000	46

/Applications/microchip/xc8/v1.42/sources/common/lwmod.c estimated size: 46

nullifyBadge_displayL2.c
		_displayL2_EraseSegDisplay		CODE           	2EE8	0000	17
		_displayL2_ForceUpdate		CODE           	2DFD	0000	7
		_displayL2_PutStr		CODE           	21CA	0000	43
		_displayL2_PutChar		CODE           	26B0	0000	83
		_displayL2_Initialize		CODE           	2155	0000	39
		_displayL2_ClrUserLeds		CODE           	2ECB	0000	15
		_displayL2_SetUserLeds		CODE           	20F1	0000	31

nullifyBadge_displayL2.c estimated size: 235

/Applications/microchip/xc8/v1.42/sources/common/Umul32.c
		___lmul        		CODE           	2281	0000	51

/Applications/microchip/xc8/v1.42/sources/common/Umul32.c estimated size: 51

/Applications/microchip/xc8/v1.42/sources/common/almod.c
		___almod       		CODE           	1A57	0000	111

/Applications/microchip/xc8/v1.42/sources/common/almod.c estimated size: 111

locked_task.c
		_locked_Main   		CODE           	142C	0000	478
		_locked_Init   		CODE           	192B	0000	100
		_locked_clear  		CODE           	24BF	0000	67
		_locked_lock_leds		CODE           	202A	0000	28
		_locked_get_unlock_leds		CODE           	2FE7	0000	26
		_locked_get_lock_leds		CODE           	2130	0000	38
		_locked_unlock_leds		CODE           	2F50	0000	20

locked_task.c estimated size: 757

shared
		_dpowers       		STRCODE        	2800	0000	11
		_gamma_table_256x1k		STRCODE        	1000	0000	513
		__initialization		CODE           	0018	0000	188

shared estimated size: 712

mcc_generated_files/pwm5.c
		_PWM5_LoadDutyValue		CODE           	2FA3	0000	23
		_PWM5_Initialize		CODE           	2E8C	0000	13

mcc_generated_files/pwm5.c estimated size: 36

/Applications/microchip/xc8/v1.42/sources/common/rand.c
		_rand          		CODE           	2501	0000	68

/Applications/microchip/xc8/v1.42/sources/common/rand.c estimated size: 68

/Applications/microchip/xc8/v1.42/sources/common/strlen.c
		_strlen        		CODE           	20D3	0000	31

/Applications/microchip/xc8/v1.42/sources/common/strlen.c estimated size: 31

mcc_generated_files/mcc.c
		_WDT_Initialize		CODE           	2DEE	0000	5
		_OSCILLATOR_Initialize		CODE           	2E37	0000	11
		_SYSTEM_Initialize		CODE           	210F	0000	34

mcc_generated_files/mcc.c estimated size: 50

cooperative_scheduler.c
		_scheduler_TaskInit		CODE           	2389	0000	58
		_scheduler_TaskAdd		CODE           	1BAF	0000	123
		_schedulerExecute		CODE           	1C29	0000	133
		_scheduler_Init		CODE           	2045	0000	28
		_scheduler_TaskRun		CODE           	07DF	0000	34

cooperative_scheduler.c estimated size: 376

/Applications/microchip/xc8/v1.42/sources/common/memset.c
		_memset        		CODE           	2FCF	0000	25

/Applications/microchip/xc8/v1.42/sources/common/memset.c estimated size: 25

mcc_generated_files/pwm1.c
		_PWM1_Initialize		CODE           	2E60	0000	12
		_PWM1_LoadDutyValue		CODE           	2F77	0000	23

mcc_generated_files/pwm1.c estimated size: 35

/Applications/microchip/xc8/v1.42/sources/common/lwdiv.c
		___lwdiv       		CODE           	22E5	0000	53

/Applications/microchip/xc8/v1.42/sources/common/lwdiv.c estimated size: 53

/Applications/microchip/xc8/v1.42/sources/common/doprnt.c
		_sprintf       		CODE           	125F	0000	462

/Applications/microchip/xc8/v1.42/sources/common/doprnt.c estimated size: 462

main.c
		_marquee       		CODE           	1B38	0000	120
		_main          		CODE           	1D68	0000	220
		_let_alternate 		CODE           	2F63	0000	21
		_led_Parody    		CODE           	19F2	0000	102
		_led_roundabout		CODE           	247E	0000	66
		_led_circle    		CODE           	2E2E	0000	10
		_led_rand      		CODE           	25D1	0000	73
		_marquee_speedy		CODE           	1AC5	0000	116
		_led_curtain   		CODE           	243D	0000	66

main.c estimated size: 794

/Applications/microchip/xc8/v1.42/sources/common/Umul8.c
		___bmul        		CODE           	2F1A	0000	18

/Applications/microchip/xc8/v1.42/sources/common/Umul8.c estimated size: 18

slot_task.c
		_slot_Init     		CODE           	198E	0000	101
		_slot_Finished_Animation		CODE           	217B	0000	40
		_slot_Running_Animation		CODE           	2544	0000	71
		_slot_Setup    		CODE           	2702	0000	85
		_slot_Main     		CODE           	00D7	0000	1395

slot_task.c estimated size: 1692

nullifyBadge_displayL1.c
		_displayL1_SetUserLed		CODE           	2F2B	0000	19
		_displayL1_SetSegChar		CODE           	23FC	0000	66
		_displayL1_Update		CODE           	2EF8	0000	18
		_displayL1_Initialize		CODE           	2F3D	0000	20
		_displayCharReverse		CODE           	2221	0000	48

nullifyBadge_displayL1.c estimated size: 171

