Microchip MPLAB XC8 Compiler V1.42 ()

Linker command line:

-W-3 --edf=/Applications/microchip/xc8/v1.42/dat/en_msgs.txt -cs \
  -h+dist/default/production/defcon25.production.sym \
  --cmf=dist/default/production/defcon25.production.cmf -z -Q16LF18346 \
  -o/tmp/xcUHiuzwY -Mdist/default/production/defcon25.production.map -E1 \
  -ver=XC8 -ASTACK=02398h-026efh -pstack=STACK -ACODE=00h-07FFhx8 \
  -ASTRCODE=00h-03FFFh -ASTRING=00h-0FFhx64 -ACONST=00h-0FFhx64 \
  -AENTRY=00h-0FFhx64 -ACOMMON=070h-07Fh -ABANK0=020h-06Fh \
  -ABANK1=0A0h-0EFh -ABANK2=0120h-016Fh -ABANK3=01A0h-01EFh \
  -ABANK4=0220h-026Fh -ABANK5=02A0h-02EFh -ABANK6=0320h-036Fh \
  -ABANK7=03A0h-03EFh -ABANK8=0420h-046Fh -ABANK9=04A0h-04EFh \
  -ABANK10=0520h-056Fh -ABANK11=05A0h-05EFh -ABANK12=0620h-066Fh \
  -ABANK13=06A0h-06EFh -ABANK14=0720h-076Fh -ABANK15=07A0h-07EFh \
  -ABANK16=0820h-086Fh -ABANK17=08A0h-08EFh -ABANK18=0920h-096Fh \
  -ABANK19=09A0h-09EFh -ABANK20=0A20h-0A6Fh -ABANK21=0AA0h-0AEFh \
  -ABANK22=0B20h-0B6Fh -ABANK23=0BA0h-0BEFh -ABANK24=0C20h-0C6Fh \
  -ABANK25=0CA0h-0CBFh -ABIGRAM=02000h-027EFh \
  -ARAM=020h-06Fh,0A0h-0EFh,0120h-016Fh,01A0h-01EFh,0220h-026Fh,02A0h-02EFh,0320h-036Fh,03A0h-03EFh,0420h-046Fh,04A0h-04EFh,0520h-056Fh,05A0h-05EFh,0620h-066Fh,06A0h-06EFh,0720h-076Fh,07A0h-07EFh,0820h-086Fh,08A0h-08EFh,0920h-096Fh,09A0h-09EFh,0A20h-0A6Fh,0AA0h-0AEFh,0B20h-0B6Fh,0BA0h-0BEFh,0C20h-0C6Fh,0CA0h-0CBFh \
  -AABS1=020h-07Fh,0A0h-0EFh,0120h-016Fh,01A0h-01EFh,0220h-026Fh,02A0h-02EFh,0320h-036Fh,03A0h-03EFh,0420h-046Fh,04A0h-04EFh,0520h-056Fh,05A0h-05EFh,0620h-066Fh,06A0h-06EFh,0720h-076Fh,07A0h-07EFh,0820h-086Fh,08A0h-08EFh,0920h-096Fh,09A0h-09EFh,0A20h-0A6Fh,0AA0h-0AEFh,0B20h-0B6Fh,0BA0h-0BEFh,0C20h-0C6Fh,0CA0h-0CBFh \
  -ASFR0=00h-01Fh -ASFR1=080h-09Fh -ASFR2=0100h-011Fh -ASFR3=0180h-019Fh \
  -ASFR4=0200h-021Fh -ASFR5=0280h-029Fh -ASFR6=0300h-031Fh \
  -ASFR7=0380h-039Fh -ASFR8=0400h-041Fh -ASFR9=0480h-049Fh \
  -ASFR10=0500h-051Fh -ASFR11=0580h-059Fh -ASFR12=0600h-061Fh \
  -ASFR13=0680h-069Fh -ASFR14=0700h-071Fh -ASFR15=0780h-079Fh \
  -ASFR16=0800h-081Fh -ASFR17=0880h-089Fh -ASFR18=0900h-091Fh \
  -ASFR19=0980h-099Fh -ASFR20=0A00h-0A1Fh -ASFR21=0A80h-0A9Fh \
  -ASFR22=0B00h-0B1Fh -ASFR23=0B80h-0B9Fh -ASFR24=0C00h-0C1Fh \
  -ASFR25=0C80h-0C9Fh -ASFR26=0D00h-0D6Fh -ASFR27=0D80h-0DEFh \
  -ASFR28=0E00h-0E6Fh -ASFR29=0E80h-0EEFh -ASFR30=0F00h-0F6Fh \
  -ASFR31=0F80h-0FEFh -preset_vec=00h,intentry=04h,init,end_init \
  -ppowerup=CODE -pcinit=CODE -pfunctab=CODE -ACONFIG=08007h-0800Ah \
  -pconfig=CONFIG -DCONFIG=2 -AIDLOC=08000h-08003h -pidloc=IDLOC -DIDLOC=2 \
  -AEEDATA=00h-0FFh/0F000h -peeprom_data=EEDATA -DEEDATA=2 -DCODE=2 \
  -DSTRCODE=2 -DSTRING=2 -DCONST=2 -DENTRY=2 -k /tmp/xcOMVMvfD.obj \
  dist/default/production/defcon25.production.obj 

Object code version is 3.11

Machine type is 16LF18346



                Name                               Link     Load   Length Selector   Space Scale
/tmp/xcOMVMvfD.obj
                end_init                             16       16        2        8       0
                reset_vec                             0        0        2        0       0
                config                             8007     8007        4    1000E       0
dist/default/production/defcon25.production.obj
                cinit                                18       18       CD        8       0
                intentry                              4        4       12        8       0
                text105                             800      800        1        8       0
                text104                            3444     3444        B     6888       0
                text103                            34AB     34AB        D     6956       0
                text101                            3580     3580       16     6B00       0
                text100                            3596     3596       16     6B2C       0
                text99                             35AC     35AC       16     6B58       0
                text98                             35C2     35C2       16     6B84       0
                text97                             3426     3426        A     684C       0
                text96                             2E29     2E29       55     5C52       0
                text95                             344F     344F        B     689E       0
                text94                             345A     345A        B     68B4       0
                text93                             347B     347B        C     68F6       0
                text92                             3487     3487        C     690E       0
                text91                             3404     3404        8     6808       0
                text90                             33EC     33EC        6     67D8       0
                text89                             33D9     33D9        3     67B2       0
                text88                             368F     368F       1E     6D1E       0
                text87                             33DC     33DC        3     67B8       0
                text86                             3430     3430        A     6860       0
                text85                             33DF     33DF        3     67BE       0
                text84                             3465     3465        B     68CA       0
                text83                             33E8     33E8        4     67D0       0
                text82                             36E9     36E9       21     6DD2       0
                text81                             3414     3414        9     6828       0
                text80                             2D35     2D35       4E     5A6A       0
                text79                             3502     3502       11     6A04       0
                text78                             35EE     35EE       18     6BDC       0
                text77                             3559     3559       13     6AB2       0
                text76                             372E     372E       26     6E5C       0
                text75                             2005     2005       55     400A       0
                text74                             3672     3672       1D     6CE4       0
                text73                             293A     293A       34     5274       0
                text72                             37A4     37A4       2D     6F48       0
                text71                             33F2     33F2        6     67E4       0
                text70                             33F8     33F8        6     67F0       0
                text69                             37D1     37D1       2F     6FA2       0
                text68                             2A88     2A88       41     5510       0
                text67                             2D83     2D83       52     5B06       0
                text66                             377A     377A       2A     6EF4       0
                text65                             343A     343A        A     6874       0
                text64                             36AD     36AD       1E     6D5A       0
                text63                             2275     2275       77     44EA       0
                text62                             2202     2202       73     4404       0
                text61                             1A00     1A00       5F     3400       0
                text60                             3535     3535       12     6A6A       0
                text59                             36CB     36CB       1E     6D96       0
                text58                             3513     3513       11     6A26       0
                text57                             20BE     20BE       65     417C       0
                text56                             341D     341D        9     683A       0
                text55                             2AC9     2AC9       41     5592       0
                text54                             2123     2123       6E     4246       0
                text53                             28D6     28D6       32     51AC       0
                text52                             2B8D     2B8D       43     571A       0
                text51                             2CA3     2CA3       48     5946       0
                text50                             2B0A     2B0A       41     5614       0
                text49                             356C     356C       14     6AD8       0
                text48                             28A5     28A5       31     514A       0
                text47                             2000     2000        5     3C12       0
                text46                             33E2     33E2        3     67C4       0
                text45                             34D4     34D4        F     69A8       0
                text44                             3470     3470        B     68E0       0
                text43                             33E5     33E5        3     67CA       0
                text42                             3620     3620       1B     6C40       0
                text41                             34B8     34B8        E     6970       0
                text40                             1A5F     1A5F      1CD     34BE       0
                text39                             34F2     34F2       10     69E4       0
                text38                             33FE     33FE        6     67FC       0
                text37                             34C6     34C6        E     698C       0
                text36                              7FA      7FA        6        8       0
                text35                             2B4B     2B4B       42     5696       0
                text34                             370A     370A       24     6E14       0
                text33                              801      801       18     1002       0
                text32                             3606     3606       1A     6C0C       0
                text31                             3547     3547       12     6A8E       0
                text30                             2DD5     2DD5       54     5BAA       0
                text29                             2191     2191       71     4322       0
                text28                             3524     3524       11     6A48       0
                text27                             2488     2488       BB     4910       0
                text26                             2ED9     2ED9       62     5DB2       0
                text25                             2C5C     2C5C       47     58B8       0
                text24                             2CEB     2CEB       4A     59D6       0
                text23                             1028     1028       BB     2050       0
                text22                             2908     2908       32     5210       0
                text21                             1001     1001       27     2002       0
                text20                             2BD0     2BD0       46     57A0       0
                text19                               E5       E5      57C        8       0
                swtext1                            302F     302F        C     605E       0
                text18                              819      819      7E7     1032       0
                text17                             1E09     1E09      1F7     3C12       0
                text16                             1C2C     1C2C      1DD     3858       0
                text15                             2643     2643      1BD     4C86       0
                text14                             10E3     10E3      71D     21C6       0
                text13                             2884     2884       21     5108       0
                text12                             2366     2366       84     46CC       0
                text11                             363B     363B       1B     6C76       0
                text10                             340C     340C        8     6818       0
                text9                              34E3     34E3        F     69C6       0
                text8                              205A     205A       64     40B4       0
                text7                               764      764       96        8       0
                text6                              2F3B     2F3B       62     5E76       0
                text5                              2F9D     2F9D       63     5F3A       0
                text4                              2E7E     2E7E       5B     5CFC       0
                text3                              23EA     23EA       9E     47D4       0
                text2                              22EC     22EC       7A     45D8       0
                text1                              2A15     2A15       39     542A       0
                maintext                            661      661      103        8       0
                cstackBANK0                          20       20       4F       20       1
                cstackCOMMON                         70       70        C       70       1
                cstackBANK1                          DD       DD        8       A0       1
                clrtext                            3493     3493        C     6926       0
                inittext                           349F     349F        C     693E       0
                bssBANK11                           5A0      5A0       28      5A0       1
                dataBANK10                          520      520       3A      520       1
                bssBANK9                            4A0      4A0       3B      4A0       1
                dataBANK8                           420      420       38      420       1
                dataBANK7                           3A0      3A0       38      3A0       1
                dataBANK6                           320      320       37      320       1
                dataBANK5                           2CA      2CA       26      2A0       1
                bssBANK5                            2A0      2A0       2A      2A0       1
                dataBANK4                           220      220       46      220       1
                dataBANK3                           1D1      1D1       1C      1A0       1
                bssBANK3                            1A0      1A0       31      1A0       1
                dataBANK2                           167      167        2      120       1
                bssBANK2                            120      120       47      120       1
                dataBANK1                            C7       C7       16       A0       1
                bssBANK1                             A0       A0       27       A0       1
                bssCOMMON                            7C       7C        1       70       1
                stringtext75                       3BA5     3BA5        3     7000       0
                stringtext74                       3BA1     3BA1        4     7000       0
                stringtext73                       3B9C     3B9C        5     7000       0
                stringtext72                       3B97     3B97        5     7000       0
                stringtext71                       3B92     3B92        5     7000       0
                stringtext70                       3B8D     3B8D        5     7000       0
                stringtext69                       3B88     3B88        5     7000       0
                stringtext68                       3B83     3B83        5     7000       0
                stringtext67                       3B7E     3B7E        5     7000       0
                stringtext66                       3B79     3B79        5     7000       0
                stringtext65                       3B74     3B74        5     7000       0
                stringtext64                       3B6F     3B6F        5     7000       0
                stringtext63                       3B6A     3B6A        5     7000       0
                stringtext62                       3B65     3B65        5     7000       0
                stringtext61                       3B60     3B60        5     7000       0
                stringtext60                       3B5B     3B5B        5     7000       0
                stringtext59                       3B56     3B56        5     7000       0
                stringtext58                       3B51     3B51        5     7000       0
                stringtext57                       3B4C     3B4C        5     7000       0
                stringtext56                       3B46     3B46        6     7000       0
                stringtext55                       3B40     3B40        6     7000       0
                stringtext54                       3B3A     3B3A        6     7000       0
                stringtext53                       3B34     3B34        6     7000       0
                stringtext52                       3B2D     3B2D        7     7000       0
                stringtext51                       3B26     3B26        7     7000       0
                stringtext50                       3B1F     3B1F        7     7000       0
                stringtext49                       3B18     3B18        7     7000       0
                stringtext48                       3B11     3B11        7     7000       0
                stringtext47                       3B09     3B09        8     7000       0
                stringtext46                       3B01     3B01        8     7000       0
                stringtext45                       3AF9     3AF9        8     7000       0
                stringtext44                       3AF1     3AF1        8     7000       0
                stringtext43                       3AE9     3AE9        8     7000       0
                stringtext42                       3AE1     3AE1        8     7000       0
                stringtext41                       3AD9     3AD9        8     7000       0
                stringtext40                       3AD1     3AD1        8     7000       0
                stringtext39                       3AC8     3AC8        9     7000       0
                stringtext38                       3ABF     3ABF        9     7000       0
                stringtext37                       3AB6     3AB6        9     7000       0
                stringtext36                       3AAD     3AAD        9     7000       0
                stringtext35                       3AA4     3AA4        9     7000       0
                stringtext34                       3A9A     3A9A        A     7000       0
                stringtext33                       3A90     3A90        A     7000       0
                stringtext32                       3A85     3A85        B     7000       0
                stringtext31                       3A7A     3A7A        B     7000       0
                stringtext30                       3A6E     3A6E        C     7000       0
                stringtext29                       3A62     3A62        C     7000       0
                stringtext28                       3A55     3A55        D     7000       0
                stringtext27                       3A48     3A48        D     7000       0
                stringtext26                       3A3B     3A3B        D     7000       0
                stringtext25                       3A2C     3A2C        F     7000       0
                stringtext24                       3A1C     3A1C       10     7000       0
                stringtext23                       3A0B     3A0B       11     7000       0
                stringtext22                       39FA     39FA       11     7000       0
                stringtext21                       39E8     39E8       12     7000       0
                stringtext20                       39D5     39D5       13     7000       0
                stringtext19                       39C2     39C2       13     7000       0
                stringtext18                       39AD     39AD       15     7000       0
                stringtext17                       3997     3997       16     7000       0
                stringtext16                       3980     3980       17     7000       0
                stringtext15                       3966     3966       1A     7000       0
                stringtext14                       394B     394B       1B     7000       0
                stringtext13                       3930     3930       1B     7000       0
                stringtext12                       3914     3914       1C     7000       0
                stringtext11                       38F7     38F7       1D     7000       0
                stringtext10                       38DA     38DA       1D     7000       0
                stringtext9                        38BC     38BC       1E     7000       0
                stringtext8                        389A     389A       22     7000       0
                stringtext7                        3877     3877       23     7000       0
                stringtext6                        3853     3853       24     7000       0
                stringtext5                        382B     382B       28     7000       0
                stringtext4                        3800     3800       2B     7000       0
                stringtext3                        3000     3000       2F     6000       0
                stringtext2                        2800     2800       82     5000       0
                stringtext1                        1800     1800      200     3000       0
                idataBIGRAM                        2543     2543      100     4A86       0
                idataBANK10                        2A4E     2A4E       3A     549C       0
                idataBANK8                         29A5     29A5       38     534A       0
                idataBANK7                         29DD     29DD       38     53BA       0
                idataBANK6                         296E     296E       37     52DC       0
                idataBANK5                         3754     3754       26     6EA8       0
                idataBANK4                         2C16     2C16       46     582C       0
                idataBANK3                         3656     3656       1C     6CAC       0
                idataBANK2                            2        2        2        0       0
                idataBANK1                         35D8     35D8       16     6BB0       0

TOTAL           Name                               Link     Load   Length     Space
        CLASS   STACK          

        CLASS   CODE           
                end_init                             16       16        2         0
                cinit                                18       18       CD         0
                intentry                              4        4       12         0
                reset_vec                             0        0        2         0
                text105                             800      800        1         0
                text104                            3444     3444        B         0
                text103                            34AB     34AB        D         0
                text101                            3580     3580       16         0
                text100                            3596     3596       16         0
                text99                             35AC     35AC       16         0
                text98                             35C2     35C2       16         0
                text97                             3426     3426        A         0
                text96                             2E29     2E29       55         0
                text95                             344F     344F        B         0
                text94                             345A     345A        B         0
                text93                             347B     347B        C         0
                text92                             3487     3487        C         0
                text91                             3404     3404        8         0
                text90                             33EC     33EC        6         0
                text89                             33D9     33D9        3         0
                text88                             368F     368F       1E         0
                text87                             33DC     33DC        3         0
                text86                             3430     3430        A         0
                text85                             33DF     33DF        3         0
                text84                             3465     3465        B         0
                text83                             33E8     33E8        4         0
                text82                             36E9     36E9       21         0
                text81                             3414     3414        9         0
                text80                             2D35     2D35       4E         0
                text79                             3502     3502       11         0
                text78                             35EE     35EE       18         0
                text77                             3559     3559       13         0
                text76                             372E     372E       26         0
                text75                             2005     2005       55         0
                text74                             3672     3672       1D         0
                text73                             293A     293A       34         0
                text72                             37A4     37A4       2D         0
                text71                             33F2     33F2        6         0
                text70                             33F8     33F8        6         0
                text69                             37D1     37D1       2F         0
                text68                             2A88     2A88       41         0
                text67                             2D83     2D83       52         0
                text66                             377A     377A       2A         0
                text65                             343A     343A        A         0
                text64                             36AD     36AD       1E         0
                text63                             2275     2275       77         0
                text62                             2202     2202       73         0
                text61                             1A00     1A00       5F         0
                text60                             3535     3535       12         0
                text59                             36CB     36CB       1E         0
                text58                             3513     3513       11         0
                text57                             20BE     20BE       65         0
                text56                             341D     341D        9         0
                text55                             2AC9     2AC9       41         0
                text54                             2123     2123       6E         0
                text53                             28D6     28D6       32         0
                text52                             2B8D     2B8D       43         0
                text51                             2CA3     2CA3       48         0
                text50                             2B0A     2B0A       41         0
                text49                             356C     356C       14         0
                text48                             28A5     28A5       31         0
                text47                             2000     2000        5         0
                text46                             33E2     33E2        3         0
                text45                             34D4     34D4        F         0
                text44                             3470     3470        B         0
                text43                             33E5     33E5        3         0
                text42                             3620     3620       1B         0
                text41                             34B8     34B8        E         0
                text40                             1A5F     1A5F      1CD         0
                text39                             34F2     34F2       10         0
                text38                             33FE     33FE        6         0
                text37                             34C6     34C6        E         0
                text36                              7FA      7FA        6         0
                text35                             2B4B     2B4B       42         0
                text34                             370A     370A       24         0
                text33                              801      801       18         0
                text32                             3606     3606       1A         0
                text31                             3547     3547       12         0
                text30                             2DD5     2DD5       54         0
                text29                             2191     2191       71         0
                text28                             3524     3524       11         0
                text27                             2488     2488       BB         0
                text26                             2ED9     2ED9       62         0
                text25                             2C5C     2C5C       47         0
                text24                             2CEB     2CEB       4A         0
                text23                             1028     1028       BB         0
                text22                             2908     2908       32         0
                text21                             1001     1001       27         0
                text20                             2BD0     2BD0       46         0
                text19                               E5       E5      57C         0
                text18                              819      819      7E7         0
                text17                             1E09     1E09      1F7         0
                text16                             1C2C     1C2C      1DD         0
                text15                             2643     2643      1BD         0
                text14                             10E3     10E3      71D         0
                text13                             2884     2884       21         0
                text12                             2366     2366       84         0
                text11                             363B     363B       1B         0
                text10                             340C     340C        8         0
                text9                              34E3     34E3        F         0
                text8                              205A     205A       64         0
                text7                               764      764       96         0
                text6                              2F3B     2F3B       62         0
                text5                              2F9D     2F9D       63         0
                text4                              2E7E     2E7E       5B         0
                text3                              23EA     23EA       9E         0
                text2                              22EC     22EC       7A         0
                text1                              2A15     2A15       39         0
                maintext                            661      661      103         0
                clrtext                            3493     3493        C         0
                inittext                           349F     349F        C         0
                idataBIGRAM                        2543     2543      100         0
                idataBANK10                        2A4E     2A4E       3A         0
                idataBANK8                         29A5     29A5       38         0
                idataBANK7                         29DD     29DD       38         0
                idataBANK6                         296E     296E       37         0
                idataBANK5                         3754     3754       26         0
                idataBANK4                         2C16     2C16       46         0
                idataBANK3                         3656     3656       1C         0
                idataBANK2                            2        2        2         0
                idataBANK1                         35D8     35D8       16         0

        CLASS   STRCODE        
                stringtext75                       3BA5     3BA5        3         0
                stringtext74                       3BA1     3BA1        4         0
                stringtext73                       3B9C     3B9C        5         0
                stringtext72                       3B97     3B97        5         0
                stringtext71                       3B92     3B92        5         0
                stringtext70                       3B8D     3B8D        5         0
                stringtext69                       3B88     3B88        5         0
                stringtext68                       3B83     3B83        5         0
                stringtext67                       3B7E     3B7E        5         0
                stringtext66                       3B79     3B79        5         0
                stringtext65                       3B74     3B74        5         0
                stringtext64                       3B6F     3B6F        5         0
                stringtext63                       3B6A     3B6A        5         0
                stringtext62                       3B65     3B65        5         0
                stringtext61                       3B60     3B60        5         0
                stringtext60                       3B5B     3B5B        5         0
                stringtext59                       3B56     3B56        5         0
                stringtext58                       3B51     3B51        5         0
                stringtext57                       3B4C     3B4C        5         0
                stringtext56                       3B46     3B46        6         0
                stringtext55                       3B40     3B40        6         0
                stringtext54                       3B3A     3B3A        6         0
                stringtext53                       3B34     3B34        6         0
                stringtext52                       3B2D     3B2D        7         0
                stringtext51                       3B26     3B26        7         0
                stringtext50                       3B1F     3B1F        7         0
                stringtext49                       3B18     3B18        7         0
                stringtext48                       3B11     3B11        7         0
                stringtext47                       3B09     3B09        8         0
                stringtext46                       3B01     3B01        8         0
                stringtext45                       3AF9     3AF9        8         0
                stringtext44                       3AF1     3AF1        8         0
                stringtext43                       3AE9     3AE9        8         0
                stringtext42                       3AE1     3AE1        8         0
                stringtext41                       3AD9     3AD9        8         0
                stringtext40                       3AD1     3AD1        8         0
                stringtext39                       3AC8     3AC8        9         0
                stringtext38                       3ABF     3ABF        9         0
                stringtext37                       3AB6     3AB6        9         0
                stringtext36                       3AAD     3AAD        9         0
                stringtext35                       3AA4     3AA4        9         0
                stringtext34                       3A9A     3A9A        A         0
                stringtext33                       3A90     3A90        A         0
                stringtext32                       3A85     3A85        B         0
                stringtext31                       3A7A     3A7A        B         0
                stringtext30                       3A6E     3A6E        C         0
                stringtext29                       3A62     3A62        C         0
                stringtext28                       3A55     3A55        D         0
                stringtext27                       3A48     3A48        D         0
                stringtext26                       3A3B     3A3B        D         0
                stringtext25                       3A2C     3A2C        F         0
                stringtext24                       3A1C     3A1C       10         0
                stringtext23                       3A0B     3A0B       11         0
                stringtext22                       39FA     39FA       11         0
                stringtext21                       39E8     39E8       12         0
                stringtext20                       39D5     39D5       13         0
                stringtext19                       39C2     39C2       13         0
                stringtext18                       39AD     39AD       15         0
                stringtext17                       3997     3997       16         0
                stringtext16                       3980     3980       17         0
                stringtext15                       3966     3966       1A         0
                stringtext14                       394B     394B       1B         0
                stringtext13                       3930     3930       1B         0
                stringtext12                       3914     3914       1C         0
                stringtext11                       38F7     38F7       1D         0
                stringtext10                       38DA     38DA       1D         0
                stringtext9                        38BC     38BC       1E         0
                stringtext8                        389A     389A       22         0
                stringtext7                        3877     3877       23         0
                stringtext6                        3853     3853       24         0
                stringtext5                        382B     382B       28         0
                stringtext4                        3800     3800       2B         0
                stringtext3                        3000     3000       2F         0
                stringtext2                        2800     2800       82         0
                stringtext1                        1800     1800      200         0

        CLASS   STRING         

        CLASS   CONST          
                swtext1                            302F     302F        C         0

        CLASS   ENTRY          

        CLASS   COMMON         
                cstackCOMMON                         70       70        C         1
                bssCOMMON                            7C       7C        1         1

        CLASS   BANK0          
                cstackBANK0                          20       20       4F         1

        CLASS   BANK1          
                cstackBANK1                          DD       DD        8         1
                dataBANK1                            C7       C7       16         1
                bssBANK1                             A0       A0       27         1

        CLASS   BANK2          
                dataBANK2                           167      167        2         1
                bssBANK2                            120      120       47         1

        CLASS   BANK3          
                dataBANK3                           1D1      1D1       1C         1
                bssBANK3                            1A0      1A0       31         1

        CLASS   BANK4          
                dataBANK4                           220      220       46         1

        CLASS   BANK5          
                dataBANK5                           2CA      2CA       26         1
                bssBANK5                            2A0      2A0       2A         1

        CLASS   BANK6          
                dataBANK6                           320      320       37         1

        CLASS   BANK7          
                dataBANK7                           3A0      3A0       38         1

        CLASS   BANK8          
                dataBANK8                           420      420       38         1

        CLASS   BANK9          
                bssBANK9                            4A0      4A0       3B         1

        CLASS   BANK10         
                dataBANK10                          520      520       3A         1

        CLASS   BANK11         
                bssBANK11                           5A0      5A0       28         1

        CLASS   BANK12         

        CLASS   BANK13         

        CLASS   BANK14         

        CLASS   BANK15         

        CLASS   BANK16         

        CLASS   BANK17         

        CLASS   BANK18         

        CLASS   BANK19         

        CLASS   BANK20         

        CLASS   BANK21         

        CLASS   BANK22         

        CLASS   BANK23         

        CLASS   BANK24         

        CLASS   BANK25         

        CLASS   BIGRAM         

        CLASS   RAM            

        CLASS   ABS1           
                abs_s1                               7E       7E        2         1
                abs_s1                              B30      B30       40         1
                abs_s1                              BA0      BA0       50         1
                abs_s1                              C20      C20       50         1
                abs_s1                              CA0      CA0       20         1
                abs_s1                             26F0     26F0        0         1

        CLASS   SFR0           

        CLASS   SFR1           

        CLASS   SFR2           

        CLASS   SFR3           

        CLASS   SFR4           

        CLASS   SFR5           

        CLASS   SFR6           

        CLASS   SFR7           

        CLASS   SFR8           

        CLASS   SFR9           

        CLASS   SFR10          

        CLASS   SFR11          

        CLASS   SFR12          

        CLASS   SFR13          

        CLASS   SFR14          

        CLASS   SFR15          

        CLASS   SFR16          

        CLASS   SFR17          

        CLASS   SFR18          

        CLASS   SFR19          

        CLASS   SFR20          

        CLASS   SFR21          

        CLASS   SFR22          

        CLASS   SFR23          

        CLASS   SFR24          

        CLASS   SFR25          

        CLASS   SFR26          

        CLASS   SFR27          

        CLASS   SFR28          

        CLASS   SFR29          

        CLASS   SFR30          

        CLASS   SFR31          

        CLASS   CONFIG         
                config                             8007     8007        4         0

        CLASS   IDLOC          

        CLASS   EEDATA         

        CLASS   BANK31         

        CLASS   BANK30         

        CLASS   BANK29         

        CLASS   BANK28         

        CLASS   BANK27         

        CLASS   BANK26         



SEGMENTS        Name                           Load    Length   Top    Selector   Space  Class     Delta

                reset_vec                      000000  000004  000004         0       0  CODE        2
                intentry                       000004  0007FD  000801         8       0  CODE        2
                cstackBANK0                    000020  00004F  00006F        20       1  BANK0       1
                cstackCOMMON                   000070  00000D  00007D        70       1  COMMON      1
                bssBANK1                       0000A0  000045  0000E5        A0       1  BANK1       1
                bssBANK2                       000120  000049  000169       120       1  BANK2       1
                bssBANK3                       0001A0  00004D  0001ED       1A0       1  BANK3       1
                dataBANK4                      000220  000046  000266       220       1  BANK4       1
                bssBANK5                       0002A0  000050  0002F0       2A0       1  BANK5       1
                dataBANK6                      000320  000037  000357       320       1  BANK6       1
                dataBANK7                      0003A0  000038  0003D8       3A0       1  BANK7       1
                dataBANK8                      000420  000038  000458       420       1  BANK8       1
                bssBANK9                       0004A0  00003B  0004DB       4A0       1  BANK9       1
                dataBANK10                     000520  00003A  00055A       520       1  BANK10      1
                bssBANK11                      0005A0  000028  0005C8       5A0       1  BANK11      1
                text33                         000801  000018  000819      1002       0  CODE        2
                text18                         000819  0007E7  001000      1032       0  CODE        2
                text21                         001001  000027  001028      2002       0  CODE        2
                text23                         001028  0000BB  0010E3      2050       0  CODE        2
                text14                         0010E3  00071D  001800      21C6       0  CODE        2
                stringtext1                    001800  000200  001A00      3000       0  STRCODE     2
                text61                         001A00  00005F  001A5F      3400       0  CODE        2
                text40                         001A5F  0001CD  001C2C      34BE       0  CODE        2
                text16                         001C2C  0001DD  001E09      3858       0  CODE        2
                text17                         001E09  0001FC  002005      3C12       0  CODE        2
                text75                         002005  000055  00205A      400A       0  CODE        2
                text8                          00205A  000064  0020BE      40B4       0  CODE        2
                text57                         0020BE  000065  002123      417C       0  CODE        2
                text54                         002123  00006E  002191      4246       0  CODE        2
                text29                         002191  000071  002202      4322       0  CODE        2
                text62                         002202  000073  002275      4404       0  CODE        2
                text63                         002275  000077  0022EC      44EA       0  CODE        2
                text2                          0022EC  00007A  002366      45D8       0  CODE        2
                text12                         002366  000084  0023EA      46CC       0  CODE        2
                text3                          0023EA  00009E  002488      47D4       0  CODE        2
                text27                         002488  0000BB  002543      4910       0  CODE        2
                idataBIGRAM                    002543  000100  002643      4A86       0  CODE        2
                text15                         002643  0001BD  002800      4C86       0  CODE        2
                stringtext2                    002800  000082  002882      5000       0  STRCODE     2
                text13                         002884  000021  0028A5      5108       0  CODE        2
                text48                         0028A5  000031  0028D6      514A       0  CODE        2
                text53                         0028D6  000032  002908      51AC       0  CODE        2
                text22                         002908  000032  00293A      5210       0  CODE        2
                text73                         00293A  000034  00296E      5274       0  CODE        2
                idataBANK6                     00296E  000037  0029A5      52DC       0  CODE        2
                idataBANK8                     0029A5  000038  0029DD      534A       0  CODE        2
                idataBANK7                     0029DD  000038  002A15      53BA       0  CODE        2
                text1                          002A15  000039  002A4E      542A       0  CODE        2
                idataBANK10                    002A4E  00003A  002A88      549C       0  CODE        2
                text68                         002A88  000041  002AC9      5510       0  CODE        2
                text55                         002AC9  000041  002B0A      5592       0  CODE        2
                text50                         002B0A  000041  002B4B      5614       0  CODE        2
                text35                         002B4B  000042  002B8D      5696       0  CODE        2
                text52                         002B8D  000043  002BD0      571A       0  CODE        2
                text20                         002BD0  000046  002C16      57A0       0  CODE        2
                idataBANK4                     002C16  000046  002C5C      582C       0  CODE        2
                text25                         002C5C  000047  002CA3      58B8       0  CODE        2
                text51                         002CA3  000048  002CEB      5946       0  CODE        2
                text24                         002CEB  00004A  002D35      59D6       0  CODE        2
                text80                         002D35  00004E  002D83      5A6A       0  CODE        2
                text67                         002D83  000052  002DD5      5B06       0  CODE        2
                text30                         002DD5  000054  002E29      5BAA       0  CODE        2
                text96                         002E29  000055  002E7E      5C52       0  CODE        2
                text4                          002E7E  00005B  002ED9      5CFC       0  CODE        2
                text26                         002ED9  000062  002F3B      5DB2       0  CODE        2
                text6                          002F3B  000062  002F9D      5E76       0  CODE        2
                text5                          002F9D  000063  003000      5F3A       0  CODE        2
                stringtext3                    003000  00002F  00302F      6000       0  STRCODE     2
                swtext1                        00302F  00000C  00303B      605E       0  CONST       2
                text89                         0033D9  000003  0033DC      67B2       0  CODE        2
                text87                         0033DC  000003  0033DF      67B8       0  CODE        2
                text85                         0033DF  000003  0033E2      67BE       0  CODE        2
                text46                         0033E2  000003  0033E5      67C4       0  CODE        2
                text43                         0033E5  000003  0033E8      67CA       0  CODE        2
                text83                         0033E8  000004  0033EC      67D0       0  CODE        2
                text90                         0033EC  000006  0033F2      67D8       0  CODE        2
                text71                         0033F2  000006  0033F8      67E4       0  CODE        2
                text70                         0033F8  000006  0033FE      67F0       0  CODE        2
                text38                         0033FE  000006  003404      67FC       0  CODE        2
                text91                         003404  000008  00340C      6808       0  CODE        2
                text10                         00340C  000008  003414      6818       0  CODE        2
                text81                         003414  000009  00341D      6828       0  CODE        2
                text56                         00341D  000009  003426      683A       0  CODE        2
                text97                         003426  00000A  003430      684C       0  CODE        2
                text86                         003430  00000A  00343A      6860       0  CODE        2
                text65                         00343A  00000A  003444      6874       0  CODE        2
                text104                        003444  00000B  00344F      6888       0  CODE        2
                text95                         00344F  00000B  00345A      689E       0  CODE        2
                text94                         00345A  00000B  003465      68B4       0  CODE        2
                text84                         003465  00000B  003470      68CA       0  CODE        2
                text44                         003470  00000B  00347B      68E0       0  CODE        2
                text93                         00347B  00000C  003487      68F6       0  CODE        2
                text92                         003487  00000C  003493      690E       0  CODE        2
                clrtext                        003493  00000C  00349F      6926       0  CODE        2
                inittext                       00349F  00000C  0034AB      693E       0  CODE        2
                text103                        0034AB  00000D  0034B8      6956       0  CODE        2
                text41                         0034B8  00000E  0034C6      6970       0  CODE        2
                text37                         0034C6  00000E  0034D4      698C       0  CODE        2
                text45                         0034D4  00000F  0034E3      69A8       0  CODE        2
                text9                          0034E3  00000F  0034F2      69C6       0  CODE        2
                text39                         0034F2  000010  003502      69E4       0  CODE        2
                text79                         003502  000011  003513      6A04       0  CODE        2
                text58                         003513  000011  003524      6A26       0  CODE        2
                text28                         003524  000011  003535      6A48       0  CODE        2
                text60                         003535  000012  003547      6A6A       0  CODE        2
                text31                         003547  000012  003559      6A8E       0  CODE        2
                text77                         003559  000013  00356C      6AB2       0  CODE        2
                text49                         00356C  000014  003580      6AD8       0  CODE        2
                text101                        003580  000016  003596      6B00       0  CODE        2
                text100                        003596  000016  0035AC      6B2C       0  CODE        2
                text99                         0035AC  000016  0035C2      6B58       0  CODE        2
                text98                         0035C2  000016  0035D8      6B84       0  CODE        2
                idataBANK1                     0035D8  000016  0035EE      6BB0       0  CODE        2
                text78                         0035EE  000018  003606      6BDC       0  CODE        2
                text32                         003606  00001A  003620      6C0C       0  CODE        2
                text42                         003620  00001B  00363B      6C40       0  CODE        2
                text11                         00363B  00001B  003656      6C76       0  CODE        2
                idataBANK3                     003656  00001C  003672      6CAC       0  CODE        2
                text74                         003672  00001D  00368F      6CE4       0  CODE        2
                text88                         00368F  00001E  0036AD      6D1E       0  CODE        2
                text64                         0036AD  00001E  0036CB      6D5A       0  CODE        2
                text59                         0036CB  00001E  0036E9      6D96       0  CODE        2
                text82                         0036E9  000021  00370A      6DD2       0  CODE        2
                text34                         00370A  000024  00372E      6E14       0  CODE        2
                text76                         00372E  000026  003754      6E5C       0  CODE        2
                idataBANK5                     003754  000026  00377A      6EA8       0  CODE        2
                text66                         00377A  00002A  0037A4      6EF4       0  CODE        2
                text72                         0037A4  00002D  0037D1      6F48       0  CODE        2
                text69                         0037D1  00002F  003800      6FA2       0  CODE        2
                stringtext4                    003800  0003A8  003BA8      7000       0  STRCODE     2
                config                         008007  000004  00800B     1000E       0  CONFIG      2


UNUSED ADDRESS RANGES

        Name                Unused          Largest block    Delta
        BANK0            0006F-0006F               1           1
        BANK1            000E5-000EF               B           1
        BANK10           0055A-0056F              16           1
        BANK11           005C8-005EF              28           1
        BANK12           00620-0066F              50           1
        BANK13           006A0-006EF              50           1
        BANK14           00720-0076F              50           1
        BANK15           007A0-007EF              50           1
        BANK16           00820-0086F              50           1
        BANK17           008A0-008EF              50           1
        BANK18           00920-0096F              50           1
        BANK19           009A0-009EF              50           1
        BANK2            00169-0016F               7           1
        BANK20           00A20-00A6F              50           1
        BANK21           00AA0-00AEF              50           1
        BANK22           00B20-00B2F              10           1
        BANK3            001ED-001EF               3           1
        BANK4            00266-0026F               A           1
        BANK6            00357-0036F              19           1
        BANK7            003D8-003EF              18           1
        BANK8            00458-0046F              18           1
        BANK9            004DB-004EF              15           1
        BIGRAM           02000-027EF             7F0           1
        CODE             01000-01000               1           2
                         02882-02883               2
                         0303B-033D8             39E
                         03BA8-03FFF             458
        COMMON           0007D-0007D               1           1
        CONST            01000-01000               1           2
                         02882-02883               2
                         0303B-033D8             100
                         03BA8-03FFF             100
        EEDATA           0F000-0F0FF             100           2
        ENTRY            01000-01000               1           2
                         02882-02883               2
                         0303B-033D8             100
                         03BA8-03FFF             100
        IDLOC            08000-08003               4           2
        RAM              0006F-0006F               1           1
                         000E5-000EF               B
                         00169-0016F               7
                         001ED-001EF               3
                         00266-0026F               A
                         00357-0036F              19
                         003D8-003EF              18
                         00458-0046F              18
                         004DB-004EF              15
                         0055A-0056F              16
                         005C8-005EF              28
                         00620-0066F              50
                         006A0-006EF              50
                         00720-0076F              50
                         007A0-007EF              50
                         00820-0086F              50
                         008A0-008EF              50
                         00920-0096F              50
                         009A0-009EF              50
                         00A20-00A6F              50
                         00AA0-00AEF              50
                         00B20-00B2F              10
        SFR0             00000-0001F              20           1
        SFR1             00080-0009F              20           1
        SFR10            00500-0051F              20           1
        SFR11            00580-0059F              20           1
        SFR12            00600-0061F              20           1
        SFR13            00680-0069F              20           1
        SFR14            00700-0071F              20           1
        SFR15            00780-0079F              20           1
        SFR16            00800-0081F              20           1
        SFR17            00880-0089F              20           1
        SFR18            00900-0091F              20           1
        SFR19            00980-0099F              20           1
        SFR2             00100-0011F              20           1
        SFR20            00A00-00A1F              20           1
        SFR21            00A80-00A9F              20           1
        SFR22            00B00-00B1F              20           1
        SFR23            00B80-00B9F              20           1
        SFR24            00C00-00C1F              20           1
        SFR25            00C80-00C9F              20           1
        SFR26            00D00-00D6F              70           1
        SFR27            00D80-00DEF              70           1
        SFR28            00E00-00E6F              70           1
        SFR29            00E80-00EEF              70           1
        SFR3             00180-0019F              20           1
        SFR30            00F00-00F6F              70           1
        SFR31            00F80-00FEF              70           1
        SFR4             00200-0021F              20           1
        SFR5             00280-0029F              20           1
        SFR6             00300-0031F              20           1
        SFR7             00380-0039F              20           1
        SFR8             00400-0041F              20           1
        SFR9             00480-0049F              20           1
        STACK            02398-026EF             358           1
        STRCODE          01000-01000               1           2
                         02882-02883               2
                         0303B-033D8             39E
                         03BA8-03FFF             458
        STRING           01000-01000               1           2
                         02882-02883               2
                         0303B-033D8             100
                         03BA8-03FFF             100

                                  Symbol Table

?_TMR0_Read16bitTimer                        cstackCOMMON 00071
?___almod                                    cstackBANK0  0002B
?___lmul                                     cstackCOMMON 00071
?___lwdiv                                    cstackCOMMON 00071
?___lwmod                                    cstackBANK0  0002B
?___wmul                                     cstackCOMMON 00071
?_displayCharReverse                         cstackCOMMON 00071
?_locked_get_lock_leds                       cstackCOMMON 00071
?_locked_get_unlock_leds                     cstackCOMMON 00071
?_rand                                       cstackBANK0  00024
?_sprintf                                    cstackBANK0  0002F
?_strlen                                     cstackCOMMON 00071
PIN_MANAGER_Initialize@state                 cstackCOMMON 00071
PWM1_LoadDutyValue@dutyValue                 cstackCOMMON 00071
PWM2_LoadDutyValue@dutyValue                 cstackCOMMON 00071
PWM5_LoadDutyValue@dutyValue                 cstackCOMMON 00071
PWM6_LoadDutyValue@dutyValue                 cstackCOMMON 00071
SPI1_Exchange8bit@data                       cstackCOMMON 00071
SPI1_Exchange8bitBuffer@bufLen               cstackCOMMON 00072
SPI1_Exchange8bitBuffer@bytesWritten         cstackCOMMON 00078
SPI1_Exchange8bitBuffer@dataIn               cstackCOMMON 00077
SPI1_Exchange8bitBuffer@dataOut              cstackCOMMON 00073
TMR0_Read16bitTimer@readVal                  cstackCOMMON 00078
TMR0_Read16bitTimer@readValHigh              cstackCOMMON 0007B
TMR0_Read16bitTimer@readValLow               cstackCOMMON 0007A
TMR0_SetInterruptHandler@InterruptHandler    cstackCOMMON 00071
_ANSELA                                      (abs)        0018C
_ANSELB                                      (abs)        0018D
_ANSELC                                      (abs)        0018E
_CCP1CON                                     (abs)        00293
_CCP1CONbits                                 (abs)        00293
_CCP2CON                                     (abs)        00297
_CCP2CONbits                                 (abs)        00297
_CCPR1H                                      (abs)        00292
_CCPR1L                                      (abs)        00291
_CCPR2H                                      (abs)        00296
_CCPR2L                                      (abs)        00295
_CCPTMRSbits                                 (abs)        0029F
_FLASHY_TEXT_SECRET_TEST                     dataBANK1    000DB
_GIE                                         (abs)        0005F
_INTCONbits                                  (abs)        0000B
_INTERRUPT_InterruptManager                  intentry     00004
_LATA                                        (abs)        0010C
_LATB                                        (abs)        0010D
_LATBbits                                    (abs)        0010D
_LATC                                        (abs)        0010E
_LATCbits                                    (abs)        0010E
_Leds_idx                                    dataBANK1    000D7
_NVMADRH                                     (abs)        00892
_NVMADRL                                     (abs)        00891
_NVMCON1bits                                 (abs)        00895
_NVMCON2                                     (abs)        00896
_NVMDATH                                     (abs)        00894
_NVMDATL                                     (abs)        00893
_ODCONA                                      (abs)        0028C
_ODCONB                                      (abs)        0028D
_ODCONC                                      (abs)        0028E
_OSCCON1                                     (abs)        00919
_OSCCON3                                     (abs)        0091B
_OSCEN                                       (abs)        0091D
_OSCFRQ                                      (abs)        0091F
_OSCILLATOR_Initialize                       text97       03426
_OSCTUNE                                     (abs)        0091E
_PIE0bits                                    (abs)        00090
_PIN_MANAGER_Initialize                      text96       02E29
_PIR0bits                                    (abs)        00010
_PIR1bits                                    (abs)        00011
_PIR2bits                                    (abs)        00012
_PLLR                                        (abs)        048E0
_PORTAbits                                   (abs)        0000C
_PORTBbits                                   (abs)        0000D
_PORTCbits                                   (abs)        0000E
_PPSLOCK                                     (abs)        00E0F
_PPSLOCKbits                                 (abs)        00E0F
_PR2                                         (abs)        0001E
_PR4                                         (abs)        00416
_PWM1_Initialize                             text95       0344F
_PWM1_LoadDutyValue                          text101      03580
_PWM2_Initialize                             text94       0345A
_PWM2_LoadDutyValue                          text100      03596
_PWM5CON                                     (abs)        00619
_PWM5DCH                                     (abs)        00618
_PWM5DCL                                     (abs)        00617
_PWM5_Initialize                             text93       0347B
_PWM5_LoadDutyValue                          text99       035AC
_PWM6CON                                     (abs)        0061C
_PWM6DCH                                     (abs)        0061B
_PWM6DCL                                     (abs)        0061A
_PWM6_Initialize                             text92       03487
_PWM6_LoadDutyValue                          text98       035C2
_PWMTMRSbits                                 (abs)        0061F
_RB6PPSbits                                  (abs)        00E9E
_RC0PPSbits                                  (abs)        00EA0
_RC1PPSbits                                  (abs)        00EA1
_RC2PPSbits                                  (abs)        00EA2
_RC3PPSbits                                  (abs)        00EA3
_RC4PPSbits                                  (abs)        00EA4
_SPI1_Exchange8bit                           text81       03414
_SPI1_Exchange8bitBuffer                     text80       02D35
_SPI1_Initialize                             text91       03404
_SSP1ADD                                     (abs)        00212
_SSP1BUF                                     (abs)        00211
_SSP1CLKPPSbits                              (abs)        00E20
_SSP1CON1                                    (abs)        00215
_SSP1CON1bits                                (abs)        00215
_SSP1DATPPSbits                              (abs)        00E21
_SSP1STAT                                    (abs)        00214
_SSP1STATbits                                (abs)        00214
_SYSTEM_Initialize                           text82       036E9
_Shot_Index                                  bssCOMMON    0007C
_Shot_Options                                dataBANK3    001D1
_Shot_Options_Long                           dataBANK5    002DE
_Slot_Wheel                                  dataBANK6    00320
_T0CON0                                      (abs)        00017
_T0CON0bits                                  (abs)        00017
_T0CON1                                      (abs)        00018
_T2CON                                       (abs)        0001F
_T2CONbits                                   (abs)        0001F
_T4CON                                       (abs)        00417
_T4CONbits                                   (abs)        00417
_TMR0H                                       (abs)        00016
_TMR0L                                       (abs)        00015
_TMR0_CallBack                               text104      03444
_TMR0_DefaultInterruptHandler                text105      00800
_TMR0_ISR                                    text103      034AB
_TMR0_Initialize                             text88       0368F
_TMR0_InterruptHandler                       bssBANK1     000BE
_TMR0_Read16bitTimer                         text74       03672
_TMR0_SetInterruptHandler                    text90       033EC
_TMR0_StartTimer                             text89       033D9
_TMR2                                        (abs)        0001D
_TMR2_Initialize                             text86       03430
_TMR2_StartTimer                             text87       033DC
_TMR4                                        (abs)        00415
_TMR4_Initialize                             text84       03465
_TMR4_StartTimer                             text85       033DF
_TRISA                                       (abs)        0008C
_TRISB                                       (abs)        0008D
_TRISC                                       (abs)        0008E
_WDTCON                                      (abs)        00097
_WDT_Initialize                              text83       033E8
_WPUA                                        (abs)        0020C
_WPUB                                        (abs)        0020D
_WPUC                                        (abs)        0020E
__CFG_BOREN$ON                               (abs)        00000
__CFG_BORV$LOW                               (abs)        00000
__CFG_CLKOUTEN$OFF                           (abs)        00000
__CFG_CP$OFF                                 (abs)        00000
__CFG_CPD$OFF                                (abs)        00000
__CFG_CSWEN$ON                               (abs)        00000
__CFG_DEBUG$OFF                              (abs)        00000
__CFG_FCMEN$ON                               (abs)        00000
__CFG_FEXTOSC$OFF                            (abs)        00000
__CFG_LPBOREN$OFF                            (abs)        00000
__CFG_LVP$ON                                 (abs)        00000
__CFG_MCLRE$ON                               (abs)        00000
__CFG_PPS1WAY$ON                             (abs)        00000
__CFG_PWRTE$OFF                              (abs)        00000
__CFG_RSTOSC$HFINT32                         (abs)        00000
__CFG_STVREN$ON                              (abs)        00000
__CFG_WDTE$OFF                               (abs)        00000
__CFG_WRT$OFF                                (abs)        00000
__Habs1                                      abs1         00000
__Hbank0                                     bank0        00000
__Hbank1                                     bank1        00000
__Hbank10                                    bank10       00000
__Hbank11                                    bank11       00000
__Hbank12                                    bank12       00000
__Hbank13                                    bank13       00000
__Hbank14                                    bank14       00000
__Hbank15                                    bank15       00000
__Hbank16                                    bank16       00000
__Hbank17                                    bank17       00000
__Hbank18                                    bank18       00000
__Hbank19                                    bank19       00000
__Hbank2                                     bank2        00000
__Hbank20                                    bank20       00000
__Hbank21                                    bank21       00000
__Hbank22                                    bank22       00000
__Hbank23                                    bank23       00000
__Hbank24                                    bank24       00000
__Hbank25                                    bank25       00000
__Hbank26                                    bank26       00000
__Hbank27                                    bank27       00000
__Hbank28                                    bank28       00000
__Hbank29                                    bank29       00000
__Hbank3                                     bank3        00000
__Hbank30                                    bank30       00000
__Hbank31                                    bank31       00000
__Hbank4                                     bank4        00000
__Hbank5                                     bank5        00000
__Hbank6                                     bank6        00000
__Hbank7                                     bank7        00000
__Hbank8                                     bank8        00000
__Hbank9                                     bank9        00000
__Hbigram                                    bigram       00000
__HbssBANK1                                  bssBANK1     00000
__HbssBANK11                                 bssBANK11    00000
__HbssBANK2                                  bssBANK2     00000
__HbssBANK3                                  bssBANK3     00000
__HbssBANK5                                  bssBANK5     00000
__HbssBANK9                                  bssBANK9     00000
__HbssCOMMON                                 bssCOMMON    00000
__Hcinit                                     cinit        000E5
__Hclrtext                                   clrtext      00000
__Hcode                                      code         00000
__Hcommon                                    common       00000
__Hconfig                                    config       0800B
__HcstackBANK0                               cstackBANK0  00000
__HcstackBANK1                               cstackBANK1  00000
__HcstackCOMMON                              cstackCOMMON 00000
__HdataBANK1                                 dataBANK1    00000
__HdataBANK10                                dataBANK10   00000
__HdataBANK2                                 dataBANK2    00000
__HdataBANK3                                 dataBANK3    00000
__HdataBANK4                                 dataBANK4    00000
__HdataBANK5                                 dataBANK5    00000
__HdataBANK6                                 dataBANK6    00000
__HdataBANK7                                 dataBANK7    00000
__HdataBANK8                                 dataBANK8    00000
__Heeprom_data                               eeprom_data  00000
__Hend_init                                  end_init     00018
__Hfunctab                                   functab      00000
__HidataBANK1                                idataBANK1   00000
__HidataBANK10                               idataBANK10  00000
__HidataBANK2                                idataBANK2   00000
__HidataBANK3                                idataBANK3   00000
__HidataBANK4                                idataBANK4   00000
__HidataBANK5                                idataBANK5   00000
__HidataBANK6                                idataBANK6   00000
__HidataBANK7                                idataBANK7   00000
__HidataBANK8                                idataBANK8   00000
__HidataBIGRAM                               idataBIGRAM  00000
__Hidloc                                     idloc        00000
__Hinit                                      init         00016
__Hinittext                                  inittext     00000
__Hintentry                                  intentry     00016
__Hmaintext                                  maintext     00000
__Hpowerup                                   powerup      00000
__Hram                                       ram          00000
__Hreset_vec                                 reset_vec    00002
__Hsfr0                                      sfr0         00000
__Hsfr1                                      sfr1         00000
__Hsfr10                                     sfr10        00000
__Hsfr11                                     sfr11        00000
__Hsfr12                                     sfr12        00000
__Hsfr13                                     sfr13        00000
__Hsfr14                                     sfr14        00000
__Hsfr15                                     sfr15        00000
__Hsfr16                                     sfr16        00000
[...]
Total ram usage:        4 bytes
 Hardware stack levels used:    1
 Hardware stack levels required when called:    4
 This function calls:
		Nothing
 This function is called by:
		_nullifyBadge_platformInit
		_fadeDisplay_Init
		_nullifyBadge_segDisplaySetBrightness
 This function uses a non-reentrant model


 *************** function _PWM2_LoadDutyValue *****************
 Defined at:
		line 80 in file "mcc_generated_files/pwm2.c"
 Parameters:    Size  Location     Type
  dutyValue       2    1[COMMON] unsigned int 
 Auto vars:     Size  Location     Type
		None
 Return value:  Size  Location     Type
                  1    wreg      void 
 Registers used:
		wreg, status,2
 Tracked objects:
		On entry : 
		On exit  : 
		Unchanged: 
 Data sizes:     COMMON   BANK0   BANK1   BANK2   BANK3   BANK4   BANK5   BANK6   BANK7   BANK8   BANK9  BANK10  BANK11  BANK12  BANK13  BANK14  BANK15  BANK16  BANK17  BANK18  BANK19  BANK20  BANK21  BANK22  BANK23  BANK24  BANK25
      Params:         2       0       0       0       0       0       0       0       0       0       0       0       0       0       0       0       0       0       0       0       0       0       0       0       0       0       0
      Locals:         0       0       0       0       0       0       0       0       0       0       0       0       0       0       0       0       0       0       0       0       0       0       0       0       0       0       0
      Temps:          0       0       0       0       0       0       0       0       0       0       0       0       0       0       0       0       0       0       0       0       0       0       0       0       0       0       0
      Totals:         2       0       0       0       0       0       0       0       0       0       0       0       0       0       0       0       0       0       0       0       0       0       0       0       0       0       0
Total ram usage:        2 bytes
 Hardware stack levels used:    1
 Hardware stack levels required when called:    4
 This function calls:
		Nothing
 This function is called by:
		_nullifyBadge_platformInit
 This function uses a non-reentrant model


 *************** function _PWM1_LoadDutyValue *****************
 Defined at:
		line 80 in file "mcc_generated_files/pwm1.c"
 Parameters:    Size  Location     Type
  dutyValue       2    1[COMMON] unsigned int 
 Auto vars:     Size  Location     Type
		None
 Return value:  Size  Location     Type
                  1    wreg      void 
 Registers used:
		wreg, status,2
 Tracked objects:
		On entry : 
		On exit  : 
		Unchanged: 
 Data sizes:     COMMON   BANK0   BANK1   BANK2   BANK3   BANK4   BANK5   BANK6   BANK7   BANK8   BANK9  BANK10  BANK11  BANK12  BANK13  BANK14  BANK15  BANK16  BANK17  BANK18  BANK19  BANK20  BANK21  BANK22  BANK23  BANK24  BANK25
      Params:         2       0       0       0       0       0       0       0       0       0       0       0       0       0       0       0       0       0       0       0       0       0       0       0       0       0       0
      Locals:         0       0       0       0       0       0       0       0       0       0       0       0       0       0       0       0       0       0       0       0       0       0       0       0       0       0       0
      Temps:          0       0       0       0       0       0       0       0       0       0       0       0       0       0       0       0       0       0       0       0       0       0       0       0       0       0       0
      Totals:         2       0       0       0       0       0       0       0       0       0       0       0       0       0       0       0       0       0       0       0       0       0       0       0       0       0       0
Total ram usage:        2 bytes
 Hardware stack levels used:    1
 Hardware stack levels required when called:    4
 This function calls:
		Nothing
 This function is called by:
		_nullifyBadge_platformInit
 This function uses a non-reentrant model


 *************** function _INTERRUPT_InterruptManager *****************
 Defined at:
		line 51 in file "mcc_generated_files/interrupt_manager.c"
 Parameters:    Size  Location     Type
		None
 Auto vars:     Size  Location     Type
		None
 Return value:  Size  Location     Type
                  1    wreg      void 
 Registers used:
		wreg, status,2, status,0, pclath, cstack
 Tracked objects:
		On entry : 
		On exit  : 
		Unchanged: 
 Data sizes:     COMMON   BANK0   BANK1   BANK2   BANK3   BANK4   BANK5   BANK6   BANK7   BANK8   BANK9  BANK10  BANK11  BANK12  BANK13  BANK14  BANK15  BANK16  BANK17  BANK18  BANK19  BANK20  BANK21  BANK22  BANK23  BANK24  BANK25
      Params:         0       0       0       0       0       0       0       0       0       0       0       0       0       0       0       0       0       0       0       0       0       0       0       0       0       0       0
      Locals:         0       0       0       0       0       0       0       0       0       0       0       0       0       0       0       0       0       0       0       0       0       0       0       0       0       0       0
      Temps:          1       0       0       0       0       0       0       0       0       0       0       0       0       0       0       0       0       0       0       0       0       0       0       0       0       0       0
      Totals:         1       0       0       0       0       0       0       0       0       0       0       0       0       0       0       0       0       0       0       0       0       0       0       0       0       0       0
Total ram usage:        1 bytes
 Hardware stack levels used:    1
 Hardware stack levels required when called:    3
 This function calls:
		_TMR0_ISR
 This function is called by:
		Interrupt level 1
 This function uses a non-reentrant model


 *************** function _TMR0_ISR *****************
 Defined at:
		line 136 in file "mcc_generated_files/tmr0.c"
 Parameters:    Size  Location     Type
		None
 Auto vars:     Size  Location     Type
		None
 Return value:  Size  Location     Type
                  1    wreg      void 
 Registers used:
		wreg, status,2, status,0, pclath, cstack
 Tracked objects:
		On entry : 
		On exit  : 
		Unchanged: 
 Data sizes:     COMMON   BANK0   BANK1   BANK2   BANK3   BANK4   BANK5   BANK6   BANK7   BANK8   BANK9  BANK10  BANK11  BANK12  BANK13  BANK14  BANK15  BANK16  BANK17  BANK18  BANK19  BANK20  BANK21  BANK22  BANK23  BANK24  BANK25
      Params:         0       0       0       0       0       0       0       0       0       0       0       0       0       0       0       0       0       0       0       0       0       0       0       0       0       0       0
      Locals:         0       0       0       0       0       0       0       0       0       0       0       0       0       0       0       0       0       0       0       0       0       0       0       0       0       0       0
      Temps:          0       0       0       0       0       0       0       0       0       0       0       0       0       0       0       0       0       0       0       0       0       0       0       0       0       0       0
      Totals:         0       0       0       0       0       0       0       0       0       0       0       0       0       0       0       0       0       0       0       0       0       0       0       0       0       0       0
Total ram usage:        0 bytes
 Hardware stack levels used:    1
 Hardware stack levels required when called:    2
 This function calls:
		_TMR0_CallBack
 This function is called by:
		_INTERRUPT_InterruptManager
 This function uses a non-reentrant model


 *************** function _TMR0_CallBack *****************
 Defined at:
		line 151 in file "mcc_generated_files/tmr0.c"
 Parameters:    Size  Location     Type
		None
 Auto vars:     Size  Location     Type
		None
 Return value:  Size  Location     Type
                  1    wreg      void 
 Registers used:
		wreg, status,2, status,0, pclath, cstack
 Tracked objects:
		On entry : 
		On exit  : 
		Unchanged: 
 Data sizes:     COMMON   BANK0   BANK1   BANK2   BANK3   BANK4   BANK5   BANK6   BANK7   BANK8   BANK9  BANK10  BANK11  BANK12  BANK13  BANK14  BANK15  BANK16  BANK17  BANK18  BANK19  BANK20  BANK21  BANK22  BANK23  BANK24  BANK25
      Params:         0       0       0       0       0       0       0       0       0       0       0       0       0       0       0       0       0       0       0       0       0       0       0       0       0       0       0
      Locals:         0       0       0       0       0       0       0       0       0       0       0       0       0       0       0       0       0       0       0       0       0       0       0       0       0       0       0
      Temps:          0       0       0       0       0       0       0       0       0       0       0       0       0       0       0       0       0       0       0       0       0       0       0       0       0       0       0
      Totals:         0       0       0       0       0       0       0       0       0       0       0       0       0       0       0       0       0       0       0       0       0       0       0       0       0       0       0
Total ram usage:        0 bytes
 Hardware stack levels used:    1
 Hardware stack levels required when called:    1
 This function calls:
		Absolute function
		_TMR0_DefaultInterruptHandler
 This function is called by:
		_TMR0_ISR
 This function uses a non-reentrant model


 *************** function _TMR0_DefaultInterruptHandler *****************
 Defined at:
		line 165 in file "mcc_generated_files/tmr0.c"
 Parameters:    Size  Location     Type
		None
 Auto vars:     Size  Location     Type
		None
 Return value:  Size  Location     Type
                  1    wreg      void 
 Registers used:
		None
 Tracked objects:
		On entry : 
		On exit  : 
		Unchanged: 
 Data sizes:     COMMON   BANK0   BANK1   BANK2   BANK3   BANK4   BANK5   BANK6   BANK7   BANK8   BANK9  BANK10  BANK11  BANK12  BANK13  BANK14  BANK15  BANK16  BANK17  BANK18  BANK19  BANK20  BANK21  BANK22  BANK23  BANK24  BANK25
      Params:         0       0       0       0       0       0       0       0       0       0       0       0       0       0       0       0       0       0       0       0       0       0       0       0       0       0       0
      Locals:         0       0       0       0       0       0       0       0       0       0       0       0       0       0       0       0       0       0       0       0       0       0       0       0       0       0       0
      Temps:          0       0       0       0       0       0       0       0       0       0       0       0       0       0       0       0       0       0       0       0       0       0       0       0       0       0       0
      Totals:         0       0       0       0       0       0       0       0       0       0       0       0       0       0       0       0       0       0       0       0       0       0       0       0       0       0       0
Total ram usage:        0 bytes
 Hardware stack levels used:    1
 This function calls:
		Nothing
 This function is called by:
		_TMR0_Initialize
		_TMR0_CallBack
 This function uses a non-reentrant model



MODULE INFORMATION

Module		Function		Class		Link	Load	Size
/Applications/microchip/xc8/v1.42/sources/common/isdigit.c
		_isdigit       		CODE           	34B8	0000	15

/Applications/microchip/xc8/v1.42/sources/common/isdigit.c estimated size: 15

flashy_task.c
		_flashy_display_option		CODE           	1A00	0000	96
		_flashy_Main   		CODE           	0819	0000	2024
		_flashy_Init   		CODE           	0764	0000	151

flashy_task.c estimated size: 2271

mcc_generated_files/pwm6.c
		_PWM6_LoadDutyValue		CODE           	35C2	0000	23
		_PWM6_Initialize		CODE           	3487	0000	13

mcc_generated_files/pwm6.c estimated size: 36

mcc_generated_files/tmr4.c
		_TMR4_Initialize		CODE           	3465	0000	12
		_TMR4_StartTimer		CODE           	33DF	0000	4

mcc_generated_files/tmr4.c estimated size: 16

nullifyBadge.c
		_nullifyBadge_segDisplayErase		CODE           	33FE	0000	7
		_nullifyBadge_segDisplayPutStr		CODE           	343A	0000	11
		_nullifyBadge_userLedsClr		CODE           	07FA	0000	7
		_nullifyBadge_irTxClr		CODE           	33E2	0000	4
		_nullifyBadge_buttonsGet		CODE           	28A5	0000	50
		_nullifyBadge_segDisplayForceUpdate		CODE           	33F8	0000	7
		_nullifyBadge_irTxSet		CODE           	33E5	0000	4
		_nullifyBadge_segDisplayRegister		CODE           	340C	0000	9
		_nullifyBadge_irGet		CODE           	2000	0000	6
		_nullifyBadge_userLedsRegister		CODE           	34E3	0000	16
		_nullifyBadge_irTxRelease		CODE           	3470	0000	12
		_nullifyBadge_platformInit		CODE           	2005	0000	86
		_nullifyBadge_irTxRegister		CODE           	34D4	0000	16
		_nullifyBadge_userLedsSet		CODE           	3513	0000	18

nullifyBadge.c estimated size: 253

/Applications/microchip/xc8/v1.42/sources/common/Umul16.c
		___wmul        		CODE           	3620	0000	28

/Applications/microchip/xc8/v1.42/sources/common/Umul16.c estimated size: 28

mcc_generated_files/tmr2.c
		_TMR2_Initialize		CODE           	3430	0000	11
		_TMR2_StartTimer		CODE           	33DC	0000	4

mcc_generated_files/tmr2.c estimated size: 15

mcc_generated_files/interrupt_manager.c
		_INTERRUPT_InterruptManager		CODE           	0004	0000	19

mcc_generated_files/interrupt_manager.c estimated size: 19

mcc_generated_files/pwm2.c
		_PWM2_Initialize		CODE           	345A	0000	12
		_PWM2_LoadDutyValue		CODE           	3596	0000	23

mcc_generated_files/pwm2.c estimated size: 35

mcc_generated_files/tmr0.c
		_TMR0_SetInterruptHandler		CODE           	33EC	0000	7
		_TMR0_DefaultInterruptHandler		CODE           	0800	0000	2
		_TMR0_CallBack 		CODE           	3444	0000	12
		_TMR0_StartTimer		CODE           	33D9	0000	4
		_TMR0_Read16bitTimer		CODE           	3672	0000	30
		_TMR0_ISR      		CODE           	34AB	0000	14
		_TMR0_Initialize		CODE           	368F	0000	31

mcc_generated_files/tmr0.c estimated size: 100

mcc_generated_files/pin_manager.c
		_PIN_MANAGER_Initialize		CODE           	2E29	0000	86

mcc_generated_files/pin_manager.c estimated size: 86

menu_task.c
		_menu_Init     		CODE           	2F3B	0000	99
		_menu_display_option		CODE           	2ED9	0000	99
		_menu_Main     		CODE           	1E09	0000	504
		_menu_run_option		CODE           	2CEB	0000	75
		_menu_clear    		CODE           	2C5C	0000	72

menu_task.c estimated size: 849

mcc_generated_files/spi1.c
		_SPI1_Initialize		CODE           	3404	0000	9
		_SPI1_Exchange8bitBuffer		CODE           	2D35	0000	79
		_SPI1_Exchange8bit		CODE           	3414	0000	10

mcc_generated_files/spi1.c estimated size: 98

secret_task.c
		_secret_Main   		CODE           	2643	0000	446
		_secret_Init   		CODE           	2E7E	0000	92
		_secret_check  		CODE           	1028	0000	188
		_secret_clear  		CODE           	2908	0000	51

secret_task.c estimated size: 777

/Applications/microchip/xc8/v1.42/sources/common/lwmod.c
		___lwmod       		CODE           	37A4	0000	46

/Applications/microchip/xc8/v1.42/sources/common/lwmod.c estimated size: 46

nullifyBadge_displayL2.c
		_displayL2_EraseSegDisplay		CODE           	34F2	0000	17
		_displayL2_ForceUpdate		CODE           	33F2	0000	7
		_displayL2_PutStr		CODE           	377A	0000	43
		_displayL2_PutChar		CODE           	2D83	0000	83
		_displayL2_Initialize		CODE           	372E	0000	39
		_displayL2_ClrUserLeds		CODE           	34C6	0000	15
		_displayL2_SetUserLeds		CODE           	36CB	0000	31

nullifyBadge_displayL2.c estimated size: 235

/Applications/microchip/xc8/v1.42/sources/common/Umul32.c
		___lmul        		CODE           	28D6	0000	51

/Applications/microchip/xc8/v1.42/sources/common/Umul32.c estimated size: 51

/Applications/microchip/xc8/v1.42/sources/common/almod.c
		___almod       		CODE           	2123	0000	111

/Applications/microchip/xc8/v1.42/sources/common/almod.c estimated size: 111

locked_task.c
		_locked_Main   		CODE           	1C2C	0000	478
		_locked_Init   		CODE           	2F9D	0000	100
		_locked_clear  		CODE           	2B4B	0000	67
		_locked_lock_leds		CODE           	3606	0000	27
		_locked_get_unlock_leds		CODE           	0801	0000	25
		_locked_get_lock_leds		CODE           	370A	0000	37
		_locked_unlock_leds		CODE           	3547	0000	19

locked_task.c estimated size: 753

shared
		_dpowers       		STRCODE        	2800	0000	11
		_gamma_table_256x1k		STRCODE        	1800	0000	513
		__initialization		CODE           	0018	0000	202

shared estimated size: 726

mcc_generated_files/pwm5.c
		_PWM5_LoadDutyValue		CODE           	35AC	0000	23
		_PWM5_Initialize		CODE           	347B	0000	13

mcc_generated_files/pwm5.c estimated size: 36

/Applications/microchip/xc8/v1.42/sources/common/rand.c
		_rand          		CODE           	2B8D	0000	68

/Applications/microchip/xc8/v1.42/sources/common/rand.c estimated size: 68

/Applications/microchip/xc8/v1.42/sources/common/strlen.c
		_strlen        		CODE           	36AD	0000	31

/Applications/microchip/xc8/v1.42/sources/common/strlen.c estimated size: 31

mcc_generated_files/mcc.c
		_WDT_Initialize		CODE           	33E8	0000	5
		_OSCILLATOR_Initialize		CODE           	3426	0000	11
		_SYSTEM_Initialize		CODE           	36E9	0000	34

mcc_generated_files/mcc.c estimated size: 50

cooperative_scheduler.c
		_scheduler_TaskInit		CODE           	2A15	0000	58
		_scheduler_TaskAdd		CODE           	22EC	0000	123
		_schedulerExecute		CODE           	2366	0000	133
		_scheduler_Init		CODE           	363B	0000	28
		_scheduler_TaskRun		CODE           	2884	0000	34

cooperative_scheduler.c estimated size: 376

/Applications/microchip/xc8/v1.42/sources/common/memset.c
		_memset        		CODE           	35EE	0000	25

/Applications/microchip/xc8/v1.42/sources/common/memset.c estimated size: 25

mcc_generated_files/pwm1.c
		_PWM1_Initialize		CODE           	344F	0000	12
		_PWM1_LoadDutyValue		CODE           	3580	0000	23

mcc_generated_files/pwm1.c estimated size: 35

/Applications/microchip/xc8/v1.42/sources/common/lwdiv.c
		___lwdiv       		CODE           	293A	0000	53

/Applications/microchip/xc8/v1.42/sources/common/lwdiv.c estimated size: 53

matrix_task.c
		_matrix_display_option		CODE           	2191	0000	114
		_matrix_secret_check		CODE           	2488	0000	188
		_matrix_Main   		CODE           	10E3	0000	1822
		_matrix_Init   		CODE           	23EA	0000	159

matrix_task.c estimated size: 2283

/Applications/microchip/xc8/v1.42/sources/common/doprnt.c
		_sprintf       		CODE           	1A5F	0000	462

/Applications/microchip/xc8/v1.42/sources/common/doprnt.c estimated size: 462

main.c
		_marquee       		CODE           	2275	0000	120
		_main          		CODE           	0661	0000	260
		_let_alternate 		CODE           	356C	0000	21
		_led_Parody    		CODE           	20BE	0000	102
		_led_roundabout		CODE           	2B0A	0000	66
		_led_circle    		CODE           	341D	0000	10
		_led_rand      		CODE           	2CA3	0000	73
		_marquee_speedy		CODE           	2202	0000	116
		_led_curtain   		CODE           	2AC9	0000	66

main.c estimated size: 834

/Applications/microchip/xc8/v1.42/sources/common/Umul8.c
		___bmul        		CODE           	3524	0000	18

/Applications/microchip/xc8/v1.42/sources/common/Umul8.c estimated size: 18

slot_task.c
		_slot_Init     		CODE           	205A	0000	101
		_slot_Finished_Animation		CODE           	1001	0000	40
		_slot_Running_Animation		CODE           	2BD0	0000	71
		_slot_Setup    		CODE           	2DD5	0000	85
		_slot_Main     		CODE           	00E5	0000	1405

slot_task.c estimated size: 1702

nullifyBadge_displayL1.c
		_displayL1_SetUserLed		CODE           	3535	0000	19
		_displayL1_SetSegChar		CODE           	2A88	0000	66
		_displayL1_Update		CODE           	3502	0000	18
		_displayL1_Initialize		CODE           	3559	0000	20
		_displayCharReverse		CODE           	37D1	0000	48

nullifyBadge_displayL1.c estimated size: 171

