Microchip MPLAB XC8 Compiler V1.42 ()

Linker command line:

-W-3 --edf=/Applications/microchip/xc8/v1.42/dat/en_msgs.txt -cs \
  -h+dist/default/production/defcon25.production.sym \
  --cmf=dist/default/production/defcon25.production.cmf -z -Q16LF18346 \
  -o/tmp/xcJA8BQOH -Mdist/default/production/defcon25.production.map -E1 \
  -ver=XC8 -ASTACK=0224Eh-026efh -pstack=STACK -ACODE=00h-07FFhx8 \
  -ASTRCODE=00h-03FFFh -ASTRING=00h-0FFhx64 -ACONST=00h-0FFhx64 \
  -AENTRY=00h-0FFhx64 -ACOMMON=070h-07Fh -ABANK0=020h-06Fh \
  -ABANK1=0A0h-0EFh -ABANK2=0120h-016Fh -ABANK3=01A0h-01EFh \
  -ABANK4=0220h-026Fh -ABANK5=02A0h-02EFh -ABANK6=0320h-036Fh \
  -ABANK7=03A0h-03EFh -ABANK8=0420h-046Fh -ABANK9=04A0h-04EFh \
  -ABANK10=0520h-056Fh -ABANK11=05A0h-05EFh -ABANK12=0620h-066Fh \
  -ABANK13=06A0h-06EFh -ABANK14=0720h-076Fh -ABANK15=07A0h-07EFh \
  -ABANK16=0820h-086Fh -ABANK17=08A0h-08EFh -ABANK18=0920h-096Fh \
  -ABANK19=09A0h-09EFh -ABANK20=0A20h-0A6Fh -ABANK21=0AA0h-0AEFh \
  -ABANK22=0B20h-0B6Fh -ABANK23=0BA0h-0BEFh -ABANK24=0C20h-0C6Fh \
  -ABANK25=0CA0h-0CBFh -ABIGRAM=02000h-027EFh \
  -ARAM=020h-06Fh,0A0h-0EFh,0120h-016Fh,01A0h-01EFh,0220h-026Fh,02A0h-02EFh,0320h-036Fh,03A0h-03EFh,0420h-046Fh,04A0h-04EFh,0520h-056Fh,05A0h-05EFh,0620h-066Fh,06A0h-06EFh,0720h-076Fh,07A0h-07EFh,0820h-086Fh,08A0h-08EFh,0920h-096Fh,09A0h-09EFh,0A20h-0A6Fh,0AA0h-0AEFh,0B20h-0B6Fh,0BA0h-0BEFh,0C20h-0C6Fh,0CA0h-0CBFh \
  -AABS1=020h-07Fh,0A0h-0EFh,0120h-016Fh,01A0h-01EFh,0220h-026Fh,02A0h-02EFh,0320h-036Fh,03A0h-03EFh,0420h-046Fh,04A0h-04EFh,0520h-056Fh,05A0h-05EFh,0620h-066Fh,06A0h-06EFh,0720h-076Fh,07A0h-07EFh,0820h-086Fh,08A0h-08EFh,0920h-096Fh,09A0h-09EFh,0A20h-0A6Fh,0AA0h-0AEFh,0B20h-0B6Fh,0BA0h-0BEFh,0C20h-0C6Fh,0CA0h-0CBFh \
  -ASFR0=00h-01Fh -ASFR1=080h-09Fh -ASFR2=0100h-011Fh -ASFR3=0180h-019Fh \
  -ASFR4=0200h-021Fh -ASFR5=0280h-029Fh -ASFR6=0300h-031Fh \
  -ASFR7=0380h-039Fh -ASFR8=0400h-041Fh -ASFR9=0480h-049Fh \
  -ASFR10=0500h-051Fh -ASFR11=0580h-059Fh -ASFR12=0600h-061Fh \
  -ASFR13=0680h-069Fh -ASFR14=0700h-071Fh -ASFR15=0780h-079Fh \
  -ASFR16=0800h-081Fh -ASFR17=0880h-089Fh -ASFR18=0900h-091Fh \
  -ASFR19=0980h-099Fh -ASFR20=0A00h-0A1Fh -ASFR21=0A80h-0A9Fh \
  -ASFR22=0B00h-0B1Fh -ASFR23=0B80h-0B9Fh -ASFR24=0C00h-0C1Fh \
  -ASFR25=0C80h-0C9Fh -ASFR26=0D00h-0D6Fh -ASFR27=0D80h-0DEFh \
  -ASFR28=0E00h-0E6Fh -ASFR29=0E80h-0EEFh -ASFR30=0F00h-0F6Fh \
  -ASFR31=0F80h-0FEFh -preset_vec=00h,intentry=04h,init,end_init \
  -ppowerup=CODE -pcinit=CODE -pfunctab=CODE -ACONFIG=08007h-0800Ah \
  -pconfig=CONFIG -DCONFIG=2 -AIDLOC=08000h-08003h -pidloc=IDLOC -DIDLOC=2 \
  -AEEDATA=00h-0FFh/0F000h -peeprom_data=EEDATA -DEEDATA=2 -DCODE=2 \
  -DSTRCODE=2 -DSTRING=2 -DCONST=2 -DENTRY=2 -k /tmp/xc3pXegG2.obj \
  dist/default/production/defcon25.production.obj 

Object code version is 3.11

Machine type is 16LF18346



                Name                               Link     Load   Length Selector   Space Scale
/tmp/xc3pXegG2.obj
                end_init                             16       16        2        8       0
                reset_vec                             0        0        2        0       0
                config                             8007     8007        4    1000E       0
dist/default/production/defcon25.production.obj
                cinit                                18       18       8F        8       0
                intentry                              4        4       12        8       0
                text96                                3        3        1        6       0
                text95                             2671     2671        B     4CE2       0
                text94                             26D8     26D8        D     4DB0       0
                text92                             27A5     27A5       16     4F4A       0
                text91                             27BB     27BB       16     4F76       0
                text90                             27D1     27D1       16     4FA2       0
                text89                             1202     1202       16     2404       0
                text88                             2649     2649        A     4C92       0
                text87                             1DE0     1DE0       55     3BC0       0
                text86                             267C     267C        B     4CF8       0
                text85                             2687     2687        B     4D0E       0
                text84                             26A8     26A8        C     4D50       0
                text83                             26B4     26B4        C     4D68       0
                text82                             2627     2627        8     4C4E       0
                text81                             2609     2609        6     4C12       0
                text80                             25F5     25F5        3     4BEA       0
                text79                             189C     189C       1E     3138       0
                text78                             25F8     25F8        3     4BF0       0
                text77                             2653     2653        A     4CA6       0
                text76                             25FB     25FB        3     4BF6       0
                text75                             2692     2692        B     4D24       0
                text74                              800      800        4        8       0
                text73                             1916     1916       21     322C       0
                text72                             2637     2637        9     4C6E       0
                text71                             1D40     1D40       4E     3A80       0
                text70                             275C     275C       11     4EB8       0
                text69                             1811     1811       1B     3022       0
                text68                             272C     272C       10     4E58       0
                text67                             1937     1937       23     326E       0
                text66                             1E35     1E35       55     3C6A       0
                text65                             1862     1862       1D     30C4       0
                text64                             1A9A     1A9A       34     3534       0
                text63                             19A9     19A9       2D     3352       0
                text62                             260F     260F        6     4C1E       0
                text61                             2615     2615        6     4C2A       0
                text60                             19D6     19D6       2F     33AC       0
                text59                             1BB5     1BB5       41     376A       0
                text58                             1D8E     1D8E       52     3B1C       0
                text57                             197F     197F       2A     32FE       0
                text56                             265D     265D        A     4CBA       0
                text55                             18BA     18BA       1E     3174       0
                text54                             1350     1350       77     26A0       0
                text53                             12DD     12DD       73     25BA       0
                text52                             1F3F     1F3F       5F     3E7E       0
                text51                             276D     276D       12     4EDA       0
                text50                             18D8     18D8       1E     31B0       0
                text49                             26E5     26E5        D     4DCA       0
                text48                             2640     2640        9     4C80       0
                text47                             1BF6     1BF6       41     37EC       0
                text46                             1A36     1A36       32     346C       0
                text45                             1CBA     1CBA       43     3974       0
                text44                             273C     273C       10     4E78       0
                text43                             1C37     1C37       41     386E       0
                text42                             2791     2791       14     4F22       0
                text41                             1A05     1A05       31     340A       0
                text40                             2604     2604        5     4C08       0
                text39                             25FE     25FE        3     4BFC       0
                text38                             270E     270E        F     4E1C       0
                text37                             269D     269D        B     4D3A       0
                text36                             2601     2601        3     4C02       0
                text35                             182C     182C       1B     3058       0
                text34                             26F2     26F2        E     4DE4       0
                text33                              61A      61A      151        8       0
                text32                             274C     274C       10     4E98       0
                text31                             261B     261B        6     4C36       0
                text30                             2700     2700        E     4E00       0
                text29                             2621     2621        6     4C42       0
                text28                             1C78     1C78       42     38F0       0
                text27                             195A     195A       25     32B4       0
                text26                             27E7     27E7       19     4FCE       0
                text25                             1847     1847       1B     308E       0
                text24                              7ED      7ED       13        8       0
                text23                             1F9E     1F9E       62     3F3C       0
                text22                              804      804       47     1008       0
                text21                             1B3E     1B3E       3A     367C       0
                text20                             1800     1800       11     2E00       0
                text19                             155B     155B       BB     2AB6       0
                text18                             1A68     1A68       32     34D0       0
                text17                             1443     1443       82     2886       0
                swtext1                            2093     2093        A     4126       0
                text16                              84B      84B      7B5     1096       0
                text15                               A7       A7      1EC        8       0
                text14                              293      293      1CA        8       0
                text13                              45D      45D      1BD        8       0
                text12                             18F6     18F6       20     31EC       0
                text11                             13C7     13C7       7C     278E       0
                text10                             187F     187F       1D     30FE       0
                text9                              262F     262F        8     4C5E       0
                text8                              271D     271D        F     4E3A       0
                text7                              1E8A     1E8A       5A     3D14       0
                text6                              14C5     14C5       96     298A       0
                text5                              1218     1218       62     2430       0
                text4                              127A     127A       63     24F4       0
                text3                              1EE4     1EE4       5B     3DC8       0
                text2                               76B      76B       82        8       0
                text1                              1B78     1B78       3D     36F0       0
                maintext                           1616     1616       EA     2C2C       0
                cstackBANK0                          20       20       50       20       1
                cstackCOMMON                         70       70        C       70       1
                cstackBANK1                          E6       E6        1       A0       1
                clrtext                            26C0     26C0        C     4D80       0
                inittext                           26CC     26CC        C     4D98       0
                bssBANK7                            3A0      3A0       1E      3A0       1
                dataBANK6                           320      320       38      320       1
                dataBANK5                           2A0      2A0       38      2A0       1
                bssBANK5                            2D8      2D8        E      2A0       1
                bssBANK4                            220      220       4C      220       1
                dataBANK3                           1A0      1A0       43      1A0       1
                dataBANK2                           159      159       12      120       1
                bssBANK2                            120      120       39      120       1
                dataBANK1                            DC       DC        A       A0       1
                bssBANK1                             A0       A0       3C       A0       1
                bssCOMMON                            7C       7C        1       70       1
                stringtext24                       289C     289C        4     5000       0
                stringtext23                       2897     2897        5     5000       0
                stringtext22                       2892     2892        5     5000       0
                stringtext21                       288D     288D        5     5000       0
                stringtext20                       2888     2888        5     5000       0
                stringtext19                       2883     2883        5     5000       0
                stringtext18                       287E     287E        5     5000       0
                stringtext17                       2879     2879        5     5000       0
                stringtext16                       2874     2874        5     5000       0
                stringtext15                       286E     286E        6     5000       0
                stringtext14                       2868     2868        6     5000       0
                stringtext13                       2862     2862        6     5000       0
                stringtext12                       285A     285A        8     5000       0
                stringtext11                       2851     2851        9     5000       0
                stringtext10                       2847     2847        A     5000       0
                stringtext9                        283A     283A        D     5000       0
                stringtext8                        2828     2828       12     5000       0
                stringtext7                        2815     2815       13     5000       0
                stringtext6                        2800     2800       15     5000       0
                stringtext5                        2077     2077       1C     4000       0
                stringtext4                        2055     2055       22     4000       0
                stringtext3                        2031     2031       24     4000       0
                stringtext2                        2000     2000       31     4000       0
                stringtext1                        1000     1000      200     2000       0
                idataBIGRAM                        1700     1700      100     2E00       0
                idataBANK6                         1ACE     1ACE       38     359C       0
                idataBANK5                         1B06     1B06       38     360C       0
                idataBANK3                         1CFD     1CFD       43     39FA       0
                idataBANK2                         277F     277F       12     4EFE       0
                idataBANK1                         2667     2667        A     4CCE       0

TOTAL           Name                               Link     Load   Length     Space
        CLASS   STACK          

        CLASS   CODE           
                end_init                             16       16        2         0
                cinit                                18       18       8F         0
                intentry                              4        4       12         0
                reset_vec                             0        0        2         0
                text96                                3        3        1         0
                text95                             2671     2671        B         0
                text94                             26D8     26D8        D         0
                text92                             27A5     27A5       16         0
                text91                             27BB     27BB       16         0
                text90                             27D1     27D1       16         0
                text89                             1202     1202       16         0
                text88                             2649     2649        A         0
                text87                             1DE0     1DE0       55         0
                text86                             267C     267C        B         0
                text85                             2687     2687        B         0
                text84                             26A8     26A8        C         0
                text83                             26B4     26B4        C         0
                text82                             2627     2627        8         0
                text81                             2609     2609        6         0
                text80                             25F5     25F5        3         0
                text79                             189C     189C       1E         0
                text78                             25F8     25F8        3         0
                text77                             2653     2653        A         0
                text76                             25FB     25FB        3         0
                text75                             2692     2692        B         0
                text74                              800      800        4         0
                text73                             1916     1916       21         0
                text72                             2637     2637        9         0
                text71                             1D40     1D40       4E         0
                text70                             275C     275C       11         0
                text69                             1811     1811       1B         0
                text68                             272C     272C       10         0
                text67                             1937     1937       23         0
                text66                             1E35     1E35       55         0
                text65                             1862     1862       1D         0
                text64                             1A9A     1A9A       34         0
                text63                             19A9     19A9       2D         0
                text62                             260F     260F        6         0
                text61                             2615     2615        6         0
                text60                             19D6     19D6       2F         0
                text59                             1BB5     1BB5       41         0
                text58                             1D8E     1D8E       52         0
                text57                             197F     197F       2A         0
                text56                             265D     265D        A         0
                text55                             18BA     18BA       1E         0
                text54                             1350     1350       77         0
                text53                             12DD     12DD       73         0
                text52                             1F3F     1F3F       5F         0
                text51                             276D     276D       12         0
                text50                             18D8     18D8       1E         0
                text49                             26E5     26E5        D         0
                text48                             2640     2640        9         0
                text47                             1BF6     1BF6       41         0
                text46                             1A36     1A36       32         0
                text45                             1CBA     1CBA       43         0
                text44                             273C     273C       10         0
                text43                             1C37     1C37       41         0
                text42                             2791     2791       14         0
                text41                             1A05     1A05       31         0
                text40                             2604     2604        5         0
                text39                             25FE     25FE        3         0
                text38                             270E     270E        F         0
                text37                             269D     269D        B         0
                text36                             2601     2601        3         0
                text35                             182C     182C       1B         0
                text34                             26F2     26F2        E         0
                text33                              61A      61A      151         0
                text32                             274C     274C       10         0
                text31                             261B     261B        6         0
                text30                             2700     2700        E         0
                text29                             2621     2621        6         0
                text28                             1C78     1C78       42         0
                text27                             195A     195A       25         0
                text26                             27E7     27E7       19         0
                text25                             1847     1847       1B         0
                text24                              7ED      7ED       13         0
                text23                             1F9E     1F9E       62         0
                text22                              804      804       47         0
                text21                             1B3E     1B3E       3A         0
                text20                             1800     1800       11         0
                text19                             155B     155B       BB         0
                text18                             1A68     1A68       32         0
                text17                             1443     1443       82         0
                text16                              84B      84B      7B5         0
                text15                               A7       A7      1EC         0
                text14                              293      293      1CA         0
                text13                              45D      45D      1BD         0
                text12                             18F6     18F6       20         0
                text11                             13C7     13C7       7C         0
                text10                             187F     187F       1D         0
                text9                              262F     262F        8         0
                text8                              271D     271D        F         0
                text7                              1E8A     1E8A       5A         0
                text6                              14C5     14C5       96         0
                text5                              1218     1218       62         0
                text4                              127A     127A       63         0
                text3                              1EE4     1EE4       5B         0
                text2                               76B      76B       82         0
                text1                              1B78     1B78       3D         0
                maintext                           1616     1616       EA         0
                clrtext                            26C0     26C0        C         0
                inittext                           26CC     26CC        C         0
                idataBIGRAM                        1700     1700      100         0
                idataBANK6                         1ACE     1ACE       38         0
                idataBANK5                         1B06     1B06       38         0
                idataBANK3                         1CFD     1CFD       43         0
                idataBANK2                         277F     277F       12         0
                idataBANK1                         2667     2667        A         0

        CLASS   STRCODE        
                stringtext24                       289C     289C        4         0
                stringtext23                       2897     2897        5         0
                stringtext22                       2892     2892        5         0
                stringtext21                       288D     288D        5         0
                stringtext20                       2888     2888        5         0
                stringtext19                       2883     2883        5         0
                stringtext18                       287E     287E        5         0
                stringtext17                       2879     2879        5         0
                stringtext16                       2874     2874        5         0
                stringtext15                       286E     286E        6         0
                stringtext14                       2868     2868        6         0
                stringtext13                       2862     2862        6         0
                stringtext12                       285A     285A        8         0
                stringtext11                       2851     2851        9         0
                stringtext10                       2847     2847        A         0
                stringtext9                        283A     283A        D         0
                stringtext8                        2828     2828       12         0
                stringtext7                        2815     2815       13         0
                stringtext6                        2800     2800       15         0
                stringtext5                        2077     2077       1C         0
                stringtext4                        2055     2055       22         0
                stringtext3                        2031     2031       24         0
                stringtext2                        2000     2000       31         0
                stringtext1                        1000     1000      200         0

        CLASS   STRING         

        CLASS   CONST          
                swtext1                            2093     2093        A         0

        CLASS   ENTRY          

        CLASS   COMMON         
                cstackCOMMON                         70       70        C         1
                bssCOMMON                            7C       7C        1         1

        CLASS   BANK0          
                cstackBANK0                          20       20       50         1

        CLASS   BANK1          
                cstackBANK1                          E6       E6        1         1
                dataBANK1                            DC       DC        A         1
                bssBANK1                             A0       A0       3C         1

        CLASS   BANK2          
                dataBANK2                           159      159       12         1
                bssBANK2                            120      120       39         1

        CLASS   BANK3          
                dataBANK3                           1A0      1A0       43         1

        CLASS   BANK4          
                bssBANK4                            220      220       4C         1

        CLASS   BANK5          
                dataBANK5                           2A0      2A0       38         1
                bssBANK5                            2D8      2D8        E         1

        CLASS   BANK6          
                dataBANK6                           320      320       38         1

        CLASS   BANK7          
                bssBANK7                            3A0      3A0       1E         1

        CLASS   BANK8          

        CLASS   BANK9          

        CLASS   BANK10         

        CLASS   BANK11         

        CLASS   BANK12         

        CLASS   BANK13         

        CLASS   BANK14         

        CLASS   BANK15         

        CLASS   BANK16         

        CLASS   BANK17         

        CLASS   BANK18         

        CLASS   BANK19         

        CLASS   BANK20         

        CLASS   BANK21         

        CLASS   BANK22         

        CLASS   BANK23         

        CLASS   BANK24         

        CLASS   BANK25         

        CLASS   BIGRAM         

        CLASS   RAM            

        CLASS   ABS1           
                abs_s1                               7E       7E        2         1
                abs_s1                              B30      B30       40         1
                abs_s1                              BA0      BA0       50         1
                abs_s1                              C20      C20       50         1
                abs_s1                              CA0      CA0       20         1
                abs_s1                             26F0     26F0        0         1

        CLASS   SFR0           

        CLASS   SFR1           

        CLASS   SFR2           

        CLASS   SFR3           

        CLASS   SFR4           

        CLASS   SFR5           

        CLASS   SFR6           

        CLASS   SFR7           

        CLASS   SFR8           

        CLASS   SFR9           

        CLASS   SFR10          

        CLASS   SFR11          

        CLASS   SFR12          

        CLASS   SFR13          

        CLASS   SFR14          

        CLASS   SFR15          

        CLASS   SFR16          

        CLASS   SFR17          

        CLASS   SFR18          

        CLASS   SFR19          

        CLASS   SFR20          

        CLASS   SFR21          

        CLASS   SFR22          

        CLASS   SFR23          

        CLASS   SFR24          

        CLASS   SFR25          

        CLASS   SFR26          

        CLASS   SFR27          

        CLASS   SFR28          

        CLASS   SFR29          

        CLASS   SFR30          

        CLASS   SFR31          

        CLASS   CONFIG         
                config                             8007     8007        4         0

        CLASS   IDLOC          

        CLASS   EEDATA         

        CLASS   BANK31         

        CLASS   BANK30         

        CLASS   BANK29         

        CLASS   BANK28         

        CLASS   BANK27         

        CLASS   BANK26         



SEGMENTS        Name                           Load    Length   Top    Selector   Space  Class     Delta

                reset_vec                      000000  000002  000002         0       0  CODE        2
                text96                         000003  000001  000004         6       0  CODE        2
                intentry                       000004  000800  000804         8       0  CODE        2
                cstackBANK0                    000020  000050  000070        20       1  BANK0       1
                cstackCOMMON                   000070  00000D  00007D        70       1  COMMON      1
                bssBANK1                       0000A0  000047  0000E7        A0       1  BANK1       1
                bssBANK2                       000120  00004B  00016B       120       1  BANK2       1
                dataBANK3                      0001A0  000043  0001E3       1A0       1  BANK3       1
                bssBANK4                       000220  00004C  00026C       220       1  BANK4       1
                dataBANK5                      0002A0  000046  0002E6       2A0       1  BANK5       1
                dataBANK6                      000320  000038  000358       320       1  BANK6       1
                bssBANK7                       0003A0  00001E  0003BE       3A0       1  BANK7       1
                text22                         000804  000047  00084B      1008       0  CODE        2
                text16                         00084B  0007B5  001000      1096       0  CODE        2
                stringtext1                    001000  000200  001200      2000       0  STRCODE     2
                text89                         001202  000016  001218      2404       0  CODE        2
                text5                          001218  000062  00127A      2430       0  CODE        2
                text4                          00127A  000063  0012DD      24F4       0  CODE        2
                text53                         0012DD  000073  001350      25BA       0  CODE        2
                text54                         001350  000077  0013C7      26A0       0  CODE        2
                text11                         0013C7  00007C  001443      278E       0  CODE        2
                text17                         001443  000082  0014C5      2886       0  CODE        2
                text6                          0014C5  000096  00155B      298A       0  CODE        2
                text19                         00155B  0000BB  001616      2AB6       0  CODE        2
                maintext                       001616  0000EA  001700      2C2C       0  CODE        2
                idataBIGRAM                    001700  000111  001811      2E00       0  CODE        2
                text69                         001811  00001B  00182C      3022       0  CODE        2
                text35                         00182C  00001B  001847      3058       0  CODE        2
                text25                         001847  00001B  001862      308E       0  CODE        2
                text65                         001862  00001D  00187F      30C4       0  CODE        2
                text10                         00187F  00001D  00189C      30FE       0  CODE        2
                text79                         00189C  00001E  0018BA      3138       0  CODE        2
                text55                         0018BA  00001E  0018D8      3174       0  CODE        2
                text50                         0018D8  00001E  0018F6      31B0       0  CODE        2
                text12                         0018F6  000020  001916      31EC       0  CODE        2
                text73                         001916  000021  001937      322C       0  CODE        2
                text67                         001937  000023  00195A      326E       0  CODE        2
                text27                         00195A  000025  00197F      32B4       0  CODE        2
                text57                         00197F  00002A  0019A9      32FE       0  CODE        2
                text63                         0019A9  00002D  0019D6      3352       0  CODE        2
                text60                         0019D6  00002F  001A05      33AC       0  CODE        2
                text41                         001A05  000031  001A36      340A       0  CODE        2
                text46                         001A36  000032  001A68      346C       0  CODE        2
                text18                         001A68  000032  001A9A      34D0       0  CODE        2
                text64                         001A9A  000034  001ACE      3534       0  CODE        2
                idataBANK6                     001ACE  000038  001B06      359C       0  CODE        2
                idataBANK5                     001B06  000038  001B3E      360C       0  CODE        2
                text21                         001B3E  00003A  001B78      367C       0  CODE        2
                text1                          001B78  00003D  001BB5      36F0       0  CODE        2
                text59                         001BB5  000041  001BF6      376A       0  CODE        2
                text47                         001BF6  000041  001C37      37EC       0  CODE        2
                text43                         001C37  000041  001C78      386E       0  CODE        2
                text28                         001C78  000042  001CBA      38F0       0  CODE        2
                text45                         001CBA  000043  001CFD      3974       0  CODE        2
                idataBANK3                     001CFD  000043  001D40      39FA       0  CODE        2
                text71                         001D40  00004E  001D8E      3A80       0  CODE        2
                text58                         001D8E  000052  001DE0      3B1C       0  CODE        2
                text87                         001DE0  000055  001E35      3BC0       0  CODE        2
                text66                         001E35  000055  001E8A      3C6A       0  CODE        2
                text7                          001E8A  00005A  001EE4      3D14       0  CODE        2
                text3                          001EE4  00005B  001F3F      3DC8       0  CODE        2
                text52                         001F3F  00005F  001F9E      3E7E       0  CODE        2
                text23                         001F9E  000062  002000      3F3C       0  CODE        2
                stringtext2                    002000  000093  002093      4000       0  STRCODE     2
                swtext1                        002093  00000A  00209D      4126       0  CONST       2
                text80                         0025F5  000003  0025F8      4BEA       0  CODE        2
                text78                         0025F8  000003  0025FB      4BF0       0  CODE        2
                text76                         0025FB  000003  0025FE      4BF6       0  CODE        2
                text39                         0025FE  000003  002601      4BFC       0  CODE        2
                text36                         002601  000003  002604      4C02       0  CODE        2
                text40                         002604  000005  002609      4C08       0  CODE        2
                text81                         002609  000006  00260F      4C12       0  CODE        2
                text62                         00260F  000006  002615      4C1E       0  CODE        2
                text61                         002615  000006  00261B      4C2A       0  CODE        2
                text31                         00261B  000006  002621      4C36       0  CODE        2
                text29                         002621  000006  002627      4C42       0  CODE        2
                text82                         002627  000008  00262F      4C4E       0  CODE        2
                text9                          00262F  000008  002637      4C5E       0  CODE        2
                text72                         002637  000009  002640      4C6E       0  CODE        2
                text48                         002640  000009  002649      4C80       0  CODE        2
                text88                         002649  00000A  002653      4C92       0  CODE        2
                text77                         002653  00000A  00265D      4CA6       0  CODE        2
                text56                         00265D  00000A  002667      4CBA       0  CODE        2
                idataBANK1                     002667  00000A  002671      4CCE       0  CODE        2
                text95                         002671  00000B  00267C      4CE2       0  CODE        2
                text86                         00267C  00000B  002687      4CF8       0  CODE        2
                text85                         002687  00000B  002692      4D0E       0  CODE        2
                text75                         002692  00000B  00269D      4D24       0  CODE        2
                text37                         00269D  00000B  0026A8      4D3A       0  CODE        2
                text84                         0026A8  00000C  0026B4      4D50       0  CODE        2
                text83                         0026B4  00000C  0026C0      4D68       0  CODE        2
                clrtext                        0026C0  00000C  0026CC      4D80       0  CODE        2
                inittext                       0026CC  00000C  0026D8      4D98       0  CODE        2
                text94                         0026D8  00000D  0026E5      4DB0       0  CODE        2
                text49                         0026E5  00000D  0026F2      4DCA       0  CODE        2
                text34                         0026F2  00000E  002700      4DE4       0  CODE        2
                text30                         002700  00000E  00270E      4E00       0  CODE        2
                text38                         00270E  00000F  00271D      4E1C       0  CODE        2
                text8                          00271D  00000F  00272C      4E3A       0  CODE        2
                text68                         00272C  000010  00273C      4E58       0  CODE        2
                text44                         00273C  000010  00274C      4E78       0  CODE        2
                text32                         00274C  000010  00275C      4E98       0  CODE        2
                text70                         00275C  000011  00276D      4EB8       0  CODE        2
                text51                         00276D  000012  00277F      4EDA       0  CODE        2
                idataBANK2                     00277F  000012  002791      4EFE       0  CODE        2
                text42                         002791  000014  0027A5      4F22       0  CODE        2
                text92                         0027A5  000016  0027BB      4F4A       0  CODE        2
                text91                         0027BB  000016  0027D1      4F76       0  CODE        2
                text90                         0027D1  000016  0027E7      4FA2       0  CODE        2
                text26                         0027E7  000019  002800      4FCE       0  CODE        2
                stringtext6                    002800  0000A0  0028A0      5000       0  STRCODE     2
                config                         008007  000004  00800B     1000E       0  CONFIG      2


UNUSED ADDRESS RANGES

        Name                Unused          Largest block    Delta
        BANK1            000E7-000EF               9           1
        BANK10           00520-0056F              50           1
        BANK11           005A0-005EF              50           1
        BANK12           00620-0066F              50           1
        BANK13           006A0-006EF              50           1
        BANK14           00720-0076F              50           1
        BANK15           007A0-007EF              50           1
        BANK16           00820-0086F              50           1
        BANK17           008A0-008EF              50           1
        BANK18           00920-0096F              50           1
        BANK19           009A0-009EF              50           1
        BANK2            0016B-0016F               5           1
        BANK20           00A20-00A6F              50           1
        BANK21           00AA0-00AEF              50           1
        BANK22           00B20-00B2F              10           1
        BANK3            001E3-001EF               D           1
        BANK4            0026C-0026F               4           1
        BANK5            002E6-002EF               A           1
        BANK6            00358-0036F              18           1
        BANK7            003BE-003EF              32           1
        BANK8            00420-0046F              50           1
        BANK9            004A0-004EF              50           1
        BIGRAM           02000-027EF             7F0           1
        CODE             00002-00002               1           2
                         01200-01201               2
                         0209D-025F4             558
                         028A0-03FFF             800
        COMMON           0007D-0007D               1           1
        CONST            00002-00002               1           2
                         01200-01201               2
                         0209D-025F4             100
                         028A0-03FFF             100
        EEDATA           0F000-0F0FF             100           2
        ENTRY            00002-00002               1           2
                         01200-01201               2
                         0209D-025F4             100
                         028A0-03FFF             100
        IDLOC            08000-08003               4           2
        RAM              000E7-000EF               9           1
                         0016B-0016F               5
                         001E3-001EF               D
                         0026C-0026F               4
                         002E6-002EF               A
                         00358-0036F              18
                         003BE-003EF              32
                         00420-0046F              50
                         004A0-004EF              50
                         00520-0056F              50
                         005A0-005EF              50
                         00620-0066F              50
                         006A0-006EF              50
                         00720-0076F              50
                         007A0-007EF              50
                         00820-0086F              50
                         008A0-008EF              50
                         00920-0096F              50
                         009A0-009EF              50
                         00A20-00A6F              50
                         00AA0-00AEF              50
                         00B20-00B2F              10
        SFR0             00000-0001F              20           1
        SFR1             00080-0009F              20           1
        SFR10            00500-0051F              20           1
        SFR11            00580-0059F              20           1
        SFR12            00600-0061F              20           1
        SFR13            00680-0069F              20           1
        SFR14            00700-0071F              20           1
        SFR15            00780-0079F              20           1
        SFR16            00800-0081F              20           1
        SFR17            00880-0089F              20           1
        SFR18            00900-0091F              20           1
        SFR19            00980-0099F              20           1
        SFR2             00100-0011F              20           1
        SFR20            00A00-00A1F              20           1
        SFR21            00A80-00A9F              20           1
        SFR22            00B00-00B1F              20           1
        SFR23            00B80-00B9F              20           1
        SFR24            00C00-00C1F              20           1
        SFR25            00C80-00C9F              20           1
        SFR26            00D00-00D6F              70           1
        SFR27            00D80-00DEF              70           1
        SFR28            00E00-00E6F              70           1
        SFR29            00E80-00EEF              70           1
        SFR3             00180-0019F              20           1
        SFR30            00F00-00F6F              70           1
        SFR31            00F80-00FEF              70           1
        SFR4             00200-0021F              20           1
        SFR5             00280-0029F              20           1
        SFR6             00300-0031F              20           1
        SFR7             00380-0039F              20           1
        SFR8             00400-0041F              20           1
        SFR9             00480-0049F              20           1
        STACK            0224E-026EF             4A2           1
        STRCODE          00002-00002               1           2
                         01200-01201               2
                         0209D-025F4             558
                         028A0-03FFF            1760
        STRING           00002-00002               1           2
                         01200-01201               2
                         0209D-025F4             100
                         028A0-03FFF             100

                                  Symbol Table

?_TMR0_Read16bitTimer                        cstackCOMMON 00071
?___lmul                                     cstackCOMMON 00071
?___lwdiv                                    cstackCOMMON 00071
?___lwmod                                    cstackBANK0  00020
?___wmul                                     cstackCOMMON 00071
?_displayCharReverse                         cstackCOMMON 00071
?_locked_get_lock_leds                       cstackCOMMON 00071
?_locked_get_unlock_leds                     cstackCOMMON 00071
?_rand                                       cstackBANK0  00024
?_sprintf                                    cstackBANK0  00024
?_strlen                                     cstackCOMMON 00071
PIN_MANAGER_Initialize@state                 cstackCOMMON 00071
PWM1_LoadDutyValue@dutyValue                 cstackCOMMON 00071
PWM2_LoadDutyValue@dutyValue                 cstackCOMMON 00071
PWM5_LoadDutyValue@dutyValue                 cstackCOMMON 00071
PWM6_LoadDutyValue@dutyValue                 cstackCOMMON 00071
SPI1_Exchange8bit@data                       cstackCOMMON 00071
SPI1_Exchange8bitBuffer@bufLen               cstackCOMMON 00072
SPI1_Exchange8bitBuffer@bytesWritten         cstackCOMMON 00078
SPI1_Exchange8bitBuffer@dataIn               cstackCOMMON 00077
SPI1_Exchange8bitBuffer@dataOut              cstackCOMMON 00073
TMR0_Read16bitTimer@readVal                  cstackCOMMON 00078
TMR0_Read16bitTimer@readValHigh              cstackCOMMON 0007B
TMR0_Read16bitTimer@readValLow               cstackCOMMON 0007A
TMR0_SetInterruptHandler@InterruptHandler    cstackCOMMON 00071
_ANSELA                                      (abs)        0018C
_ANSELB                                      (abs)        0018D
_ANSELC                                      (abs)        0018E
_CCP1CON                                     (abs)        00293
_CCP1CONbits                                 (abs)        00293
_CCP2CON                                     (abs)        00297
_CCP2CONbits                                 (abs)        00297
_CCPR1H                                      (abs)        00292
_CCPR1L                                      (abs)        00291
_CCPR2H                                      (abs)        00296
_CCPR2L                                      (abs)        00295
_CCPTMRSbits                                 (abs)        0029F
_FLASHY_TEXT_SECRET_TEST                     dataBANK1    000E2
_GIE                                         (abs)        0005F
_INTCONbits                                  (abs)        0000B
_INTERRUPT_InterruptManager                  intentry     00004
_LATA                                        (abs)        0010C
_LATB                                        (abs)        0010D
_LATBbits                                    (abs)        0010D
_LATC                                        (abs)        0010E
_LATCbits                                    (abs)        0010E
_NVMADRH                                     (abs)        00892
_NVMADRL                                     (abs)        00891
_NVMCON1bits                                 (abs)        00895
_NVMCON2                                     (abs)        00896
_NVMDATH                                     (abs)        00894
_NVMDATL                                     (abs)        00893
_ODCONA                                      (abs)        0028C
_ODCONB                                      (abs)        0028D
_ODCONC                                      (abs)        0028E
_OSCCON1                                     (abs)        00919
_OSCCON3                                     (abs)        0091B
_OSCEN                                       (abs)        0091D
_OSCFRQ                                      (abs)        0091F
_OSCILLATOR_Initialize                       text88       02649
_OSCTUNE                                     (abs)        0091E
_PIE0bits                                    (abs)        00090
_PIN_MANAGER_Initialize                      text87       01DE0
_PIR0bits                                    (abs)        00010
_PIR1bits                                    (abs)        00011
_PIR2bits                                    (abs)        00012
_PLLR                                        (abs)        048E0
_PORTAbits                                   (abs)        0000C
_PORTBbits                                   (abs)        0000D
_PORTCbits                                   (abs)        0000E
_PPSLOCK                                     (abs)        00E0F
_PPSLOCKbits                                 (abs)        00E0F
_PR2                                         (abs)        0001E
_PR4                                         (abs)        00416
_PWM1_Initialize                             text86       0267C
_PWM1_LoadDutyValue                          text92       027A5
_PWM2_Initialize                             text85       02687
_PWM2_LoadDutyValue                          text91       027BB
_PWM5CON                                     (abs)        00619
_PWM5DCH                                     (abs)        00618
_PWM5DCL                                     (abs)        00617
_PWM5_Initialize                             text84       026A8
_PWM5_LoadDutyValue                          text90       027D1
_PWM6CON                                     (abs)        0061C
_PWM6DCH                                     (abs)        0061B
_PWM6DCL                                     (abs)        0061A
_PWM6_Initialize                             text83       026B4
_PWM6_LoadDutyValue                          text89       01202
_PWMTMRSbits                                 (abs)        0061F
_RB6PPSbits                                  (abs)        00E9E
_RC0PPSbits                                  (abs)        00EA0
_RC1PPSbits                                  (abs)        00EA1
_RC2PPSbits                                  (abs)        00EA2
_RC3PPSbits                                  (abs)        00EA3
_RC4PPSbits                                  (abs)        00EA4
_SPI1_Exchange8bit                           text72       02637
_SPI1_Exchange8bitBuffer                     text71       01D40
_SPI1_Initialize                             text82       02627
_SSP1ADD                                     (abs)        00212
_SSP1BUF                                     (abs)        00211
_SSP1CLKPPSbits                              (abs)        00E20
_SSP1CON1                                    (abs)        00215
_SSP1CON1bits                                (abs)        00215
_SSP1DATPPSbits                              (abs)        00E21
_SSP1STAT                                    (abs)        00214
_SSP1STATbits                                (abs)        00214
_SYSTEM_Initialize                           text73       01916
_T0CON0                                      (abs)        00017
_T0CON0bits                                  (abs)        00017
_T0CON1                                      (abs)        00018
_T2CON                                       (abs)        0001F
_T2CONbits                                   (abs)        0001F
_T4CON                                       (abs)        00417
_T4CONbits                                   (abs)        00417
_TMR0H                                       (abs)        00016
_TMR0L                                       (abs)        00015
_TMR0_CallBack                               text95       02671
_TMR0_DefaultInterruptHandler                text96       00003
_TMR0_ISR                                    text94       026D8
_TMR0_Initialize                             text79       0189C
_TMR0_InterruptHandler                       bssBANK1     000B8
_TMR0_Read16bitTimer                         text65       01862
_TMR0_SetInterruptHandler                    text81       02609
_TMR0_StartTimer                             text80       025F5
_TMR2                                        (abs)        0001D
_TMR2_Initialize                             text77       02653
_TMR2_StartTimer                             text78       025F8
_TMR4                                        (abs)        00415
_TMR4_Initialize                             text75       02692
_TMR4_StartTimer                             text76       025FB
_TRISA                                       (abs)        0008C
_TRISB                                       (abs)        0008D
_TRISC                                       (abs)        0008E
_WDTCON                                      (abs)        00097
_WDT_Initialize                              text74       00800
_WPUA                                        (abs)        0020C
_WPUB                                        (abs)        0020D
_WPUC                                        (abs)        0020E
__CFG_BOREN$ON                               (abs)        00000
__CFG_BORV$LOW                               (abs)        00000
__CFG_CLKOUTEN$OFF                           (abs)        00000
__CFG_CP$OFF                                 (abs)        00000
__CFG_CPD$OFF                                (abs)        00000
__CFG_CSWEN$ON                               (abs)        00000
__CFG_DEBUG$OFF                              (abs)        00000
__CFG_FCMEN$ON                               (abs)        00000
__CFG_FEXTOSC$OFF                            (abs)        00000
__CFG_LPBOREN$OFF                            (abs)        00000
__CFG_LVP$ON                                 (abs)        00000
__CFG_MCLRE$ON                               (abs)        00000
__CFG_PPS1WAY$ON                             (abs)        00000
__CFG_PWRTE$OFF                              (abs)        00000
__CFG_RSTOSC$HFINT32                         (abs)        00000
__CFG_STVREN$ON                              (abs)        00000
__CFG_WDTE$OFF                               (abs)        00000
__CFG_WRT$OFF                                (abs)        00000
__Habs1                                      abs1         00000
__Hbank0                                     bank0        00000
__Hbank1                                     bank1        00000
__Hbank10                                    bank10       00000
__Hbank11                                    bank11       00000
__Hbank12                                    bank12       00000
__Hbank13                                    bank13       00000
__Hbank14                                    bank14       00000
__Hbank15                                    bank15       00000
__Hbank16                                    bank16       00000
__Hbank17                                    bank17       00000
__Hbank18                                    bank18       00000
__Hbank19                                    bank19       00000
__Hbank2                                     bank2        00000
__Hbank20                                    bank20       00000
__Hbank21                                    bank21       00000
__Hbank22                                    bank22       00000
__Hbank23                                    bank23       00000
__Hbank24                                    bank24       00000
__Hbank25                                    bank25       00000
__Hbank26                                    bank26       00000
__Hbank27                                    bank27       00000
__Hbank28                                    bank28       00000
__Hbank29                                    bank29       00000
__Hbank3                                     bank3        00000
__Hbank30                                    bank30       00000
__Hbank31                                    bank31       00000
__Hbank4                                     bank4        00000
__Hbank5                                     bank5        00000
__Hbank6                                     bank6        00000
__Hbank7                                     bank7        00000
__Hbank8                                     bank8        00000
__Hbank9                                     bank9        00000
__Hbigram                                    bigram       00000
__HbssBANK1                                  bssBANK1     00000
__HbssBANK2                                  bssBANK2     00000
__HbssBANK4                                  bssBANK4     00000
__HbssBANK5                                  bssBANK5     00000
__HbssBANK7                                  bssBANK7     00000
__HbssCOMMON                                 bssCOMMON    00000
__Hcinit                                     cinit        000A7
__Hclrtext                                   clrtext      00000
__Hcode                                      code         00000
__Hcommon                                    common       00000
__Hconfig                                    config       0800B
__HcstackBANK0                               cstackBANK0  00000
__HcstackBANK1                               cstackBANK1  00000
__HcstackCOMMON                              cstackCOMMON 00000
__HdataBANK1                                 dataBANK1    00000
__HdataBANK2                                 dataBANK2    00000
__HdataBANK3                                 dataBANK3    00000
__HdataBANK5                                 dataBANK5    00000
__HdataBANK6                                 dataBANK6    00000
__Heeprom_data                               eeprom_data  00000
__Hend_init                                  end_init     00018
__Hfunctab                                   functab      00000
__HidataBANK1                                idataBANK1   00000
__HidataBANK2                                idataBANK2   00000
__HidataBANK3                                idataBANK3   00000
__HidataBANK5                                idataBANK5   00000
__HidataBANK6                                idataBANK6   00000
__HidataBIGRAM                               idataBIGRAM  00000
__Hidloc                                     idloc        00000
__Hinit                                      init         00016
__Hinittext                                  inittext     00000
__Hintentry                                  intentry     00016
__Hmaintext                                  maintext     00000
__Hpowerup                                   powerup      00000
__Hram                                       ram          00000
__Hreset_vec                                 reset_vec    00002
__Hsfr0                                      sfr0         00000
__Hsfr1                                      sfr1         00000
__Hsfr10                                     sfr10        00000
__Hsfr11                                     sfr11        00000
__Hsfr12                                     sfr12        00000
__Hsfr13                                     sfr13        00000
__Hsfr14                                     sfr14        00000
__Hsfr15                                     sfr15        00000
__Hsfr16                                     sfr16        00000
__Hsfr17                                     sfr17        00000
__Hsfr18                                     sfr18        00000
__Hsfr19                                     sfr19        00000
__Hsfr2                                      sfr2         00000
__Hsfr20                                     sfr20        00000
__Hsfr21                                     sfr21        00000
__Hsfr22                                     sfr22        00000
__Hsfr23                                     sfr23        00000
__Hsfr24                                     sfr24        00000
__Hsfr25                                     sfr25        00000
__Hsfr26                                     sfr26        00000
__Hsfr27                                     sfr27        00000
__Hsfr28                                     sfr28        00000
__Hsfr29                                     sfr29        00000
__Hsfr3                                      sfr3         00000
__Hsfr30                                     sfr30        00000
__Hsfr31                                     sfr31        00000
__Hsfr4                                      sfr4         00000
__Hsfr5                                      sfr5         00000
__Hsfr6                                      sfr6         00000
__Hsfr7                                      sfr7         00000
__Hsfr8                                      sfr8         00000
__Hsfr9                                      sfr9         00000
__Hspace_0                                   (abs)        0800B
__Hspace_1                                   (abs)        003BE
__Hspace_2                                   (abs)        00000
__Hspace_3                                   (abs)        00000
__Hstack                                     stack        00000
__Hstrings                                   strings      00000
__Hstringtext1                               stringtext1  00000
__Hstringtext10                              stringtext10 00000
__Hstringtext11                              stringtext11 00000
__Hstringtext12                              stringtext12 00000
__Hstringtext13                              stringtext13 00000
__Hstringtext14                              stringtext14 00000
__Hstringtext15                              stringtext15 00000
__Hstringtext16                              stringtext16 00000
__Hstringtext17                              stringtext17 00000
__Hstringtext18                              stringtext18 00000
__Hstringtext19                              stringtext19 00000
__Hstringtext2                               stringtext2  00000
__Hstringtext20                              stringtext20 00000
__Hstringtext21                              stringtext21 00000
__Hstringtext22                              stringtext22 00000
__Hstringtext23                              stringtext23 00000
__Hstringtext24                              stringtext24 00000
__Hstringtext25                              stringtext25 00000
__Hstringtext3                               stringtext3  00000
__Hstringtext4                               stringtext4  00000
__Hstringtext5                               stringtext5  00000
__Hstringtext6                               stringtext6  00000
__Hstringtext7                               stringtext7  00000
__Hstringtext8                               stringtext8  00000
__Hstringtext9                               stringtext9  00000
__Htext                                      text         00000
__Labs1                                      abs1         00000
__Lbank0                                     bank0        00000
__Lbank1                                     bank1        00000
__Lbank10                                    bank10       00000
__Lbank11                                    bank11       00000
__Lbank12                                    bank12       00000
__Lbank13                                    bank13       00000
__Lbank14                                    bank14       00000
__Lbank15                                    bank15       00000
__Lbank16                                    bank16       00000
__Lbank17                                    bank17       00000
__Lbank18                                    bank18       00000
__Lbank19                                    bank19       00000
__Lbank2                                     bank2        00000
__Lbank20                                    bank20       00000
__Lbank21                                    bank21       00000
__Lbank22                                    bank22       00000
__Lbank23                                    bank23       00000
__Lbank24                                    bank24       00000
__Lbank25                                    bank25       00000
__Lbank26                                    bank26       00000
__Lbank27                                    bank27       00000
__Lbank28                                    bank28       00000
__Lbank29                                    bank29       00000
__Lbank3                                     bank3        00000
__Lbank30                                    bank30       00000
__Lbank31                                    bank31       00000
__Lbank4                                     bank4        00000
__Lbank5                                     bank5        00000
__Lbank6                                     bank6        00000
__Lbank7                                     bank7        00000
__Lbank8                                     bank8        00000
__Lbank9                                     bank9        00000
__Lbigram                                    bigram       00000
__LbssBANK1                                  bssBANK1     00000
__LbssBANK2                                  bssBANK2     00000
__LbssBANK4                                  bssBANK4     00000
__LbssBANK5                                  bssBANK5     00000
__LbssBANK7                                  bssBANK7     00000
__LbssCOMMON                                 bssCOMMON    00000
__Lcinit                                     cinit        00018
__Lclrtext                                   clrtext      00000
__Lcode                                      code         00000
__Lcommon                                    common       00000
__Lconfig                                    config       08007
__LcstackBANK0                               cstackBANK0  00000
__LcstackBANK1                               cstackBANK1  00000
__LcstackCOMMON                              cstackCOMMON 00000
__LdataBANK1                                 dataBANK1    00000
__LdataBANK2                                 dataBANK2    00000
__LdataBANK3                                 dataBANK3    00000
__LdataBANK5                                 dataBANK5    00000
__LdataBANK6                                 dataBANK6    00000
__Leeprom_data                               eeprom_data  00000
__Lend_init                                  end_init     00016
__Lfunctab                                   functab      00000
__LidataBANK1                                idataBANK1   00000
__LidataBANK2                                idataBANK2   00000
__LidataBANK3                                idataBANK3   00000
__LidataBANK5                                idataBANK5   00000
__LidataBANK6                                idataBANK6   00000
__LidataBIGRAM                               idataBIGRAM  00000
__Lidloc                                     idloc        00000
__Linit                                      init         00016
__Linittext                                  inittext     00000
__Lintentry                                  intentry     00004
__Lmaintext                                  maintext     00000
__Lpowerup                                   powerup      00000
__Lram                                       ram          00000
__Lreset_vec                                 reset_vec    00000
__Lsfr0                                      sfr0         00000
__Lsfr1                                      sfr1         00000
__Lsfr10                                     sfr10        00000
__Lsfr11                                     sfr11        00000
__Lsfr12                                     sfr12        00000
__Lsfr13                                     sfr13        00000
__Lsfr14                                     sfr14        00000
__Lsfr15                                     sfr15        00000
__Lsfr16                                     sfr16        00000
__Lsfr17                                     sfr17        00000
__Lsfr18                                     sfr18        00000
__Lsfr19                                     sfr19        00000
__Lsfr2                                      sfr2         00000
__Lsfr20                                     sfr20        00000
__Lsfr21                                     sfr21        00000
__Lsfr22                                     sfr22        00000
__Lsfr23                                     sfr23        00000
__Lsfr24                                     sfr24        00000
__Lsfr25                                     sfr25        00000
__Lsfr26                                     sfr26        00000
__Lsfr27                                     sfr27        00000
__Lsfr28                                     sfr28        00000
__Lsfr29                                     sfr29        00000
__Lsfr3                                      sfr3         00000
__Lsfr30                                     sfr30        00000
__Lsfr31                                     sfr31        00000
__Lsfr4                                      sfr4         00000
__Lsfr5                                      sfr5         00000
__Lsfr6                                      sfr6         00000
__Lsfr7                                      sfr7         00000
__Lsfr8                                      sfr8         00000
__Lsfr9                                      sfr9         00000
__Lspace_0                                   (abs)        00000
__Lspace_1                                   (abs)        00000
__Lspace_2                                   (abs)        00000
__Lspace_3                                   (abs)        00000
__Lstack                                     stack        00000
__Lstrings                                   strings      00000
__Lstringtext1                               stringtext1  00000
__Lstringtext10                              stringtext10 00000
__Lstringtext11                              stringtext11 00000
__Lstringtext12                              stringtext12 00000
__Lstringtext13                              stringtext13 00000
__Lstringtext14                              stringtext14 00000
__Lstringtext15                              stringtext15 00000
__Lstringtext16                              stringtext16 00000
__Lstringtext17                              stringtext17 00000
__Lstringtext18                              stringtext18 00000
__Lstringtext19                              stringtext19 00000
__Lstringtext2                               stringtext2  00000
__Lstringtext20                              stringtext20 00000
__Lstringtext21                              stringtext21 00000
__Lstringtext22                              stringtext22 00000
__Lstringtext23                              stringtext23 00000
__Lstringtext24                              stringtext24 00000
__Lstringtext25                              stringtext25 00000
__Lstringtext3                               stringtext3  00000
__Lstringtext4                               stringtext4  00000
__Lstringtext5                               stringtext5  00000
__Lstringtext6                               stringtext6  00000
__Lstringtext7                               stringtext7  00000
__Lstringtext8                               stringtext8  00000
__Lstringtext9                               stringtext9  00000
__Ltext                                      text         00000
__S0                                         (abs)        0800B
__S1                                         (abs)        003BE
__S2                                         (abs)        00000
__S3                                         (abs)        00000
___bmul                                      text20       01800
___bmul@multiplicand                         cstackCOMMON 00071
___bmul@multiplier                           cstackCOMMON 00074
___bmul@product                              cstackCOMMON 00073
___int_sp                                    stack        00000
___latbits                                   (abs)        00003
___lmul                                      text46       01A36
___lmul@multiplicand                         cstackCOMMON 00075
___lmul@multiplier                           cstackCOMMON 00071
___lmul@product                              cstackBANK0  00020
___lwdiv                                     text64       01A9A
___lwdiv@counter                             cstackCOMMON 00076
___lwdiv@dividend                            cstackCOMMON 00073
___lwdiv@divisor                             cstackCOMMON 00071
___lwdiv@quotient                            cstackCOMMON 00077
___lwmod                                     text63       019A9
___lwmod@counter                             cstackCOMMON 0007A
___lwmod@dividend                            cstackBANK0  00022
___lwmod@divisor                             cstackBANK0  00020
___sp                                        stack        00000
___wmul                                      text35       0182C
___wmul@multiplicand                         cstackCOMMON 00073
___wmul@multiplier                           cstackCOMMON 00071
___wmul@product                              cstackCOMMON 00075
__end_of_INTERRUPT_InterruptManager          intentry     00016
__end_of_OSCILLATOR_Initialize               text88       02653
__end_of_PIN_MANAGER_Initialize              text87       01E35
__end_of_PWM1_Initialize                     text86       02687
__end_of_PWM1_LoadDutyValue                  text92       027BB
__end_of_PWM2_Initialize                     text85       02692
__end_of_PWM2_LoadDutyValue                  text91       027D1
__end_of_PWM5_Initialize                     text84       026B4
__end_of_PWM5_LoadDutyValue                  text90       027E7
__end_of_PWM6_Initialize                     text83       026C0
__end_of_PWM6_LoadDutyValue                  text89       01218
__end_of_SPI1_Exchange8bit                   text72       02640
__end_of_SPI1_Exchange8bitBuffer             text71       01D8E
__end_of_SPI1_Initialize                     text82       0262F
__end_of_SYSTEM_Initialize                   text73       01937
__end_of_TMR0_CallBack                       text95       0267C
__end_of_TMR0_DefaultInterruptHandler        text96       00004
[...]
      Temps:          2       0       0       0       0       0       0       0       0       0       0       0       0       0       0       0       0       0       0       0       0       0       0       0       0       0       0
      Totals:         4       0       0       0       0       0       0       0       0       0       0       0       0       0       0       0       0       0       0       0       0       0       0       0       0       0       0
Total ram usage:        4 bytes
 Hardware stack levels used:    1
 Hardware stack levels required when called:    4
 This function calls:
		Nothing
 This function is called by:
		_nullifyBadge_platformInit
		_fadeDisplay_Init
		_nullifyBadge_segDisplaySetBrightness
 This function uses a non-reentrant model


 *************** function _PWM2_LoadDutyValue *****************
 Defined at:
		line 80 in file "mcc_generated_files/pwm2.c"
 Parameters:    Size  Location     Type
  dutyValue       2    1[COMMON] unsigned int 
 Auto vars:     Size  Location     Type
		None
 Return value:  Size  Location     Type
                  1    wreg      void 
 Registers used:
		wreg, status,2
 Tracked objects:
		On entry : 
		On exit  : 
		Unchanged: 
 Data sizes:     COMMON   BANK0   BANK1   BANK2   BANK3   BANK4   BANK5   BANK6   BANK7   BANK8   BANK9  BANK10  BANK11  BANK12  BANK13  BANK14  BANK15  BANK16  BANK17  BANK18  BANK19  BANK20  BANK21  BANK22  BANK23  BANK24  BANK25
      Params:         2       0       0       0       0       0       0       0       0       0       0       0       0       0       0       0       0       0       0       0       0       0       0       0       0       0       0
      Locals:         0       0       0       0       0       0       0       0       0       0       0       0       0       0       0       0       0       0       0       0       0       0       0       0       0       0       0
      Temps:          0       0       0       0       0       0       0       0       0       0       0       0       0       0       0       0       0       0       0       0       0       0       0       0       0       0       0
      Totals:         2       0       0       0       0       0       0       0       0       0       0       0       0       0       0       0       0       0       0       0       0       0       0       0       0       0       0
Total ram usage:        2 bytes
 Hardware stack levels used:    1
 Hardware stack levels required when called:    4
 This function calls:
		Nothing
 This function is called by:
		_nullifyBadge_platformInit
 This function uses a non-reentrant model


 *************** function _PWM1_LoadDutyValue *****************
 Defined at:
		line 80 in file "mcc_generated_files/pwm1.c"
 Parameters:    Size  Location     Type
  dutyValue       2    1[COMMON] unsigned int 
 Auto vars:     Size  Location     Type
		None
 Return value:  Size  Location     Type
                  1    wreg      void 
 Registers used:
		wreg, status,2
 Tracked objects:
		On entry : 
		On exit  : 
		Unchanged: 
 Data sizes:     COMMON   BANK0   BANK1   BANK2   BANK3   BANK4   BANK5   BANK6   BANK7   BANK8   BANK9  BANK10  BANK11  BANK12  BANK13  BANK14  BANK15  BANK16  BANK17  BANK18  BANK19  BANK20  BANK21  BANK22  BANK23  BANK24  BANK25
      Params:         2       0       0       0       0       0       0       0       0       0       0       0       0       0       0       0       0       0       0       0       0       0       0       0       0       0       0
      Locals:         0       0       0       0       0       0       0       0       0       0       0       0       0       0       0       0       0       0       0       0       0       0       0       0       0       0       0
      Temps:          0       0       0       0       0       0       0       0       0       0       0       0       0       0       0       0       0       0       0       0       0       0       0       0       0       0       0
      Totals:         2       0       0       0       0       0       0       0       0       0       0       0       0       0       0       0       0       0       0       0       0       0       0       0       0       0       0
Total ram usage:        2 bytes
 Hardware stack levels used:    1
 Hardware stack levels required when called:    4
 This function calls:
		Nothing
 This function is called by:
		_nullifyBadge_platformInit
 This function uses a non-reentrant model


 *************** function _INTERRUPT_InterruptManager *****************
 Defined at:
		line 51 in file "mcc_generated_files/interrupt_manager.c"
 Parameters:    Size  Location     Type
		None
 Auto vars:     Size  Location     Type
		None
 Return value:  Size  Location     Type
                  1    wreg      void 
 Registers used:
		wreg, status,2, status,0, pclath, cstack
 Tracked objects:
		On entry : 
		On exit  : 
		Unchanged: 
 Data sizes:     COMMON   BANK0   BANK1   BANK2   BANK3   BANK4   BANK5   BANK6   BANK7   BANK8   BANK9  BANK10  BANK11  BANK12  BANK13  BANK14  BANK15  BANK16  BANK17  BANK18  BANK19  BANK20  BANK21  BANK22  BANK23  BANK24  BANK25
      Params:         0       0       0       0       0       0       0       0       0       0       0       0       0       0       0       0       0       0       0       0       0       0       0       0       0       0       0
      Locals:         0       0       0       0       0       0       0       0       0       0       0       0       0       0       0       0       0       0       0       0       0       0       0       0       0       0       0
      Temps:          1       0       0       0       0       0       0       0       0       0       0       0       0       0       0       0       0       0       0       0       0       0       0       0       0       0       0
      Totals:         1       0       0       0       0       0       0       0       0       0       0       0       0       0       0       0       0       0       0       0       0       0       0       0       0       0       0
Total ram usage:        1 bytes
 Hardware stack levels used:    1
 Hardware stack levels required when called:    3
 This function calls:
		_TMR0_ISR
 This function is called by:
		Interrupt level 1
 This function uses a non-reentrant model


 *************** function _TMR0_ISR *****************
 Defined at:
		line 136 in file "mcc_generated_files/tmr0.c"
 Parameters:    Size  Location     Type
		None
 Auto vars:     Size  Location     Type
		None
 Return value:  Size  Location     Type
                  1    wreg      void 
 Registers used:
		wreg, status,2, status,0, pclath, cstack
 Tracked objects:
		On entry : 
		On exit  : 
		Unchanged: 
 Data sizes:     COMMON   BANK0   BANK1   BANK2   BANK3   BANK4   BANK5   BANK6   BANK7   BANK8   BANK9  BANK10  BANK11  BANK12  BANK13  BANK14  BANK15  BANK16  BANK17  BANK18  BANK19  BANK20  BANK21  BANK22  BANK23  BANK24  BANK25
      Params:         0       0       0       0       0       0       0       0       0       0       0       0       0       0       0       0       0       0       0       0       0       0       0       0       0       0       0
      Locals:         0       0       0       0       0       0       0       0       0       0       0       0       0       0       0       0       0       0       0       0       0       0       0       0       0       0       0
      Temps:          0       0       0       0       0       0       0       0       0       0       0       0       0       0       0       0       0       0       0       0       0       0       0       0       0       0       0
      Totals:         0       0       0       0       0       0       0       0       0       0       0       0       0       0       0       0       0       0       0       0       0       0       0       0       0       0       0
Total ram usage:        0 bytes
 Hardware stack levels used:    1
 Hardware stack levels required when called:    2
 This function calls:
		_TMR0_CallBack
 This function is called by:
		_INTERRUPT_InterruptManager
 This function uses a non-reentrant model


 *************** function _TMR0_CallBack *****************
 Defined at:
		line 151 in file "mcc_generated_files/tmr0.c"
 Parameters:    Size  Location     Type
		None
 Auto vars:     Size  Location     Type
		None
 Return value:  Size  Location     Type
                  1    wreg      void 
 Registers used:
		wreg, status,2, status,0, pclath, cstack
 Tracked objects:
		On entry : 
		On exit  : 
		Unchanged: 
 Data sizes:     COMMON   BANK0   BANK1   BANK2   BANK3   BANK4   BANK5   BANK6   BANK7   BANK8   BANK9  BANK10  BANK11  BANK12  BANK13  BANK14  BANK15  BANK16  BANK17  BANK18  BANK19  BANK20  BANK21  BANK22  BANK23  BANK24  BANK25
      Params:         0       0       0       0       0       0       0       0       0       0       0       0       0       0       0       0       0       0       0       0       0       0       0       0       0       0       0
      Locals:         0       0       0       0       0       0       0       0       0       0       0       0       0       0       0       0       0       0       0       0       0       0       0       0       0       0       0
      Temps:          0       0       0       0       0       0       0       0       0       0       0       0       0       0       0       0       0       0       0       0       0       0       0       0       0       0       0
      Totals:         0       0       0       0       0       0       0       0       0       0       0       0       0       0       0       0       0       0       0       0       0       0       0       0       0       0       0
Total ram usage:        0 bytes
 Hardware stack levels used:    1
 Hardware stack levels required when called:    1
 This function calls:
		Absolute function
		_TMR0_DefaultInterruptHandler
 This function is called by:
		_TMR0_ISR
 This function uses a non-reentrant model


 *************** function _TMR0_DefaultInterruptHandler *****************
 Defined at:
		line 165 in file "mcc_generated_files/tmr0.c"
 Parameters:    Size  Location     Type
		None
 Auto vars:     Size  Location     Type
		None
 Return value:  Size  Location     Type
                  1    wreg      void 
 Registers used:
		None
 Tracked objects:
		On entry : 
		On exit  : 
		Unchanged: 
 Data sizes:     COMMON   BANK0   BANK1   BANK2   BANK3   BANK4   BANK5   BANK6   BANK7   BANK8   BANK9  BANK10  BANK11  BANK12  BANK13  BANK14  BANK15  BANK16  BANK17  BANK18  BANK19  BANK20  BANK21  BANK22  BANK23  BANK24  BANK25
      Params:         0       0       0       0       0       0       0       0       0       0       0       0       0       0       0       0       0       0       0       0       0       0       0       0       0       0       0
      Locals:         0       0       0       0       0       0       0       0       0       0       0       0       0       0       0       0       0       0       0       0       0       0       0       0       0       0       0
      Temps:          0       0       0       0       0       0       0       0       0       0       0       0       0       0       0       0       0       0       0       0       0       0       0       0       0       0       0
      Totals:         0       0       0       0       0       0       0       0       0       0       0       0       0       0       0       0       0       0       0       0       0       0       0       0       0       0       0
Total ram usage:        0 bytes
 Hardware stack levels used:    1
 This function calls:
		Nothing
 This function is called by:
		_TMR0_Initialize
		_TMR0_CallBack
 This function uses a non-reentrant model



MODULE INFORMATION

Module		Function		Class		Link	Load	Size
/Applications/microchip/xc8/v1.42/sources/common/isdigit.c
		_isdigit       		CODE           	26F2	0000	15

/Applications/microchip/xc8/v1.42/sources/common/isdigit.c estimated size: 15

flashy_task.c
		_flashy_display_option		CODE           	1F3F	0000	96
		_flashy_Main   		CODE           	084B	0000	1974
		_flashy_Init   		CODE           	14C5	0000	151

flashy_task.c estimated size: 2221

mcc_generated_files/pwm6.c
		_PWM6_LoadDutyValue		CODE           	1202	0000	23
		_PWM6_Initialize		CODE           	26B4	0000	13

mcc_generated_files/pwm6.c estimated size: 36

mcc_generated_files/tmr4.c
		_TMR4_Initialize		CODE           	2692	0000	12
		_TMR4_StartTimer		CODE           	25FB	0000	4

mcc_generated_files/tmr4.c estimated size: 16

nullifyBadge.c
		_nullifyBadge_segDisplayErase		CODE           	261B	0000	7
		_nullifyBadge_segDisplayPutStr		CODE           	265D	0000	11
		_nullifyBadge_userLedsClr		CODE           	2621	0000	7
		_nullifyBadge_irTxClr		CODE           	25FE	0000	4
		_nullifyBadge_buttonsGet		CODE           	1A05	0000	50
		_nullifyBadge_segDisplayForceUpdate		CODE           	2615	0000	7
		_nullifyBadge_irTxSet		CODE           	2601	0000	4
		_nullifyBadge_segDisplayRegister		CODE           	262F	0000	9
		_nullifyBadge_irGet		CODE           	2604	0000	6
		_nullifyBadge_userLedsRegister		CODE           	271D	0000	16
		_nullifyBadge_irTxRelease		CODE           	269D	0000	12
		_nullifyBadge_platformInit		CODE           	1E35	0000	86
		_nullifyBadge_irTxRegister		CODE           	270E	0000	16
		_nullifyBadge_userLedsSet		CODE           	26E5	0000	14

nullifyBadge.c estimated size: 249

/Applications/microchip/xc8/v1.42/sources/common/Umul16.c
		___wmul        		CODE           	182C	0000	28

/Applications/microchip/xc8/v1.42/sources/common/Umul16.c estimated size: 28

mcc_generated_files/tmr2.c
		_TMR2_Initialize		CODE           	2653	0000	11
		_TMR2_StartTimer		CODE           	25F8	0000	4

mcc_generated_files/tmr2.c estimated size: 15

mcc_generated_files/interrupt_manager.c
		_INTERRUPT_InterruptManager		CODE           	0004	0000	19

mcc_generated_files/interrupt_manager.c estimated size: 19

mcc_generated_files/pwm2.c
		_PWM2_Initialize		CODE           	2687	0000	12
		_PWM2_LoadDutyValue		CODE           	27BB	0000	23

mcc_generated_files/pwm2.c estimated size: 35

mcc_generated_files/tmr0.c
		_TMR0_SetInterruptHandler		CODE           	2609	0000	7
		_TMR0_DefaultInterruptHandler		CODE           	0003	0000	2
		_TMR0_CallBack 		CODE           	2671	0000	12
		_TMR0_StartTimer		CODE           	25F5	0000	4
		_TMR0_Read16bitTimer		CODE           	1862	0000	30
		_TMR0_ISR      		CODE           	26D8	0000	14
		_TMR0_Initialize		CODE           	189C	0000	31

mcc_generated_files/tmr0.c estimated size: 100

mcc_generated_files/pin_manager.c
		_PIN_MANAGER_Initialize		CODE           	1DE0	0000	86

mcc_generated_files/pin_manager.c estimated size: 86

menu_task.c
		_menu_Init     		CODE           	1218	0000	99
		_menu_display_option		CODE           	1F9E	0000	99
		_menu_Main     		CODE           	00A7	0000	493
		_menu_run_option		CODE           	1B3E	0000	59
		_menu_clear    		CODE           	0804	0000	72

menu_task.c estimated size: 822

mcc_generated_files/spi1.c
		_SPI1_Initialize		CODE           	2627	0000	9
		_SPI1_Exchange8bitBuffer		CODE           	1D40	0000	79
		_SPI1_Exchange8bit		CODE           	2637	0000	10

mcc_generated_files/spi1.c estimated size: 98

secret_task.c
		_secret_Main   		CODE           	045D	0000	446
		_secret_Init   		CODE           	1EE4	0000	92
		_secret_check  		CODE           	155B	0000	188
		_secret_clear  		CODE           	1A68	0000	51

secret_task.c estimated size: 777

/Applications/microchip/xc8/v1.42/sources/common/lwmod.c
		___lwmod       		CODE           	19A9	0000	46

/Applications/microchip/xc8/v1.42/sources/common/lwmod.c estimated size: 46

nullifyBadge_displayL2.c
		_displayL2_EraseSegDisplay		CODE           	274C	0000	17
		_displayL2_ForceUpdate		CODE           	260F	0000	7
		_displayL2_PutStr		CODE           	197F	0000	43
		_displayL2_PutChar		CODE           	1D8E	0000	83
		_displayL2_Initialize		CODE           	1937	0000	36
		_displayL2_ClrUserLeds		CODE           	2700	0000	15
		_displayL2_SetUserLeds		CODE           	18D8	0000	31

nullifyBadge_displayL2.c estimated size: 232

/Applications/microchip/xc8/v1.42/sources/common/Umul32.c
		___lmul        		CODE           	1A36	0000	51

/Applications/microchip/xc8/v1.42/sources/common/Umul32.c estimated size: 51

locked_task.c
		_locked_Main   		CODE           	0293	0000	459
		_locked_Init   		CODE           	127A	0000	100
		_locked_clear  		CODE           	1C78	0000	67
		_locked_lock_leds		CODE           	1847	0000	28
		_locked_get_unlock_leds		CODE           	27E7	0000	26
		_locked_get_lock_leds		CODE           	195A	0000	38
		_locked_unlock_leds		CODE           	07ED	0000	20

locked_task.c estimated size: 738

shared
		_dpowers       		STRCODE        	2000	0000	11
		_gamma_table_256x1k		STRCODE        	1000	0000	513
		__initialization		CODE           	0018	0000	140

shared estimated size: 664

mcc_generated_files/pwm5.c
		_PWM5_LoadDutyValue		CODE           	27D1	0000	23
		_PWM5_Initialize		CODE           	26A8	0000	13

mcc_generated_files/pwm5.c estimated size: 36

/Applications/microchip/xc8/v1.42/sources/common/rand.c
		_rand          		CODE           	1CBA	0000	68

/Applications/microchip/xc8/v1.42/sources/common/rand.c estimated size: 68

/Applications/microchip/xc8/v1.42/sources/common/strlen.c
		_strlen        		CODE           	18BA	0000	31

/Applications/microchip/xc8/v1.42/sources/common/strlen.c estimated size: 31

mcc_generated_files/mcc.c
		_WDT_Initialize		CODE           	0800	0000	5
		_OSCILLATOR_Initialize		CODE           	2649	0000	11
		_SYSTEM_Initialize		CODE           	1916	0000	34

mcc_generated_files/mcc.c estimated size: 50

cooperative_scheduler.c
		_scheduler_TaskInit		CODE           	1B78	0000	62
		_scheduler_TaskAdd		CODE           	076B	0000	131
		_schedulerExecute		CODE           	13C7	0000	125
		_scheduler_Init		CODE           	187F	0000	30
		_scheduler_TaskRun		CODE           	18F6	0000	33

cooperative_scheduler.c estimated size: 381

/Applications/microchip/xc8/v1.42/sources/common/memset.c
		_memset        		CODE           	1811	0000	28

/Applications/microchip/xc8/v1.42/sources/common/memset.c estimated size: 28

mcc_generated_files/pwm1.c
		_PWM1_Initialize		CODE           	267C	0000	12
		_PWM1_LoadDutyValue		CODE           	27A5	0000	23

mcc_generated_files/pwm1.c estimated size: 35

/Applications/microchip/xc8/v1.42/sources/common/lwdiv.c
		___lwdiv       		CODE           	1A9A	0000	53

/Applications/microchip/xc8/v1.42/sources/common/lwdiv.c estimated size: 53

/Applications/microchip/xc8/v1.42/sources/common/doprnt.c
		_sprintf       		CODE           	061A	0000	338

/Applications/microchip/xc8/v1.42/sources/common/doprnt.c estimated size: 338

main.c
		_marquee       		CODE           	1350	0000	120
		_main          		CODE           	1616	0000	235
		_let_alternate 		CODE           	2791	0000	21
		_led_roundabout		CODE           	1C37	0000	66
		_led_circle    		CODE           	2640	0000	10
		_led_rand      		CODE           	273C	0000	17
		_marquee_speedy		CODE           	12DD	0000	116
		_led_curtain   		CODE           	1BF6	0000	66

main.c estimated size: 651

/Applications/microchip/xc8/v1.42/sources/common/Umul8.c
		___bmul        		CODE           	1800	0000	18

/Applications/microchip/xc8/v1.42/sources/common/Umul8.c estimated size: 18

slot_task.c
		_slot_Init     		CODE           	1E8A	0000	91
		_slot_Main     		CODE           	1443	0000	131

slot_task.c estimated size: 222

nullifyBadge_displayL1.c
		_displayL1_SetUserLed		CODE           	276D	0000	19
		_displayL1_SetSegChar		CODE           	1BB5	0000	66
		_displayL1_Update		CODE           	275C	0000	18
		_displayL1_Initialize		CODE           	272C	0000	17
		_displayCharReverse		CODE           	19D6	0000	48

nullifyBadge_displayL1.c estimated size: 168

