Microchip MPLAB XC8 Compiler V1.42 ()

Linker command line:

-W-3 --edf=/Applications/microchip/xc8/v1.42/dat/en_msgs.txt -cs \
  -h+dist/default/production/defcon25.production.sym \
  --cmf=dist/default/production/defcon25.production.cmf -z -Q16LF18346 \
  -o/tmp/xc0nxBpfe -Mdist/default/production/defcon25.production.map -E1 \
  -ver=XC8 -ASTACK=02398h-026efh -pstack=STACK -ACODE=00h-07FFhx8 \
  -ASTRCODE=00h-03FFFh -ASTRING=00h-0FFhx64 -ACONST=00h-0FFhx64 \
  -AENTRY=00h-0FFhx64 -ACOMMON=070h-07Fh -ABANK0=020h-06Fh \
  -ABANK1=0A0h-0EFh -ABANK2=0120h-016Fh -ABANK3=01A0h-01EFh \
  -ABANK4=0220h-026Fh -ABANK5=02A0h-02EFh -ABANK6=0320h-036Fh \
  -ABANK7=03A0h-03EFh -ABANK8=0420h-046Fh -ABANK9=04A0h-04EFh \
  -ABANK10=0520h-056Fh -ABANK11=05A0h-05EFh -ABANK12=0620h-066Fh \
  -ABANK13=06A0h-06EFh -ABANK14=0720h-076Fh -ABANK15=07A0h-07EFh \
  -ABANK16=0820h-086Fh -ABANK17=08A0h-08EFh -ABANK18=0920h-096Fh \
  -ABANK19=09A0h-09EFh -ABANK20=0A20h-0A6Fh -ABANK21=0AA0h-0AEFh \
  -ABANK22=0B20h-0B6Fh -ABANK23=0BA0h-0BEFh -ABANK24=0C20h-0C6Fh \
  -ABANK25=0CA0h-0CBFh -ABIGRAM=02000h-027EFh \
  -ARAM=020h-06Fh,0A0h-0EFh,0120h-016Fh,01A0h-01EFh,0220h-026Fh,02A0h-02EFh,0320h-036Fh,03A0h-03EFh,0420h-046Fh,04A0h-04EFh,0520h-056Fh,05A0h-05EFh,0620h-066Fh,06A0h-06EFh,0720h-076Fh,07A0h-07EFh,0820h-086Fh,08A0h-08EFh,0920h-096Fh,09A0h-09EFh,0A20h-0A6Fh,0AA0h-0AEFh,0B20h-0B6Fh,0BA0h-0BEFh,0C20h-0C6Fh,0CA0h-0CBFh \
  -AABS1=020h-07Fh,0A0h-0EFh,0120h-016Fh,01A0h-01EFh,0220h-026Fh,02A0h-02EFh,0320h-036Fh,03A0h-03EFh,0420h-046Fh,04A0h-04EFh,0520h-056Fh,05A0h-05EFh,0620h-066Fh,06A0h-06EFh,0720h-076Fh,07A0h-07EFh,0820h-086Fh,08A0h-08EFh,0920h-096Fh,09A0h-09EFh,0A20h-0A6Fh,0AA0h-0AEFh,0B20h-0B6Fh,0BA0h-0BEFh,0C20h-0C6Fh,0CA0h-0CBFh \
  -ASFR0=00h-01Fh -ASFR1=080h-09Fh -ASFR2=0100h-011Fh -ASFR3=0180h-019Fh \
  -ASFR4=0200h-021Fh -ASFR5=0280h-029Fh -ASFR6=0300h-031Fh \
  -ASFR7=0380h-039Fh -ASFR8=0400h-041Fh -ASFR9=0480h-049Fh \
  -ASFR10=0500h-051Fh -ASFR11=0580h-059Fh -ASFR12=0600h-061Fh \
  -ASFR13=0680h-069Fh -ASFR14=0700h-071Fh -ASFR15=0780h-079Fh \
  -ASFR16=0800h-081Fh -ASFR17=0880h-089Fh -ASFR18=0900h-091Fh \
  -ASFR19=0980h-099Fh -ASFR20=0A00h-0A1Fh -ASFR21=0A80h-0A9Fh \
  -ASFR22=0B00h-0B1Fh -ASFR23=0B80h-0B9Fh -ASFR24=0C00h-0C1Fh \
  -ASFR25=0C80h-0C9Fh -ASFR26=0D00h-0D6Fh -ASFR27=0D80h-0DEFh \
  -ASFR28=0E00h-0E6Fh -ASFR29=0E80h-0EEFh -ASFR30=0F00h-0F6Fh \
  -ASFR31=0F80h-0FEFh -preset_vec=00h,intentry=04h,init,end_init \
  -ppowerup=CODE -pcinit=CODE -pfunctab=CODE -ACONFIG=08007h-0800Ah \
  -pconfig=CONFIG -DCONFIG=2 -AIDLOC=08000h-08003h -pidloc=IDLOC -DIDLOC=2 \
  -AEEDATA=00h-0FFh/0F000h -peeprom_data=EEDATA -DEEDATA=2 -DCODE=2 \
  -DSTRCODE=2 -DSTRING=2 -DCONST=2 -DENTRY=2 -k /tmp/xccvZ83iB.obj \
  dist/default/production/defcon25.production.obj 

Object code version is 3.11

Machine type is 16LF18346



                Name                               Link     Load   Length Selector   Space Scale
/tmp/xccvZ83iB.obj
                end_init                             16       16        2        8       0
                reset_vec                             0        0        2        0       0
                config                             8007     8007        4    1000E       0
dist/default/production/defcon25.production.obj
                cinit                                18       18       CD        8       0
                intentry                              4        4       12        8       0
                text105                             800      800        1        8       0
                text104                            3417     3417        B     682E       0
                text103                            347E     347E        D     68FC       0
                text101                            3553     3553       16     6AA6       0
                text100                            3569     3569       16     6AD2       0
                text99                             357F     357F       16     6AFE       0
                text98                             3595     3595       16     6B2A       0
                text97                             33F9     33F9        A     67F2       0
                text96                             2DD4     2DD4       55     5BA8       0
                text95                             3422     3422        B     6844       0
                text94                             342D     342D        B     685A       0
                text93                             344E     344E        C     689C       0
                text92                             345A     345A        C     68B4       0
                text91                             33D7     33D7        8     67AE       0
                text90                             33BF     33BF        6     677E       0
                text89                             33A7     33A7        3     674E       0
                text88                             3662     3662       1E     6CC4       0
                text87                             33AA     33AA        3     6754       0
                text86                             3403     3403        A     6806       0
                text85                             33AD     33AD        3     675A       0
                text84                             3438     3438        B     6870       0
                text83                             33B6     33B6        4     676C       0
                text82                             36BC     36BC       21     6D78       0
                text81                             33E7     33E7        9     67CE       0
                text80                             2CE0     2CE0       4E     59C0       0
                text79                             34D5     34D5       11     69AA       0
                text78                             35C1     35C1       18     6B82       0
                text77                             352C     352C       13     6A58       0
                text76                             3722     3722       26     6E44       0
                text75                             2E29     2E29       55     5C52       0
                text74                             3645     3645       1D     6C8A       0
                text73                             28E5     28E5       34     51CA       0
                text72                             3772     3772       2D     6EE4       0
                text71                             33C5     33C5        6     678A       0
                text70                             33CB     33CB        6     6796       0
                text69                             379F     379F       2F     6F3E       0
                text68                             2A33     2A33       41     5466       0
                text67                             2D2E     2D2E       52     5A5C       0
                text66                             3748     3748       2A     6E90       0
                text65                             340D     340D        A     681A       0
                text64                             3680     3680       1E     6D00       0
                text63                             21D2     21D2       77     43A4       0
                text62                             215F     215F       73     42BE       0
                text61                             1A00     1A00       5F     3400       0
                text60                             3508     3508       12     6A10       0
                text59                             369E     369E       1E     6D3C       0
                text58                             34E6     34E6       11     69CC       0
                text57                             208C     208C       65     4118       0
                text56                             33F0     33F0        9     67E0       0
                text55                             2A74     2A74       41     54E8       0
                text54                             20F1     20F1       6E     41E2       0
                text53                             37CE     37CE       32     6F9C       0
                text52                             2B38     2B38       43     5670       0
                text51                             2C4E     2C4E       48     589C       0
                text50                             2AB5     2AB5       41     556A       0
                text49                             353F     353F       14     6A7E       0
                text48                             2882     2882       31     5104       0
                text47                             33BA     33BA        5     6774       0
                text46                             33B0     33B0        3     6760       0
                text45                             34A7     34A7        F     694E       0
                text44                             3443     3443        B     6886       0
                text43                             33B3     33B3        3     6766       0
                text42                             35F3     35F3       1B     6BE6       0
                text41                             348B     348B        E     6916       0
                text40                             1A5F     1A5F      1CD     34BE       0
                text39                             34C5     34C5       10     698A       0
                text38                             33D1     33D1        6     67A2       0
                text37                             3499     3499        E     6932       0
                text36                              7FA      7FA        6        8       0
                text35                             2AF6     2AF6       42     55EC       0
                text34                             36FE     36FE       24     6DFC       0
                text33                              801      801       18     1002       0
                text32                             35D9     35D9       1A     6BB2       0
                text31                             351A     351A       12     6A34       0
                text30                             2D80     2D80       54     5B00       0
                text29                             23E5     23E5       A3     47CA       0
                text28                             34F7     34F7       11     69EE       0
                text27                             2488     2488       BB     4910       0
                text26                             2ED9     2ED9       62     5DB2       0
                text25                             2C07     2C07       47     580E       0
                text24                             2C96     2C96       4A     592C       0
                text23                             1028     1028       BB     2050       0
                text22                             28B3     28B3       32     5166       0
                text21                             1001     1001       27     2002       0
                text20                             2B7B     2B7B       46     56F6       0
                text19                               E5       E5      57C        8       0
                swtext1                            3000     3000        C     6000       0
                text18                              819      819      7E7     1032       0
                text17                             1E09     1E09      1F7     3C12       0
                text16                             1C2C     1C2C      1DD     3858       0
                text15                             2643     2643      1BD     4C86       0
                text14                             10E3     10E3      71D     21C6       0
                text13                             36DD     36DD       21     6DBA       0
                text12                             22C3     22C3       84     4586       0
                text11                             360E     360E       1B     6C1C       0
                text10                             33DF     33DF        8     67BE       0
                text9                              34B6     34B6        F     696C       0
                text8                              2028     2028       64     4050       0
                text7                               764      764       96        8       0
                text6                              2F3B     2F3B       62     5E76       0
                text5                              2F9D     2F9D       63     5F3A       0
                text4                              2E7E     2E7E       5B     5CFC       0
                text3                              2347     2347       9E     468E       0
                text2                              2249     2249       7A     4492       0
                text1                              29C0     29C0       39     5380       0
                maintext                            661      661      103        8       0
                cstackBANK0                          20       20       4F       20       1
                cstackCOMMON                         70       70        C       70       1
                cstackBANK1                          DD       DD        8       A0       1
                clrtext                            3466     3466        C     68CC       0
                inittext                           3472     3472        C     68E4       0
                bssBANK11                           5A0      5A0       28      5A0       1
                dataBANK10                          520      520       3A      520       1
                bssBANK9                            4A0      4A0       3D      4A0       1
                dataBANK8                           420      420       38      420       1
                dataBANK7                           3A0      3A0       38      3A0       1
                dataBANK6                           320      320       37      320       1
                dataBANK5                           2CA      2CA       26      2A0       1
                bssBANK5                            2A0      2A0       2A      2A0       1
                dataBANK4                           220      220       46      220       1
                dataBANK3                           1D1      1D1       1C      1A0       1
                bssBANK3                            1A0      1A0       31      1A0       1
                dataBANK2                           167      167        2      120       1
                bssBANK2                            120      120       47      120       1
                dataBANK1                            C7       C7       16       A0       1
                bssBANK1                             A0       A0       27       A0       1
                bssCOMMON                            7C       7C        1       70       1
                stringtext76                       3C02     3C02        3     7000       0
                stringtext75                       3BFE     3BFE        4     7000       0
                stringtext74                       3BF9     3BF9        5     7000       0
                stringtext73                       3BF4     3BF4        5     7000       0
                stringtext72                       3BEF     3BEF        5     7000       0
                stringtext71                       3BEA     3BEA        5     7000       0
                stringtext70                       3BE5     3BE5        5     7000       0
                stringtext69                       3BE0     3BE0        5     7000       0
                stringtext68                       3BDB     3BDB        5     7000       0
                stringtext67                       3BD6     3BD6        5     7000       0
                stringtext66                       3BD1     3BD1        5     7000       0
                stringtext65                       3BCC     3BCC        5     7000       0
                stringtext64                       3BC7     3BC7        5     7000       0
                stringtext63                       3BC2     3BC2        5     7000       0
                stringtext62                       3BBD     3BBD        5     7000       0
                stringtext61                       3BB8     3BB8        5     7000       0
                stringtext60                       3BB3     3BB3        5     7000       0
                stringtext59                       3BAE     3BAE        5     7000       0
                stringtext58                       3BA9     3BA9        5     7000       0
                stringtext57                       3BA3     3BA3        6     7000       0
                stringtext56                       3B9D     3B9D        6     7000       0
                stringtext55                       3B97     3B97        6     7000       0
                stringtext54                       3B91     3B91        6     7000       0
                stringtext53                       3B8A     3B8A        7     7000       0
                stringtext52                       3B83     3B83        7     7000       0
                stringtext51                       3B7C     3B7C        7     7000       0
                stringtext50                       3B75     3B75        7     7000       0
                stringtext49                       3B6E     3B6E        7     7000       0
                stringtext48                       3B66     3B66        8     7000       0
                stringtext47                       3B5E     3B5E        8     7000       0
                stringtext46                       3B56     3B56        8     7000       0
                stringtext45                       3B4E     3B4E        8     7000       0
                stringtext44                       3B46     3B46        8     7000       0
                stringtext43                       3B3E     3B3E        8     7000       0
                stringtext42                       3B36     3B36        8     7000       0
                stringtext41                       3B2E     3B2E        8     7000       0
                stringtext40                       3B25     3B25        9     7000       0
                stringtext39                       3B1C     3B1C        9     7000       0
                stringtext38                       3B13     3B13        9     7000       0
                stringtext37                       3B0A     3B0A        9     7000       0
                stringtext36                       3B01     3B01        9     7000       0
                stringtext35                       3AF7     3AF7        A     7000       0
                stringtext34                       3AED     3AED        A     7000       0
                stringtext33                       3AE2     3AE2        B     7000       0
                stringtext32                       3AD7     3AD7        B     7000       0
                stringtext31                       3ACB     3ACB        C     7000       0
                stringtext30                       3ABF     3ABF        C     7000       0
                stringtext29                       3AB2     3AB2        D     7000       0
                stringtext28                       3AA5     3AA5        D     7000       0
                stringtext27                       3A98     3A98        D     7000       0
                stringtext26                       3A89     3A89        F     7000       0
                stringtext25                       3A79     3A79       10     7000       0
                stringtext24                       3A68     3A68       11     7000       0
                stringtext23                       3A57     3A57       11     7000       0
                stringtext22                       3A45     3A45       12     7000       0
                stringtext21                       3A32     3A32       13     7000       0
                stringtext20                       3A1F     3A1F       13     7000       0
                stringtext19                       3A0A     3A0A       15     7000       0
                stringtext18                       39F4     39F4       16     7000       0
                stringtext17                       39DD     39DD       17     7000       0
                stringtext16                       39C3     39C3       1A     7000       0
                stringtext15                       39A8     39A8       1B     7000       0
                stringtext14                       398D     398D       1B     7000       0
                stringtext13                       3971     3971       1C     7000       0
                stringtext12                       3954     3954       1D     7000       0
                stringtext11                       3937     3937       1D     7000       0
                stringtext10                       3919     3919       1E     7000       0
                stringtext9                        38F7     38F7       22     7000       0
                stringtext8                        38D4     38D4       23     7000       0
                stringtext7                        38B0     38B0       24     7000       0
                stringtext6                        3888     3888       28     7000       0
                stringtext5                        385D     385D       2B     7000       0
                stringtext4                        382F     382F       2E     7000       0
                stringtext3                        3800     3800       2F     7000       0
                stringtext2                        2800     2800       82     5000       0
                stringtext1                        1800     1800      200     3000       0
                idataBIGRAM                        2543     2543      100     4A86       0
                idataBANK10                        29F9     29F9       3A     53F2       0
                idataBANK8                         2950     2950       38     52A0       0
                idataBANK7                         2988     2988       38     5310       0
                idataBANK6                         2919     2919       37     5232       0
                idataBANK5                         2002     2002       26     4004       0
                idataBANK4                         2BC1     2BC1       46     5782       0
                idataBANK3                         3629     3629       1C     6C52       0
                idataBANK2                            2        2        2        0       0
                idataBANK1                         35AB     35AB       16     6B56       0

TOTAL           Name                               Link     Load   Length     Space
        CLASS   STACK          

        CLASS   CODE           
                end_init                             16       16        2         0
                cinit                                18       18       CD         0
                intentry                              4        4       12         0
                reset_vec                             0        0        2         0
                text105                             800      800        1         0
                text104                            3417     3417        B         0
                text103                            347E     347E        D         0
                text101                            3553     3553       16         0
                text100                            3569     3569       16         0
                text99                             357F     357F       16         0
                text98                             3595     3595       16         0
                text97                             33F9     33F9        A         0
                text96                             2DD4     2DD4       55         0
                text95                             3422     3422        B         0
                text94                             342D     342D        B         0
                text93                             344E     344E        C         0
                text92                             345A     345A        C         0
                text91                             33D7     33D7        8         0
                text90                             33BF     33BF        6         0
                text89                             33A7     33A7        3         0
                text88                             3662     3662       1E         0
                text87                             33AA     33AA        3         0
                text86                             3403     3403        A         0
                text85                             33AD     33AD        3         0
                text84                             3438     3438        B         0
                text83                             33B6     33B6        4         0
                text82                             36BC     36BC       21         0
                text81                             33E7     33E7        9         0
                text80                             2CE0     2CE0       4E         0
                text79                             34D5     34D5       11         0
                text78                             35C1     35C1       18         0
                text77                             352C     352C       13         0
                text76                             3722     3722       26         0
                text75                             2E29     2E29       55         0
                text74                             3645     3645       1D         0
                text73                             28E5     28E5       34         0
                text72                             3772     3772       2D         0
                text71                             33C5     33C5        6         0
                text70                             33CB     33CB        6         0
                text69                             379F     379F       2F         0
                text68                             2A33     2A33       41         0
                text67                             2D2E     2D2E       52         0
                text66                             3748     3748       2A         0
                text65                             340D     340D        A         0
                text64                             3680     3680       1E         0
                text63                             21D2     21D2       77         0
                text62                             215F     215F       73         0
                text61                             1A00     1A00       5F         0
                text60                             3508     3508       12         0
                text59                             369E     369E       1E         0
                text58                             34E6     34E6       11         0
                text57                             208C     208C       65         0
                text56                             33F0     33F0        9         0
                text55                             2A74     2A74       41         0
                text54                             20F1     20F1       6E         0
                text53                             37CE     37CE       32         0
                text52                             2B38     2B38       43         0
                text51                             2C4E     2C4E       48         0
                text50                             2AB5     2AB5       41         0
                text49                             353F     353F       14         0
                text48                             2882     2882       31         0
                text47                             33BA     33BA        5         0
                text46                             33B0     33B0        3         0
                text45                             34A7     34A7        F         0
                text44                             3443     3443        B         0
                text43                             33B3     33B3        3         0
                text42                             35F3     35F3       1B         0
                text41                             348B     348B        E         0
                text40                             1A5F     1A5F      1CD         0
                text39                             34C5     34C5       10         0
                text38                             33D1     33D1        6         0
                text37                             3499     3499        E         0
                text36                              7FA      7FA        6         0
                text35                             2AF6     2AF6       42         0
                text34                             36FE     36FE       24         0
                text33                              801      801       18         0
                text32                             35D9     35D9       1A         0
                text31                             351A     351A       12         0
                text30                             2D80     2D80       54         0
                text29                             23E5     23E5       A3         0
                text28                             34F7     34F7       11         0
                text27                             2488     2488       BB         0
                text26                             2ED9     2ED9       62         0
                text25                             2C07     2C07       47         0
                text24                             2C96     2C96       4A         0
                text23                             1028     1028       BB         0
                text22                             28B3     28B3       32         0
                text21                             1001     1001       27         0
                text20                             2B7B     2B7B       46         0
                text19                               E5       E5      57C         0
                text18                              819      819      7E7         0
                text17                             1E09     1E09      1F7         0
                text16                             1C2C     1C2C      1DD         0
                text15                             2643     2643      1BD         0
                text14                             10E3     10E3      71D         0
                text13                             36DD     36DD       21         0
                text12                             22C3     22C3       84         0
                text11                             360E     360E       1B         0
                text10                             33DF     33DF        8         0
                text9                              34B6     34B6        F         0
                text8                              2028     2028       64         0
                text7                               764      764       96         0
                text6                              2F3B     2F3B       62         0
                text5                              2F9D     2F9D       63         0
                text4                              2E7E     2E7E       5B         0
                text3                              2347     2347       9E         0
                text2                              2249     2249       7A         0
                text1                              29C0     29C0       39         0
                maintext                            661      661      103         0
                clrtext                            3466     3466        C         0
                inittext                           3472     3472        C         0
                idataBIGRAM                        2543     2543      100         0
                idataBANK10                        29F9     29F9       3A         0
                idataBANK8                         2950     2950       38         0
                idataBANK7                         2988     2988       38         0
                idataBANK6                         2919     2919       37         0
                idataBANK5                         2002     2002       26         0
                idataBANK4                         2BC1     2BC1       46         0
                idataBANK3                         3629     3629       1C         0
                idataBANK2                            2        2        2         0
                idataBANK1                         35AB     35AB       16         0

        CLASS   STRCODE        
                stringtext76                       3C02     3C02        3         0
                stringtext75                       3BFE     3BFE        4         0
                stringtext74                       3BF9     3BF9        5         0
                stringtext73                       3BF4     3BF4        5         0
                stringtext72                       3BEF     3BEF        5         0
                stringtext71                       3BEA     3BEA        5         0
                stringtext70                       3BE5     3BE5        5         0
                stringtext69                       3BE0     3BE0        5         0
                stringtext68                       3BDB     3BDB        5         0
                stringtext67                       3BD6     3BD6        5         0
                stringtext66                       3BD1     3BD1        5         0
                stringtext65                       3BCC     3BCC        5         0
                stringtext64                       3BC7     3BC7        5         0
                stringtext63                       3BC2     3BC2        5         0
                stringtext62                       3BBD     3BBD        5         0
                stringtext61                       3BB8     3BB8        5         0
                stringtext60                       3BB3     3BB3        5         0
                stringtext59                       3BAE     3BAE        5         0
                stringtext58                       3BA9     3BA9        5         0
                stringtext57                       3BA3     3BA3        6         0
                stringtext56                       3B9D     3B9D        6         0
                stringtext55                       3B97     3B97        6         0
                stringtext54                       3B91     3B91        6         0
                stringtext53                       3B8A     3B8A        7         0
                stringtext52                       3B83     3B83        7         0
                stringtext51                       3B7C     3B7C        7         0
                stringtext50                       3B75     3B75        7         0
                stringtext49                       3B6E     3B6E        7         0
                stringtext48                       3B66     3B66        8         0
                stringtext47                       3B5E     3B5E        8         0
                stringtext46                       3B56     3B56        8         0
                stringtext45                       3B4E     3B4E        8         0
                stringtext44                       3B46     3B46        8         0
                stringtext43                       3B3E     3B3E        8         0
                stringtext42                       3B36     3B36        8         0
                stringtext41                       3B2E     3B2E        8         0
                stringtext40                       3B25     3B25        9         0
                stringtext39                       3B1C     3B1C        9         0
                stringtext38                       3B13     3B13        9         0
                stringtext37                       3B0A     3B0A        9         0
                stringtext36                       3B01     3B01        9         0
                stringtext35                       3AF7     3AF7        A         0
                stringtext34                       3AED     3AED        A         0
                stringtext33                       3AE2     3AE2        B         0
                stringtext32                       3AD7     3AD7        B         0
                stringtext31                       3ACB     3ACB        C         0
                stringtext30                       3ABF     3ABF        C         0
                stringtext29                       3AB2     3AB2        D         0
                stringtext28                       3AA5     3AA5        D         0
                stringtext27                       3A98     3A98        D         0
                stringtext26                       3A89     3A89        F         0
                stringtext25                       3A79     3A79       10         0
                stringtext24                       3A68     3A68       11         0
                stringtext23                       3A57     3A57       11         0
                stringtext22                       3A45     3A45       12         0
                stringtext21                       3A32     3A32       13         0
                stringtext20                       3A1F     3A1F       13         0
                stringtext19                       3A0A     3A0A       15         0
                stringtext18                       39F4     39F4       16         0
                stringtext17                       39DD     39DD       17         0
                stringtext16                       39C3     39C3       1A         0
                stringtext15                       39A8     39A8       1B         0
                stringtext14                       398D     398D       1B         0
                stringtext13                       3971     3971       1C         0
                stringtext12                       3954     3954       1D         0
                stringtext11                       3937     3937       1D         0
                stringtext10                       3919     3919       1E         0
                stringtext9                        38F7     38F7       22         0
                stringtext8                        38D4     38D4       23         0
                stringtext7                        38B0     38B0       24         0
                stringtext6                        3888     3888       28         0
                stringtext5                        385D     385D       2B         0
                stringtext4                        382F     382F       2E         0
                stringtext3                        3800     3800       2F         0
                stringtext2                        2800     2800       82         0
                stringtext1                        1800     1800      200         0

        CLASS   STRING         

        CLASS   CONST          
                swtext1                            3000     3000        C         0

        CLASS   ENTRY          

        CLASS   COMMON         
                cstackCOMMON                         70       70        C         1
                bssCOMMON                            7C       7C        1         1

        CLASS   BANK0          
                cstackBANK0                          20       20       4F         1

        CLASS   BANK1          
                cstackBANK1                          DD       DD        8         1
                dataBANK1                            C7       C7       16         1
                bssBANK1                             A0       A0       27         1

        CLASS   BANK2          
                dataBANK2                           167      167        2         1
                bssBANK2                            120      120       47         1

        CLASS   BANK3          
                dataBANK3                           1D1      1D1       1C         1
                bssBANK3                            1A0      1A0       31         1

        CLASS   BANK4          
                dataBANK4                           220      220       46         1

        CLASS   BANK5          
                dataBANK5                           2CA      2CA       26         1
                bssBANK5                            2A0      2A0       2A         1

        CLASS   BANK6          
                dataBANK6                           320      320       37         1

        CLASS   BANK7          
                dataBANK7                           3A0      3A0       38         1

        CLASS   BANK8          
                dataBANK8                           420      420       38         1

        CLASS   BANK9          
                bssBANK9                            4A0      4A0       3D         1

        CLASS   BANK10         
                dataBANK10                          520      520       3A         1

        CLASS   BANK11         
                bssBANK11                           5A0      5A0       28         1

        CLASS   BANK12         

        CLASS   BANK13         

        CLASS   BANK14         

        CLASS   BANK15         

        CLASS   BANK16         

        CLASS   BANK17         

        CLASS   BANK18         

        CLASS   BANK19         

        CLASS   BANK20         

        CLASS   BANK21         

        CLASS   BANK22         

        CLASS   BANK23         

        CLASS   BANK24         

        CLASS   BANK25         

        CLASS   BIGRAM         

        CLASS   RAM            

        CLASS   ABS1           
                abs_s1                               7E       7E        2         1
                abs_s1                              B30      B30       40         1
                abs_s1                              BA0      BA0       50         1
                abs_s1                              C20      C20       50         1
                abs_s1                              CA0      CA0       20         1
                abs_s1                             26F0     26F0        0         1

        CLASS   SFR0           

        CLASS   SFR1           

        CLASS   SFR2           

        CLASS   SFR3           

        CLASS   SFR4           

        CLASS   SFR5           

        CLASS   SFR6           

        CLASS   SFR7           

        CLASS   SFR8           

        CLASS   SFR9           

        CLASS   SFR10          

        CLASS   SFR11          

        CLASS   SFR12          

        CLASS   SFR13          

        CLASS   SFR14          

        CLASS   SFR15          

        CLASS   SFR16          

        CLASS   SFR17          

        CLASS   SFR18          

        CLASS   SFR19          

        CLASS   SFR20          

        CLASS   SFR21          

        CLASS   SFR22          

        CLASS   SFR23          

        CLASS   SFR24          

        CLASS   SFR25          

        CLASS   SFR26          

        CLASS   SFR27          

        CLASS   SFR28          

        CLASS   SFR29          

        CLASS   SFR30          

        CLASS   SFR31          

        CLASS   CONFIG         
                config                             8007     8007        4         0

        CLASS   IDLOC          

        CLASS   EEDATA         

        CLASS   BANK31         

        CLASS   BANK30         

        CLASS   BANK29         

        CLASS   BANK28         

        CLASS   BANK27         

        CLASS   BANK26         



SEGMENTS        Name                           Load    Length   Top    Selector   Space  Class     Delta

                reset_vec                      000000  000004  000004         0       0  CODE        2
                intentry                       000004  0007FD  000801         8       0  CODE        2
                cstackBANK0                    000020  00004F  00006F        20       1  BANK0       1
                cstackCOMMON                   000070  00000D  00007D        70       1  COMMON      1
                bssBANK1                       0000A0  000045  0000E5        A0       1  BANK1       1
                bssBANK2                       000120  000049  000169       120       1  BANK2       1
                bssBANK3                       0001A0  00004D  0001ED       1A0       1  BANK3       1
                dataBANK4                      000220  000046  000266       220       1  BANK4       1
                bssBANK5                       0002A0  000050  0002F0       2A0       1  BANK5       1
                dataBANK6                      000320  000037  000357       320       1  BANK6       1
                dataBANK7                      0003A0  000038  0003D8       3A0       1  BANK7       1
                dataBANK8                      000420  000038  000458       420       1  BANK8       1
                bssBANK9                       0004A0  00003D  0004DD       4A0       1  BANK9       1
                dataBANK10                     000520  00003A  00055A       520       1  BANK10      1
                bssBANK11                      0005A0  000028  0005C8       5A0       1  BANK11      1
                text33                         000801  000018  000819      1002       0  CODE        2
                text18                         000819  0007E7  001000      1032       0  CODE        2
                text21                         001001  000027  001028      2002       0  CODE        2
                text23                         001028  0000BB  0010E3      2050       0  CODE        2
                text14                         0010E3  00071D  001800      21C6       0  CODE        2
                stringtext1                    001800  000200  001A00      3000       0  STRCODE     2
                text61                         001A00  00005F  001A5F      3400       0  CODE        2
                text40                         001A5F  0001CD  001C2C      34BE       0  CODE        2
                text16                         001C2C  0001DD  001E09      3858       0  CODE        2
                text17                         001E09  0001F7  002000      3C12       0  CODE        2
                idataBANK5                     002002  000026  002028      4004       0  CODE        2
                text8                          002028  000064  00208C      4050       0  CODE        2
                text57                         00208C  000065  0020F1      4118       0  CODE        2
                text54                         0020F1  00006E  00215F      41E2       0  CODE        2
                text62                         00215F  000073  0021D2      42BE       0  CODE        2
                text63                         0021D2  000077  002249      43A4       0  CODE        2
                text2                          002249  00007A  0022C3      4492       0  CODE        2
                text12                         0022C3  000084  002347      4586       0  CODE        2
                text3                          002347  00009E  0023E5      468E       0  CODE        2
                text29                         0023E5  0000A3  002488      47CA       0  CODE        2
                text27                         002488  0000BB  002543      4910       0  CODE        2
                idataBIGRAM                    002543  000100  002643      4A86       0  CODE        2
                text15                         002643  0001BD  002800      4C86       0  CODE        2
                stringtext2                    002800  000082  002882      5000       0  STRCODE     2
                text48                         002882  000031  0028B3      5104       0  CODE        2
                text22                         0028B3  000032  0028E5      5166       0  CODE        2
                text73                         0028E5  000034  002919      51CA       0  CODE        2
                idataBANK6                     002919  000037  002950      5232       0  CODE        2
                idataBANK8                     002950  000038  002988      52A0       0  CODE        2
                idataBANK7                     002988  000038  0029C0      5310       0  CODE        2
                text1                          0029C0  000039  0029F9      5380       0  CODE        2
                idataBANK10                    0029F9  00003A  002A33      53F2       0  CODE        2
                text68                         002A33  000041  002A74      5466       0  CODE        2
                text55                         002A74  000041  002AB5      54E8       0  CODE        2
                text50                         002AB5  000041  002AF6      556A       0  CODE        2
                text35                         002AF6  000042  002B38      55EC       0  CODE        2
                text52                         002B38  000043  002B7B      5670       0  CODE        2
                text20                         002B7B  000046  002BC1      56F6       0  CODE        2
                idataBANK4                     002BC1  000046  002C07      5782       0  CODE        2
                text25                         002C07  000047  002C4E      580E       0  CODE        2
                text51                         002C4E  000048  002C96      589C       0  CODE        2
                text24                         002C96  00004A  002CE0      592C       0  CODE        2
                text80                         002CE0  00004E  002D2E      59C0       0  CODE        2
                text67                         002D2E  000052  002D80      5A5C       0  CODE        2
                text30                         002D80  000054  002DD4      5B00       0  CODE        2
                text96                         002DD4  000055  002E29      5BA8       0  CODE        2
                text75                         002E29  000055  002E7E      5C52       0  CODE        2
                text4                          002E7E  00005B  002ED9      5CFC       0  CODE        2
                text26                         002ED9  000062  002F3B      5DB2       0  CODE        2
                text6                          002F3B  000062  002F9D      5E76       0  CODE        2
                text5                          002F9D  000063  003000      5F3A       0  CODE        2
                swtext1                        003000  00000C  00300C      6000       0  CONST       2
                text89                         0033A7  000003  0033AA      674E       0  CODE        2
                text87                         0033AA  000003  0033AD      6754       0  CODE        2
                text85                         0033AD  000003  0033B0      675A       0  CODE        2
                text46                         0033B0  000003  0033B3      6760       0  CODE        2
                text43                         0033B3  000003  0033B6      6766       0  CODE        2
                text83                         0033B6  000004  0033BA      676C       0  CODE        2
                text47                         0033BA  000005  0033BF      6774       0  CODE        2
                text90                         0033BF  000006  0033C5      677E       0  CODE        2
                text71                         0033C5  000006  0033CB      678A       0  CODE        2
                text70                         0033CB  000006  0033D1      6796       0  CODE        2
                text38                         0033D1  000006  0033D7      67A2       0  CODE        2
                text91                         0033D7  000008  0033DF      67AE       0  CODE        2
                text10                         0033DF  000008  0033E7      67BE       0  CODE        2
                text81                         0033E7  000009  0033F0      67CE       0  CODE        2
                text56                         0033F0  000009  0033F9      67E0       0  CODE        2
                text97                         0033F9  00000A  003403      67F2       0  CODE        2
                text86                         003403  00000A  00340D      6806       0  CODE        2
                text65                         00340D  00000A  003417      681A       0  CODE        2
                text104                        003417  00000B  003422      682E       0  CODE        2
                text95                         003422  00000B  00342D      6844       0  CODE        2
                text94                         00342D  00000B  003438      685A       0  CODE        2
                text84                         003438  00000B  003443      6870       0  CODE        2
                text44                         003443  00000B  00344E      6886       0  CODE        2
                text93                         00344E  00000C  00345A      689C       0  CODE        2
                text92                         00345A  00000C  003466      68B4       0  CODE        2
                clrtext                        003466  00000C  003472      68CC       0  CODE        2
                inittext                       003472  00000C  00347E      68E4       0  CODE        2
                text103                        00347E  00000D  00348B      68FC       0  CODE        2
                text41                         00348B  00000E  003499      6916       0  CODE        2
                text37                         003499  00000E  0034A7      6932       0  CODE        2
                text45                         0034A7  00000F  0034B6      694E       0  CODE        2
                text9                          0034B6  00000F  0034C5      696C       0  CODE        2
                text39                         0034C5  000010  0034D5      698A       0  CODE        2
                text79                         0034D5  000011  0034E6      69AA       0  CODE        2
                text58                         0034E6  000011  0034F7      69CC       0  CODE        2
                text28                         0034F7  000011  003508      69EE       0  CODE        2
                text60                         003508  000012  00351A      6A10       0  CODE        2
                text31                         00351A  000012  00352C      6A34       0  CODE        2
                text77                         00352C  000013  00353F      6A58       0  CODE        2
                text49                         00353F  000014  003553      6A7E       0  CODE        2
                text101                        003553  000016  003569      6AA6       0  CODE        2
                text100                        003569  000016  00357F      6AD2       0  CODE        2
                text99                         00357F  000016  003595      6AFE       0  CODE        2
                text98                         003595  000016  0035AB      6B2A       0  CODE        2
                idataBANK1                     0035AB  000016  0035C1      6B56       0  CODE        2
                text78                         0035C1  000018  0035D9      6B82       0  CODE        2
                text32                         0035D9  00001A  0035F3      6BB2       0  CODE        2
                text42                         0035F3  00001B  00360E      6BE6       0  CODE        2
                text11                         00360E  00001B  003629      6C1C       0  CODE        2
                idataBANK3                     003629  00001C  003645      6C52       0  CODE        2
                text74                         003645  00001D  003662      6C8A       0  CODE        2
                text88                         003662  00001E  003680      6CC4       0  CODE        2
                text64                         003680  00001E  00369E      6D00       0  CODE        2
                text59                         00369E  00001E  0036BC      6D3C       0  CODE        2
                text82                         0036BC  000021  0036DD      6D78       0  CODE        2
                text13                         0036DD  000021  0036FE      6DBA       0  CODE        2
                text34                         0036FE  000024  003722      6DFC       0  CODE        2
                text76                         003722  000026  003748      6E44       0  CODE        2
                text66                         003748  00002A  003772      6E90       0  CODE        2
                text72                         003772  00002D  00379F      6EE4       0  CODE        2
                text69                         00379F  00002F  0037CE      6F3E       0  CODE        2
                text53                         0037CE  000032  003800      6F9C       0  CODE        2
                stringtext3                    003800  000405  003C05      7000       0  STRCODE     2
                config                         008007  000004  00800B     1000E       0  CONFIG      2


UNUSED ADDRESS RANGES

        Name                Unused          Largest block    Delta
        BANK0            0006F-0006F               1           1
        BANK1            000E5-000EF               B           1
        BANK10           0055A-0056F              16           1
        BANK11           005C8-005EF              28           1
        BANK12           00620-0066F              50           1
        BANK13           006A0-006EF              50           1
        BANK14           00720-0076F              50           1
        BANK15           007A0-007EF              50           1
        BANK16           00820-0086F              50           1
        BANK17           008A0-008EF              50           1
        BANK18           00920-0096F              50           1
        BANK19           009A0-009EF              50           1
        BANK2            00169-0016F               7           1
        BANK20           00A20-00A6F              50           1
        BANK21           00AA0-00AEF              50           1
        BANK22           00B20-00B2F              10           1
        BANK3            001ED-001EF               3           1
        BANK4            00266-0026F               A           1
        BANK6            00357-0036F              19           1
        BANK7            003D8-003EF              18           1
        BANK8            00458-0046F              18           1
        BANK9            004DD-004EF              13           1
        BIGRAM           02000-027EF             7F0           1
        CODE             01000-01000               1           2
                         02000-02001               2
                         0300C-033A6             39B
                         03C05-03FFF             3FB
        COMMON           0007D-0007D               1           1
        CONST            01000-01000               1           2
                         02000-02001               2
                         0300C-033A6             100
                         03C05-03FFF             100
        EEDATA           0F000-0F0FF             100           2
        ENTRY            01000-01000               1           2
                         02000-02001               2
                         0300C-033A6             100
                         03C05-03FFF             100
        IDLOC            08000-08003               4           2
        RAM              0006F-0006F               1           1
                         000E5-000EF               B
                         00169-0016F               7
                         001ED-001EF               3
                         00266-0026F               A
                         00357-0036F              19
                         003D8-003EF              18
                         00458-0046F              18
                         004DD-004EF              13
                         0055A-0056F              16
                         005C8-005EF              28
                         00620-0066F              50
                         006A0-006EF              50
                         00720-0076F              50
                         007A0-007EF              50
                         00820-0086F              50
                         008A0-008EF              50
                         00920-0096F              50
                         009A0-009EF              50
                         00A20-00A6F              50
                         00AA0-00AEF              50
                         00B20-00B2F              10
        SFR0             00000-0001F              20           1
        SFR1             00080-0009F              20           1
        SFR10            00500-0051F              20           1
        SFR11            00580-0059F              20           1
        SFR12            00600-0061F              20           1
        SFR13            00680-0069F              20           1
        SFR14            00700-0071F              20           1
        SFR15            00780-0079F              20           1
        SFR16            00800-0081F              20           1
        SFR17            00880-0089F              20           1
        SFR18            00900-0091F              20           1
        SFR19            00980-0099F              20           1
        SFR2             00100-0011F              20           1
        SFR20            00A00-00A1F              20           1
        SFR21            00A80-00A9F              20           1
        SFR22            00B00-00B1F              20           1
        SFR23            00B80-00B9F              20           1
        SFR24            00C00-00C1F              20           1
        SFR25            00C80-00C9F              20           1
        SFR26            00D00-00D6F              70           1
        SFR27            00D80-00DEF              70           1
        SFR28            00E00-00E6F              70           1
        SFR29            00E80-00EEF              70           1
        SFR3             00180-0019F              20           1
        SFR30            00F00-00F6F              70           1
        SFR31            00F80-00FEF              70           1
        SFR4             00200-0021F              20           1
        SFR5             00280-0029F              20           1
        SFR6             00300-0031F              20           1
        SFR7             00380-0039F              20           1
        SFR8             00400-0041F              20           1
        SFR9             00480-0049F              20           1
        STACK            02398-026EF             358           1
        STRCODE          01000-01000               1           2
                         02000-02001               2
                         0300C-033A6             39B
                         03C05-03FFF             3FB
        STRING           01000-01000               1           2
                         02000-02001               2
                         0300C-033A6             100
                         03C05-03FFF             100

                                  Symbol Table

?_TMR0_Read16bitTimer                        cstackCOMMON 00071
?___almod                                    cstackBANK0  0002B
?___lmul                                     cstackCOMMON 00071
?___lwdiv                                    cstackCOMMON 00071
?___lwmod                                    cstackBANK0  0002B
?___wmul                                     cstackCOMMON 00071
?_displayCharReverse                         cstackCOMMON 00071
?_locked_get_lock_leds                       cstackCOMMON 00071
?_locked_get_unlock_leds                     cstackCOMMON 00071
?_rand                                       cstackBANK0  00024
?_sprintf                                    cstackBANK0  0002F
?_strlen                                     cstackCOMMON 00071
PIN_MANAGER_Initialize@state                 cstackCOMMON 00071
PWM1_LoadDutyValue@dutyValue                 cstackCOMMON 00071
PWM2_LoadDutyValue@dutyValue                 cstackCOMMON 00071
PWM5_LoadDutyValue@dutyValue                 cstackCOMMON 00071
PWM6_LoadDutyValue@dutyValue                 cstackCOMMON 00071
SPI1_Exchange8bit@data                       cstackCOMMON 00071
SPI1_Exchange8bitBuffer@bufLen               cstackCOMMON 00072
SPI1_Exchange8bitBuffer@bytesWritten         cstackCOMMON 00078
SPI1_Exchange8bitBuffer@dataIn               cstackCOMMON 00077
SPI1_Exchange8bitBuffer@dataOut              cstackCOMMON 00073
TMR0_Read16bitTimer@readVal                  cstackCOMMON 00078
TMR0_Read16bitTimer@readValHigh              cstackCOMMON 0007B
TMR0_Read16bitTimer@readValLow               cstackCOMMON 0007A
TMR0_SetInterruptHandler@InterruptHandler    cstackCOMMON 00071
_ANSELA                                      (abs)        0018C
_ANSELB                                      (abs)        0018D
_ANSELC                                      (abs)        0018E
_CCP1CON                                     (abs)        00293
_CCP1CONbits                                 (abs)        00293
_CCP2CON                                     (abs)        00297
_CCP2CONbits                                 (abs)        00297
_CCPR1H                                      (abs)        00292
_CCPR1L                                      (abs)        00291
_CCPR2H                                      (abs)        00296
_CCPR2L                                      (abs)        00295
_CCPTMRSbits                                 (abs)        0029F
_FLASHY_TEXT_SECRET_TEST                     dataBANK1    000DB
_GIE                                         (abs)        0005F
_INTCONbits                                  (abs)        0000B
_INTERRUPT_InterruptManager                  intentry     00004
_LATA                                        (abs)        0010C
_LATB                                        (abs)        0010D
_LATBbits                                    (abs)        0010D
_LATC                                        (abs)        0010E
_LATCbits                                    (abs)        0010E
_Leds_idx                                    dataBANK1    000D7
_NVMADRH                                     (abs)        00892
_NVMADRL                                     (abs)        00891
_NVMCON1bits                                 (abs)        00895
_NVMCON2                                     (abs)        00896
_NVMDATH                                     (abs)        00894
_NVMDATL                                     (abs)        00893
_ODCONA                                      (abs)        0028C
_ODCONB                                      (abs)        0028D
_ODCONC                                      (abs)        0028E
_OSCCON1                                     (abs)        00919
_OSCCON3                                     (abs)        0091B
_OSCEN                                       (abs)        0091D
_OSCFRQ                                      (abs)        0091F
_OSCILLATOR_Initialize                       text97       033F9
_OSCTUNE                                     (abs)        0091E
_PIE0bits                                    (abs)        00090
_PIN_MANAGER_Initialize                      text96       02DD4
_PIR0bits                                    (abs)        00010
_PIR1bits                                    (abs)        00011
_PIR2bits                                    (abs)        00012
_PLLR                                        (abs)        048E0
_PORTAbits                                   (abs)        0000C
_PORTBbits                                   (abs)        0000D
_PORTCbits                                   (abs)        0000E
_PPSLOCK                                     (abs)        00E0F
_PPSLOCKbits                                 (abs)        00E0F
_PR2                                         (abs)        0001E
_PR4                                         (abs)        00416
_PWM1_Initialize                             text95       03422
_PWM1_LoadDutyValue                          text101      03553
_PWM2_Initialize                             text94       0342D
_PWM2_LoadDutyValue                          text100      03569
_PWM5CON                                     (abs)        00619
_PWM5DCH                                     (abs)        00618
_PWM5DCL                                     (abs)        00617
_PWM5_Initialize                             text93       0344E
_PWM5_LoadDutyValue                          text99       0357F
_PWM6CON                                     (abs)        0061C
_PWM6DCH                                     (abs)        0061B
_PWM6DCL                                     (abs)        0061A
_PWM6_Initialize                             text92       0345A
_PWM6_LoadDutyValue                          text98       03595
_PWMTMRSbits                                 (abs)        0061F
_RB6PPSbits                                  (abs)        00E9E
_RC0PPSbits                                  (abs)        00EA0
_RC1PPSbits                                  (abs)        00EA1
_RC2PPSbits                                  (abs)        00EA2
_RC3PPSbits                                  (abs)        00EA3
_RC4PPSbits                                  (abs)        00EA4
_SPI1_Exchange8bit                           text81       033E7
_SPI1_Exchange8bitBuffer                     text80       02CE0
_SPI1_Initialize                             text91       033D7
_SSP1ADD                                     (abs)        00212
_SSP1BUF                                     (abs)        00211
_SSP1CLKPPSbits                              (abs)        00E20
_SSP1CON1                                    (abs)        00215
_SSP1CON1bits                                (abs)        00215
_SSP1DATPPSbits                              (abs)        00E21
_SSP1STAT                                    (abs)        00214
_SSP1STATbits                                (abs)        00214
_SYSTEM_Initialize                           text82       036BC
_Shot_Index                                  bssCOMMON    0007C
_Shot_Options                                dataBANK3    001D1
_Shot_Options_Long                           dataBANK5    002DE
_Slot_Wheel                                  dataBANK6    00320
_T0CON0                                      (abs)        00017
_T0CON0bits                                  (abs)        00017
_T0CON1                                      (abs)        00018
_T2CON                                       (abs)        0001F
_T2CONbits                                   (abs)        0001F
_T4CON                                       (abs)        00417
_T4CONbits                                   (abs)        00417
_TMR0H                                       (abs)        00016
_TMR0L                                       (abs)        00015
_TMR0_CallBack                               text104      03417
_TMR0_DefaultInterruptHandler                text105      00800
_TMR0_ISR                                    text103      0347E
_TMR0_Initialize                             text88       03662
_TMR0_InterruptHandler                       bssBANK1     000BE
_TMR0_Read16bitTimer                         text74       03645
_TMR0_SetInterruptHandler                    text90       033BF
_TMR0_StartTimer                             text89       033A7
_TMR2                                        (abs)        0001D
_TMR2_Initialize                             text86       03403
_TMR2_StartTimer                             text87       033AA
_TMR4                                        (abs)        00415
_TMR4_Initialize                             text84       03438
_TMR4_StartTimer                             text85       033AD
_TRISA                                       (abs)        0008C
_TRISB                                       (abs)        0008D
_TRISC                                       (abs)        0008E
_WDTCON                                      (abs)        00097
_WDT_Initialize                              text83       033B6
_WPUA                                        (abs)        0020C
_WPUB                                        (abs)        0020D
_WPUC                                        (abs)        0020E
__CFG_BOREN$ON                               (abs)        00000
__CFG_BORV$LOW                               (abs)        00000
__CFG_CLKOUTEN$OFF                           (abs)        00000
__CFG_CP$OFF                                 (abs)        00000
__CFG_CPD$OFF                                (abs)        00000
__CFG_CSWEN$ON                               (abs)        00000
__CFG_DEBUG$OFF                              (abs)        00000
__CFG_FCMEN$ON                               (abs)        00000
__CFG_FEXTOSC$OFF                            (abs)        00000
__CFG_LPBOREN$OFF                            (abs)        00000
__CFG_LVP$ON                                 (abs)        00000
__CFG_MCLRE$ON                               (abs)        00000
__CFG_PPS1WAY$ON                             (abs)        00000
__CFG_PWRTE$OFF                              (abs)        00000
__CFG_RSTOSC$HFINT32                         (abs)        00000
__CFG_STVREN$ON                              (abs)        00000
__CFG_WDTE$OFF                               (abs)        00000
__CFG_WRT$OFF                                (abs)        00000
__Habs1                                      abs1         00000
__Hbank0                                     bank0        00000
__Hbank1                                     bank1        00000
__Hbank10                                    bank10       00000
__Hbank11                                    bank11       00000
__Hbank12                                    bank12       00000
__Hbank13                                    bank13       00000
__Hbank14                                    bank14       00000
__Hbank15                                    bank15       00000
__Hbank16                                    bank16       00000
__Hbank17                                    bank17       00000
__Hbank18                                    bank18       00000
__Hbank19                                    bank19       00000
__Hbank2                                     bank2        00000
__Hbank20                                    bank20       00000
__Hbank21                                    bank21       00000
__Hbank22                                    bank22       00000
__Hbank23                                    bank23       00000
__Hbank24                                    bank24       00000
__Hbank25                                    bank25       00000
__Hbank26                                    bank26       00000
__Hbank27                                    bank27       00000
__Hbank28                                    bank28       00000
__Hbank29                                    bank29       00000
__Hbank3                                     bank3        00000
__Hbank30                                    bank30       00000
__Hbank31                                    bank31       00000
__Hbank4                                     bank4        00000
__Hbank5                                     bank5        00000
__Hbank6                                     bank6        00000
__Hbank7                                     bank7        00000
__Hbank8                                     bank8        00000
__Hbank9                                     bank9        00000
__Hbigram                                    bigram       00000
__HbssBANK1                                  bssBANK1     00000
__HbssBANK11                                 bssBANK11    00000
__HbssBANK2                                  bssBANK2     00000
__HbssBANK3                                  bssBANK3     00000
__HbssBANK5                                  bssBANK5     00000
__HbssBANK9                                  bssBANK9     00000
__HbssCOMMON                                 bssCOMMON    00000
__Hcinit                                     cinit        000E5
__Hclrtext                                   clrtext      00000
__Hcode                                      code         00000
__Hcommon                                    common       00000
__Hconfig                                    config       0800B
__HcstackBANK0                               cstackBANK0  00000
__HcstackBANK1                               cstackBANK1  00000
__HcstackCOMMON                              cstackCOMMON 00000
__HdataBANK1                                 dataBANK1    00000
__HdataBANK10                                dataBANK10   00000
__HdataBANK2                                 dataBANK2    00000
__HdataBANK3                                 dataBANK3    00000
__HdataBANK4                                 dataBANK4    00000
__HdataBANK5                                 dataBANK5    00000
__HdataBANK6                                 dataBANK6    00000
__HdataBANK7                                 dataBANK7    00000
__HdataBANK8                                 dataBANK8    00000
__Heeprom_data                               eeprom_data  00000
__Hend_init                                  end_init     00018
__Hfunctab                                   functab      00000
__HidataBANK1                                idataBANK1   00000
__HidataBANK10                               idataBANK10  00000
__HidataBANK2                                idataBANK2   00000
__HidataBANK3                                idataBANK3   00000
__HidataBANK4                                idataBANK4   00000
__HidataBANK5                                idataBANK5   00000
__HidataBANK6                                idataBANK6   00000
__HidataBANK7                                idataBANK7   00000
__HidataBANK8                                idataBANK8   00000
__HidataBIGRAM                               idataBIGRAM  00000
__Hidloc                                     idloc        00000
__Hinit                                      init         00016
__Hinittext                                  inittext     00000
__Hintentry                                  intentry     00016
__Hmaintext                                  maintext     00000
__Hpowerup                                   powerup      00000
__Hram                                       ram          00000
__Hreset_vec                                 reset_vec    00002
__Hsfr0                                      sfr0         00000
__Hsfr1                                      sfr1         00000
__Hsfr10                                     sfr10        00000
__Hsfr11                                     sfr11        00000
__Hsfr12                                     sfr12        00000
__Hsfr13                                     sfr13        00000
[...]
Total ram usage:        4 bytes
 Hardware stack levels used:    1
 Hardware stack levels required when called:    4
 This function calls:
		Nothing
 This function is called by:
		_nullifyBadge_platformInit
		_fadeDisplay_Init
		_nullifyBadge_segDisplaySetBrightness
 This function uses a non-reentrant model


 *************** function _PWM2_LoadDutyValue *****************
 Defined at:
		line 80 in file "mcc_generated_files/pwm2.c"
 Parameters:    Size  Location     Type
  dutyValue       2    1[COMMON] unsigned int 
 Auto vars:     Size  Location     Type
		None
 Return value:  Size  Location     Type
                  1    wreg      void 
 Registers used:
		wreg, status,2
 Tracked objects:
		On entry : 
		On exit  : 
		Unchanged: 
 Data sizes:     COMMON   BANK0   BANK1   BANK2   BANK3   BANK4   BANK5   BANK6   BANK7   BANK8   BANK9  BANK10  BANK11  BANK12  BANK13  BANK14  BANK15  BANK16  BANK17  BANK18  BANK19  BANK20  BANK21  BANK22  BANK23  BANK24  BANK25
      Params:         2       0       0       0       0       0       0       0       0       0       0       0       0       0       0       0       0       0       0       0       0       0       0       0       0       0       0
      Locals:         0       0       0       0       0       0       0       0       0       0       0       0       0       0       0       0       0       0       0       0       0       0       0       0       0       0       0
      Temps:          0       0       0       0       0       0       0       0       0       0       0       0       0       0       0       0       0       0       0       0       0       0       0       0       0       0       0
      Totals:         2       0       0       0       0       0       0       0       0       0       0       0       0       0       0       0       0       0       0       0       0       0       0       0       0       0       0
Total ram usage:        2 bytes
 Hardware stack levels used:    1
 Hardware stack levels required when called:    4
 This function calls:
		Nothing
 This function is called by:
		_nullifyBadge_platformInit
 This function uses a non-reentrant model


 *************** function _PWM1_LoadDutyValue *****************
 Defined at:
		line 80 in file "mcc_generated_files/pwm1.c"
 Parameters:    Size  Location     Type
  dutyValue       2    1[COMMON] unsigned int 
 Auto vars:     Size  Location     Type
		None
 Return value:  Size  Location     Type
                  1    wreg      void 
 Registers used:
		wreg, status,2
 Tracked objects:
		On entry : 
		On exit  : 
		Unchanged: 
 Data sizes:     COMMON   BANK0   BANK1   BANK2   BANK3   BANK4   BANK5   BANK6   BANK7   BANK8   BANK9  BANK10  BANK11  BANK12  BANK13  BANK14  BANK15  BANK16  BANK17  BANK18  BANK19  BANK20  BANK21  BANK22  BANK23  BANK24  BANK25
      Params:         2       0       0       0       0       0       0       0       0       0       0       0       0       0       0       0       0       0       0       0       0       0       0       0       0       0       0
      Locals:         0       0       0       0       0       0       0       0       0       0       0       0       0       0       0       0       0       0       0       0       0       0       0       0       0       0       0
      Temps:          0       0       0       0       0       0       0       0       0       0       0       0       0       0       0       0       0       0       0       0       0       0       0       0       0       0       0
      Totals:         2       0       0       0       0       0       0       0       0       0       0       0       0       0       0       0       0       0       0       0       0       0       0       0       0       0       0
Total ram usage:        2 bytes
 Hardware stack levels used:    1
 Hardware stack levels required when called:    4
 This function calls:
		Nothing
 This function is called by:
		_nullifyBadge_platformInit
 This function uses a non-reentrant model


 *************** function _INTERRUPT_InterruptManager *****************
 Defined at:
		line 51 in file "mcc_generated_files/interrupt_manager.c"
 Parameters:    Size  Location     Type
		None
 Auto vars:     Size  Location     Type
		None
 Return value:  Size  Location     Type
                  1    wreg      void 
 Registers used:
		wreg, status,2, status,0, pclath, cstack
 Tracked objects:
		On entry : 
		On exit  : 
		Unchanged: 
 Data sizes:     COMMON   BANK0   BANK1   BANK2   BANK3   BANK4   BANK5   BANK6   BANK7   BANK8   BANK9  BANK10  BANK11  BANK12  BANK13  BANK14  BANK15  BANK16  BANK17  BANK18  BANK19  BANK20  BANK21  BANK22  BANK23  BANK24  BANK25
      Params:         0       0       0       0       0       0       0       0       0       0       0       0       0       0       0       0       0       0       0       0       0       0       0       0       0       0       0
      Locals:         0       0       0       0       0       0       0       0       0       0       0       0       0       0       0       0       0       0       0       0       0       0       0       0       0       0       0
      Temps:          1       0       0       0       0       0       0       0       0       0       0       0       0       0       0       0       0       0       0       0       0       0       0       0       0       0       0
      Totals:         1       0       0       0       0       0       0       0       0       0       0       0       0       0       0       0       0       0       0       0       0       0       0       0       0       0       0
Total ram usage:        1 bytes
 Hardware stack levels used:    1
 Hardware stack levels required when called:    3
 This function calls:
		_TMR0_ISR
 This function is called by:
		Interrupt level 1
 This function uses a non-reentrant model


 *************** function _TMR0_ISR *****************
 Defined at:
		line 136 in file "mcc_generated_files/tmr0.c"
 Parameters:    Size  Location     Type
		None
 Auto vars:     Size  Location     Type
		None
 Return value:  Size  Location     Type
                  1    wreg      void 
 Registers used:
		wreg, status,2, status,0, pclath, cstack
 Tracked objects:
		On entry : 
		On exit  : 
		Unchanged: 
 Data sizes:     COMMON   BANK0   BANK1   BANK2   BANK3   BANK4   BANK5   BANK6   BANK7   BANK8   BANK9  BANK10  BANK11  BANK12  BANK13  BANK14  BANK15  BANK16  BANK17  BANK18  BANK19  BANK20  BANK21  BANK22  BANK23  BANK24  BANK25
      Params:         0       0       0       0       0       0       0       0       0       0       0       0       0       0       0       0       0       0       0       0       0       0       0       0       0       0       0
      Locals:         0       0       0       0       0       0       0       0       0       0       0       0       0       0       0       0       0       0       0       0       0       0       0       0       0       0       0
      Temps:          0       0       0       0       0       0       0       0       0       0       0       0       0       0       0       0       0       0       0       0       0       0       0       0       0       0       0
      Totals:         0       0       0       0       0       0       0       0       0       0       0       0       0       0       0       0       0       0       0       0       0       0       0       0       0       0       0
Total ram usage:        0 bytes
 Hardware stack levels used:    1
 Hardware stack levels required when called:    2
 This function calls:
		_TMR0_CallBack
 This function is called by:
		_INTERRUPT_InterruptManager
 This function uses a non-reentrant model


 *************** function _TMR0_CallBack *****************
 Defined at:
		line 151 in file "mcc_generated_files/tmr0.c"
 Parameters:    Size  Location     Type
		None
 Auto vars:     Size  Location     Type
		None
 Return value:  Size  Location     Type
                  1    wreg      void 
 Registers used:
		wreg, status,2, status,0, pclath, cstack
 Tracked objects:
		On entry : 
		On exit  : 
		Unchanged: 
 Data sizes:     COMMON   BANK0   BANK1   BANK2   BANK3   BANK4   BANK5   BANK6   BANK7   BANK8   BANK9  BANK10  BANK11  BANK12  BANK13  BANK14  BANK15  BANK16  BANK17  BANK18  BANK19  BANK20  BANK21  BANK22  BANK23  BANK24  BANK25
      Params:         0       0       0       0       0       0       0       0       0       0       0       0       0       0       0       0       0       0       0       0       0       0       0       0       0       0       0
      Locals:         0       0       0       0       0       0       0       0       0       0       0       0       0       0       0       0       0       0       0       0       0       0       0       0       0       0       0
      Temps:          0       0       0       0       0       0       0       0       0       0       0       0       0       0       0       0       0       0       0       0       0       0       0       0       0       0       0
      Totals:         0       0       0       0       0       0       0       0       0       0       0       0       0       0       0       0       0       0       0       0       0       0       0       0       0       0       0
Total ram usage:        0 bytes
 Hardware stack levels used:    1
 Hardware stack levels required when called:    1
 This function calls:
		Absolute function
		_TMR0_DefaultInterruptHandler
 This function is called by:
		_TMR0_ISR
 This function uses a non-reentrant model


 *************** function _TMR0_DefaultInterruptHandler *****************
 Defined at:
		line 165 in file "mcc_generated_files/tmr0.c"
 Parameters:    Size  Location     Type
		None
 Auto vars:     Size  Location     Type
		None
 Return value:  Size  Location     Type
                  1    wreg      void 
 Registers used:
		None
 Tracked objects:
		On entry : 
		On exit  : 
		Unchanged: 
 Data sizes:     COMMON   BANK0   BANK1   BANK2   BANK3   BANK4   BANK5   BANK6   BANK7   BANK8   BANK9  BANK10  BANK11  BANK12  BANK13  BANK14  BANK15  BANK16  BANK17  BANK18  BANK19  BANK20  BANK21  BANK22  BANK23  BANK24  BANK25
      Params:         0       0       0       0       0       0       0       0       0       0       0       0       0       0       0       0       0       0       0       0       0       0       0       0       0       0       0
      Locals:         0       0       0       0       0       0       0       0       0       0       0       0       0       0       0       0       0       0       0       0       0       0       0       0       0       0       0
      Temps:          0       0       0       0       0       0       0       0       0       0       0       0       0       0       0       0       0       0       0       0       0       0       0       0       0       0       0
      Totals:         0       0       0       0       0       0       0       0       0       0       0       0       0       0       0       0       0       0       0       0       0       0       0       0       0       0       0
Total ram usage:        0 bytes
 Hardware stack levels used:    1
 This function calls:
		Nothing
 This function is called by:
		_TMR0_Initialize
		_TMR0_CallBack
 This function uses a non-reentrant model



MODULE INFORMATION

Module		Function		Class		Link	Load	Size
/Applications/microchip/xc8/v1.42/sources/common/isdigit.c
		_isdigit       		CODE           	348B	0000	15

/Applications/microchip/xc8/v1.42/sources/common/isdigit.c estimated size: 15

flashy_task.c
		_flashy_display_option		CODE           	1A00	0000	96
		_flashy_Main   		CODE           	0819	0000	2024
		_flashy_Init   		CODE           	0764	0000	151

flashy_task.c estimated size: 2271

mcc_generated_files/pwm6.c
		_PWM6_LoadDutyValue		CODE           	3595	0000	23
		_PWM6_Initialize		CODE           	345A	0000	13

mcc_generated_files/pwm6.c estimated size: 36

mcc_generated_files/tmr4.c
		_TMR4_Initialize		CODE           	3438	0000	12
		_TMR4_StartTimer		CODE           	33AD	0000	4

mcc_generated_files/tmr4.c estimated size: 16

nullifyBadge.c
		_nullifyBadge_segDisplayErase		CODE           	33D1	0000	7
		_nullifyBadge_segDisplayPutStr		CODE           	340D	0000	11
		_nullifyBadge_userLedsClr		CODE           	07FA	0000	7
		_nullifyBadge_irTxClr		CODE           	33B0	0000	4
		_nullifyBadge_buttonsGet		CODE           	2882	0000	50
		_nullifyBadge_segDisplayForceUpdate		CODE           	33CB	0000	7
		_nullifyBadge_irTxSet		CODE           	33B3	0000	4
		_nullifyBadge_segDisplayRegister		CODE           	33DF	0000	9
		_nullifyBadge_irGet		CODE           	33BA	0000	6
		_nullifyBadge_userLedsRegister		CODE           	34B6	0000	16
		_nullifyBadge_irTxRelease		CODE           	3443	0000	12
		_nullifyBadge_platformInit		CODE           	2E29	0000	86
		_nullifyBadge_irTxRegister		CODE           	34A7	0000	16
		_nullifyBadge_userLedsSet		CODE           	34E6	0000	18

nullifyBadge.c estimated size: 253

/Applications/microchip/xc8/v1.42/sources/common/Umul16.c
		___wmul        		CODE           	35F3	0000	28

/Applications/microchip/xc8/v1.42/sources/common/Umul16.c estimated size: 28

mcc_generated_files/tmr2.c
		_TMR2_Initialize		CODE           	3403	0000	11
		_TMR2_StartTimer		CODE           	33AA	0000	4

mcc_generated_files/tmr2.c estimated size: 15

mcc_generated_files/interrupt_manager.c
		_INTERRUPT_InterruptManager		CODE           	0004	0000	19

mcc_generated_files/interrupt_manager.c estimated size: 19

mcc_generated_files/pwm2.c
		_PWM2_Initialize		CODE           	342D	0000	12
		_PWM2_LoadDutyValue		CODE           	3569	0000	23

mcc_generated_files/pwm2.c estimated size: 35

mcc_generated_files/tmr0.c
		_TMR0_SetInterruptHandler		CODE           	33BF	0000	7
		_TMR0_DefaultInterruptHandler		CODE           	0800	0000	2
		_TMR0_CallBack 		CODE           	3417	0000	12
		_TMR0_StartTimer		CODE           	33A7	0000	4
		_TMR0_Read16bitTimer		CODE           	3645	0000	30
		_TMR0_ISR      		CODE           	347E	0000	14
		_TMR0_Initialize		CODE           	3662	0000	31

mcc_generated_files/tmr0.c estimated size: 100

mcc_generated_files/pin_manager.c
		_PIN_MANAGER_Initialize		CODE           	2DD4	0000	86

mcc_generated_files/pin_manager.c estimated size: 86

menu_task.c
		_menu_Init     		CODE           	2F3B	0000	99
		_menu_display_option		CODE           	2ED9	0000	99
		_menu_Main     		CODE           	1E09	0000	504
		_menu_run_option		CODE           	2C96	0000	75
		_menu_clear    		CODE           	2C07	0000	72

menu_task.c estimated size: 849

mcc_generated_files/spi1.c
		_SPI1_Initialize		CODE           	33D7	0000	9
		_SPI1_Exchange8bitBuffer		CODE           	2CE0	0000	79
		_SPI1_Exchange8bit		CODE           	33E7	0000	10

mcc_generated_files/spi1.c estimated size: 98

secret_task.c
		_secret_Main   		CODE           	2643	0000	446
		_secret_Init   		CODE           	2E7E	0000	92
		_secret_check  		CODE           	1028	0000	188
		_secret_clear  		CODE           	28B3	0000	51

secret_task.c estimated size: 777

/Applications/microchip/xc8/v1.42/sources/common/lwmod.c
		___lwmod       		CODE           	3772	0000	46

/Applications/microchip/xc8/v1.42/sources/common/lwmod.c estimated size: 46

nullifyBadge_displayL2.c
		_displayL2_EraseSegDisplay		CODE           	34C5	0000	17
		_displayL2_ForceUpdate		CODE           	33C5	0000	7
		_displayL2_PutStr		CODE           	3748	0000	43
		_displayL2_PutChar		CODE           	2D2E	0000	83
		_displayL2_Initialize		CODE           	3722	0000	39
		_displayL2_ClrUserLeds		CODE           	3499	0000	15
		_displayL2_SetUserLeds		CODE           	369E	0000	31

nullifyBadge_displayL2.c estimated size: 235

/Applications/microchip/xc8/v1.42/sources/common/Umul32.c
		___lmul        		CODE           	37CE	0000	51

/Applications/microchip/xc8/v1.42/sources/common/Umul32.c estimated size: 51

/Applications/microchip/xc8/v1.42/sources/common/almod.c
		___almod       		CODE           	20F1	0000	111

/Applications/microchip/xc8/v1.42/sources/common/almod.c estimated size: 111

locked_task.c
		_locked_Main   		CODE           	1C2C	0000	478
		_locked_Init   		CODE           	2F9D	0000	100
		_locked_clear  		CODE           	2AF6	0000	67
		_locked_lock_leds		CODE           	35D9	0000	27
		_locked_get_unlock_leds		CODE           	0801	0000	25
		_locked_get_lock_leds		CODE           	36FE	0000	37
		_locked_unlock_leds		CODE           	351A	0000	19

locked_task.c estimated size: 753

shared
		_dpowers       		STRCODE        	2800	0000	11
		_gamma_table_256x1k		STRCODE        	1800	0000	513
		__initialization		CODE           	0018	0000	202

shared estimated size: 726

mcc_generated_files/pwm5.c
		_PWM5_LoadDutyValue		CODE           	357F	0000	23
		_PWM5_Initialize		CODE           	344E	0000	13

mcc_generated_files/pwm5.c estimated size: 36

/Applications/microchip/xc8/v1.42/sources/common/rand.c
		_rand          		CODE           	2B38	0000	68

/Applications/microchip/xc8/v1.42/sources/common/rand.c estimated size: 68

/Applications/microchip/xc8/v1.42/sources/common/strlen.c
		_strlen        		CODE           	3680	0000	31

/Applications/microchip/xc8/v1.42/sources/common/strlen.c estimated size: 31

mcc_generated_files/mcc.c
		_WDT_Initialize		CODE           	33B6	0000	5
		_OSCILLATOR_Initialize		CODE           	33F9	0000	11
		_SYSTEM_Initialize		CODE           	36BC	0000	34

mcc_generated_files/mcc.c estimated size: 50

cooperative_scheduler.c
		_scheduler_TaskInit		CODE           	29C0	0000	58
		_scheduler_TaskAdd		CODE           	2249	0000	123
		_schedulerExecute		CODE           	22C3	0000	133
		_scheduler_Init		CODE           	360E	0000	28
		_scheduler_TaskRun		CODE           	36DD	0000	34

cooperative_scheduler.c estimated size: 376

/Applications/microchip/xc8/v1.42/sources/common/memset.c
		_memset        		CODE           	35C1	0000	25

/Applications/microchip/xc8/v1.42/sources/common/memset.c estimated size: 25

mcc_generated_files/pwm1.c
		_PWM1_Initialize		CODE           	3422	0000	12
		_PWM1_LoadDutyValue		CODE           	3553	0000	23

mcc_generated_files/pwm1.c estimated size: 35

/Applications/microchip/xc8/v1.42/sources/common/lwdiv.c
		___lwdiv       		CODE           	28E5	0000	53

/Applications/microchip/xc8/v1.42/sources/common/lwdiv.c estimated size: 53

matrix_task.c
		_matrix_display_option		CODE           	23E5	0000	164
		_matrix_secret_check		CODE           	2488	0000	188
		_matrix_Main   		CODE           	10E3	0000	1822
		_matrix_Init   		CODE           	2347	0000	159

matrix_task.c estimated size: 2333

/Applications/microchip/xc8/v1.42/sources/common/doprnt.c
		_sprintf       		CODE           	1A5F	0000	462

/Applications/microchip/xc8/v1.42/sources/common/doprnt.c estimated size: 462

main.c
		_marquee       		CODE           	21D2	0000	120
		_main          		CODE           	0661	0000	260
		_let_alternate 		CODE           	353F	0000	21
		_led_Parody    		CODE           	208C	0000	102
		_led_roundabout		CODE           	2AB5	0000	66
		_led_circle    		CODE           	33F0	0000	10
		_led_rand      		CODE           	2C4E	0000	73
		_marquee_speedy		CODE           	215F	0000	116
		_led_curtain   		CODE           	2A74	0000	66

main.c estimated size: 834

/Applications/microchip/xc8/v1.42/sources/common/Umul8.c
		___bmul        		CODE           	34F7	0000	18

/Applications/microchip/xc8/v1.42/sources/common/Umul8.c estimated size: 18

slot_task.c
		_slot_Init     		CODE           	2028	0000	101
		_slot_Finished_Animation		CODE           	1001	0000	40
		_slot_Running_Animation		CODE           	2B7B	0000	71
		_slot_Setup    		CODE           	2D80	0000	85
		_slot_Main     		CODE           	00E5	0000	1405

slot_task.c estimated size: 1702

nullifyBadge_displayL1.c
		_displayL1_SetUserLed		CODE           	3508	0000	19
		_displayL1_SetSegChar		CODE           	2A33	0000	66
		_displayL1_Update		CODE           	34D5	0000	18
		_displayL1_Initialize		CODE           	352C	0000	20
		_displayCharReverse		CODE           	379F	0000	48

nullifyBadge_displayL1.c estimated size: 171

