Microchip MPLAB XC8 Compiler V1.42 ()

Linker command line:

-W-3 --edf=/Applications/microchip/xc8/v1.42/dat/en_msgs.txt -cs \
  -h+dist/default/production/defcon25.production.sym \
  --cmf=dist/default/production/defcon25.production.cmf -z -Q16LF18346 \
  -o/tmp/xckNWCuux -Mdist/default/production/defcon25.production.map -E1 \
  -ver=XC8 -ASTACK=0224Eh-026efh -pstack=STACK -ACODE=00h-07FFhx8 \
  -ASTRCODE=00h-03FFFh -ASTRING=00h-0FFhx64 -ACONST=00h-0FFhx64 \
  -AENTRY=00h-0FFhx64 -ACOMMON=070h-07Fh -ABANK0=020h-06Fh \
  -ABANK1=0A0h-0EFh -ABANK2=0120h-016Fh -ABANK3=01A0h-01EFh \
  -ABANK4=0220h-026Fh -ABANK5=02A0h-02EFh -ABANK6=0320h-036Fh \
  -ABANK7=03A0h-03EFh -ABANK8=0420h-046Fh -ABANK9=04A0h-04EFh \
  -ABANK10=0520h-056Fh -ABANK11=05A0h-05EFh -ABANK12=0620h-066Fh \
  -ABANK13=06A0h-06EFh -ABANK14=0720h-076Fh -ABANK15=07A0h-07EFh \
  -ABANK16=0820h-086Fh -ABANK17=08A0h-08EFh -ABANK18=0920h-096Fh \
  -ABANK19=09A0h-09EFh -ABANK20=0A20h-0A6Fh -ABANK21=0AA0h-0AEFh \
  -ABANK22=0B20h-0B6Fh -ABANK23=0BA0h-0BEFh -ABANK24=0C20h-0C6Fh \
  -ABANK25=0CA0h-0CBFh -ABIGRAM=02000h-027EFh \
  -ARAM=020h-06Fh,0A0h-0EFh,0120h-016Fh,01A0h-01EFh,0220h-026Fh,02A0h-02EFh,0320h-036Fh,03A0h-03EFh,0420h-046Fh,04A0h-04EFh,0520h-056Fh,05A0h-05EFh,0620h-066Fh,06A0h-06EFh,0720h-076Fh,07A0h-07EFh,0820h-086Fh,08A0h-08EFh,0920h-096Fh,09A0h-09EFh,0A20h-0A6Fh,0AA0h-0AEFh,0B20h-0B6Fh,0BA0h-0BEFh,0C20h-0C6Fh,0CA0h-0CBFh \
  -AABS1=020h-07Fh,0A0h-0EFh,0120h-016Fh,01A0h-01EFh,0220h-026Fh,02A0h-02EFh,0320h-036Fh,03A0h-03EFh,0420h-046Fh,04A0h-04EFh,0520h-056Fh,05A0h-05EFh,0620h-066Fh,06A0h-06EFh,0720h-076Fh,07A0h-07EFh,0820h-086Fh,08A0h-08EFh,0920h-096Fh,09A0h-09EFh,0A20h-0A6Fh,0AA0h-0AEFh,0B20h-0B6Fh,0BA0h-0BEFh,0C20h-0C6Fh,0CA0h-0CBFh \
  -ASFR0=00h-01Fh -ASFR1=080h-09Fh -ASFR2=0100h-011Fh -ASFR3=0180h-019Fh \
  -ASFR4=0200h-021Fh -ASFR5=0280h-029Fh -ASFR6=0300h-031Fh \
  -ASFR7=0380h-039Fh -ASFR8=0400h-041Fh -ASFR9=0480h-049Fh \
  -ASFR10=0500h-051Fh -ASFR11=0580h-059Fh -ASFR12=0600h-061Fh \
  -ASFR13=0680h-069Fh -ASFR14=0700h-071Fh -ASFR15=0780h-079Fh \
  -ASFR16=0800h-081Fh -ASFR17=0880h-089Fh -ASFR18=0900h-091Fh \
  -ASFR19=0980h-099Fh -ASFR20=0A00h-0A1Fh -ASFR21=0A80h-0A9Fh \
  -ASFR22=0B00h-0B1Fh -ASFR23=0B80h-0B9Fh -ASFR24=0C00h-0C1Fh \
  -ASFR25=0C80h-0C9Fh -ASFR26=0D00h-0D6Fh -ASFR27=0D80h-0DEFh \
  -ASFR28=0E00h-0E6Fh -ASFR29=0E80h-0EEFh -ASFR30=0F00h-0F6Fh \
  -ASFR31=0F80h-0FEFh -preset_vec=00h,intentry=04h,init,end_init \
  -ppowerup=CODE -pcinit=CODE -pfunctab=CODE -ACONFIG=08007h-0800Ah \
  -pconfig=CONFIG -DCONFIG=2 -AIDLOC=08000h-08003h -pidloc=IDLOC -DIDLOC=2 \
  -AEEDATA=00h-0FFh/0F000h -peeprom_data=EEDATA -DEEDATA=2 -DCODE=2 \
  -DSTRCODE=2 -DSTRING=2 -DCONST=2 -DENTRY=2 -k /tmp/xchqCo7A8.obj \
  dist/default/production/defcon25.production.obj 

Object code version is 3.11

Machine type is 16LF18346



                Name                               Link     Load   Length Selector   Space Scale
/tmp/xchqCo7A8.obj
                end_init                             16       16        2        8       0
                reset_vec                             0        0        2        0       0
                config                             8007     8007        4    1000E       0
dist/default/production/defcon25.production.obj
                cinit                                18       18       8F        8       0
                intentry                              4        4       12        8       0
                text95                              7FF      7FF        1        8       0
                text94                             26E0     26E0        B     4DC0       0
                text93                             2747     2747        D     4E8E       0
                text91                             1812     1812       16     3024       0
                text90                             1828     1828       16     3050       0
                text89                             183E     183E       16     307C       0
                text88                              802      802       16     1004       0
                text87                             26B8     26B8        A     4D70       0
                text86                             1E42     1E42       55     3C84       0
                text85                             26EB     26EB        B     4DD6       0
                text84                             26F6     26F6        B     4DEC       0
                text83                             2717     2717        C     4E2E       0
                text82                             2723     2723        C     4E46       0
                text81                             2696     2696        8     4D2C       0
                text80                             2678     2678        6     4CF0       0
                text79                             2665     2665        3     4CCA       0
                text78                             18F8     18F8       1E     31F0       0
                text77                             2668     2668        3     4CD0       0
                text76                             26C2     26C2        A     4D84       0
                text75                             266B     266B        3     4CD6       0
                text74                             2701     2701        B     4E02       0
                text73                             2674     2674        4     4CE8       0
                text72                             1972     1972       21     32E4       0
                text71                             26A6     26A6        9     4D4C       0
                text70                             1DA2     1DA2       4E     3B44       0
                text69                             27CB     27CB       11     4F96       0
                text68                             186D     186D       1B     30DA       0
                text67                             279B     279B       10     4F36       0
                text66                             1993     1993       23     3326       0
                text65                             1E97     1E97       55     3D2E       0
                text64                             18BE     18BE       1D     317C       0
                text63                             1B3F     1B3F       34     367E       0
                text62                             1A4E     1A4E       2D     349C       0
                text61                             267E     267E        6     4CFC       0
                text60                             2684     2684        6     4D08       0
                text59                             1A7B     1A7B       2F     34F6       0
                text58                             1C5A     1C5A       41     38B4       0
                text57                             1DF0     1DF0       52     3BE0       0
                text56                             1A24     1A24       2A     3448       0
                text55                             26CC     26CC        A     4D98       0
                text54                             1916     1916       1E     322C       0
                text53                             13E6     13E6       77     27CC       0
                text52                             1373     1373       73     26E6       0
                text51                             1FA1     1FA1       5F     3F42       0
                text50                             1800     1800       12     2E00       0
                text49                             1934     1934       1E     3268       0
                text48                             2754     2754        D     4EA8       0
                text47                             26AF     26AF        9     4D5E       0
                text46                             1C9B     1C9B       41     3936       0
                text45                             1ADB     1ADB       32     35B6       0
                text44                             1D5F     1D5F       43     3ABE       0
                text43                             27AB     27AB       10     4F56       0
                text42                             1CDC     1CDC       41     39B8       0
                text41                             1AAA     1AAA       31     3554       0
                text40                             1200     1200        5     2400       0
                text39                             266E     266E        3     4CDC       0
                text38                             277D     277D        F     4EFA       0
                text37                             270C     270C        B     4E18       0
                text36                             2671     2671        3     4CE2       0
                text35                             1888     1888       1B     3110       0
                text34                             2761     2761        E     4EC2       0
                text33                              61A      61A      151        8       0
                text32                             27BB     27BB       10     4F76       0
                text31                             268A     268A        6     4D14       0
                text30                             276F     276F        E     4EDE       0
                text29                             2690     2690        6     4D20       0
                text28                             1D1D     1D1D       42     3A3A       0
                text27                             19D9     19D9       25     33B2       0
                text26                             1854     1854       19     30A8       0
                text25                             18A3     18A3       1B     3146       0
                text24                             27ED     27ED       13     4FDA       0
                text23                             124C     124C       62     2498       0
                text22                             1205     1205       47     240A       0
                text21                             1BE3     1BE3       3A     37C6       0
                text20                             27DC     27DC       11     4FB8       0
                text19                             155B     155B       BB     2AB6       0
                text18                             1B0D     1B0D       32     361A       0
                text17                             14D9     14D9       82     29B2       0
                text16                              89A      89A      766     1134       0
                text15                               A7       A7      1EC        8       0
                text14                              293      293      1CA        8       0
                text13                              45D      45D      1BD        8       0
                text12                             1952     1952       20     32A4       0
                text11                             145D     145D       7C     28BA       0
                text10                             18DB     18DB       1D     31B6       0
                text9                              269E     269E        8     4D3C       0
                text8                              278C     278C        F     4F18       0
                text7                              1EEC     1EEC       5A     3DD8       0
                text6                               76B      76B       94        8       0
                text5                              12AE     12AE       62     255C       0
                text4                              1310     1310       63     2620       0
                text3                              1F46     1F46       5B     3E8C       0
                text2                               818      818       82     1030       0
                text1                              1C1D     1C1D       3D     383A       0
                maintext                           1616     1616       EA     2C2C       0
                cstackBANK0                          20       20       50       20       1
                cstackCOMMON                         70       70        C       70       1
                cstackBANK1                          E4       E4        1       A0       1
                clrtext                            272F     272F        C     4E5E       0
                inittext                           273B     273B        C     4E76       0
                bssBANK7                            3A0      3A0       1E      3A0       1
                dataBANK6                           320      320       38      320       1
                dataBANK5                           2A0      2A0       38      2A0       1
                bssBANK4                            220      220       4C      220       1
                dataBANK3                           1A0      1A0       23      1A0       1
                bssBANK3                            1C3      1C3       20      1A0       1
                dataBANK2                           147      147       26      120       1
                bssBANK2                            120      120       27      120       1
                dataBANK1                            DA       DA        A       A0       1
                bssBANK1                             A0       A0       3A       A0       1
                bssCOMMON                            7C       7C        1       70       1
                stringtext19                       2867     2867        4     5000       0
                stringtext18                       2862     2862        5     5000       0
                stringtext17                       285D     285D        5     5000       0
                stringtext16                       2858     2858        5     5000       0
                stringtext15                       2853     2853        5     5000       0
                stringtext14                       284E     284E        5     5000       0
                stringtext13                       2849     2849        5     5000       0
                stringtext12                       2844     2844        5     5000       0
                stringtext11                       283F     283F        5     5000       0
                stringtext10                       283A     283A        5     5000       0
                stringtext9                        2834     2834        6     5000       0
                stringtext8                        282E     282E        6     5000       0
                stringtext7                        2828     2828        6     5000       0
                stringtext6                        2820     2820        8     5000       0
                stringtext5                        2817     2817        9     5000       0
                stringtext4                        280D     280D        A     5000       0
                stringtext3                        2800     2800        D     5000       0
                stringtext2                        2000     2000       1C     4000       0
                stringtext1                        1000     1000      200     2000       0
                idataBIGRAM                        1700     1700      100     2E00       0
                idataBANK6                         1B73     1B73       38     36E6       0
                idataBANK5                         1BAB     1BAB       38     3756       0
                idataBANK3                         19B6     19B6       23     336C       0
                idataBANK2                         19FE     19FE       26     33FC       0
                idataBANK1                         26D6     26D6        A     4DAC       0

TOTAL           Name                               Link     Load   Length     Space
        CLASS   STACK          

        CLASS   CODE           
                end_init                             16       16        2         0
                cinit                                18       18       8F         0
                intentry                              4        4       12         0
                reset_vec                             0        0        2         0
                text95                              7FF      7FF        1         0
                text94                             26E0     26E0        B         0
                text93                             2747     2747        D         0
                text91                             1812     1812       16         0
                text90                             1828     1828       16         0
                text89                             183E     183E       16         0
                text88                              802      802       16         0
                text87                             26B8     26B8        A         0
                text86                             1E42     1E42       55         0
                text85                             26EB     26EB        B         0
                text84                             26F6     26F6        B         0
                text83                             2717     2717        C         0
                text82                             2723     2723        C         0
                text81                             2696     2696        8         0
                text80                             2678     2678        6         0
                text79                             2665     2665        3         0
                text78                             18F8     18F8       1E         0
                text77                             2668     2668        3         0
                text76                             26C2     26C2        A         0
                text75                             266B     266B        3         0
                text74                             2701     2701        B         0
                text73                             2674     2674        4         0
                text72                             1972     1972       21         0
                text71                             26A6     26A6        9         0
                text70                             1DA2     1DA2       4E         0
                text69                             27CB     27CB       11         0
                text68                             186D     186D       1B         0
                text67                             279B     279B       10         0
                text66                             1993     1993       23         0
                text65                             1E97     1E97       55         0
                text64                             18BE     18BE       1D         0
                text63                             1B3F     1B3F       34         0
                text62                             1A4E     1A4E       2D         0
                text61                             267E     267E        6         0
                text60                             2684     2684        6         0
                text59                             1A7B     1A7B       2F         0
                text58                             1C5A     1C5A       41         0
                text57                             1DF0     1DF0       52         0
                text56                             1A24     1A24       2A         0
                text55                             26CC     26CC        A         0
                text54                             1916     1916       1E         0
                text53                             13E6     13E6       77         0
                text52                             1373     1373       73         0
                text51                             1FA1     1FA1       5F         0
                text50                             1800     1800       12         0
                text49                             1934     1934       1E         0
                text48                             2754     2754        D         0
                text47                             26AF     26AF        9         0
                text46                             1C9B     1C9B       41         0
                text45                             1ADB     1ADB       32         0
                text44                             1D5F     1D5F       43         0
                text43                             27AB     27AB       10         0
                text42                             1CDC     1CDC       41         0
                text41                             1AAA     1AAA       31         0
                text40                             1200     1200        5         0
                text39                             266E     266E        3         0
                text38                             277D     277D        F         0
                text37                             270C     270C        B         0
                text36                             2671     2671        3         0
                text35                             1888     1888       1B         0
                text34                             2761     2761        E         0
                text33                              61A      61A      151         0
                text32                             27BB     27BB       10         0
                text31                             268A     268A        6         0
                text30                             276F     276F        E         0
                text29                             2690     2690        6         0
                text28                             1D1D     1D1D       42         0
                text27                             19D9     19D9       25         0
                text26                             1854     1854       19         0
                text25                             18A3     18A3       1B         0
                text24                             27ED     27ED       13         0
                text23                             124C     124C       62         0
                text22                             1205     1205       47         0
                text21                             1BE3     1BE3       3A         0
                text20                             27DC     27DC       11         0
                text19                             155B     155B       BB         0
                text18                             1B0D     1B0D       32         0
                text17                             14D9     14D9       82         0
                text16                              89A      89A      766         0
                text15                               A7       A7      1EC         0
                text14                              293      293      1CA         0
                text13                              45D      45D      1BD         0
                text12                             1952     1952       20         0
                text11                             145D     145D       7C         0
                text10                             18DB     18DB       1D         0
                text9                              269E     269E        8         0
                text8                              278C     278C        F         0
                text7                              1EEC     1EEC       5A         0
                text6                               76B      76B       94         0
                text5                              12AE     12AE       62         0
                text4                              1310     1310       63         0
                text3                              1F46     1F46       5B         0
                text2                               818      818       82         0
                text1                              1C1D     1C1D       3D         0
                maintext                           1616     1616       EA         0
                clrtext                            272F     272F        C         0
                inittext                           273B     273B        C         0
                idataBIGRAM                        1700     1700      100         0
                idataBANK6                         1B73     1B73       38         0
                idataBANK5                         1BAB     1BAB       38         0
                idataBANK3                         19B6     19B6       23         0
                idataBANK2                         19FE     19FE       26         0
                idataBANK1                         26D6     26D6        A         0

        CLASS   STRCODE        
                stringtext19                       2867     2867        4         0
                stringtext18                       2862     2862        5         0
                stringtext17                       285D     285D        5         0
                stringtext16                       2858     2858        5         0
                stringtext15                       2853     2853        5         0
                stringtext14                       284E     284E        5         0
                stringtext13                       2849     2849        5         0
                stringtext12                       2844     2844        5         0
                stringtext11                       283F     283F        5         0
                stringtext10                       283A     283A        5         0
                stringtext9                        2834     2834        6         0
                stringtext8                        282E     282E        6         0
                stringtext7                        2828     2828        6         0
                stringtext6                        2820     2820        8         0
                stringtext5                        2817     2817        9         0
                stringtext4                        280D     280D        A         0
                stringtext3                        2800     2800        D         0
                stringtext2                        2000     2000       1C         0
                stringtext1                        1000     1000      200         0

        CLASS   STRING         

        CLASS   CONST          

        CLASS   ENTRY          

        CLASS   COMMON         
                cstackCOMMON                         70       70        C         1
                bssCOMMON                            7C       7C        1         1

        CLASS   BANK0          
                cstackBANK0                          20       20       50         1

        CLASS   BANK1          
                cstackBANK1                          E4       E4        1         1
                dataBANK1                            DA       DA        A         1
                bssBANK1                             A0       A0       3A         1

        CLASS   BANK2          
                dataBANK2                           147      147       26         1
                bssBANK2                            120      120       27         1

        CLASS   BANK3          
                dataBANK3                           1A0      1A0       23         1
                bssBANK3                            1C3      1C3       20         1

        CLASS   BANK4          
                bssBANK4                            220      220       4C         1

        CLASS   BANK5          
                dataBANK5                           2A0      2A0       38         1

        CLASS   BANK6          
                dataBANK6                           320      320       38         1

        CLASS   BANK7          
                bssBANK7                            3A0      3A0       1E         1

        CLASS   BANK8          

        CLASS   BANK9          

        CLASS   BANK10         

        CLASS   BANK11         

        CLASS   BANK12         

        CLASS   BANK13         

        CLASS   BANK14         

        CLASS   BANK15         

        CLASS   BANK16         

        CLASS   BANK17         

        CLASS   BANK18         

        CLASS   BANK19         

        CLASS   BANK20         

        CLASS   BANK21         

        CLASS   BANK22         

        CLASS   BANK23         

        CLASS   BANK24         

        CLASS   BANK25         

        CLASS   BIGRAM         

        CLASS   RAM            

        CLASS   ABS1           
                abs_s1                               7E       7E        2         1
                abs_s1                              B30      B30       40         1
                abs_s1                              BA0      BA0       50         1
                abs_s1                              C20      C20       50         1
                abs_s1                              CA0      CA0       20         1
                abs_s1                             26F0     26F0        0         1

        CLASS   SFR0           

        CLASS   SFR1           

        CLASS   SFR2           

        CLASS   SFR3           

        CLASS   SFR4           

        CLASS   SFR5           

        CLASS   SFR6           

        CLASS   SFR7           

        CLASS   SFR8           

        CLASS   SFR9           

        CLASS   SFR10          

        CLASS   SFR11          

        CLASS   SFR12          

        CLASS   SFR13          

        CLASS   SFR14          

        CLASS   SFR15          

        CLASS   SFR16          

        CLASS   SFR17          

        CLASS   SFR18          

        CLASS   SFR19          

        CLASS   SFR20          

        CLASS   SFR21          

        CLASS   SFR22          

        CLASS   SFR23          

        CLASS   SFR24          

        CLASS   SFR25          

        CLASS   SFR26          

        CLASS   SFR27          

        CLASS   SFR28          

        CLASS   SFR29          

        CLASS   SFR30          

        CLASS   SFR31          

        CLASS   CONFIG         
                config                             8007     8007        4         0

        CLASS   IDLOC          

        CLASS   EEDATA         

        CLASS   BANK31         

        CLASS   BANK30         

        CLASS   BANK29         

        CLASS   BANK28         

        CLASS   BANK27         

        CLASS   BANK26         



SEGMENTS        Name                           Load    Length   Top    Selector   Space  Class     Delta

                reset_vec                      000000  000002  000002         0       0  CODE        2
                intentry                       000004  0007FC  000800         8       0  CODE        2
                cstackBANK0                    000020  000050  000070        20       1  BANK0       1
                cstackCOMMON                   000070  00000D  00007D        70       1  COMMON      1
                bssBANK1                       0000A0  000045  0000E5        A0       1  BANK1       1
                bssBANK2                       000120  00004D  00016D       120       1  BANK2       1
                dataBANK3                      0001A0  000043  0001E3       1A0       1  BANK3       1
                bssBANK4                       000220  00004C  00026C       220       1  BANK4       1
                dataBANK5                      0002A0  000038  0002D8       2A0       1  BANK5       1
                dataBANK6                      000320  000038  000358       320       1  BANK6       1
                bssBANK7                       0003A0  00001E  0003BE       3A0       1  BANK7       1
                text88                         000802  000016  000818      1004       0  CODE        2
                text2                          000818  000082  00089A      1030       0  CODE        2
                text16                         00089A  000766  001000      1134       0  CODE        2
                stringtext1                    001000  000200  001200      2000       0  STRCODE     2
                text40                         001200  000005  001205      2400       0  CODE        2
                text22                         001205  000047  00124C      240A       0  CODE        2
                text23                         00124C  000062  0012AE      2498       0  CODE        2
                text5                          0012AE  000062  001310      255C       0  CODE        2
                text4                          001310  000063  001373      2620       0  CODE        2
                text52                         001373  000073  0013E6      26E6       0  CODE        2
                text53                         0013E6  000077  00145D      27CC       0  CODE        2
                text11                         00145D  00007C  0014D9      28BA       0  CODE        2
                text17                         0014D9  000082  00155B      29B2       0  CODE        2
                text19                         00155B  0000BB  001616      2AB6       0  CODE        2
                maintext                       001616  0000EA  001700      2C2C       0  CODE        2
                idataBIGRAM                    001700  000112  001812      2E00       0  CODE        2
                text91                         001812  000016  001828      3024       0  CODE        2
                text90                         001828  000016  00183E      3050       0  CODE        2
                text89                         00183E  000016  001854      307C       0  CODE        2
                text26                         001854  000019  00186D      30A8       0  CODE        2
                text68                         00186D  00001B  001888      30DA       0  CODE        2
                text35                         001888  00001B  0018A3      3110       0  CODE        2
                text25                         0018A3  00001B  0018BE      3146       0  CODE        2
                text64                         0018BE  00001D  0018DB      317C       0  CODE        2
                text10                         0018DB  00001D  0018F8      31B6       0  CODE        2
                text78                         0018F8  00001E  001916      31F0       0  CODE        2
                text54                         001916  00001E  001934      322C       0  CODE        2
                text49                         001934  00001E  001952      3268       0  CODE        2
                text12                         001952  000020  001972      32A4       0  CODE        2
                text72                         001972  000021  001993      32E4       0  CODE        2
                text66                         001993  000023  0019B6      3326       0  CODE        2
                idataBANK3                     0019B6  000023  0019D9      336C       0  CODE        2
                text27                         0019D9  000025  0019FE      33B2       0  CODE        2
                idataBANK2                     0019FE  000026  001A24      33FC       0  CODE        2
                text56                         001A24  00002A  001A4E      3448       0  CODE        2
                text62                         001A4E  00002D  001A7B      349C       0  CODE        2
                text59                         001A7B  00002F  001AAA      34F6       0  CODE        2
                text41                         001AAA  000031  001ADB      3554       0  CODE        2
                text45                         001ADB  000032  001B0D      35B6       0  CODE        2
                text18                         001B0D  000032  001B3F      361A       0  CODE        2
                text63                         001B3F  000034  001B73      367E       0  CODE        2
                idataBANK6                     001B73  000038  001BAB      36E6       0  CODE        2
                idataBANK5                     001BAB  000038  001BE3      3756       0  CODE        2
                text21                         001BE3  00003A  001C1D      37C6       0  CODE        2
                text1                          001C1D  00003D  001C5A      383A       0  CODE        2
                text58                         001C5A  000041  001C9B      38B4       0  CODE        2
                text46                         001C9B  000041  001CDC      3936       0  CODE        2
                text42                         001CDC  000041  001D1D      39B8       0  CODE        2
                text28                         001D1D  000042  001D5F      3A3A       0  CODE        2
                text44                         001D5F  000043  001DA2      3ABE       0  CODE        2
                text70                         001DA2  00004E  001DF0      3B44       0  CODE        2
                text57                         001DF0  000052  001E42      3BE0       0  CODE        2
                text86                         001E42  000055  001E97      3C84       0  CODE        2
                text65                         001E97  000055  001EEC      3D2E       0  CODE        2
                text7                          001EEC  00005A  001F46      3DD8       0  CODE        2
                text3                          001F46  00005B  001FA1      3E8C       0  CODE        2
                text51                         001FA1  00005F  002000      3F42       0  CODE        2
                stringtext2                    002000  00001C  00201C      4000       0  STRCODE     2
                text79                         002665  000003  002668      4CCA       0  CODE        2
                text77                         002668  000003  00266B      4CD0       0  CODE        2
                text75                         00266B  000003  00266E      4CD6       0  CODE        2
                text39                         00266E  000003  002671      4CDC       0  CODE        2
                text36                         002671  000003  002674      4CE2       0  CODE        2
                text73                         002674  000004  002678      4CE8       0  CODE        2
                text80                         002678  000006  00267E      4CF0       0  CODE        2
                text61                         00267E  000006  002684      4CFC       0  CODE        2
                text60                         002684  000006  00268A      4D08       0  CODE        2
                text31                         00268A  000006  002690      4D14       0  CODE        2
                text29                         002690  000006  002696      4D20       0  CODE        2
                text81                         002696  000008  00269E      4D2C       0  CODE        2
                text9                          00269E  000008  0026A6      4D3C       0  CODE        2
                text71                         0026A6  000009  0026AF      4D4C       0  CODE        2
                text47                         0026AF  000009  0026B8      4D5E       0  CODE        2
                text87                         0026B8  00000A  0026C2      4D70       0  CODE        2
                text76                         0026C2  00000A  0026CC      4D84       0  CODE        2
                text55                         0026CC  00000A  0026D6      4D98       0  CODE        2
                idataBANK1                     0026D6  00000A  0026E0      4DAC       0  CODE        2
                text94                         0026E0  00000B  0026EB      4DC0       0  CODE        2
                text85                         0026EB  00000B  0026F6      4DD6       0  CODE        2
                text84                         0026F6  00000B  002701      4DEC       0  CODE        2
                text74                         002701  00000B  00270C      4E02       0  CODE        2
                text37                         00270C  00000B  002717      4E18       0  CODE        2
                text83                         002717  00000C  002723      4E2E       0  CODE        2
                text82                         002723  00000C  00272F      4E46       0  CODE        2
                clrtext                        00272F  00000C  00273B      4E5E       0  CODE        2
                inittext                       00273B  00000C  002747      4E76       0  CODE        2
                text93                         002747  00000D  002754      4E8E       0  CODE        2
                text48                         002754  00000D  002761      4EA8       0  CODE        2
                text34                         002761  00000E  00276F      4EC2       0  CODE        2
                text30                         00276F  00000E  00277D      4EDE       0  CODE        2
                text38                         00277D  00000F  00278C      4EFA       0  CODE        2
                text8                          00278C  00000F  00279B      4F18       0  CODE        2
                text67                         00279B  000010  0027AB      4F36       0  CODE        2
                text43                         0027AB  000010  0027BB      4F56       0  CODE        2
                text32                         0027BB  000010  0027CB      4F76       0  CODE        2
                text69                         0027CB  000011  0027DC      4F96       0  CODE        2
                text20                         0027DC  000011  0027ED      4FB8       0  CODE        2
                text24                         0027ED  000013  002800      4FDA       0  CODE        2
                stringtext3                    002800  00006B  00286B      5000       0  STRCODE     2
                config                         008007  000004  00800B     1000E       0  CONFIG      2


UNUSED ADDRESS RANGES

        Name                Unused          Largest block    Delta
        BANK1            000E5-000EF               B           1
        BANK10           00520-0056F              50           1
        BANK11           005A0-005EF              50           1
        BANK12           00620-0066F              50           1
        BANK13           006A0-006EF              50           1
        BANK14           00720-0076F              50           1
        BANK15           007A0-007EF              50           1
        BANK16           00820-0086F              50           1
        BANK17           008A0-008EF              50           1
        BANK18           00920-0096F              50           1
        BANK19           009A0-009EF              50           1
        BANK2            0016D-0016F               3           1
        BANK20           00A20-00A6F              50           1
        BANK21           00AA0-00AEF              50           1
        BANK22           00B20-00B2F              10           1
        BANK3            001E3-001EF               D           1
        BANK4            0026C-0026F               4           1
        BANK5            002D8-002EF              18           1
        BANK6            00358-0036F              18           1
        BANK7            003BE-003EF              32           1
        BANK8            00420-0046F              50           1
        BANK9            004A0-004EF              50           1
        BIGRAM           02000-027EF             7F0           1
        CODE             00002-00003               2           2
                         00800-00801               2
                         0201C-02664             649
                         0286B-03FFF             800
        COMMON           0007D-0007D               1           1
        CONST            00002-00003               2           2
                         00800-00801               2
                         0201C-02664             100
                         0286B-03FFF             100
        EEDATA           0F000-0F0FF             100           2
        ENTRY            00002-00003               2           2
                         00800-00801               2
                         0201C-02664             100
                         0286B-03FFF             100
        IDLOC            08000-08003               4           2
        RAM              000E5-000EF               B           1
                         0016D-0016F               3
                         001E3-001EF               D
                         0026C-0026F               4
                         002D8-002EF              18
                         00358-0036F              18
                         003BE-003EF              32
                         00420-0046F              50
                         004A0-004EF              50
                         00520-0056F              50
                         005A0-005EF              50
                         00620-0066F              50
                         006A0-006EF              50
                         00720-0076F              50
                         007A0-007EF              50
                         00820-0086F              50
                         008A0-008EF              50
                         00920-0096F              50
                         009A0-009EF              50
                         00A20-00A6F              50
                         00AA0-00AEF              50
                         00B20-00B2F              10
        SFR0             00000-0001F              20           1
        SFR1             00080-0009F              20           1
        SFR10            00500-0051F              20           1
        SFR11            00580-0059F              20           1
        SFR12            00600-0061F              20           1
        SFR13            00680-0069F              20           1
        SFR14            00700-0071F              20           1
        SFR15            00780-0079F              20           1
        SFR16            00800-0081F              20           1
        SFR17            00880-0089F              20           1
        SFR18            00900-0091F              20           1
        SFR19            00980-0099F              20           1
        SFR2             00100-0011F              20           1
        SFR20            00A00-00A1F              20           1
        SFR21            00A80-00A9F              20           1
        SFR22            00B00-00B1F              20           1
        SFR23            00B80-00B9F              20           1
        SFR24            00C00-00C1F              20           1
        SFR25            00C80-00C9F              20           1
        SFR26            00D00-00D6F              70           1
        SFR27            00D80-00DEF              70           1
        SFR28            00E00-00E6F              70           1
        SFR29            00E80-00EEF              70           1
        SFR3             00180-0019F              20           1
        SFR30            00F00-00F6F              70           1
        SFR31            00F80-00FEF              70           1
        SFR4             00200-0021F              20           1
        SFR5             00280-0029F              20           1
        SFR6             00300-0031F              20           1
        SFR7             00380-0039F              20           1
        SFR8             00400-0041F              20           1
        SFR9             00480-0049F              20           1
        STACK            0224E-026EF             4A2           1
        STRCODE          00002-00003               2           2
                         00800-00801               2
                         0201C-02664             649
                         0286B-03FFF            1795
        STRING           00002-00003               2           2
                         00800-00801               2
                         0201C-02664             100
                         0286B-03FFF             100

                                  Symbol Table

?_TMR0_Read16bitTimer                        cstackCOMMON 00071
?___lmul                                     cstackCOMMON 00071
?___lwdiv                                    cstackCOMMON 00071
?___lwmod                                    cstackBANK0  00020
?___wmul                                     cstackCOMMON 00071
?_displayCharReverse                         cstackCOMMON 00071
?_locked_get_lock_leds                       cstackCOMMON 00071
?_locked_get_unlock_leds                     cstackCOMMON 00071
?_rand                                       cstackBANK0  00024
?_sprintf                                    cstackBANK0  00024
?_strlen                                     cstackCOMMON 00071
PIN_MANAGER_Initialize@state                 cstackCOMMON 00071
PWM1_LoadDutyValue@dutyValue                 cstackCOMMON 00071
PWM2_LoadDutyValue@dutyValue                 cstackCOMMON 00071
PWM5_LoadDutyValue@dutyValue                 cstackCOMMON 00071
PWM6_LoadDutyValue@dutyValue                 cstackCOMMON 00071
SPI1_Exchange8bit@data                       cstackCOMMON 00071
SPI1_Exchange8bitBuffer@bufLen               cstackCOMMON 00072
SPI1_Exchange8bitBuffer@bytesWritten         cstackCOMMON 00078
SPI1_Exchange8bitBuffer@dataIn               cstackCOMMON 00077
SPI1_Exchange8bitBuffer@dataOut              cstackCOMMON 00073
TMR0_Read16bitTimer@readVal                  cstackCOMMON 00078
TMR0_Read16bitTimer@readValHigh              cstackCOMMON 0007B
TMR0_Read16bitTimer@readValLow               cstackCOMMON 0007A
TMR0_SetInterruptHandler@InterruptHandler    cstackCOMMON 00071
_ANSELA                                      (abs)        0018C
_ANSELB                                      (abs)        0018D
_ANSELC                                      (abs)        0018E
_CCP1CON                                     (abs)        00293
_CCP1CONbits                                 (abs)        00293
_CCP2CON                                     (abs)        00297
_CCP2CONbits                                 (abs)        00297
_CCPR1H                                      (abs)        00292
_CCPR1L                                      (abs)        00291
_CCPR2H                                      (abs)        00296
_CCPR2L                                      (abs)        00295
_CCPTMRSbits                                 (abs)        0029F
_FLASHY_TEXT_SECRET_TEST                     dataBANK1    000E0
_GIE                                         (abs)        0005F
_INTCONbits                                  (abs)        0000B
_INTERRUPT_InterruptManager                  intentry     00004
_LATA                                        (abs)        0010C
_LATB                                        (abs)        0010D
_LATBbits                                    (abs)        0010D
_LATC                                        (abs)        0010E
_LATCbits                                    (abs)        0010E
_NVMADRH                                     (abs)        00892
_NVMADRL                                     (abs)        00891
_NVMCON1bits                                 (abs)        00895
_NVMCON2                                     (abs)        00896
_NVMDATH                                     (abs)        00894
_NVMDATL                                     (abs)        00893
_ODCONA                                      (abs)        0028C
_ODCONB                                      (abs)        0028D
_ODCONC                                      (abs)        0028E
_OSCCON1                                     (abs)        00919
_OSCCON3                                     (abs)        0091B
_OSCEN                                       (abs)        0091D
_OSCFRQ                                      (abs)        0091F
_OSCILLATOR_Initialize                       text87       026B8
_OSCTUNE                                     (abs)        0091E
_PIE0bits                                    (abs)        00090
_PIN_MANAGER_Initialize                      text86       01E42
_PIR0bits                                    (abs)        00010
_PIR1bits                                    (abs)        00011
_PIR2bits                                    (abs)        00012
_PLLR                                        (abs)        048E0
_PORTAbits                                   (abs)        0000C
_PORTBbits                                   (abs)        0000D
_PORTCbits                                   (abs)        0000E
_PPSLOCK                                     (abs)        00E0F
_PPSLOCKbits                                 (abs)        00E0F
_PR2                                         (abs)        0001E
_PR4                                         (abs)        00416
_PWM1_Initialize                             text85       026EB
_PWM1_LoadDutyValue                          text91       01812
_PWM2_Initialize                             text84       026F6
_PWM2_LoadDutyValue                          text90       01828
_PWM5CON                                     (abs)        00619
_PWM5DCH                                     (abs)        00618
_PWM5DCL                                     (abs)        00617
_PWM5_Initialize                             text83       02717
_PWM5_LoadDutyValue                          text89       0183E
_PWM6CON                                     (abs)        0061C
_PWM6DCH                                     (abs)        0061B
_PWM6DCL                                     (abs)        0061A
_PWM6_Initialize                             text82       02723
_PWM6_LoadDutyValue                          text88       00802
_PWMTMRSbits                                 (abs)        0061F
_RB6PPSbits                                  (abs)        00E9E
_RC0PPSbits                                  (abs)        00EA0
_RC1PPSbits                                  (abs)        00EA1
_RC2PPSbits                                  (abs)        00EA2
_RC3PPSbits                                  (abs)        00EA3
_RC4PPSbits                                  (abs)        00EA4
_SPI1_Exchange8bit                           text71       026A6
_SPI1_Exchange8bitBuffer                     text70       01DA2
_SPI1_Initialize                             text81       02696
_SSP1ADD                                     (abs)        00212
_SSP1BUF                                     (abs)        00211
_SSP1CLKPPSbits                              (abs)        00E20
_SSP1CON1                                    (abs)        00215
_SSP1CON1bits                                (abs)        00215
_SSP1DATPPSbits                              (abs)        00E21
_SSP1STAT                                    (abs)        00214
_SSP1STATbits                                (abs)        00214
_SYSTEM_Initialize                           text72       01972
_T0CON0                                      (abs)        00017
_T0CON0bits                                  (abs)        00017
_T0CON1                                      (abs)        00018
_T2CON                                       (abs)        0001F
_T2CONbits                                   (abs)        0001F
_T4CON                                       (abs)        00417
_T4CONbits                                   (abs)        00417
_TMR0H                                       (abs)        00016
_TMR0L                                       (abs)        00015
_TMR0_CallBack                               text94       026E0
_TMR0_DefaultInterruptHandler                text95       007FF
_TMR0_ISR                                    text93       02747
_TMR0_Initialize                             text78       018F8
_TMR0_InterruptHandler                       bssBANK1     000B6
_TMR0_Read16bitTimer                         text64       018BE
_TMR0_SetInterruptHandler                    text80       02678
_TMR0_StartTimer                             text79       02665
_TMR2                                        (abs)        0001D
_TMR2_Initialize                             text76       026C2
_TMR2_StartTimer                             text77       02668
_TMR4                                        (abs)        00415
_TMR4_Initialize                             text74       02701
_TMR4_StartTimer                             text75       0266B
_TRISA                                       (abs)        0008C
_TRISB                                       (abs)        0008D
_TRISC                                       (abs)        0008E
_WDTCON                                      (abs)        00097
_WDT_Initialize                              text73       02674
_WPUA                                        (abs)        0020C
_WPUB                                        (abs)        0020D
_WPUC                                        (abs)        0020E
__CFG_BOREN$ON                               (abs)        00000
__CFG_BORV$LOW                               (abs)        00000
__CFG_CLKOUTEN$OFF                           (abs)        00000
__CFG_CP$OFF                                 (abs)        00000
__CFG_CPD$OFF                                (abs)        00000
__CFG_CSWEN$ON                               (abs)        00000
__CFG_DEBUG$OFF                              (abs)        00000
__CFG_FCMEN$ON                               (abs)        00000
__CFG_FEXTOSC$OFF                            (abs)        00000
__CFG_LPBOREN$OFF                            (abs)        00000
__CFG_LVP$ON                                 (abs)        00000
__CFG_MCLRE$ON                               (abs)        00000
__CFG_PPS1WAY$ON                             (abs)        00000
__CFG_PWRTE$OFF                              (abs)        00000
__CFG_RSTOSC$HFINT32                         (abs)        00000
__CFG_STVREN$ON                              (abs)        00000
__CFG_WDTE$OFF                               (abs)        00000
__CFG_WRT$OFF                                (abs)        00000
__Habs1                                      abs1         00000
__Hbank0                                     bank0        00000
__Hbank1                                     bank1        00000
__Hbank10                                    bank10       00000
__Hbank11                                    bank11       00000
__Hbank12                                    bank12       00000
__Hbank13                                    bank13       00000
__Hbank14                                    bank14       00000
__Hbank15                                    bank15       00000
__Hbank16                                    bank16       00000
__Hbank17                                    bank17       00000
__Hbank18                                    bank18       00000
__Hbank19                                    bank19       00000
__Hbank2                                     bank2        00000
__Hbank20                                    bank20       00000
__Hbank21                                    bank21       00000
__Hbank22                                    bank22       00000
__Hbank23                                    bank23       00000
__Hbank24                                    bank24       00000
__Hbank25                                    bank25       00000
__Hbank26                                    bank26       00000
__Hbank27                                    bank27       00000
__Hbank28                                    bank28       00000
__Hbank29                                    bank29       00000
__Hbank3                                     bank3        00000
__Hbank30                                    bank30       00000
__Hbank31                                    bank31       00000
__Hbank4                                     bank4        00000
__Hbank5                                     bank5        00000
__Hbank6                                     bank6        00000
__Hbank7                                     bank7        00000
__Hbank8                                     bank8        00000
__Hbank9                                     bank9        00000
__Hbigram                                    bigram       00000
__HbssBANK1                                  bssBANK1     00000
__HbssBANK2                                  bssBANK2     00000
__HbssBANK3                                  bssBANK3     00000
__HbssBANK4                                  bssBANK4     00000
__HbssBANK7                                  bssBANK7     00000
__HbssCOMMON                                 bssCOMMON    00000
__Hcinit                                     cinit        000A7
__Hclrtext                                   clrtext      00000
__Hcode                                      code         00000
__Hcommon                                    common       00000
__Hconfig                                    config       0800B
__HcstackBANK0                               cstackBANK0  00000
__HcstackBANK1                               cstackBANK1  00000
__HcstackCOMMON                              cstackCOMMON 00000
__HdataBANK1                                 dataBANK1    00000
__HdataBANK2                                 dataBANK2    00000
__HdataBANK3                                 dataBANK3    00000
__HdataBANK5                                 dataBANK5    00000
__HdataBANK6                                 dataBANK6    00000
__Heeprom_data                               eeprom_data  00000
__Hend_init                                  end_init     00018
__Hfunctab                                   functab      00000
__HidataBANK1                                idataBANK1   00000
__HidataBANK2                                idataBANK2   00000
__HidataBANK3                                idataBANK3   00000
__HidataBANK5                                idataBANK5   00000
__HidataBANK6                                idataBANK6   00000
__HidataBIGRAM                               idataBIGRAM  00000
__Hidloc                                     idloc        00000
__Hinit                                      init         00016
__Hinittext                                  inittext     00000
__Hintentry                                  intentry     00016
__Hmaintext                                  maintext     00000
__Hpowerup                                   powerup      00000
__Hram                                       ram          00000
__Hreset_vec                                 reset_vec    00002
__Hsfr0                                      sfr0         00000
__Hsfr1                                      sfr1         00000
__Hsfr10                                     sfr10        00000
__Hsfr11                                     sfr11        00000
__Hsfr12                                     sfr12        00000
__Hsfr13                                     sfr13        00000
__Hsfr14                                     sfr14        00000
__Hsfr15                                     sfr15        00000
__Hsfr16                                     sfr16        00000
__Hsfr17                                     sfr17        00000
__Hsfr18                                     sfr18        00000
__Hsfr19                                     sfr19        00000
__Hsfr2                                      sfr2         00000
__Hsfr20                                     sfr20        00000
__Hsfr21                                     sfr21        00000
__Hsfr22                                     sfr22        00000
__Hsfr23                                     sfr23        00000
__Hsfr24                                     sfr24        00000
__Hsfr25                                     sfr25        00000
__Hsfr26                                     sfr26        00000
__Hsfr27                                     sfr27        00000
__Hsfr28                                     sfr28        00000
__Hsfr29                                     sfr29        00000
__Hsfr3                                      sfr3         00000
__Hsfr30                                     sfr30        00000
__Hsfr31                                     sfr31        00000
__Hsfr4                                      sfr4         00000
__Hsfr5                                      sfr5         00000
__Hsfr6                                      sfr6         00000
__Hsfr7                                      sfr7         00000
__Hsfr8                                      sfr8         00000
__Hsfr9                                      sfr9         00000
__Hspace_0                                   (abs)        0800B
__Hspace_1                                   (abs)        003BE
__Hspace_2                                   (abs)        00000
__Hspace_3                                   (abs)        00000
__Hstack                                     stack        00000
__Hstrings                                   strings      00000
__Hstringtext1                               stringtext1  00000
__Hstringtext10                              stringtext10 00000
__Hstringtext11                              stringtext11 00000
__Hstringtext12                              stringtext12 00000
__Hstringtext13                              stringtext13 00000
__Hstringtext14                              stringtext14 00000
__Hstringtext15                              stringtext15 00000
__Hstringtext16                              stringtext16 00000
__Hstringtext17                              stringtext17 00000
__Hstringtext18                              stringtext18 00000
__Hstringtext19                              stringtext19 00000
__Hstringtext2                               stringtext2  00000
__Hstringtext20                              stringtext20 00000
__Hstringtext3                               stringtext3  00000
__Hstringtext4                               stringtext4  00000
__Hstringtext5                               stringtext5  00000
__Hstringtext6                               stringtext6  00000
__Hstringtext7                               stringtext7  00000
__Hstringtext8                               stringtext8  00000
__Hstringtext9                               stringtext9  00000
__Htext                                      text         00000
__Labs1                                      abs1         00000
__Lbank0                                     bank0        00000
__Lbank1                                     bank1        00000
__Lbank10                                    bank10       00000
__Lbank11                                    bank11       00000
__Lbank12                                    bank12       00000
__Lbank13                                    bank13       00000
__Lbank14                                    bank14       00000
__Lbank15                                    bank15       00000
__Lbank16                                    bank16       00000
__Lbank17                                    bank17       00000
__Lbank18                                    bank18       00000
__Lbank19                                    bank19       00000
__Lbank2                                     bank2        00000
__Lbank20                                    bank20       00000
__Lbank21                                    bank21       00000
__Lbank22                                    bank22       00000
__Lbank23                                    bank23       00000
__Lbank24                                    bank24       00000
__Lbank25                                    bank25       00000
__Lbank26                                    bank26       00000
__Lbank27                                    bank27       00000
__Lbank28                                    bank28       00000
__Lbank29                                    bank29       00000
__Lbank3                                     bank3        00000
__Lbank30                                    bank30       00000
__Lbank31                                    bank31       00000
__Lbank4                                     bank4        00000
__Lbank5                                     bank5        00000
__Lbank6                                     bank6        00000
__Lbank7                                     bank7        00000
__Lbank8                                     bank8        00000
__Lbank9                                     bank9        00000
__Lbigram                                    bigram       00000
__LbssBANK1                                  bssBANK1     00000
__LbssBANK2                                  bssBANK2     00000
__LbssBANK3                                  bssBANK3     00000
__LbssBANK4                                  bssBANK4     00000
__LbssBANK7                                  bssBANK7     00000
__LbssCOMMON                                 bssCOMMON    00000
__Lcinit                                     cinit        00018
__Lclrtext                                   clrtext      00000
__Lcode                                      code         00000
__Lcommon                                    common       00000
__Lconfig                                    config       08007
__LcstackBANK0                               cstackBANK0  00000
__LcstackBANK1                               cstackBANK1  00000
__LcstackCOMMON                              cstackCOMMON 00000
__LdataBANK1                                 dataBANK1    00000
__LdataBANK2                                 dataBANK2    00000
__LdataBANK3                                 dataBANK3    00000
__LdataBANK5                                 dataBANK5    00000
__LdataBANK6                                 dataBANK6    00000
__Leeprom_data                               eeprom_data  00000
__Lend_init                                  end_init     00016
__Lfunctab                                   functab      00000
__LidataBANK1                                idataBANK1   00000
__LidataBANK2                                idataBANK2   00000
__LidataBANK3                                idataBANK3   00000
__LidataBANK5                                idataBANK5   00000
__LidataBANK6                                idataBANK6   00000
__LidataBIGRAM                               idataBIGRAM  00000
__Lidloc                                     idloc        00000
__Linit                                      init         00016
__Linittext                                  inittext     00000
__Lintentry                                  intentry     00004
__Lmaintext                                  maintext     00000
__Lpowerup                                   powerup      00000
__Lram                                       ram          00000
__Lreset_vec                                 reset_vec    00000
__Lsfr0                                      sfr0         00000
__Lsfr1                                      sfr1         00000
__Lsfr10                                     sfr10        00000
__Lsfr11                                     sfr11        00000
__Lsfr12                                     sfr12        00000
__Lsfr13                                     sfr13        00000
__Lsfr14                                     sfr14        00000
__Lsfr15                                     sfr15        00000
__Lsfr16                                     sfr16        00000
__Lsfr17                                     sfr17        00000
__Lsfr18                                     sfr18        00000
__Lsfr19                                     sfr19        00000
__Lsfr2                                      sfr2         00000
__Lsfr20                                     sfr20        00000
__Lsfr21                                     sfr21        00000
__Lsfr22                                     sfr22        00000
__Lsfr23                                     sfr23        00000
__Lsfr24                                     sfr24        00000
__Lsfr25                                     sfr25        00000
__Lsfr26                                     sfr26        00000
__Lsfr27                                     sfr27        00000
__Lsfr28                                     sfr28        00000
__Lsfr29                                     sfr29        00000
__Lsfr3                                      sfr3         00000
__Lsfr30                                     sfr30        00000
__Lsfr31                                     sfr31        00000
__Lsfr4                                      sfr4         00000
__Lsfr5                                      sfr5         00000
__Lsfr6                                      sfr6         00000
__Lsfr7                                      sfr7         00000
__Lsfr8                                      sfr8         00000
__Lsfr9                                      sfr9         00000
__Lspace_0                                   (abs)        00000
__Lspace_1                                   (abs)        00000
__Lspace_2                                   (abs)        00000
__Lspace_3                                   (abs)        00000
__Lstack                                     stack        00000
__Lstrings                                   strings      00000
__Lstringtext1                               stringtext1  00000
__Lstringtext10                              stringtext10 00000
__Lstringtext11                              stringtext11 00000
__Lstringtext12                              stringtext12 00000
__Lstringtext13                              stringtext13 00000
__Lstringtext14                              stringtext14 00000
__Lstringtext15                              stringtext15 00000
__Lstringtext16                              stringtext16 00000
__Lstringtext17                              stringtext17 00000
__Lstringtext18                              stringtext18 00000
__Lstringtext19                              stringtext19 00000
__Lstringtext2                               stringtext2  00000
__Lstringtext20                              stringtext20 00000
__Lstringtext3                               stringtext3  00000
__Lstringtext4                               stringtext4  00000
__Lstringtext5                               stringtext5  00000
__Lstringtext6                               stringtext6  00000
__Lstringtext7                               stringtext7  00000
__Lstringtext8                               stringtext8  00000
__Lstringtext9                               stringtext9  00000
__Ltext                                      text         00000
__S0                                         (abs)        0800B
__S1                                         (abs)        003BE
__S2                                         (abs)        00000
__S3                                         (abs)        00000
___bmul                                      text20       027DC
___bmul@multiplicand                         cstackCOMMON 00071
___bmul@multiplier                           cstackCOMMON 00074
___bmul@product                              cstackCOMMON 00073
___int_sp                                    stack        00000
___latbits                                   (abs)        00003
___lmul                                      text45       01ADB
___lmul@multiplicand                         cstackCOMMON 00075
___lmul@multiplier                           cstackCOMMON 00071
___lmul@product                              cstackBANK0  00020
___lwdiv                                     text63       01B3F
___lwdiv@counter                             cstackCOMMON 00076
___lwdiv@dividend                            cstackCOMMON 00073
___lwdiv@divisor                             cstackCOMMON 00071
___lwdiv@quotient                            cstackCOMMON 00077
___lwmod                                     text62       01A4E
___lwmod@counter                             cstackCOMMON 0007A
___lwmod@dividend                            cstackBANK0  00022
___lwmod@divisor                             cstackBANK0  00020
___sp                                        stack        00000
___wmul                                      text35       01888
___wmul@multiplicand                         cstackCOMMON 00073
___wmul@multiplier                           cstackCOMMON 00071
___wmul@product                              cstackCOMMON 00075
__end_of_INTERRUPT_InterruptManager          intentry     00016
__end_of_OSCILLATOR_Initialize               text87       026C2
__end_of_PIN_MANAGER_Initialize              text86       01E97
__end_of_PWM1_Initialize                     text85       026F6
__end_of_PWM1_LoadDutyValue                  text91       01828
__end_of_PWM2_Initialize                     text84       02701
__end_of_PWM2_LoadDutyValue                  text90       0183E
__end_of_PWM5_Initialize                     text83       02723
__end_of_PWM5_LoadDutyValue                  text89       01854
__end_of_PWM6_Initialize                     text82       0272F
__end_of_PWM6_LoadDutyValue                  text88       00818
__end_of_SPI1_Exchange8bit                   text71       026AF
__end_of_SPI1_Exchange8bitBuffer             text70       01DF0
__end_of_SPI1_Initialize                     text81       0269E
__end_of_SYSTEM_Initialize                   text72       01993
__end_of_TMR0_CallBack                       text94       026EB
__end_of_TMR0_DefaultInterruptHandler        text95       00800
__end_of_TMR0_ISR                            text93       02754
__end_of_TMR0_Initialize                     text78       01916
__end_of_TMR0_Read16bitTimer                 text64       018DB
__end_of_TMR0_SetInterruptHandler            text80       0267E
__end_of_TMR0_StartTimer                     text79       02668
__end_of_TMR2_Initialize                     text76       026CC
__end_of_TMR2_StartTimer                     text77       0266B
__end_of_TMR4_Initialize                     text74       0270C
__end_of_TMR4_StartTimer                     text75       0266E
__end_of_WDT_Initialize                      text73       02678
__end_of___bmul                              text20       027ED
__end_of___lmul                              text45       01B0D
__end_of___lwdiv                             text63       01B73
__end_of___lwmod                             text62       01A7B
__end_of___wmul                              text35       018A3
__end_of__initialization                     cinit        000A3
__end_of_displayCharReverse                  text59       01AAA
__end_of_displayL1_Initialize                text67       027AB
__end_of_displayL1_SetSegChar                text58       01C9B
__end_of_displayL1_SetUserLed                text50       01812
__end_of_displayL1_Update                    text69       027DC
__end_of_displayL2_ClrUserLeds               text30       0277D
__end_of_displayL2_EraseSegDisplay           text32       027CB
__end_of_displayL2_ForceUpdate               text61       02684
__end_of_displayL2_Initialize                text66       019B6
__end_of_displayL2_PutChar                   text57       01E42
__end_of_displayL2_PutStr                    text56       01A4E
__end_of_displayL2_SetUserLeds               text49       01952
__end_of_dpowers                             stringtext2  0200A
__end_of_flashy_Init                         text6        007FF
__end_of_flashy_Main                         text16       01000
[...]
      Locals:         0       0       0       0       0       0       0       0       0       0       0       0       0       0       0       0       0       0       0       0       0       0       0       0       0       0       0
      Temps:          2       0       0       0       0       0       0       0       0       0       0       0       0       0       0       0       0       0       0       0       0       0       0       0       0       0       0
      Totals:         4       0       0       0       0       0       0       0       0       0       0       0       0       0       0       0       0       0       0       0       0       0       0       0       0       0       0
Total ram usage:        4 bytes
 Hardware stack levels used:    1
 Hardware stack levels required when called:    4
 This function calls:
		Nothing
 This function is called by:
		_nullifyBadge_platformInit
		_fadeDisplay_Init
		_nullifyBadge_segDisplaySetBrightness
 This function uses a non-reentrant model


 *************** function _PWM2_LoadDutyValue *****************
 Defined at:
		line 80 in file "mcc_generated_files/pwm2.c"
 Parameters:    Size  Location     Type
  dutyValue       2    1[COMMON] unsigned int 
 Auto vars:     Size  Location     Type
		None
 Return value:  Size  Location     Type
                  1    wreg      void 
 Registers used:
		wreg, status,2
 Tracked objects:
		On entry : 
		On exit  : 
		Unchanged: 
 Data sizes:     COMMON   BANK0   BANK1   BANK2   BANK3   BANK4   BANK5   BANK6   BANK7   BANK8   BANK9  BANK10  BANK11  BANK12  BANK13  BANK14  BANK15  BANK16  BANK17  BANK18  BANK19  BANK20  BANK21  BANK22  BANK23  BANK24  BANK25
      Params:         2       0       0       0       0       0       0       0       0       0       0       0       0       0       0       0       0       0       0       0       0       0       0       0       0       0       0
      Locals:         0       0       0       0       0       0       0       0       0       0       0       0       0       0       0       0       0       0       0       0       0       0       0       0       0       0       0
      Temps:          0       0       0       0       0       0       0       0       0       0       0       0       0       0       0       0       0       0       0       0       0       0       0       0       0       0       0
      Totals:         2       0       0       0       0       0       0       0       0       0       0       0       0       0       0       0       0       0       0       0       0       0       0       0       0       0       0
Total ram usage:        2 bytes
 Hardware stack levels used:    1
 Hardware stack levels required when called:    4
 This function calls:
		Nothing
 This function is called by:
		_nullifyBadge_platformInit
 This function uses a non-reentrant model


 *************** function _PWM1_LoadDutyValue *****************
 Defined at:
		line 80 in file "mcc_generated_files/pwm1.c"
 Parameters:    Size  Location     Type
  dutyValue       2    1[COMMON] unsigned int 
 Auto vars:     Size  Location     Type
		None
 Return value:  Size  Location     Type
                  1    wreg      void 
 Registers used:
		wreg, status,2
 Tracked objects:
		On entry : 
		On exit  : 
		Unchanged: 
 Data sizes:     COMMON   BANK0   BANK1   BANK2   BANK3   BANK4   BANK5   BANK6   BANK7   BANK8   BANK9  BANK10  BANK11  BANK12  BANK13  BANK14  BANK15  BANK16  BANK17  BANK18  BANK19  BANK20  BANK21  BANK22  BANK23  BANK24  BANK25
      Params:         2       0       0       0       0       0       0       0       0       0       0       0       0       0       0       0       0       0       0       0       0       0       0       0       0       0       0
      Locals:         0       0       0       0       0       0       0       0       0       0       0       0       0       0       0       0       0       0       0       0       0       0       0       0       0       0       0
      Temps:          0       0       0       0       0       0       0       0       0       0       0       0       0       0       0       0       0       0       0       0       0       0       0       0       0       0       0
      Totals:         2       0       0       0       0       0       0       0       0       0       0       0       0       0       0       0       0       0       0       0       0       0       0       0       0       0       0
Total ram usage:        2 bytes
 Hardware stack levels used:    1
 Hardware stack levels required when called:    4
 This function calls:
		Nothing
 This function is called by:
		_nullifyBadge_platformInit
 This function uses a non-reentrant model


 *************** function _INTERRUPT_InterruptManager *****************
 Defined at:
		line 51 in file "mcc_generated_files/interrupt_manager.c"
 Parameters:    Size  Location     Type
		None
 Auto vars:     Size  Location     Type
		None
 Return value:  Size  Location     Type
                  1    wreg      void 
 Registers used:
		wreg, status,2, status,0, pclath, cstack
 Tracked objects:
		On entry : 
		On exit  : 
		Unchanged: 
 Data sizes:     COMMON   BANK0   BANK1   BANK2   BANK3   BANK4   BANK5   BANK6   BANK7   BANK8   BANK9  BANK10  BANK11  BANK12  BANK13  BANK14  BANK15  BANK16  BANK17  BANK18  BANK19  BANK20  BANK21  BANK22  BANK23  BANK24  BANK25
      Params:         0       0       0       0       0       0       0       0       0       0       0       0       0       0       0       0       0       0       0       0       0       0       0       0       0       0       0
      Locals:         0       0       0       0       0       0       0       0       0       0       0       0       0       0       0       0       0       0       0       0       0       0       0       0       0       0       0
      Temps:          1       0       0       0       0       0       0       0       0       0       0       0       0       0       0       0       0       0       0       0       0       0       0       0       0       0       0
      Totals:         1       0       0       0       0       0       0       0       0       0       0       0       0       0       0       0       0       0       0       0       0       0       0       0       0       0       0
Total ram usage:        1 bytes
 Hardware stack levels used:    1
 Hardware stack levels required when called:    3
 This function calls:
		_TMR0_ISR
 This function is called by:
		Interrupt level 1
 This function uses a non-reentrant model


 *************** function _TMR0_ISR *****************
 Defined at:
		line 136 in file "mcc_generated_files/tmr0.c"
 Parameters:    Size  Location     Type
		None
 Auto vars:     Size  Location     Type
		None
 Return value:  Size  Location     Type
                  1    wreg      void 
 Registers used:
		wreg, status,2, status,0, pclath, cstack
 Tracked objects:
		On entry : 
		On exit  : 
		Unchanged: 
 Data sizes:     COMMON   BANK0   BANK1   BANK2   BANK3   BANK4   BANK5   BANK6   BANK7   BANK8   BANK9  BANK10  BANK11  BANK12  BANK13  BANK14  BANK15  BANK16  BANK17  BANK18  BANK19  BANK20  BANK21  BANK22  BANK23  BANK24  BANK25
      Params:         0       0       0       0       0       0       0       0       0       0       0       0       0       0       0       0       0       0       0       0       0       0       0       0       0       0       0
      Locals:         0       0       0       0       0       0       0       0       0       0       0       0       0       0       0       0       0       0       0       0       0       0       0       0       0       0       0
      Temps:          0       0       0       0       0       0       0       0       0       0       0       0       0       0       0       0       0       0       0       0       0       0       0       0       0       0       0
      Totals:         0       0       0       0       0       0       0       0       0       0       0       0       0       0       0       0       0       0       0       0       0       0       0       0       0       0       0
Total ram usage:        0 bytes
 Hardware stack levels used:    1
 Hardware stack levels required when called:    2
 This function calls:
		_TMR0_CallBack
 This function is called by:
		_INTERRUPT_InterruptManager
 This function uses a non-reentrant model


 *************** function _TMR0_CallBack *****************
 Defined at:
		line 151 in file "mcc_generated_files/tmr0.c"
 Parameters:    Size  Location     Type
		None
 Auto vars:     Size  Location     Type
		None
 Return value:  Size  Location     Type
                  1    wreg      void 
 Registers used:
		wreg, status,2, status,0, pclath, cstack
 Tracked objects:
		On entry : 
		On exit  : 
		Unchanged: 
 Data sizes:     COMMON   BANK0   BANK1   BANK2   BANK3   BANK4   BANK5   BANK6   BANK7   BANK8   BANK9  BANK10  BANK11  BANK12  BANK13  BANK14  BANK15  BANK16  BANK17  BANK18  BANK19  BANK20  BANK21  BANK22  BANK23  BANK24  BANK25
      Params:         0       0       0       0       0       0       0       0       0       0       0       0       0       0       0       0       0       0       0       0       0       0       0       0       0       0       0
      Locals:         0       0       0       0       0       0       0       0       0       0       0       0       0       0       0       0       0       0       0       0       0       0       0       0       0       0       0
      Temps:          0       0       0       0       0       0       0       0       0       0       0       0       0       0       0       0       0       0       0       0       0       0       0       0       0       0       0
      Totals:         0       0       0       0       0       0       0       0       0       0       0       0       0       0       0       0       0       0       0       0       0       0       0       0       0       0       0
Total ram usage:        0 bytes
 Hardware stack levels used:    1
 Hardware stack levels required when called:    1
 This function calls:
		Absolute function
		_TMR0_DefaultInterruptHandler
 This function is called by:
		_TMR0_ISR
 This function uses a non-reentrant model


 *************** function _TMR0_DefaultInterruptHandler *****************
 Defined at:
		line 165 in file "mcc_generated_files/tmr0.c"
 Parameters:    Size  Location     Type
		None
 Auto vars:     Size  Location     Type
		None
 Return value:  Size  Location     Type
                  1    wreg      void 
 Registers used:
		None
 Tracked objects:
		On entry : 
		On exit  : 
		Unchanged: 
 Data sizes:     COMMON   BANK0   BANK1   BANK2   BANK3   BANK4   BANK5   BANK6   BANK7   BANK8   BANK9  BANK10  BANK11  BANK12  BANK13  BANK14  BANK15  BANK16  BANK17  BANK18  BANK19  BANK20  BANK21  BANK22  BANK23  BANK24  BANK25
      Params:         0       0       0       0       0       0       0       0       0       0       0       0       0       0       0       0       0       0       0       0       0       0       0       0       0       0       0
      Locals:         0       0       0       0       0       0       0       0       0       0       0       0       0       0       0       0       0       0       0       0       0       0       0       0       0       0       0
      Temps:          0       0       0       0       0       0       0       0       0       0       0       0       0       0       0       0       0       0       0       0       0       0       0       0       0       0       0
      Totals:         0       0       0       0       0       0       0       0       0       0       0       0       0       0       0       0       0       0       0       0       0       0       0       0       0       0       0
Total ram usage:        0 bytes
 Hardware stack levels used:    1
 This function calls:
		Nothing
 This function is called by:
		_TMR0_Initialize
		_TMR0_CallBack
 This function uses a non-reentrant model



MODULE INFORMATION

Module		Function		Class		Link	Load	Size
/Applications/microchip/xc8/v1.42/sources/common/isdigit.c
		_isdigit       		CODE           	2761	0000	15

/Applications/microchip/xc8/v1.42/sources/common/isdigit.c estimated size: 15

flashy_task.c
		_flashy_display_option		CODE           	1FA1	0000	96
		_flashy_Main   		CODE           	089A	0000	1895
		_flashy_Init   		CODE           	076B	0000	149

flashy_task.c estimated size: 2140

mcc_generated_files/pwm6.c
		_PWM6_LoadDutyValue		CODE           	0802	0000	23
		_PWM6_Initialize		CODE           	2723	0000	13

mcc_generated_files/pwm6.c estimated size: 36

mcc_generated_files/tmr4.c
		_TMR4_Initialize		CODE           	2701	0000	12
		_TMR4_StartTimer		CODE           	266B	0000	4

mcc_generated_files/tmr4.c estimated size: 16

nullifyBadge.c
		_nullifyBadge_segDisplayErase		CODE           	268A	0000	7
		_nullifyBadge_segDisplayPutStr		CODE           	26CC	0000	11
		_nullifyBadge_userLedsClr		CODE           	2690	0000	7
		_nullifyBadge_irTxClr		CODE           	266E	0000	4
		_nullifyBadge_buttonsGet		CODE           	1AAA	0000	50
		_nullifyBadge_segDisplayForceUpdate		CODE           	2684	0000	7
		_nullifyBadge_irTxSet		CODE           	2671	0000	4
		_nullifyBadge_segDisplayRegister		CODE           	269E	0000	9
		_nullifyBadge_irGet		CODE           	1200	0000	6
		_nullifyBadge_userLedsRegister		CODE           	278C	0000	16
		_nullifyBadge_irTxRelease		CODE           	270C	0000	12
		_nullifyBadge_platformInit		CODE           	1E97	0000	86
		_nullifyBadge_irTxRegister		CODE           	277D	0000	16
		_nullifyBadge_userLedsSet		CODE           	2754	0000	14

nullifyBadge.c estimated size: 249

/Applications/microchip/xc8/v1.42/sources/common/Umul16.c
		___wmul        		CODE           	1888	0000	28

/Applications/microchip/xc8/v1.42/sources/common/Umul16.c estimated size: 28

mcc_generated_files/tmr2.c
		_TMR2_Initialize		CODE           	26C2	0000	11
		_TMR2_StartTimer		CODE           	2668	0000	4

mcc_generated_files/tmr2.c estimated size: 15

mcc_generated_files/interrupt_manager.c
		_INTERRUPT_InterruptManager		CODE           	0004	0000	19

mcc_generated_files/interrupt_manager.c estimated size: 19

mcc_generated_files/pwm2.c
		_PWM2_Initialize		CODE           	26F6	0000	12
		_PWM2_LoadDutyValue		CODE           	1828	0000	23

mcc_generated_files/pwm2.c estimated size: 35

mcc_generated_files/tmr0.c
		_TMR0_SetInterruptHandler		CODE           	2678	0000	7
		_TMR0_DefaultInterruptHandler		CODE           	07FF	0000	2
		_TMR0_CallBack 		CODE           	26E0	0000	12
		_TMR0_StartTimer		CODE           	2665	0000	4
		_TMR0_Read16bitTimer		CODE           	18BE	0000	30
		_TMR0_ISR      		CODE           	2747	0000	14
		_TMR0_Initialize		CODE           	18F8	0000	31

mcc_generated_files/tmr0.c estimated size: 100

mcc_generated_files/pin_manager.c
		_PIN_MANAGER_Initialize		CODE           	1E42	0000	86

mcc_generated_files/pin_manager.c estimated size: 86

menu_task.c
		_menu_Init     		CODE           	12AE	0000	99
		_menu_display_option		CODE           	124C	0000	99
		_menu_Main     		CODE           	00A7	0000	493
		_menu_run_option		CODE           	1BE3	0000	59
		_menu_clear    		CODE           	1205	0000	72

menu_task.c estimated size: 822

mcc_generated_files/spi1.c
		_SPI1_Initialize		CODE           	2696	0000	9
		_SPI1_Exchange8bitBuffer		CODE           	1DA2	0000	79
		_SPI1_Exchange8bit		CODE           	26A6	0000	10

mcc_generated_files/spi1.c estimated size: 98

secret_task.c
		_secret_Main   		CODE           	045D	0000	446
		_secret_Init   		CODE           	1F46	0000	92
		_secret_check  		CODE           	155B	0000	188
		_secret_clear  		CODE           	1B0D	0000	51

secret_task.c estimated size: 777

/Applications/microchip/xc8/v1.42/sources/common/lwmod.c
		___lwmod       		CODE           	1A4E	0000	46

/Applications/microchip/xc8/v1.42/sources/common/lwmod.c estimated size: 46

nullifyBadge_displayL2.c
		_displayL2_EraseSegDisplay		CODE           	27BB	0000	17
		_displayL2_ForceUpdate		CODE           	267E	0000	7
		_displayL2_PutStr		CODE           	1A24	0000	43
		_displayL2_PutChar		CODE           	1DF0	0000	83
		_displayL2_Initialize		CODE           	1993	0000	36
		_displayL2_ClrUserLeds		CODE           	276F	0000	15
		_displayL2_SetUserLeds		CODE           	1934	0000	31

nullifyBadge_displayL2.c estimated size: 232

/Applications/microchip/xc8/v1.42/sources/common/Umul32.c
		___lmul        		CODE           	1ADB	0000	51

/Applications/microchip/xc8/v1.42/sources/common/Umul32.c estimated size: 51

locked_task.c
		_locked_Main   		CODE           	0293	0000	459
		_locked_Init   		CODE           	1310	0000	100
		_locked_clear  		CODE           	1D1D	0000	67
		_locked_lock_leds		CODE           	18A3	0000	28
		_locked_get_unlock_leds		CODE           	1854	0000	26
		_locked_get_lock_leds		CODE           	19D9	0000	38
		_locked_unlock_leds		CODE           	27ED	0000	20

locked_task.c estimated size: 738

shared
		_dpowers       		STRCODE        	2000	0000	11
		_gamma_table_256x1k		STRCODE        	1000	0000	513
		__initialization		CODE           	0018	0000	140

shared estimated size: 664

mcc_generated_files/pwm5.c
		_PWM5_LoadDutyValue		CODE           	183E	0000	23
		_PWM5_Initialize		CODE           	2717	0000	13

mcc_generated_files/pwm5.c estimated size: 36

/Applications/microchip/xc8/v1.42/sources/common/rand.c
		_rand          		CODE           	1D5F	0000	68

/Applications/microchip/xc8/v1.42/sources/common/rand.c estimated size: 68

/Applications/microchip/xc8/v1.42/sources/common/strlen.c
		_strlen        		CODE           	1916	0000	31

/Applications/microchip/xc8/v1.42/sources/common/strlen.c estimated size: 31

mcc_generated_files/mcc.c
		_WDT_Initialize		CODE           	2674	0000	5
		_OSCILLATOR_Initialize		CODE           	26B8	0000	11
		_SYSTEM_Initialize		CODE           	1972	0000	34

mcc_generated_files/mcc.c estimated size: 50

cooperative_scheduler.c
		_scheduler_TaskInit		CODE           	1C1D	0000	62
		_scheduler_TaskAdd		CODE           	0818	0000	131
		_schedulerExecute		CODE           	145D	0000	125
		_scheduler_Init		CODE           	18DB	0000	30
		_scheduler_TaskRun		CODE           	1952	0000	33

cooperative_scheduler.c estimated size: 381

/Applications/microchip/xc8/v1.42/sources/common/memset.c
		_memset        		CODE           	186D	0000	28

/Applications/microchip/xc8/v1.42/sources/common/memset.c estimated size: 28

mcc_generated_files/pwm1.c
		_PWM1_Initialize		CODE           	26EB	0000	12
		_PWM1_LoadDutyValue		CODE           	1812	0000	23

mcc_generated_files/pwm1.c estimated size: 35

/Applications/microchip/xc8/v1.42/sources/common/lwdiv.c
		___lwdiv       		CODE           	1B3F	0000	53

/Applications/microchip/xc8/v1.42/sources/common/lwdiv.c estimated size: 53

/Applications/microchip/xc8/v1.42/sources/common/doprnt.c
		_sprintf       		CODE           	061A	0000	338

/Applications/microchip/xc8/v1.42/sources/common/doprnt.c estimated size: 338

main.c
		_marquee       		CODE           	13E6	0000	120
		_main          		CODE           	1616	0000	235
		_led_roundabout		CODE           	1CDC	0000	66
		_led_circle    		CODE           	26AF	0000	10
		_led_rand      		CODE           	27AB	0000	17
		_marquee_speedy		CODE           	1373	0000	116
		_led_curtain   		CODE           	1C9B	0000	66

main.c estimated size: 630

/Applications/microchip/xc8/v1.42/sources/common/Umul8.c
		___bmul        		CODE           	27DC	0000	18

/Applications/microchip/xc8/v1.42/sources/common/Umul8.c estimated size: 18

slot_task.c
		_slot_Init     		CODE           	1EEC	0000	91
		_slot_Main     		CODE           	14D9	0000	131

slot_task.c estimated size: 222

nullifyBadge_displayL1.c
		_displayL1_SetUserLed		CODE           	1800	0000	19
		_displayL1_SetSegChar		CODE           	1C5A	0000	66
		_displayL1_Update		CODE           	27CB	0000	18
		_displayL1_Initialize		CODE           	279B	0000	17
		_displayCharReverse		CODE           	1A7B	0000	48

nullifyBadge_displayL1.c estimated size: 168

