Microchip MPLAB XC8 Compiler V1.42 ()

Linker command line:

-W-3 --edf=/Applications/microchip/xc8/v1.42/dat/en_msgs.txt -cs \
  -h+dist/default/production/NullifyBadge2017_lowVoltage.production.sym \
  --cmf=dist/default/production/NullifyBadge2017_lowVoltage.production.cmf \
  -z -Q16LF18346 -o/tmp/xce8cqVO8 \
  -Mdist/default/production/NullifyBadge2017_lowVoltage.production.map -E1 \
  -ver=XC8 -ASTACK=0224Ch-026efh -pstack=STACK -ACODE=00h-07FFhx8 \
  -ASTRCODE=00h-03FFFh -ASTRING=00h-0FFhx64 -ACONST=00h-0FFhx64 \
  -AENTRY=00h-0FFhx64 -ACOMMON=070h-07Fh -ABANK0=020h-06Fh \
  -ABANK1=0A0h-0EFh -ABANK2=0120h-016Fh -ABANK3=01A0h-01EFh \
  -ABANK4=0220h-026Fh -ABANK5=02A0h-02EFh -ABANK6=0320h-036Fh \
  -ABANK7=03A0h-03EFh -ABANK8=0420h-046Fh -ABANK9=04A0h-04EFh \
  -ABANK10=0520h-056Fh -ABANK11=05A0h-05EFh -ABANK12=0620h-066Fh \
  -ABANK13=06A0h-06EFh -ABANK14=0720h-076Fh -ABANK15=07A0h-07EFh \
  -ABANK16=0820h-086Fh -ABANK17=08A0h-08EFh -ABANK18=0920h-096Fh \
  -ABANK19=09A0h-09EFh -ABANK20=0A20h-0A6Fh -ABANK21=0AA0h-0AEFh \
  -ABANK22=0B20h-0B6Fh -ABANK23=0BA0h-0BEFh -ABANK24=0C20h-0C6Fh \
  -ABANK25=0CA0h-0CBFh -ABIGRAM=02000h-027EFh \
  -ARAM=020h-06Fh,0A0h-0EFh,0120h-016Fh,01A0h-01EFh,0220h-026Fh,02A0h-02EFh,0320h-036Fh,03A0h-03EFh,0420h-046Fh,04A0h-04EFh,0520h-056Fh,05A0h-05EFh,0620h-066Fh,06A0h-06EFh,0720h-076Fh,07A0h-07EFh,0820h-086Fh,08A0h-08EFh,0920h-096Fh,09A0h-09EFh,0A20h-0A6Fh,0AA0h-0AEFh,0B20h-0B6Fh,0BA0h-0BEFh,0C20h-0C6Fh,0CA0h-0CBFh \
  -AABS1=020h-07Fh,0A0h-0EFh,0120h-016Fh,01A0h-01EFh,0220h-026Fh,02A0h-02EFh,0320h-036Fh,03A0h-03EFh,0420h-046Fh,04A0h-04EFh,0520h-056Fh,05A0h-05EFh,0620h-066Fh,06A0h-06EFh,0720h-076Fh,07A0h-07EFh,0820h-086Fh,08A0h-08EFh,0920h-096Fh,09A0h-09EFh,0A20h-0A6Fh,0AA0h-0AEFh,0B20h-0B6Fh,0BA0h-0BEFh,0C20h-0C6Fh,0CA0h-0CBFh \
  -ASFR0=00h-01Fh -ASFR1=080h-09Fh -ASFR2=0100h-011Fh -ASFR3=0180h-019Fh \
  -ASFR4=0200h-021Fh -ASFR5=0280h-029Fh -ASFR6=0300h-031Fh \
  -ASFR7=0380h-039Fh -ASFR8=0400h-041Fh -ASFR9=0480h-049Fh \
  -ASFR10=0500h-051Fh -ASFR11=0580h-059Fh -ASFR12=0600h-061Fh \
  -ASFR13=0680h-069Fh -ASFR14=0700h-071Fh -ASFR15=0780h-079Fh \
  -ASFR16=0800h-081Fh -ASFR17=0880h-089Fh -ASFR18=0900h-091Fh \
  -ASFR19=0980h-099Fh -ASFR20=0A00h-0A1Fh -ASFR21=0A80h-0A9Fh \
  -ASFR22=0B00h-0B1Fh -ASFR23=0B80h-0B9Fh -ASFR24=0C00h-0C1Fh \
  -ASFR25=0C80h-0C9Fh -ASFR26=0D00h-0D6Fh -ASFR27=0D80h-0DEFh \
  -ASFR28=0E00h-0E6Fh -ASFR29=0E80h-0EEFh -ASFR30=0F00h-0F6Fh \
  -ASFR31=0F80h-0FEFh -preset_vec=00h,intentry=04h,init,end_init \
  -ppowerup=CODE -pcinit=CODE -pfunctab=CODE -ACONFIG=08007h-0800Ah \
  -pconfig=CONFIG -DCONFIG=2 -AIDLOC=08000h-08003h -pidloc=IDLOC -DIDLOC=2 \
  -AEEDATA=00h-0FFh/0F000h -peeprom_data=EEDATA -DEEDATA=2 -DCODE=2 \
  -DSTRCODE=2 -DSTRING=2 -DCONST=2 -DENTRY=2 -k /tmp/xcwgP2frc.obj \
  dist/default/production/NullifyBadge2017_lowVoltage.production.obj 

Object code version is 3.11

Machine type is 16LF18346



                Name                               Link     Load   Length Selector   Space Scale
/tmp/xcwgP2frc.obj
                end_init                             16       16        2        8       0
                reset_vec                             0        0        2        0       0
                config                             8007     8007        4    1000E       0
dist/default/production/NullifyBadge2017_lowVoltage.production.obj
                cinit                                18       18       9D        8       0
                intentry                              4        4       12        8       0
                text94                                3        3        1        6       0
                text93                             18EC     18EC        B     31D8       0
                text92                             1953     1953        D     32A6       0
                text90                             1A1E     1A1E       16     343C       0
                text89                             1A34     1A34       16     3468       0
                text88                             1A4A     1A4A       16     3494       0
                text87                             1A60     1A60       16     34C0       0
                text86                             18C4     18C4        A     3188       0
                text85                             10DE     10DE       55     21BC       0
                text84                             18F7     18F7        B     31EE       0
                text83                             1902     1902        B     3204       0
                text82                             1923     1923        C     3246       0
                text81                             192F     192F        C     325E       0
                text80                             18A2     18A2        8     3144       0
                text79                             1884     1884        6     3108       0
                text78                             186F     186F        3     30DE       0
                text77                             1B52     1B52       1E     36A4       0
                text76                             1872     1872        3     30E4       0
                text75                             18CE     18CE        A     319C       0
                text74                             1875     1875        3     30EA       0
                text73                             190D     190D        B     321A       0
                text72                             187B     187B        4     30F6       0
                text71                             1BCC     1BCC       21     3798       0
                text70                             18B2     18B2        9     3164       0
                text69                             103E     103E       4E     207C       0
                text68                             19D7     19D7       11     33AE       0
                text67                             1A8F     1A8F       1B     351E       0
                text66                             19A7     19A7       10     334E       0
                text65                             1C0E     1C0E       23     381C       0
                text64                             1133     1133       55     2266       0
                text63                             1B18     1B18       1D     3630       0
                text62                             1D94     1D94       34     3B28       0
                text61                             1CA3     1CA3       2D     3946       0
                text60                             188A     188A        6     3114       0
                text59                             1890     1890        6     3120       0
                text58                             1CD0     1CD0       2F     39A0       0
                text57                             1E71     1E71       41     3CE2       0
                text56                             108C     108C       52     2118       0
                text55                             1C79     1C79       2A     38F2       0
                text54                             18D8     18D8        A     31B0       0
                text53                             1B70     1B70       1E     36E0       0
                text52                             1364     1364       77     26C8       0
                text51                             1DC8     1DC8       37     3B90       0
                text50                             19F9     19F9       12     33F2       0
                text49                             1B8E     1B8E       1E     371C       0
                text48                             1960     1960        D     32C0       0
                text47                             18BB     18BB        9     3176       0
                text46                             1EB2     1EB2       41     3D64       0
                text45                             1D30     1D30       32     3A60       0
                text44                             1F76     1F76       43     3EEC       0
                text43                             19B7     19B7       10     336E       0
                text42                             1EF3     1EF3       41     3DE6       0
                text41                             1CFF     1CFF       31     39FE       0
                text40                             187F     187F        5     30FE       0
                text39                             1878     1878        3     30F0       0
                text38                             1989     1989        F     3312       0
                text37                             1918     1918        B     3230       0
                text36                              8A9      8A9        3     1152       0
                text35                             1AAA     1AAA       1B     3554       0
                text34                             196D     196D        E     32DA       0
                text33                              93C      93C      151     1278       0
                text32                             19C7     19C7       10     338E       0
                text31                             1896     1896        6     312C       0
                text30                             197B     197B        E     32F6       0
                text29                             189C     189C        6     3138       0
                text28                             1F34     1F34       42     3E68       0
                text27                             1C54     1C54       25     38A8       0
                text26                             1A76     1A76       19     34EC       0
                text25                             1AC5     1AC5       1B     358A       0
                text24                             1A0B     1A0B       13     3416       0
                text23                             123D     123D       62     247A       0
                text22                             1FB9     1FB9       47     3F72       0
                text21                             1E37     1E37       3A     3C6E       0
                text20                             19E8     19E8       11     33D0       0
                text19                             155B     155B       BB     2AB6       0
                text18                             1D62     1D62       32     3AC4       0
                text17                             1457     1457       82     28AE       0
                text16                               B5       B5      5F4        8       0
                text15                              E14      E14      1EC     1C28       0
                text14                              C4A      C4A      1CA     1894       0
                text13                              A8D      A8D      1BD     151A       0
                text12                             1BAC     1BAC       20     3758       0
                text11                             13DB     13DB       7C     27B6       0
                text10                             1B35     1B35       1D     366A       0
                text9                              18AA     18AA        8     3154       0
                text8                              1998     1998        F     3330       0
                text7                              1188     1188       5A     2310       0
                text6                               8AC      8AC       90     1158       0
                text5                              129F     129F       62     253E       0
                text4                              1301     1301       63     2602       0
                text3                              11E2     11E2       5B     23C4       0
                text2                              14D9     14D9       82     29B2       0
                text1                              1001     1001       3D     2002       0
                maintext                           1616     1616       EA     2C2C       0
                cstackBANK0                          20       20       50       20       1
                cstackCOMMON                         70       70        C       70       1
                cstackBANK1                          EF       EF        1       A0       1
                clrtext                            193B     193B        C     3276       0
                inittext                           1947     1947        C     328E       0
                dataBANK7                           3A0      3A0       1C      3A0       1
                dataBANK6                           320      320       38      320       1
                dataBANK5                           2A0      2A0       1C      2A0       1
                bssBANK5                            2BC      2BC       1A      2A0       1
                bssBANK4                            220      220       4C      220       1
                dataBANK3                           1A0      1A0       23      1A0       1
                bssBANK3                            1C3      1C3       20      1A0       1
                dataBANK2                           120      120       21      120       1
                bssBANK2                            141      141       1A      120       1
                dataBANK1                            E5       E5        A       A0       1
                bssBANK1                             A0       A0       45       A0       1
                bssCOMMON                            7C       7C        1       70       1
                stringtext19                       2083     2083        4     4000       0
                stringtext18                       207E     207E        5     4000       0
                stringtext17                       2079     2079        5     4000       0
                stringtext16                       2074     2074        5     4000       0
                stringtext15                       206F     206F        5     4000       0
                stringtext14                       206A     206A        5     4000       0
                stringtext13                       2065     2065        5     4000       0
                stringtext12                       2060     2060        5     4000       0
                stringtext11                       205B     205B        5     4000       0
                stringtext10                       2056     2056        5     4000       0
                stringtext9                        2050     2050        6     4000       0
                stringtext8                        204A     204A        6     4000       0
                stringtext7                        2044     2044        6     4000       0
                stringtext6                        203C     203C        8     4000       0
                stringtext5                        2033     2033        9     4000       0
                stringtext4                        2029     2029        A     4000       0
                stringtext3                        201C     201C        D     4000       0
                stringtext2                        2000     2000       1C     4000       0
                stringtext1                         6A9      6A9      200      D52       0
                idataBIGRAM                        1700     1700      100     2E00       0
                idataBANK7                         1AE0     1AE0       1C     35C0       0
                idataBANK6                         1DFF     1DFF       38     3BFE       0
                idataBANK5                         1AFC     1AFC       1C     35F8       0
                idataBANK3                         1C31     1C31       23     3862       0
                idataBANK2                         1BED     1BED       21     37DA       0
                idataBANK1                         18E2     18E2        A     31C4       0

TOTAL           Name                               Link     Load   Length     Space
        CLASS   STACK          

        CLASS   CODE           
                end_init                             16       16        2         0
                cinit                                18       18       9D         0
                intentry                              4        4       12         0
                reset_vec                             0        0        2         0
                text94                                3        3        1         0
                text93                             18EC     18EC        B         0
                text92                             1953     1953        D         0
                text90                             1A1E     1A1E       16         0
                text89                             1A34     1A34       16         0
                text88                             1A4A     1A4A       16         0
                text87                             1A60     1A60       16         0
                text86                             18C4     18C4        A         0
                text85                             10DE     10DE       55         0
                text84                             18F7     18F7        B         0
                text83                             1902     1902        B         0
                text82                             1923     1923        C         0
                text81                             192F     192F        C         0
                text80                             18A2     18A2        8         0
                text79                             1884     1884        6         0
                text78                             186F     186F        3         0
                text77                             1B52     1B52       1E         0
                text76                             1872     1872        3         0
                text75                             18CE     18CE        A         0
                text74                             1875     1875        3         0
                text73                             190D     190D        B         0
                text72                             187B     187B        4         0
                text71                             1BCC     1BCC       21         0
                text70                             18B2     18B2        9         0
                text69                             103E     103E       4E         0
                text68                             19D7     19D7       11         0
                text67                             1A8F     1A8F       1B         0
                text66                             19A7     19A7       10         0
                text65                             1C0E     1C0E       23         0
                text64                             1133     1133       55         0
                text63                             1B18     1B18       1D         0
                text62                             1D94     1D94       34         0
                text61                             1CA3     1CA3       2D         0
                text60                             188A     188A        6         0
                text59                             1890     1890        6         0
                text58                             1CD0     1CD0       2F         0
                text57                             1E71     1E71       41         0
                text56                             108C     108C       52         0
                text55                             1C79     1C79       2A         0
                text54                             18D8     18D8        A         0
                text53                             1B70     1B70       1E         0
                text52                             1364     1364       77         0
                text51                             1DC8     1DC8       37         0
                text50                             19F9     19F9       12         0
                text49                             1B8E     1B8E       1E         0
                text48                             1960     1960        D         0
                text47                             18BB     18BB        9         0
                text46                             1EB2     1EB2       41         0
                text45                             1D30     1D30       32         0
                text44                             1F76     1F76       43         0
                text43                             19B7     19B7       10         0
                text42                             1EF3     1EF3       41         0
                text41                             1CFF     1CFF       31         0
                text40                             187F     187F        5         0
                text39                             1878     1878        3         0
                text38                             1989     1989        F         0
                text37                             1918     1918        B         0
                text36                              8A9      8A9        3         0
                text35                             1AAA     1AAA       1B         0
                text34                             196D     196D        E         0
                text33                              93C      93C      151         0
                text32                             19C7     19C7       10         0
                text31                             1896     1896        6         0
                text30                             197B     197B        E         0
                text29                             189C     189C        6         0
                text28                             1F34     1F34       42         0
                text27                             1C54     1C54       25         0
                text26                             1A76     1A76       19         0
                text25                             1AC5     1AC5       1B         0
                text24                             1A0B     1A0B       13         0
                text23                             123D     123D       62         0
                text22                             1FB9     1FB9       47         0
                text21                             1E37     1E37       3A         0
                text20                             19E8     19E8       11         0
                text19                             155B     155B       BB         0
                text18                             1D62     1D62       32         0
                text17                             1457     1457       82         0
                text16                               B5       B5      5F4         0
                text15                              E14      E14      1EC         0
                text14                              C4A      C4A      1CA         0
                text13                              A8D      A8D      1BD         0
                text12                             1BAC     1BAC       20         0
                text11                             13DB     13DB       7C         0
                text10                             1B35     1B35       1D         0
                text9                              18AA     18AA        8         0
                text8                              1998     1998        F         0
                text7                              1188     1188       5A         0
                text6                               8AC      8AC       90         0
                text5                              129F     129F       62         0
                text4                              1301     1301       63         0
                text3                              11E2     11E2       5B         0
                text2                              14D9     14D9       82         0
                text1                              1001     1001       3D         0
                maintext                           1616     1616       EA         0
                clrtext                            193B     193B        C         0
                inittext                           1947     1947        C         0
                idataBIGRAM                        1700     1700      100         0
                idataBANK7                         1AE0     1AE0       1C         0
                idataBANK6                         1DFF     1DFF       38         0
                idataBANK5                         1AFC     1AFC       1C         0
                idataBANK3                         1C31     1C31       23         0
                idataBANK2                         1BED     1BED       21         0
                idataBANK1                         18E2     18E2        A         0

        CLASS   STRCODE        
                stringtext19                       2083     2083        4         0
                stringtext18                       207E     207E        5         0
                stringtext17                       2079     2079        5         0
                stringtext16                       2074     2074        5         0
                stringtext15                       206F     206F        5         0
                stringtext14                       206A     206A        5         0
                stringtext13                       2065     2065        5         0
                stringtext12                       2060     2060        5         0
                stringtext11                       205B     205B        5         0
                stringtext10                       2056     2056        5         0
                stringtext9                        2050     2050        6         0
                stringtext8                        204A     204A        6         0
                stringtext7                        2044     2044        6         0
                stringtext6                        203C     203C        8         0
                stringtext5                        2033     2033        9         0
                stringtext4                        2029     2029        A         0
                stringtext3                        201C     201C        D         0
                stringtext2                        2000     2000       1C         0
                stringtext1                         6A9      6A9      200         0

        CLASS   STRING         

        CLASS   CONST          

        CLASS   ENTRY          

        CLASS   COMMON         
                cstackCOMMON                         70       70        C         1
                bssCOMMON                            7C       7C        1         1

        CLASS   BANK0          
                cstackBANK0                          20       20       50         1

        CLASS   BANK1          
                cstackBANK1                          EF       EF        1         1
                dataBANK1                            E5       E5        A         1
                bssBANK1                             A0       A0       45         1

        CLASS   BANK2          
                dataBANK2                           120      120       21         1
                bssBANK2                            141      141       1A         1

        CLASS   BANK3          
                dataBANK3                           1A0      1A0       23         1
                bssBANK3                            1C3      1C3       20         1

        CLASS   BANK4          
                bssBANK4                            220      220       4C         1

        CLASS   BANK5          
                dataBANK5                           2A0      2A0       1C         1
                bssBANK5                            2BC      2BC       1A         1

        CLASS   BANK6          
                dataBANK6                           320      320       38         1

        CLASS   BANK7          
                dataBANK7                           3A0      3A0       1C         1

        CLASS   BANK8          

        CLASS   BANK9          

        CLASS   BANK10         

        CLASS   BANK11         

        CLASS   BANK12         

        CLASS   BANK13         

        CLASS   BANK14         

        CLASS   BANK15         

        CLASS   BANK16         

        CLASS   BANK17         

        CLASS   BANK18         

        CLASS   BANK19         

        CLASS   BANK20         

        CLASS   BANK21         

        CLASS   BANK22         

        CLASS   BANK23         

        CLASS   BANK24         

        CLASS   BANK25         

        CLASS   BIGRAM         

        CLASS   RAM            

        CLASS   ABS1           
                abs_s1                               7E       7E        2         1
                abs_s1                              B30      B30       40         1
                abs_s1                              BA0      BA0       50         1
                abs_s1                              C20      C20       50         1
                abs_s1                              CA0      CA0       20         1
                abs_s1                             26F0     26F0        0         1

        CLASS   SFR0           

        CLASS   SFR1           

        CLASS   SFR2           

        CLASS   SFR3           

        CLASS   SFR4           

        CLASS   SFR5           

        CLASS   SFR6           

        CLASS   SFR7           

        CLASS   SFR8           

        CLASS   SFR9           

        CLASS   SFR10          

        CLASS   SFR11          

        CLASS   SFR12          

        CLASS   SFR13          

        CLASS   SFR14          

        CLASS   SFR15          

        CLASS   SFR16          

        CLASS   SFR17          

        CLASS   SFR18          

        CLASS   SFR19          

        CLASS   SFR20          

        CLASS   SFR21          

        CLASS   SFR22          

        CLASS   SFR23          

        CLASS   SFR24          

        CLASS   SFR25          

        CLASS   SFR26          

        CLASS   SFR27          

        CLASS   SFR28          

        CLASS   SFR29          

        CLASS   SFR30          

        CLASS   SFR31          

        CLASS   CONFIG         
                config                             8007     8007        4         0

        CLASS   IDLOC          

        CLASS   EEDATA         

        CLASS   BANK31         

        CLASS   BANK30         

        CLASS   BANK29         

        CLASS   BANK28         

        CLASS   BANK27         

        CLASS   BANK26         



SEGMENTS        Name                           Load    Length   Top    Selector   Space  Class     Delta

                reset_vec                      000000  000002  000002         0       0  CODE        2
                text94                         000003  000001  000004         6       0  CODE        2
                intentry                       000004  0006A5  0006A9         8       0  CODE        2
                cstackBANK0                    000020  000050  000070        20       1  BANK0       1
                cstackCOMMON                   000070  00000D  00007D        70       1  COMMON      1
                bssBANK1                       0000A0  000050  0000F0        A0       1  BANK1       1
                dataBANK2                      000120  00003B  00015B       120       1  BANK2       1
                dataBANK3                      0001A0  000043  0001E3       1A0       1  BANK3       1
                bssBANK4                       000220  00004C  00026C       220       1  BANK4       1
                dataBANK5                      0002A0  000036  0002D6       2A0       1  BANK5       1
                dataBANK6                      000320  000038  000358       320       1  BANK6       1
                dataBANK7                      0003A0  00001C  0003BC       3A0       1  BANK7       1
                stringtext1                    0006A9  000200  0008A9       D52       0  STRCODE     2
                text36                         0008A9  000003  0008AC      1152       0  CODE        2
                text6                          0008AC  000090  00093C      1158       0  CODE        2
                text33                         00093C  000151  000A8D      1278       0  CODE        2
                text13                         000A8D  0001BD  000C4A      151A       0  CODE        2
                text14                         000C4A  0001CA  000E14      1894       0  CODE        2
                text15                         000E14  0001EC  001000      1C28       0  CODE        2
                text1                          001001  00003D  00103E      2002       0  CODE        2
                text69                         00103E  00004E  00108C      207C       0  CODE        2
                text56                         00108C  000052  0010DE      2118       0  CODE        2
                text85                         0010DE  000055  001133      21BC       0  CODE        2
                text64                         001133  000055  001188      2266       0  CODE        2
                text7                          001188  00005A  0011E2      2310       0  CODE        2
                text3                          0011E2  00005B  00123D      23C4       0  CODE        2
                text23                         00123D  000062  00129F      247A       0  CODE        2
                text5                          00129F  000062  001301      253E       0  CODE        2
                text4                          001301  000063  001364      2602       0  CODE        2
                text52                         001364  000077  0013DB      26C8       0  CODE        2
                text11                         0013DB  00007C  001457      27B6       0  CODE        2
                text17                         001457  000082  0014D9      28AE       0  CODE        2
                text2                          0014D9  000082  00155B      29B2       0  CODE        2
                text19                         00155B  0000BB  001616      2AB6       0  CODE        2
                maintext                       001616  0000EA  001700      2C2C       0  CODE        2
                idataBIGRAM                    001700  000100  001800      2E00       0  CODE        2
                text78                         00186F  000003  001872      30DE       0  CODE        2
                text76                         001872  000003  001875      30E4       0  CODE        2
                text74                         001875  000003  001878      30EA       0  CODE        2
                text39                         001878  000003  00187B      30F0       0  CODE        2
                text72                         00187B  000004  00187F      30F6       0  CODE        2
                text40                         00187F  000005  001884      30FE       0  CODE        2
                text79                         001884  000006  00188A      3108       0  CODE        2
                text60                         00188A  000006  001890      3114       0  CODE        2
                text59                         001890  000006  001896      3120       0  CODE        2
                text31                         001896  000006  00189C      312C       0  CODE        2
                text29                         00189C  000006  0018A2      3138       0  CODE        2
                text80                         0018A2  000008  0018AA      3144       0  CODE        2
                text9                          0018AA  000008  0018B2      3154       0  CODE        2
                text70                         0018B2  000009  0018BB      3164       0  CODE        2
                text47                         0018BB  000009  0018C4      3176       0  CODE        2
                text86                         0018C4  00000A  0018CE      3188       0  CODE        2
                text75                         0018CE  00000A  0018D8      319C       0  CODE        2
                text54                         0018D8  00000A  0018E2      31B0       0  CODE        2
                idataBANK1                     0018E2  00000A  0018EC      31C4       0  CODE        2
                text93                         0018EC  00000B  0018F7      31D8       0  CODE        2
                text84                         0018F7  00000B  001902      31EE       0  CODE        2
                text83                         001902  00000B  00190D      3204       0  CODE        2
                text73                         00190D  00000B  001918      321A       0  CODE        2
                text37                         001918  00000B  001923      3230       0  CODE        2
                text82                         001923  00000C  00192F      3246       0  CODE        2
                text81                         00192F  00000C  00193B      325E       0  CODE        2
                clrtext                        00193B  00000C  001947      3276       0  CODE        2
                inittext                       001947  00000C  001953      328E       0  CODE        2
                text92                         001953  00000D  001960      32A6       0  CODE        2
                text48                         001960  00000D  00196D      32C0       0  CODE        2
                text34                         00196D  00000E  00197B      32DA       0  CODE        2
                text30                         00197B  00000E  001989      32F6       0  CODE        2
                text38                         001989  00000F  001998      3312       0  CODE        2
                text8                          001998  00000F  0019A7      3330       0  CODE        2
                text66                         0019A7  000010  0019B7      334E       0  CODE        2
                text43                         0019B7  000010  0019C7      336E       0  CODE        2
                text32                         0019C7  000010  0019D7      338E       0  CODE        2
                text68                         0019D7  000011  0019E8      33AE       0  CODE        2
                text20                         0019E8  000011  0019F9      33D0       0  CODE        2
                text50                         0019F9  000012  001A0B      33F2       0  CODE        2
                text24                         001A0B  000013  001A1E      3416       0  CODE        2
                text90                         001A1E  000016  001A34      343C       0  CODE        2
                text89                         001A34  000016  001A4A      3468       0  CODE        2
                text88                         001A4A  000016  001A60      3494       0  CODE        2
                text87                         001A60  000016  001A76      34C0       0  CODE        2
                text26                         001A76  000019  001A8F      34EC       0  CODE        2
                text67                         001A8F  00001B  001AAA      351E       0  CODE        2
                text35                         001AAA  00001B  001AC5      3554       0  CODE        2
                text25                         001AC5  00001B  001AE0      358A       0  CODE        2
                idataBANK7                     001AE0  00001C  001AFC      35C0       0  CODE        2
                idataBANK5                     001AFC  00001C  001B18      35F8       0  CODE        2
                text63                         001B18  00001D  001B35      3630       0  CODE        2
                text10                         001B35  00001D  001B52      366A       0  CODE        2
                text77                         001B52  00001E  001B70      36A4       0  CODE        2
                text53                         001B70  00001E  001B8E      36E0       0  CODE        2
                text49                         001B8E  00001E  001BAC      371C       0  CODE        2
                text12                         001BAC  000020  001BCC      3758       0  CODE        2
                text71                         001BCC  000021  001BED      3798       0  CODE        2
                idataBANK2                     001BED  000021  001C0E      37DA       0  CODE        2
                text65                         001C0E  000023  001C31      381C       0  CODE        2
                idataBANK3                     001C31  000023  001C54      3862       0  CODE        2
                text27                         001C54  000025  001C79      38A8       0  CODE        2
                text55                         001C79  00002A  001CA3      38F2       0  CODE        2
                text61                         001CA3  00002D  001CD0      3946       0  CODE        2
                text58                         001CD0  00002F  001CFF      39A0       0  CODE        2
                text41                         001CFF  000031  001D30      39FE       0  CODE        2
                text45                         001D30  000032  001D62      3A60       0  CODE        2
                text18                         001D62  000032  001D94      3AC4       0  CODE        2
                text62                         001D94  000034  001DC8      3B28       0  CODE        2
                text51                         001DC8  000037  001DFF      3B90       0  CODE        2
                idataBANK6                     001DFF  000038  001E37      3BFE       0  CODE        2
                text21                         001E37  00003A  001E71      3C6E       0  CODE        2
                text57                         001E71  000041  001EB2      3CE2       0  CODE        2
                text46                         001EB2  000041  001EF3      3D64       0  CODE        2
                text42                         001EF3  000041  001F34      3DE6       0  CODE        2
                text28                         001F34  000042  001F76      3E68       0  CODE        2
                text44                         001F76  000043  001FB9      3EEC       0  CODE        2
                text22                         001FB9  000047  002000      3F72       0  CODE        2
                stringtext2                    002000  000087  002087      4000       0  STRCODE     2
                config                         008007  000004  00800B     1000E       0  CONFIG      2


UNUSED ADDRESS RANGES

        Name                Unused          Largest block    Delta
        BANK10           00520-0056F              50           1
        BANK11           005A0-005EF              50           1
        BANK12           00620-0066F              50           1
        BANK13           006A0-006EF              50           1
        BANK14           00720-0076F              50           1
        BANK15           007A0-007EF              50           1
        BANK16           00820-0086F              50           1
        BANK17           008A0-008EF              50           1
        BANK18           00920-0096F              50           1
        BANK19           009A0-009EF              50           1
        BANK2            0015B-0016F              15           1
        BANK20           00A20-00A6F              50           1
        BANK21           00AA0-00AEF              50           1
        BANK22           00B20-00B2F              10           1
        BANK3            001E3-001EF               D           1
        BANK4            0026C-0026F               4           1
        BANK5            002D6-002EF              1A           1
        BANK6            00358-0036F              18           1
        BANK7            003BC-003EF              34           1
        BANK8            00420-0046F              50           1
        BANK9            004A0-004EF              50           1
        BIGRAM           02000-027EF             7F0           1
        CODE             00002-00002               1           2
                         01000-01000               1
                         01800-0186E              6F
                         02087-03FFF             800
        COMMON           0007D-0007D               1           1
        CONST            00002-00002               1           2
                         01000-01000               1
                         01800-0186E              6F
                         02087-03FFF             100
        EEDATA           0F000-0F0FF             100           2
        ENTRY            00002-00002               1           2
                         01000-01000               1
                         01800-0186E              6F
                         02087-03FFF             100
        IDLOC            08000-08003               4           2
        RAM              0015B-0016F              15           1
                         001E3-001EF               D
                         0026C-0026F               4
                         002D6-002EF              1A
                         00358-0036F              18
                         003BC-003EF              34
                         00420-0046F              50
                         004A0-004EF              50
                         00520-0056F              50
                         005A0-005EF              50
                         00620-0066F              50
                         006A0-006EF              50
                         00720-0076F              50
                         007A0-007EF              50
                         00820-0086F              50
                         008A0-008EF              50
                         00920-0096F              50
                         009A0-009EF              50
                         00A20-00A6F              50
                         00AA0-00AEF              50
                         00B20-00B2F              10
        SFR0             00000-0001F              20           1
        SFR1             00080-0009F              20           1
        SFR10            00500-0051F              20           1
        SFR11            00580-0059F              20           1
        SFR12            00600-0061F              20           1
        SFR13            00680-0069F              20           1
        SFR14            00700-0071F              20           1
        SFR15            00780-0079F              20           1
        SFR16            00800-0081F              20           1
        SFR17            00880-0089F              20           1
        SFR18            00900-0091F              20           1
        SFR19            00980-0099F              20           1
        SFR2             00100-0011F              20           1
        SFR20            00A00-00A1F              20           1
        SFR21            00A80-00A9F              20           1
        SFR22            00B00-00B1F              20           1
        SFR23            00B80-00B9F              20           1
        SFR24            00C00-00C1F              20           1
        SFR25            00C80-00C9F              20           1
        SFR26            00D00-00D6F              70           1
        SFR27            00D80-00DEF              70           1
        SFR28            00E00-00E6F              70           1
        SFR29            00E80-00EEF              70           1
        SFR3             00180-0019F              20           1
        SFR30            00F00-00F6F              70           1
        SFR31            00F80-00FEF              70           1
        SFR4             00200-0021F              20           1
        SFR5             00280-0029F              20           1
        SFR6             00300-0031F              20           1
        SFR7             00380-0039F              20           1
        SFR8             00400-0041F              20           1
        SFR9             00480-0049F              20           1
        STACK            0224C-026EF             4A4           1
        STRCODE          00002-00002               1           2
                         01000-01000               1
                         01800-0186E              6F
                         02087-03FFF            1F79
        STRING           00002-00002               1           2
                         01000-01000               1
                         01800-0186E              6F
                         02087-03FFF             100

                                  Symbol Table

?_TMR0_Read16bitTimer                        cstackCOMMON 00071
?___lmul                                     cstackCOMMON 00071
?___lwdiv                                    cstackCOMMON 00071
?___lwmod                                    cstackBANK0  00020
?___wmul                                     cstackCOMMON 00071
?_displayCharReverse                         cstackCOMMON 00071
?_locked_get_lock_leds                       cstackCOMMON 00071
?_locked_get_unlock_leds                     cstackCOMMON 00071
?_rand                                       cstackBANK0  00024
?_sprintf                                    cstackBANK0  00024
?_strlen                                     cstackCOMMON 00071
PIN_MANAGER_Initialize@state                 cstackCOMMON 00071
PWM1_LoadDutyValue@dutyValue                 cstackCOMMON 00071
PWM2_LoadDutyValue@dutyValue                 cstackCOMMON 00071
PWM5_LoadDutyValue@dutyValue                 cstackCOMMON 00071
PWM6_LoadDutyValue@dutyValue                 cstackCOMMON 00071
SPI1_Exchange8bit@data                       cstackCOMMON 00071
SPI1_Exchange8bitBuffer@bufLen               cstackCOMMON 00072
SPI1_Exchange8bitBuffer@bytesWritten         cstackCOMMON 00078
SPI1_Exchange8bitBuffer@dataIn               cstackCOMMON 00077
SPI1_Exchange8bitBuffer@dataOut              cstackCOMMON 00073
TMR0_Read16bitTimer@readVal                  cstackCOMMON 00078
TMR0_Read16bitTimer@readValHigh              cstackCOMMON 0007B
TMR0_Read16bitTimer@readValLow               cstackCOMMON 0007A
TMR0_SetInterruptHandler@InterruptHandler    cstackCOMMON 00071
_ANSELA                                      (abs)        0018C
_ANSELB                                      (abs)        0018D
_ANSELC                                      (abs)        0018E
_CCP1CON                                     (abs)        00293
_CCP1CONbits                                 (abs)        00293
_CCP2CON                                     (abs)        00297
_CCP2CONbits                                 (abs)        00297
_CCPR1H                                      (abs)        00292
_CCPR1L                                      (abs)        00291
_CCPR2H                                      (abs)        00296
_CCPR2L                                      (abs)        00295
_CCPTMRSbits                                 (abs)        0029F
_FLASHY_TEXT_SECRET_TEST                     dataBANK1    000EB
_GIE                                         (abs)        0005F
_INTCONbits                                  (abs)        0000B
_INTERRUPT_InterruptManager                  intentry     00004
_LATA                                        (abs)        0010C
_LATB                                        (abs)        0010D
_LATBbits                                    (abs)        0010D
_LATC                                        (abs)        0010E
_LATCbits                                    (abs)        0010E
_NVMADRH                                     (abs)        00892
_NVMADRL                                     (abs)        00891
_NVMCON1bits                                 (abs)        00895
_NVMCON2                                     (abs)        00896
_NVMDATH                                     (abs)        00894
_NVMDATL                                     (abs)        00893
_ODCONA                                      (abs)        0028C
_ODCONB                                      (abs)        0028D
_ODCONC                                      (abs)        0028E
_OSCCON1                                     (abs)        00919
_OSCCON3                                     (abs)        0091B
_OSCEN                                       (abs)        0091D
_OSCFRQ                                      (abs)        0091F
_OSCILLATOR_Initialize                       text86       018C4
_OSCTUNE                                     (abs)        0091E
_PIE0bits                                    (abs)        00090
_PIN_MANAGER_Initialize                      text85       010DE
_PIR0bits                                    (abs)        00010
_PIR1bits                                    (abs)        00011
_PIR2bits                                    (abs)        00012
_PLLR                                        (abs)        048E0
_PORTAbits                                   (abs)        0000C
_PORTBbits                                   (abs)        0000D
_PORTCbits                                   (abs)        0000E
_PPSLOCK                                     (abs)        00E0F
_PPSLOCKbits                                 (abs)        00E0F
_PR2                                         (abs)        0001E
_PR4                                         (abs)        00416
_PWM1_Initialize                             text84       018F7
_PWM1_LoadDutyValue                          text90       01A1E
_PWM2_Initialize                             text83       01902
_PWM2_LoadDutyValue                          text89       01A34
_PWM5CON                                     (abs)        00619
_PWM5DCH                                     (abs)        00618
_PWM5DCL                                     (abs)        00617
_PWM5_Initialize                             text82       01923
_PWM5_LoadDutyValue                          text88       01A4A
_PWM6CON                                     (abs)        0061C
_PWM6DCH                                     (abs)        0061B
_PWM6DCL                                     (abs)        0061A
_PWM6_Initialize                             text81       0192F
_PWM6_LoadDutyValue                          text87       01A60
_PWMTMRSbits                                 (abs)        0061F
_RB6PPSbits                                  (abs)        00E9E
_RC0PPSbits                                  (abs)        00EA0
_RC1PPSbits                                  (abs)        00EA1
_RC2PPSbits                                  (abs)        00EA2
_RC3PPSbits                                  (abs)        00EA3
_RC4PPSbits                                  (abs)        00EA4
_SPI1_Exchange8bit                           text70       018B2
_SPI1_Exchange8bitBuffer                     text69       0103E
_SPI1_Initialize                             text80       018A2
_SSP1ADD                                     (abs)        00212
_SSP1BUF                                     (abs)        00211
_SSP1CLKPPSbits                              (abs)        00E20
_SSP1CON1                                    (abs)        00215
_SSP1CON1bits                                (abs)        00215
_SSP1DATPPSbits                              (abs)        00E21
_SSP1STAT                                    (abs)        00214
_SSP1STATbits                                (abs)        00214
_SYSTEM_Initialize                           text71       01BCC
_T0CON0                                      (abs)        00017
_T0CON0bits                                  (abs)        00017
_T0CON1                                      (abs)        00018
_T2CON                                       (abs)        0001F
_T2CONbits                                   (abs)        0001F
_T4CON                                       (abs)        00417
_T4CONbits                                   (abs)        00417
_TMR0H                                       (abs)        00016
_TMR0L                                       (abs)        00015
_TMR0_CallBack                               text93       018EC
_TMR0_DefaultInterruptHandler                text94       00003
_TMR0_ISR                                    text92       01953
_TMR0_Initialize                             text77       01B52
_TMR0_InterruptHandler                       bssBANK1     000B4
_TMR0_Read16bitTimer                         text63       01B18
_TMR0_SetInterruptHandler                    text79       01884
_TMR0_StartTimer                             text78       0186F
_TMR2                                        (abs)        0001D
_TMR2_Initialize                             text75       018CE
_TMR2_StartTimer                             text76       01872
_TMR4                                        (abs)        00415
_TMR4_Initialize                             text73       0190D
_TMR4_StartTimer                             text74       01875
_TRISA                                       (abs)        0008C
_TRISB                                       (abs)        0008D
_TRISC                                       (abs)        0008E
_WDTCON                                      (abs)        00097
_WDT_Initialize                              text72       0187B
_WPUA                                        (abs)        0020C
_WPUB                                        (abs)        0020D
_WPUC                                        (abs)        0020E
__CFG_BOREN$ON                               (abs)        00000
__CFG_BORV$LOW                               (abs)        00000
__CFG_CLKOUTEN$OFF                           (abs)        00000
__CFG_CP$OFF                                 (abs)        00000
__CFG_CPD$OFF                                (abs)        00000
__CFG_CSWEN$ON                               (abs)        00000
__CFG_DEBUG$OFF                              (abs)        00000
__CFG_FCMEN$ON                               (abs)        00000
__CFG_FEXTOSC$OFF                            (abs)        00000
__CFG_LPBOREN$OFF                            (abs)        00000
__CFG_LVP$ON                                 (abs)        00000
__CFG_MCLRE$ON                               (abs)        00000
__CFG_PPS1WAY$ON                             (abs)        00000
__CFG_PWRTE$OFF                              (abs)        00000
__CFG_RSTOSC$HFINT32                         (abs)        00000
__CFG_STVREN$ON                              (abs)        00000
__CFG_WDTE$OFF                               (abs)        00000
__CFG_WRT$OFF                                (abs)        00000
__Habs1                                      abs1         00000
__Hbank0                                     bank0        00000
__Hbank1                                     bank1        00000
__Hbank10                                    bank10       00000
__Hbank11                                    bank11       00000
__Hbank12                                    bank12       00000
__Hbank13                                    bank13       00000
__Hbank14                                    bank14       00000
__Hbank15                                    bank15       00000
__Hbank16                                    bank16       00000
__Hbank17                                    bank17       00000
__Hbank18                                    bank18       00000
__Hbank19                                    bank19       00000
__Hbank2                                     bank2        00000
__Hbank20                                    bank20       00000
__Hbank21                                    bank21       00000
__Hbank22                                    bank22       00000
__Hbank23                                    bank23       00000
__Hbank24                                    bank24       00000
__Hbank25                                    bank25       00000
__Hbank26                                    bank26       00000
__Hbank27                                    bank27       00000
__Hbank28                                    bank28       00000
__Hbank29                                    bank29       00000
__Hbank3                                     bank3        00000
__Hbank30                                    bank30       00000
__Hbank31                                    bank31       00000
__Hbank4                                     bank4        00000
__Hbank5                                     bank5        00000
__Hbank6                                     bank6        00000
__Hbank7                                     bank7        00000
__Hbank8                                     bank8        00000
__Hbank9                                     bank9        00000
__Hbigram                                    bigram       00000
__HbssBANK1                                  bssBANK1     00000
__HbssBANK2                                  bssBANK2     00000
__HbssBANK3                                  bssBANK3     00000
__HbssBANK4                                  bssBANK4     00000
__HbssBANK5                                  bssBANK5     00000
__HbssCOMMON                                 bssCOMMON    00000
__Hcinit                                     cinit        000B5
__Hclrtext                                   clrtext      00000
__Hcode                                      code         00000
__Hcommon                                    common       00000
__Hconfig                                    config       0800B
__HcstackBANK0                               cstackBANK0  00000
__HcstackBANK1                               cstackBANK1  00000
__HcstackCOMMON                              cstackCOMMON 00000
__HdataBANK1                                 dataBANK1    00000
__HdataBANK2                                 dataBANK2    00000
__HdataBANK3                                 dataBANK3    00000
__HdataBANK5                                 dataBANK5    00000
__HdataBANK6                                 dataBANK6    00000
__HdataBANK7                                 dataBANK7    00000
__Heeprom_data                               eeprom_data  00000
__Hend_init                                  end_init     00018
__Hfunctab                                   functab      00000
__HidataBANK1                                idataBANK1   00000
__HidataBANK2                                idataBANK2   00000
__HidataBANK3                                idataBANK3   00000
__HidataBANK5                                idataBANK5   00000
__HidataBANK6                                idataBANK6   00000
__HidataBANK7                                idataBANK7   00000
__HidataBIGRAM                               idataBIGRAM  00000
__Hidloc                                     idloc        00000
__Hinit                                      init         00016
__Hinittext                                  inittext     00000
__Hintentry                                  intentry     00016
__Hmaintext                                  maintext     00000
__Hpowerup                                   powerup      00000
__Hram                                       ram          00000
__Hreset_vec                                 reset_vec    00002
__Hsfr0                                      sfr0         00000
__Hsfr1                                      sfr1         00000
__Hsfr10                                     sfr10        00000
__Hsfr11                                     sfr11        00000
__Hsfr12                                     sfr12        00000
__Hsfr13                                     sfr13        00000
__Hsfr14                                     sfr14        00000
__Hsfr15                                     sfr15        00000
__Hsfr16                                     sfr16        00000
__Hsfr17                                     sfr17        00000
__Hsfr18                                     sfr18        00000
__Hsfr19                                     sfr19        00000
__Hsfr2                                      sfr2         00000
__Hsfr20                                     sfr20        00000
__Hsfr21                                     sfr21        00000
__Hsfr22                                     sfr22        00000
__Hsfr23                                     sfr23        00000
__Hsfr24                                     sfr24        00000
__Hsfr25                                     sfr25        00000
__Hsfr26                                     sfr26        00000
__Hsfr27                                     sfr27        00000
__Hsfr28                                     sfr28        00000
__Hsfr29                                     sfr29        00000
__Hsfr3                                      sfr3         00000
__Hsfr30                                     sfr30        00000
__Hsfr31                                     sfr31        00000
__Hsfr4                                      sfr4         00000
__Hsfr5                                      sfr5         00000
__Hsfr6                                      sfr6         00000
__Hsfr7                                      sfr7         00000
__Hsfr8                                      sfr8         00000
__Hsfr9                                      sfr9         00000
__Hspace_0                                   (abs)        0800B
__Hspace_1                                   (abs)        003BC
__Hspace_2                                   (abs)        00000
__Hspace_3                                   (abs)        00000
__Hstack                                     stack        00000
__Hstrings                                   strings      00000
__Hstringtext1                               stringtext1  00000
__Hstringtext10                              stringtext10 00000
__Hstringtext11                              stringtext11 00000
__Hstringtext12                              stringtext12 00000
__Hstringtext13                              stringtext13 00000
__Hstringtext14                              stringtext14 00000
__Hstringtext15                              stringtext15 00000
__Hstringtext16                              stringtext16 00000
__Hstringtext17                              stringtext17 00000
__Hstringtext18                              stringtext18 00000
__Hstringtext19                              stringtext19 00000
__Hstringtext2                               stringtext2  00000
__Hstringtext20                              stringtext20 00000
__Hstringtext3                               stringtext3  00000
__Hstringtext4                               stringtext4  00000
__Hstringtext5                               stringtext5  00000
__Hstringtext6                               stringtext6  00000
__Hstringtext7                               stringtext7  00000
__Hstringtext8                               stringtext8  00000
__Hstringtext9                               stringtext9  00000
__Htext                                      text         00000
__Labs1                                      abs1         00000
__Lbank0                                     bank0        00000
__Lbank1                                     bank1        00000
__Lbank10                                    bank10       00000
__Lbank11                                    bank11       00000
__Lbank12                                    bank12       00000
__Lbank13                                    bank13       00000
__Lbank14                                    bank14       00000
__Lbank15                                    bank15       00000
__Lbank16                                    bank16       00000
__Lbank17                                    bank17       00000
__Lbank18                                    bank18       00000
__Lbank19                                    bank19       00000
__Lbank2                                     bank2        00000
__Lbank20                                    bank20       00000
__Lbank21                                    bank21       00000
__Lbank22                                    bank22       00000
__Lbank23                                    bank23       00000
__Lbank24                                    bank24       00000
__Lbank25                                    bank25       00000
__Lbank26                                    bank26       00000
__Lbank27                                    bank27       00000
__Lbank28                                    bank28       00000
__Lbank29                                    bank29       00000
__Lbank3                                     bank3        00000
__Lbank30                                    bank30       00000
__Lbank31                                    bank31       00000
__Lbank4                                     bank4        00000
__Lbank5                                     bank5        00000
__Lbank6                                     bank6        00000
__Lbank7                                     bank7        00000
__Lbank8                                     bank8        00000
__Lbank9                                     bank9        00000
__Lbigram                                    bigram       00000
__LbssBANK1                                  bssBANK1     00000
__LbssBANK2                                  bssBANK2     00000
__LbssBANK3                                  bssBANK3     00000
__LbssBANK4                                  bssBANK4     00000
__LbssBANK5                                  bssBANK5     00000
__LbssCOMMON                                 bssCOMMON    00000
__Lcinit                                     cinit        00018
__Lclrtext                                   clrtext      00000
__Lcode                                      code         00000
__Lcommon                                    common       00000
__Lconfig                                    config       08007
__LcstackBANK0                               cstackBANK0  00000
__LcstackBANK1                               cstackBANK1  00000
__LcstackCOMMON                              cstackCOMMON 00000
__LdataBANK1                                 dataBANK1    00000
__LdataBANK2                                 dataBANK2    00000
__LdataBANK3                                 dataBANK3    00000
__LdataBANK5                                 dataBANK5    00000
__LdataBANK6                                 dataBANK6    00000
__LdataBANK7                                 dataBANK7    00000
__Leeprom_data                               eeprom_data  00000
__Lend_init                                  end_init     00016
__Lfunctab                                   functab      00000
__LidataBANK1                                idataBANK1   00000
__LidataBANK2                                idataBANK2   00000
__LidataBANK3                                idataBANK3   00000
__LidataBANK5                                idataBANK5   00000
__LidataBANK6                                idataBANK6   00000
__LidataBANK7                                idataBANK7   00000
__LidataBIGRAM                               idataBIGRAM  00000
__Lidloc                                     idloc        00000
__Linit                                      init         00016
__Linittext                                  inittext     00000
__Lintentry                                  intentry     00004
__Lmaintext                                  maintext     00000
__Lpowerup                                   powerup      00000
__Lram                                       ram          00000
__Lreset_vec                                 reset_vec    00000
__Lsfr0                                      sfr0         00000
__Lsfr1                                      sfr1         00000
__Lsfr10                                     sfr10        00000
__Lsfr11                                     sfr11        00000
__Lsfr12                                     sfr12        00000
__Lsfr13                                     sfr13        00000
__Lsfr14                                     sfr14        00000
__Lsfr15                                     sfr15        00000
__Lsfr16                                     sfr16        00000
__Lsfr17                                     sfr17        00000
__Lsfr18                                     sfr18        00000
__Lsfr19                                     sfr19        00000
__Lsfr2                                      sfr2         00000
__Lsfr20                                     sfr20        00000
__Lsfr21                                     sfr21        00000
__Lsfr22                                     sfr22        00000
__Lsfr23                                     sfr23        00000
__Lsfr24                                     sfr24        00000
__Lsfr25                                     sfr25        00000
__Lsfr26                                     sfr26        00000
__Lsfr27                                     sfr27        00000
__Lsfr28                                     sfr28        00000
__Lsfr29                                     sfr29        00000
__Lsfr3                                      sfr3         00000
__Lsfr30                                     sfr30        00000
__Lsfr31                                     sfr31        00000
__Lsfr4                                      sfr4         00000
__Lsfr5                                      sfr5         00000
__Lsfr6                                      sfr6         00000
__Lsfr7                                      sfr7         00000
__Lsfr8                                      sfr8         00000
__Lsfr9                                      sfr9         00000
__Lspace_0                                   (abs)        00000
__Lspace_1                                   (abs)        00000
__Lspace_2                                   (abs)        00000
__Lspace_3                                   (abs)        00000
__Lstack                                     stack        00000
__Lstrings                                   strings      00000
__Lstringtext1                               stringtext1  00000
__Lstringtext10                              stringtext10 00000
__Lstringtext11                              stringtext11 00000
__Lstringtext12                              stringtext12 00000
__Lstringtext13                              stringtext13 00000
__Lstringtext14                              stringtext14 00000
__Lstringtext15                              stringtext15 00000
__Lstringtext16                              stringtext16 00000
__Lstringtext17                              stringtext17 00000
__Lstringtext18                              stringtext18 00000
__Lstringtext19                              stringtext19 00000
__Lstringtext2                               stringtext2  00000
__Lstringtext20                              stringtext20 00000
__Lstringtext3                               stringtext3  00000
__Lstringtext4                               stringtext4  00000
__Lstringtext5                               stringtext5  00000
__Lstringtext6                               stringtext6  00000
__Lstringtext7                               stringtext7  00000
__Lstringtext8                               stringtext8  00000
__Lstringtext9                               stringtext9  00000
__Ltext                                      text         00000
__S0                                         (abs)        0800B
__S1                                         (abs)        003BC
__S2                                         (abs)        00000
__S3                                         (abs)        00000
___bmul                                      text20       019E8
___bmul@multiplicand                         cstackCOMMON 00071
___bmul@multiplier                           cstackCOMMON 00074
___bmul@product                              cstackCOMMON 00073
___int_sp                                    stack        00000
___latbits                                   (abs)        00003
___lmul                                      text45       01D30
___lmul@multiplicand                         cstackCOMMON 00075
___lmul@multiplier                           cstackCOMMON 00071
___lmul@product                              cstackBANK0  00020
___lwdiv                                     text62       01D94
___lwdiv@counter                             cstackCOMMON 00076
___lwdiv@dividend                            cstackCOMMON 00073
___lwdiv@divisor                             cstackCOMMON 00071
___lwdiv@quotient                            cstackCOMMON 00077
___lwmod                                     text61       01CA3
___lwmod@counter                             cstackCOMMON 0007A
___lwmod@dividend                            cstackBANK0  00022
___lwmod@divisor                             cstackBANK0  00020
___sp                                        stack        00000
___wmul                                      text35       01AAA
___wmul@multiplicand                         cstackCOMMON 00073
___wmul@multiplier                           cstackCOMMON 00071
___wmul@product                              cstackCOMMON 00075
__end_of_INTERRUPT_InterruptManager          intentry     00016
__end_of_OSCILLATOR_Initialize               text86       018CE
__end_of_PIN_MANAGER_Initialize              text85       01133
__end_of_PWM1_Initialize                     text84       01902
__end_of_PWM1_LoadDutyValue                  text90       01A34
__end_of_PWM2_Initialize                     text83       0190D
__end_of_PWM2_LoadDutyValue                  text89       01A4A
__end_of_PWM5_Initialize                     text82       0192F
__end_of_PWM5_LoadDutyValue                  text88       01A60
__end_of_PWM6_Initialize                     text81       0193B
__end_of_PWM6_LoadDutyValue                  text87       01A76
__end_of_SPI1_Exchange8bit                   text70       018BB
__end_of_SPI1_Exchange8bitBuffer             text69       0108C
__end_of_SPI1_Initialize                     text80       018AA
__end_of_SYSTEM_Initialize                   text71       01BED
__end_of_TMR0_CallBack                       text93       018F7
__end_of_TMR0_DefaultInterruptHandler        text94       00004
__end_of_TMR0_ISR                            text92       01960
__end_of_TMR0_Initialize                     text77       01B70
__end_of_TMR0_Read16bitTimer                 text63       01B35
__end_of_TMR0_SetInterruptHandler            text79       0188A
__end_of_TMR0_StartTimer                     text78       01872
__end_of_TMR2_Initialize                     text75       018D8
__end_of_TMR2_StartTimer                     text76       01875
__end_of_TMR4_Initialize                     text73       01918
__end_of_TMR4_StartTimer                     text74       01878
__end_of_WDT_Initialize                      text72       0187F
__end_of___bmul                              text20       019F9
__end_of___lmul                              text45       01D62
__end_of___lwdiv                             text62       01DC8
__end_of___lwmod                             text61       01CD0
__end_of___wmul                              text35       01AC5
__end_of__initialization                     cinit        000B1
[...]
      Locals:         0       0       0       0       0       0       0       0       0       0       0       0       0       0       0       0       0       0       0       0       0       0       0       0       0       0       0
      Temps:          2       0       0       0       0       0       0       0       0       0       0       0       0       0       0       0       0       0       0       0       0       0       0       0       0       0       0
      Totals:         4       0       0       0       0       0       0       0       0       0       0       0       0       0       0       0       0       0       0       0       0       0       0       0       0       0       0
Total ram usage:        4 bytes
 Hardware stack levels used:    1
 Hardware stack levels required when called:    4
 This function calls:
		Nothing
 This function is called by:
		_nullifyBadge_platformInit
		_fadeDisplay_Init
		_nullifyBadge_segDisplaySetBrightness
 This function uses a non-reentrant model


 *************** function _PWM2_LoadDutyValue *****************
 Defined at:
		line 80 in file "mcc_generated_files/pwm2.c"
 Parameters:    Size  Location     Type
  dutyValue       2    1[COMMON] unsigned int 
 Auto vars:     Size  Location     Type
		None
 Return value:  Size  Location     Type
                  1    wreg      void 
 Registers used:
		wreg, status,2
 Tracked objects:
		On entry : 
		On exit  : 
		Unchanged: 
 Data sizes:     COMMON   BANK0   BANK1   BANK2   BANK3   BANK4   BANK5   BANK6   BANK7   BANK8   BANK9  BANK10  BANK11  BANK12  BANK13  BANK14  BANK15  BANK16  BANK17  BANK18  BANK19  BANK20  BANK21  BANK22  BANK23  BANK24  BANK25
      Params:         2       0       0       0       0       0       0       0       0       0       0       0       0       0       0       0       0       0       0       0       0       0       0       0       0       0       0
      Locals:         0       0       0       0       0       0       0       0       0       0       0       0       0       0       0       0       0       0       0       0       0       0       0       0       0       0       0
      Temps:          0       0       0       0       0       0       0       0       0       0       0       0       0       0       0       0       0       0       0       0       0       0       0       0       0       0       0
      Totals:         2       0       0       0       0       0       0       0       0       0       0       0       0       0       0       0       0       0       0       0       0       0       0       0       0       0       0
Total ram usage:        2 bytes
 Hardware stack levels used:    1
 Hardware stack levels required when called:    4
 This function calls:
		Nothing
 This function is called by:
		_nullifyBadge_platformInit
 This function uses a non-reentrant model


 *************** function _PWM1_LoadDutyValue *****************
 Defined at:
		line 80 in file "mcc_generated_files/pwm1.c"
 Parameters:    Size  Location     Type
  dutyValue       2    1[COMMON] unsigned int 
 Auto vars:     Size  Location     Type
		None
 Return value:  Size  Location     Type
                  1    wreg      void 
 Registers used:
		wreg, status,2
 Tracked objects:
		On entry : 
		On exit  : 
		Unchanged: 
 Data sizes:     COMMON   BANK0   BANK1   BANK2   BANK3   BANK4   BANK5   BANK6   BANK7   BANK8   BANK9  BANK10  BANK11  BANK12  BANK13  BANK14  BANK15  BANK16  BANK17  BANK18  BANK19  BANK20  BANK21  BANK22  BANK23  BANK24  BANK25
      Params:         2       0       0       0       0       0       0       0       0       0       0       0       0       0       0       0       0       0       0       0       0       0       0       0       0       0       0
      Locals:         0       0       0       0       0       0       0       0       0       0       0       0       0       0       0       0       0       0       0       0       0       0       0       0       0       0       0
      Temps:          0       0       0       0       0       0       0       0       0       0       0       0       0       0       0       0       0       0       0       0       0       0       0       0       0       0       0
      Totals:         2       0       0       0       0       0       0       0       0       0       0       0       0       0       0       0       0       0       0       0       0       0       0       0       0       0       0
Total ram usage:        2 bytes
 Hardware stack levels used:    1
 Hardware stack levels required when called:    4
 This function calls:
		Nothing
 This function is called by:
		_nullifyBadge_platformInit
 This function uses a non-reentrant model


 *************** function _INTERRUPT_InterruptManager *****************
 Defined at:
		line 51 in file "mcc_generated_files/interrupt_manager.c"
 Parameters:    Size  Location     Type
		None
 Auto vars:     Size  Location     Type
		None
 Return value:  Size  Location     Type
                  1    wreg      void 
 Registers used:
		wreg, status,2, status,0, pclath, cstack
 Tracked objects:
		On entry : 
		On exit  : 
		Unchanged: 
 Data sizes:     COMMON   BANK0   BANK1   BANK2   BANK3   BANK4   BANK5   BANK6   BANK7   BANK8   BANK9  BANK10  BANK11  BANK12  BANK13  BANK14  BANK15  BANK16  BANK17  BANK18  BANK19  BANK20  BANK21  BANK22  BANK23  BANK24  BANK25
      Params:         0       0       0       0       0       0       0       0       0       0       0       0       0       0       0       0       0       0       0       0       0       0       0       0       0       0       0
      Locals:         0       0       0       0       0       0       0       0       0       0       0       0       0       0       0       0       0       0       0       0       0       0       0       0       0       0       0
      Temps:          1       0       0       0       0       0       0       0       0       0       0       0       0       0       0       0       0       0       0       0       0       0       0       0       0       0       0
      Totals:         1       0       0       0       0       0       0       0       0       0       0       0       0       0       0       0       0       0       0       0       0       0       0       0       0       0       0
Total ram usage:        1 bytes
 Hardware stack levels used:    1
 Hardware stack levels required when called:    3
 This function calls:
		_TMR0_ISR
 This function is called by:
		Interrupt level 1
 This function uses a non-reentrant model


 *************** function _TMR0_ISR *****************
 Defined at:
		line 136 in file "mcc_generated_files/tmr0.c"
 Parameters:    Size  Location     Type
		None
 Auto vars:     Size  Location     Type
		None
 Return value:  Size  Location     Type
                  1    wreg      void 
 Registers used:
		wreg, status,2, status,0, pclath, cstack
 Tracked objects:
		On entry : 
		On exit  : 
		Unchanged: 
 Data sizes:     COMMON   BANK0   BANK1   BANK2   BANK3   BANK4   BANK5   BANK6   BANK7   BANK8   BANK9  BANK10  BANK11  BANK12  BANK13  BANK14  BANK15  BANK16  BANK17  BANK18  BANK19  BANK20  BANK21  BANK22  BANK23  BANK24  BANK25
      Params:         0       0       0       0       0       0       0       0       0       0       0       0       0       0       0       0       0       0       0       0       0       0       0       0       0       0       0
      Locals:         0       0       0       0       0       0       0       0       0       0       0       0       0       0       0       0       0       0       0       0       0       0       0       0       0       0       0
      Temps:          0       0       0       0       0       0       0       0       0       0       0       0       0       0       0       0       0       0       0       0       0       0       0       0       0       0       0
      Totals:         0       0       0       0       0       0       0       0       0       0       0       0       0       0       0       0       0       0       0       0       0       0       0       0       0       0       0
Total ram usage:        0 bytes
 Hardware stack levels used:    1
 Hardware stack levels required when called:    2
 This function calls:
		_TMR0_CallBack
 This function is called by:
		_INTERRUPT_InterruptManager
 This function uses a non-reentrant model


 *************** function _TMR0_CallBack *****************
 Defined at:
		line 151 in file "mcc_generated_files/tmr0.c"
 Parameters:    Size  Location     Type
		None
 Auto vars:     Size  Location     Type
		None
 Return value:  Size  Location     Type
                  1    wreg      void 
 Registers used:
		wreg, status,2, status,0, pclath, cstack
 Tracked objects:
		On entry : 
		On exit  : 
		Unchanged: 
 Data sizes:     COMMON   BANK0   BANK1   BANK2   BANK3   BANK4   BANK5   BANK6   BANK7   BANK8   BANK9  BANK10  BANK11  BANK12  BANK13  BANK14  BANK15  BANK16  BANK17  BANK18  BANK19  BANK20  BANK21  BANK22  BANK23  BANK24  BANK25
      Params:         0       0       0       0       0       0       0       0       0       0       0       0       0       0       0       0       0       0       0       0       0       0       0       0       0       0       0
      Locals:         0       0       0       0       0       0       0       0       0       0       0       0       0       0       0       0       0       0       0       0       0       0       0       0       0       0       0
      Temps:          0       0       0       0       0       0       0       0       0       0       0       0       0       0       0       0       0       0       0       0       0       0       0       0       0       0       0
      Totals:         0       0       0       0       0       0       0       0       0       0       0       0       0       0       0       0       0       0       0       0       0       0       0       0       0       0       0
Total ram usage:        0 bytes
 Hardware stack levels used:    1
 Hardware stack levels required when called:    1
 This function calls:
		Absolute function
		_TMR0_DefaultInterruptHandler
 This function is called by:
		_TMR0_ISR
 This function uses a non-reentrant model


 *************** function _TMR0_DefaultInterruptHandler *****************
 Defined at:
		line 165 in file "mcc_generated_files/tmr0.c"
 Parameters:    Size  Location     Type
		None
 Auto vars:     Size  Location     Type
		None
 Return value:  Size  Location     Type
                  1    wreg      void 
 Registers used:
		None
 Tracked objects:
		On entry : 
		On exit  : 
		Unchanged: 
 Data sizes:     COMMON   BANK0   BANK1   BANK2   BANK3   BANK4   BANK5   BANK6   BANK7   BANK8   BANK9  BANK10  BANK11  BANK12  BANK13  BANK14  BANK15  BANK16  BANK17  BANK18  BANK19  BANK20  BANK21  BANK22  BANK23  BANK24  BANK25
      Params:         0       0       0       0       0       0       0       0       0       0       0       0       0       0       0       0       0       0       0       0       0       0       0       0       0       0       0
      Locals:         0       0       0       0       0       0       0       0       0       0       0       0       0       0       0       0       0       0       0       0       0       0       0       0       0       0       0
      Temps:          0       0       0       0       0       0       0       0       0       0       0       0       0       0       0       0       0       0       0       0       0       0       0       0       0       0       0
      Totals:         0       0       0       0       0       0       0       0       0       0       0       0       0       0       0       0       0       0       0       0       0       0       0       0       0       0       0
Total ram usage:        0 bytes
 Hardware stack levels used:    1
 This function calls:
		Nothing
 This function is called by:
		_TMR0_Initialize
		_TMR0_CallBack
 This function uses a non-reentrant model



MODULE INFORMATION

Module		Function		Class		Link	Load	Size
/Applications/microchip/xc8/v1.42/sources/common/isdigit.c
		_isdigit       		CODE           	196D	0000	15

/Applications/microchip/xc8/v1.42/sources/common/isdigit.c estimated size: 15

flashy_task.c
		_flashy_display_option		CODE           	1DC8	0000	56
		_flashy_Main   		CODE           	00B5	0000	1525
		_flashy_Init   		CODE           	08AC	0000	145

flashy_task.c estimated size: 1726

mcc_generated_files/pwm6.c
		_PWM6_LoadDutyValue		CODE           	1A60	0000	23
		_PWM6_Initialize		CODE           	192F	0000	13

mcc_generated_files/pwm6.c estimated size: 36

mcc_generated_files/tmr4.c
		_TMR4_Initialize		CODE           	190D	0000	12
		_TMR4_StartTimer		CODE           	1875	0000	4

mcc_generated_files/tmr4.c estimated size: 16

nullifyBadge.c
		_nullifyBadge_segDisplayErase		CODE           	1896	0000	7
		_nullifyBadge_segDisplayPutStr		CODE           	18D8	0000	11
		_nullifyBadge_userLedsClr		CODE           	189C	0000	7
		_nullifyBadge_irTxClr		CODE           	1878	0000	4
		_nullifyBadge_buttonsGet		CODE           	1CFF	0000	50
		_nullifyBadge_segDisplayForceUpdate		CODE           	1890	0000	7
		_nullifyBadge_irTxSet		CODE           	08A9	0000	4
		_nullifyBadge_segDisplayRegister		CODE           	18AA	0000	9
		_nullifyBadge_irGet		CODE           	187F	0000	6
		_nullifyBadge_userLedsRegister		CODE           	1998	0000	16
		_nullifyBadge_irTxRelease		CODE           	1918	0000	12
		_nullifyBadge_platformInit		CODE           	1133	0000	86
		_nullifyBadge_irTxRegister		CODE           	1989	0000	16
		_nullifyBadge_userLedsSet		CODE           	1960	0000	14

nullifyBadge.c estimated size: 249

/Applications/microchip/xc8/v1.42/sources/common/Umul16.c
		___wmul        		CODE           	1AAA	0000	28

/Applications/microchip/xc8/v1.42/sources/common/Umul16.c estimated size: 28

mcc_generated_files/tmr2.c
		_TMR2_Initialize		CODE           	18CE	0000	11
		_TMR2_StartTimer		CODE           	1872	0000	4

mcc_generated_files/tmr2.c estimated size: 15

mcc_generated_files/interrupt_manager.c
		_INTERRUPT_InterruptManager		CODE           	0004	0000	19

mcc_generated_files/interrupt_manager.c estimated size: 19

mcc_generated_files/pwm2.c
		_PWM2_Initialize		CODE           	1902	0000	12
		_PWM2_LoadDutyValue		CODE           	1A34	0000	23

mcc_generated_files/pwm2.c estimated size: 35

mcc_generated_files/tmr0.c
		_TMR0_SetInterruptHandler		CODE           	1884	0000	7
		_TMR0_DefaultInterruptHandler		CODE           	0003	0000	2
		_TMR0_CallBack 		CODE           	18EC	0000	12
		_TMR0_StartTimer		CODE           	186F	0000	4
		_TMR0_Read16bitTimer		CODE           	1B18	0000	30
		_TMR0_ISR      		CODE           	1953	0000	14
		_TMR0_Initialize		CODE           	1B52	0000	31

mcc_generated_files/tmr0.c estimated size: 100

mcc_generated_files/pin_manager.c
		_PIN_MANAGER_Initialize		CODE           	10DE	0000	86

mcc_generated_files/pin_manager.c estimated size: 86

menu_task.c
		_menu_Init     		CODE           	129F	0000	99
		_menu_display_option		CODE           	123D	0000	99
		_menu_Main     		CODE           	0E14	0000	493
		_menu_run_option		CODE           	1E37	0000	59
		_menu_clear    		CODE           	1FB9	0000	72

menu_task.c estimated size: 822

mcc_generated_files/spi1.c
		_SPI1_Initialize		CODE           	18A2	0000	9
		_SPI1_Exchange8bitBuffer		CODE           	103E	0000	79
		_SPI1_Exchange8bit		CODE           	18B2	0000	10

mcc_generated_files/spi1.c estimated size: 98

secret_task.c
		_secret_Main   		CODE           	0A8D	0000	446
		_secret_Init   		CODE           	11E2	0000	92
		_secret_check  		CODE           	155B	0000	188
		_secret_clear  		CODE           	1D62	0000	51

secret_task.c estimated size: 777

/Applications/microchip/xc8/v1.42/sources/common/lwmod.c
		___lwmod       		CODE           	1CA3	0000	46

/Applications/microchip/xc8/v1.42/sources/common/lwmod.c estimated size: 46

nullifyBadge_displayL2.c
		_displayL2_EraseSegDisplay		CODE           	19C7	0000	17
		_displayL2_ForceUpdate		CODE           	188A	0000	7
		_displayL2_PutStr		CODE           	1C79	0000	43
		_displayL2_PutChar		CODE           	108C	0000	83
		_displayL2_Initialize		CODE           	1C0E	0000	36
		_displayL2_ClrUserLeds		CODE           	197B	0000	15
		_displayL2_SetUserLeds		CODE           	1B8E	0000	31

nullifyBadge_displayL2.c estimated size: 232

/Applications/microchip/xc8/v1.42/sources/common/Umul32.c
		___lmul        		CODE           	1D30	0000	51

/Applications/microchip/xc8/v1.42/sources/common/Umul32.c estimated size: 51

locked_task.c
		_locked_Main   		CODE           	0C4A	0000	459
		_locked_Init   		CODE           	1301	0000	100
		_locked_clear  		CODE           	1F34	0000	67
		_locked_lock_leds		CODE           	1AC5	0000	28
		_locked_get_unlock_leds		CODE           	1A76	0000	26
		_locked_get_lock_leds		CODE           	1C54	0000	38
		_locked_unlock_leds		CODE           	1A0B	0000	20

locked_task.c estimated size: 738

shared
		_dpowers       		STRCODE        	2000	0000	11
		_gamma_table_256x1k		STRCODE        	06A9	0000	513
		__initialization		CODE           	0018	0000	154

shared estimated size: 678

mcc_generated_files/pwm5.c
		_PWM5_LoadDutyValue		CODE           	1A4A	0000	23
		_PWM5_Initialize		CODE           	1923	0000	13

mcc_generated_files/pwm5.c estimated size: 36

/Applications/microchip/xc8/v1.42/sources/common/rand.c
		_rand          		CODE           	1F76	0000	68

/Applications/microchip/xc8/v1.42/sources/common/rand.c estimated size: 68

/Applications/microchip/xc8/v1.42/sources/common/strlen.c
		_strlen        		CODE           	1B70	0000	31

/Applications/microchip/xc8/v1.42/sources/common/strlen.c estimated size: 31

mcc_generated_files/mcc.c
		_WDT_Initialize		CODE           	187B	0000	5
		_OSCILLATOR_Initialize		CODE           	18C4	0000	11
		_SYSTEM_Initialize		CODE           	1BCC	0000	34

mcc_generated_files/mcc.c estimated size: 50

cooperative_scheduler.c
		_scheduler_TaskInit		CODE           	1001	0000	62
		_scheduler_TaskAdd		CODE           	14D9	0000	131
		_schedulerExecute		CODE           	13DB	0000	125
		_scheduler_Init		CODE           	1B35	0000	30
		_scheduler_TaskRun		CODE           	1BAC	0000	33

cooperative_scheduler.c estimated size: 381

/Applications/microchip/xc8/v1.42/sources/common/memset.c
		_memset        		CODE           	1A8F	0000	28

/Applications/microchip/xc8/v1.42/sources/common/memset.c estimated size: 28

mcc_generated_files/pwm1.c
		_PWM1_Initialize		CODE           	18F7	0000	12
		_PWM1_LoadDutyValue		CODE           	1A1E	0000	23

mcc_generated_files/pwm1.c estimated size: 35

/Applications/microchip/xc8/v1.42/sources/common/lwdiv.c
		___lwdiv       		CODE           	1D94	0000	53

/Applications/microchip/xc8/v1.42/sources/common/lwdiv.c estimated size: 53

/Applications/microchip/xc8/v1.42/sources/common/doprnt.c
		_sprintf       		CODE           	093C	0000	338

/Applications/microchip/xc8/v1.42/sources/common/doprnt.c estimated size: 338

main.c
		_marquee       		CODE           	1364	0000	120
		_main          		CODE           	1616	0000	235
		_led_roundabout		CODE           	1EF3	0000	66
		_led_circle    		CODE           	18BB	0000	10
		_led_rand      		CODE           	19B7	0000	17
		_led_curtain   		CODE           	1EB2	0000	66

main.c estimated size: 514

/Applications/microchip/xc8/v1.42/sources/common/Umul8.c
		___bmul        		CODE           	19E8	0000	18

/Applications/microchip/xc8/v1.42/sources/common/Umul8.c estimated size: 18

slot_task.c
		_slot_Init     		CODE           	1188	0000	91
		_slot_Main     		CODE           	1457	0000	131

slot_task.c estimated size: 222

nullifyBadge_displayL1.c
		_displayL1_SetUserLed		CODE           	19F9	0000	19
		_displayL1_SetSegChar		CODE           	1E71	0000	66
		_displayL1_Update		CODE           	19D7	0000	18
		_displayL1_Initialize		CODE           	19A7	0000	17
		_displayCharReverse		CODE           	1CD0	0000	48

nullifyBadge_displayL1.c estimated size: 168

